
============================================================
Running: Scenario C | Scheduler: FCFS | Seed: 44
============================================================
Launching Webots simulation (wall timeout: 600s)...
e/active: 0/8 | Conflicts: 0
INFO: HTML5 animation successfully exported in 'D:/code/smart_factory_scheduler/results/webots_diagnostic_C_FCFS_20260919_204458.html'

INFO: robot_controller: Terminating.
INFO: robot_controller: Terminating.
INFO: robot_controller: Terminating.
INFO: robot_controller: Terminating.
INFO: robot_controller: Terminating.
INFO: robot_controller: Terminating.
INFO: robot_controller: Terminating.
INFO: robot_controller: Terminating.
INFO: factory_supervisor: Terminating.


============================================================
Running: Scenario C | Scheduler: FCFS | Seed: 44
============================================================
Launching Webots simulation (wall timeout: 600s)...
.25)
[Nav 1] ¡ú Waypoint 4/7 (-3.00,-3.25)
[Nav 5] ¡ú Waypoint 3/7 (-1.50,2.00)
[T=180.0s] Tasks: 1/18 completed | Pending: 9 | Robots idle/active: 0/8 | Conflicts: 0
INFO: robot_controller: Terminating.
INFO: robot_controller: Terminating.
INFO: robot_controller: Terminating.
INFO: robot_controller: Terminating.
INFO: robot_controller: Terminating.
INFO: robot_controller: Terminating.
INFO: robot_controller: Terminating.
INFO: robot_controller: Terminating.
INFO: factory_supervisor: Terminating.

{
  "step": "step_f_controller_target_20260919",
  "metrics": {
    "scenario": "C",
    "scheduler": "FCFS",
    "seed": 44,
    "duration": 180.0,
    "tasks_completed": 1,
    "route_dispatches": 224,
    "audited_replans": 15,
    "unplanned_task_stops": 0,
    "min_pair_distance": 0.5488477299900905,
    "pair_distance_violations": 0,
    "clear_motion_duty_cycle": 0.9765096034268342,
    "unexplained_active_intervals": 36,
    "abnormal_mass_stop_seconds": 5.376,
    "rotating_in_place_intervals": 35,
    "sim_to_wall_ratio": 1.140306841899267,
    "webots_wall_seconds": 157.8522493999917,
    "supervisor_step_wall_p99_ms": 60.456300037913024,
    "joint_planning_wall_p99_ms": 447.14460003888234,
    "artifacts": {
      "html": "webots_diagnostic_C_FCFS_20260919_204458.html",
      "json": "webots_diagnostic_C_FCFS_20260919_204458.json",
      "x3d": "webots_diagnostic_C_FCFS_20260919_204458.x3d",
      "css": "webots_diagnostic_C_FCFS_20260919_204458.css"
    }
  },
  "gate": {
    "passed": true,
    "checks": {
      "recording_exists": true,
      "pair_distance_violations_zero": true,
      "sim_to_wall_ratio": true,
      "abnormal_mass_stop_seconds_within_noise": true,
      "unexplained_active_intervals_within_noise": true,
      "rotating_in_place_intervals_within_noise": true,
      "unplanned_task_stops_not_worse": true,
      "clear_motion_duty_cycle_within_noise": true,
      "tasks_completed_not_worse": true,
      "minimum_pair_distance_absolute": true
    },
    "material_improvements": {}
  }
}
