
============================================================
Running: Scenario C | Scheduler: FCFS | Seed: 44
============================================================
Launching Webots simulation (wall timeout: 600s)...
e/active: 0/8 | Conflicts: 0
INFO: HTML5 animation successfully exported in 'D:/code/smart_factory_scheduler/results/webots_diagnostic_C_FCFS_20260919_210230.html'

INFO: robot_controller: Terminating.
INFO: robot_controller: Terminating.
INFO: robot_controller: Terminating.
INFO: robot_controller: Terminating.
INFO: robot_controller: Terminating.
INFO: robot_controller: Terminating.
INFO: robot_controller: Terminating.
INFO: robot_controller: Terminating.
INFO: factory_supervisor: Terminating.


============================================================
Running: Scenario C | Scheduler: FCFS | Seed: 44
============================================================
Launching Webots simulation (wall timeout: 600s)...
2.00)
[Nav 2] ¡ú Waypoint 8/8 (-3.75,-2.00)
[Nav 7] ¡ú Waypoint 6/8 (3.00,3.00)
[T=180.0s] Tasks: 1/18 completed | Pending: 9 | Robots idle/active: 0/8 | Conflicts: 0
INFO: robot_controller: Terminating.
INFO: robot_controller: Terminating.
INFO: robot_controller: Terminating.
INFO: robot_controller: Terminating.
INFO: robot_controller: Terminating.
INFO: robot_controller: Terminating.
INFO: robot_controller: Terminating.
INFO: robot_controller: Terminating.
INFO: factory_supervisor: Terminating.

{
  "step": "step_g2_avoidance_20260919",
  "metrics": {
    "scenario": "C",
    "scheduler": "FCFS",
    "seed": 44,
    "duration": 180.0,
    "tasks_completed": 1,
    "route_dispatches": 227,
    "audited_replans": 2,
    "unplanned_task_stops": 2,
    "min_pair_distance": 0.805541601952273,
    "pair_distance_violations": 0,
    "clear_motion_duty_cycle": 0.9801468588523251,
    "unexplained_active_intervals": 31,
    "abnormal_mass_stop_seconds": 1.888,
    "rotating_in_place_intervals": 13,
    "sim_to_wall_ratio": 1.6523608462219672,
    "webots_wall_seconds": 108.93504310003482,
    "supervisor_step_wall_p99_ms": 43.83199999574572,
    "joint_planning_wall_p99_ms": 210.3044999530539,
    "artifacts": {
      "html": "webots_diagnostic_C_FCFS_20260919_210230.html",
      "json": "webots_diagnostic_C_FCFS_20260919_210230.json",
      "x3d": "webots_diagnostic_C_FCFS_20260919_210230.x3d",
      "css": "webots_diagnostic_C_FCFS_20260919_210230.css"
    }
  },
  "gate": {
    "passed": false,
    "checks": {
      "recording_exists": true,
      "pair_distance_violations_zero": true,
      "sim_to_wall_ratio": true,
      "abnormal_mass_stop_seconds_within_noise": true,
      "unexplained_active_intervals_within_noise": true,
      "rotating_in_place_intervals_within_noise": true,
      "unplanned_task_stops_not_worse": false,
      "clear_motion_duty_cycle_within_noise": true,
      "tasks_completed_not_worse": true,
      "minimum_pair_distance_absolute": true,
      "material_robot_efficiency_improvement": true
    },
    "material_improvements": {
      "tasks": false,
      "abnormal_mass_stop": true,
      "unexplained_active": false,
      "rotating_in_place": true,
      "motion_duty": false
    }
  }
}
