call,rid,event
23.024,all,start
23.024,5,plan_start start=(-6.99999999993833, -4.663283136814578e-05) goal=(-1.0, 1.5)
23.024,5,plan_end len=3
34.032,all,start
34.032,2,plan_start start=(-4.245797944960157, -0.593331792484747) goal=(-1.0, 1.5)
34.032,2,plan_end len=5
34.032,1,plan_start start=(-4.360513454340489, 0.4571019437075436) goal=(0.0, -3.5)
34.032,1,plan_end len=6
47.520,all,start
47.520,5,plan_start start=(-5.136521998531191, 0.5820704976058316) goal=(-1.0, 1.5)
47.520,5,plan_end len=3
47.520,1,plan_start start=(-4.634909249025619, 1.0424196688472707) goal=(0.0, -3.5)
47.520,1,plan_end len=14
52.528,all,start
52.528,5,plan_start start=(-5.082076669657287, 0.5866055949868993) goal=(-1.0, 1.5)
52.528,5,plan_end len=3
52.528,1,plan_start start=(-4.652315564376361, 1.0547163338098031) goal=(0.0, -3.5)
52.528,1,plan_end len=10
53.552,all,start
53.552,2,plan_start start=(-4.242386566009813, 0.07112545263287164) goal=(-1.0, 1.5)
53.552,2,plan_end len=3
53.552,5,plan_start start=(-5.083212487406033, 0.5996161829260567) goal=(-0.317183872943551, -1.9327484814113065)
53.552,5,plan_end len=5
53.552,7,plan_start start=(-7.10165566470908, 0.12177407908149251) goal=(0.0, 3.5)
53.552,7,plan_end len=3
53.552,6,plan_start start=(6.231250721951364, -0.07237969505080642) goal=(-3.0, -1.5)
53.552,6,plan_end len=3
53.552,4,plan_start start=(6.075470775126431, -1.5166610648726577) goal=(6.0, 3.5)
53.552,4,plan_end len=3
53.552,3,plan_start start=(4.456372857626877, 3.3563621067636196) goal=(1.0, -1.5)
53.552,3,plan_end len=8
53.552,1,plan_start start=(-4.663974584258598, 1.06197631207149) goal=(0.0, -3.5)
53.552,1,plan_end len=13
53.552,8,plan_start start=(8.443918168440604, -1.2431202497398035) goal=(7.0, 0.0)
53.552,8,plan_end len=3
54.032,all,start
54.032,2,plan_start start=(-4.2406762655241685, 0.08830731112711987) goal=(-1.0, 1.5)
54.032,2,plan_end len=3
54.032,5,plan_start start=(-5.083210604601384, 0.5996184798201679) goal=(-0.317183872943551, -1.9327484814113065)
54.032,5,plan_end len=2
54.032,7,plan_start start=(-7.06597389898038, 0.13503169669929665) goal=(0.0, 3.5)
54.032,7,plan_end len=3
54.032,6,plan_start start=(6.217098451219425, -0.07312064205339987) goal=(-3.0, -1.5)
54.032,6,plan_end len=4
54.032,4,plan_start start=(6.076268835124432, -1.5000451740631924) goal=(6.0, 3.5)
54.032,4,plan_end len=4
54.032,3,plan_start start=(4.456294095241292, 3.356368783918825) goal=(1.0, -1.5)
54.032,3,plan_end len=11
54.032,1,plan_start start=(-4.673425900671403, 1.0693484039004588) goal=(0.0, -3.5)
54.032,1,plan_end len=15
54.032,8,plan_start start=(8.373791977410452, -1.2767939242342903) goal=(7.0, 0.0)
54.032,8,plan_end len=2
54.528,all,start
54.528,2,plan_start start=(-4.2380335754540015, 0.11503688572336652) goal=(-1.0, 1.5)
54.528,2,plan_end len=3
54.528,7,plan_start start=(-7.031125090652363, 0.14820557845328466) goal=(0.0, 3.5)
54.528,7,plan_end len=3
54.528,5,plan_start start=(-5.083210585234207, 0.5996184962114266) goal=(-0.317183872943551, -1.9327484814113065)
54.528,5,plan_end len=5
54.528,6,plan_start start=(6.201015201955056, -0.07390406483556546) goal=(-3.0, -1.5)
54.528,6,plan_end len=3
54.528,4,plan_start start=(6.07694823816901, -1.4842812650761221) goal=(6.0, 3.5)
54.528,4,plan_end len=6
54.528,3,plan_start start=(4.461837969164901, 3.340411237391022) goal=(1.0, -1.5)
54.528,3,plan_end len=8
54.528,1,plan_start start=(-4.659188140748319, 1.082033630102823) goal=(0.0, -3.5)
54.528,1,plan_end len=13
54.528,8,plan_start start=(8.295758702044589, -1.323508250851219) goal=(7.0, 0.0)
54.528,8,plan_end len=2
55.024,all,start
55.024,2,plan_start start=(-4.235460695008787, 0.1413211757429115) goal=(-1.0, 1.5)
55.024,2,plan_end len=11
55.024,7,plan_start start=(-6.996332545169966, 0.16150160025629928) goal=(0.0, 3.5)
55.024,7,plan_end len=9
55.024,5,plan_start start=(-5.077058178794708, 0.6209776874390847) goal=(-0.317183872943551, -1.9327484814113065)
55.024,5,plan_end len=3
55.024,6,plan_start start=(6.166907951646618, -0.07570491562635057) goal=(-3.0, -1.5)
55.024,6,plan_end len=5
55.024,4,plan_start start=(6.077759837243899, -1.4647172481316468) goal=(6.0, 3.5)
55.024,4,plan_end len=4
55.024,3,plan_start start=(4.437189054378906, 3.2952557923953485) goal=(1.0, -1.5)
55.024,3,plan_end len=9
55.024,1,plan_start start=(-4.650867755519209, 1.096077474363792) goal=(0.0, -3.5)
55.024,1,plan_end len=9
55.024,8,plan_start start=(8.220627073338376, -1.3769098396806017) goal=(7.0, 0.0)
55.024,8,plan_end len=2
55.328,all,start
55.328,2,plan_start start=(-4.233919899066669, 0.15718329309210857) goal=(-1.0, 1.5)
55.328,2,plan_end len=3
55.328,7,plan_start start=(-6.977233968822866, 0.1687424062319391) goal=(0.0, 3.5)
55.328,7,plan_end len=3
55.328,5,plan_start start=(-5.0768888479368535, 0.621210646659284) goal=(-0.317183872943551, -1.9327484814113065)
55.328,5,plan_end len=5
55.328,6,plan_start start=(6.133586513584993, -0.07763110518378938) goal=(-3.0, -1.5)
55.328,6,plan_end len=7
55.328,4,plan_start start=(6.078200286875054, -1.4549472045824874) goal=(6.0, 3.5)
55.328,4,plan_end len=5
55.328,3,plan_start start=(4.425247858219761, 3.2563749385430265) goal=(1.0, -1.5)
55.328,3,plan_end len=9
55.328,1,plan_start start=(-4.6508582395489375, 1.0963905911569711) goal=(0.0, -3.5)
55.328,1,plan_end len=10
55.328,8,plan_start start=(8.175398154292305, -1.4110965177898398) goal=(7.0, 0.0)
55.328,8,plan_end len=2
55.520,all,start
55.520,2,plan_start start=(-4.232961512093218, 0.16709514201560466) goal=(-1.0, 1.5)
55.520,2,plan_end len=3
55.520,7,plan_start start=(-6.96157546431553, 0.17484010410330147) goal=(0.0, 3.5)
55.520,7,plan_end len=3
55.520,5,plan_start start=(-5.072052771920322, 0.6276176464641328) goal=(-0.317183872943551, -1.9327484814113065)
55.520,5,plan_end len=0
55.520,6,plan_start start=(6.113610045593792, -0.07880168430489452) goal=(-3.0, -1.5)
55.520,6,plan_end len=5
55.520,4,plan_start start=(6.078200837667174, -1.4549485416817025) goal=(6.0, 3.5)
55.520,4,plan_end len=5
55.520,3,plan_start start=(4.408890216344714, 3.2319523176106713) goal=(1.0, -1.5)
55.520,3,plan_end len=9
55.520,1,plan_start start=(-4.650508337611404, 1.1049249682210558) goal=(0.0, -3.5)
55.520,1,plan_end len=10
55.520,8,plan_start start=(8.147023441754468, -1.4329973831158629) goal=(7.0, 0.0)
55.520,8,plan_end len=2
56.032,all,start
56.032,2,plan_start start=(-4.230464408284176, 0.1930834505214849) goal=(-1.0, 1.5)
56.032,2,plan_end len=11
56.032,7,plan_start start=(-6.928252329943455, 0.18661317410902384) goal=(0.0, 3.5)
56.032,7,plan_end len=9
56.032,5,plan_start start=(-5.067361299731333, 0.6327965794753184) goal=(-0.317183872943551, -1.9327484814113065)
56.032,5,plan_end len=3
56.032,6,plan_start start=(6.065097675595128, -0.08169013571284077) goal=(-3.0, -1.5)
56.032,6,plan_end len=5
56.032,4,plan_start start=(6.078200992934077, -1.4549485920428857) goal=(6.0, 3.5)
56.032,4,plan_end len=4
56.032,3,plan_start start=(4.37775079052742, 3.1485585662983837) goal=(1.0, -1.5)
56.032,3,plan_end len=11
56.032,1,plan_start start=(-4.6511844936620586, 1.109794376931918) goal=(0.0, -3.5)
56.032,1,plan_end len=9
56.032,8,plan_start start=(8.071790430797547, -1.492071221461762) goal=(7.0, 0.0)
56.032,8,plan_end len=2
56.528,all,start
56.528,2,plan_start start=(-4.228132072366191, 0.2175681319125984) goal=(-1.0, 1.5)
56.528,2,plan_end len=3
56.528,7,plan_start start=(-6.8957901975430875, 0.1962514949215476) goal=(0.0, 3.5)
56.528,7,plan_end len=3
56.528,5,plan_start start=(-5.0599066427368475, 0.6400183885741104) goal=(-0.317183872943551, -1.9327484814113065)
56.528,5,plan_end len=5
56.528,6,plan_start start=(6.046465692018888, -0.0825989637743108) goal=(-3.0, -1.5)
56.528,6,plan_end len=5
56.528,4,plan_start start=(6.07820099615183, -1.4549485916963005) goal=(6.0, 3.5)
56.528,4,plan_end len=5
56.528,3,plan_start start=(4.3705235350366465, 3.114778353157382) goal=(1.0, -1.5)
56.528,3,plan_end len=8
56.528,1,plan_start start=(-4.652464083661429, 1.1170709708226603) goal=(0.0, -3.5)
56.528,1,plan_end len=10
56.528,8,plan_start start=(8.006617300073824, -1.5221767638041177) goal=(7.0, 0.0)
56.528,8,plan_end len=1
57.024,all,start
57.024,2,plan_start start=(-4.2258931708567085, 0.24126315599106038) goal=(-1.0, 1.5)
57.024,2,plan_end len=11
57.024,7,plan_start start=(-6.8622367518756775, 0.20480330518670703) goal=(0.0, 3.5)
57.024,7,plan_end len=7
57.024,5,plan_start start=(-5.0506648875190825, 0.6480206202661739) goal=(-0.317183872943551, -1.9327484814113065)
57.024,5,plan_end len=3
57.024,6,plan_start start=(6.024180143342425, -0.08362504512817999) goal=(-3.0, -1.5)
57.024,6,plan_end len=5
57.024,4,plan_start start=(6.078200996230408, -1.4549485916950597) goal=(6.0, 3.5)
57.024,4,plan_end len=4
57.024,3,plan_start start=(4.36264801593421, 3.072169641671325) goal=(1.0, -1.5)
57.024,3,plan_end len=9
57.024,1,plan_start start=(-4.653863055193108, 1.121475379011598) goal=(0.0, -3.5)
57.024,1,plan_end len=8
57.024,8,plan_start start=(7.991566491485817, -1.5158559185367775) goal=(7.0, 0.0)
57.024,8,plan_end len=1
57.520,all,start
57.520,2,plan_start start=(-4.223757431778612, 0.26404118723052766) goal=(-1.0, 1.5)
57.520,2,plan_end len=16
57.520,7,plan_start start=(-6.828242459751618, 0.21235786317864466) goal=(0.0, 3.5)
57.520,7,plan_end len=3
57.520,5,plan_start start=(-5.040055039611911, 0.6561684310474941) goal=(-0.317183872943551, -1.9327484814113065)
57.520,5,plan_end len=5
57.520,6,plan_start start=(6.004103083489925, -0.0844890446682435) goal=(-3.0, -1.5)
57.520,6,plan_end len=5
57.520,4,plan_start start=(6.07820099623233, -1.4549485916951068) goal=(6.0, 3.5)
57.520,4,plan_end len=5
57.520,3,plan_start start=(4.355765247691019, 3.0285444704562696) goal=(1.0, -1.5)
57.520,3,plan_end len=3
57.520,1,plan_start start=(-4.655365614987495, 1.1253438996198224) goal=(0.0, -3.5)
57.520,1,plan_end len=8
57.520,8,plan_start start=(7.994490266911412, -1.502545461354779) goal=(7.0, 0.0)
57.520,8,plan_end len=1
58.032,all,start
58.032,2,plan_start start=(-4.221605342437637, 0.2871533898657995) goal=(-1.0, 1.5)
58.032,2,plan_end len=11
58.032,7,plan_start start=(-6.792835009469734, 0.21928179898491465) goal=(0.0, 3.5)
58.032,7,plan_end len=7
58.032,5,plan_start start=(-5.029009112828954, 0.664487229830492) goal=(-0.317183872943551, -1.9327484814113065)
58.032,5,plan_end len=2
58.032,6,plan_start start=(5.984434755157853, -0.08530317544076853) goal=(-3.0, -1.5)
58.032,6,plan_end len=5
58.032,4,plan_start start=(6.0782009962323755, -1.4549485916951082) goal=(6.0, 3.5)
58.032,4,plan_end len=4
58.032,3,plan_start start=(4.348582779124607, 2.9764054114381886) goal=(1.0, -1.5)
58.032,3,plan_end len=9
58.032,1,plan_start start=(-4.66093541431381, 1.1484851646189194) goal=(0.0, -3.5)
58.032,1,plan_end len=11
58.032,8,plan_start start=(7.992800367597862, -1.4419855073024954) goal=(7.0, 0.0)
58.032,8,plan_end len=2
58.528,all,start
58.528,2,plan_start start=(-4.220861680245868, 0.29510283142878013) goal=(-1.0, 1.5)
58.528,2,plan_end len=3
58.528,7,plan_start start=(-6.7581580684047395, 0.22530722971184708) goal=(0.0, 3.5)
58.528,7,plan_end len=3
58.528,5,plan_start start=(-5.023179628511375, 0.6693262551170254) goal=(-0.317183872943551, -1.9327484814113065)
58.528,5,plan_end len=5
58.528,6,plan_start start=(5.959802150519817, -0.08645428418797482) goal=(-3.0, -1.5)
58.528,6,plan_end len=5
58.528,4,plan_start start=(6.0782009962323755, -1.4549485916951082) goal=(6.0, 3.5)
58.528,4,plan_end len=5
58.528,3,plan_start start=(4.338402620460094, 2.885967719338389) goal=(1.0, -1.5)
58.528,3,plan_end len=8
58.528,1,plan_start start=(-4.661283428862025, 1.150898284059932) goal=(0.0, -3.5)
58.528,1,plan_end len=10
58.528,8,plan_start start=(7.951495664288701, -1.3720247968037516) goal=(7.0, 0.0)
58.528,8,plan_end len=1
59.024,all,start
59.024,2,plan_start start=(-4.220352079954814, 0.3004704428759848) goal=(-1.0, 1.5)
59.024,2,plan_end len=10
59.024,7,plan_start start=(-6.724509704688654, 0.23049082339585714) goal=(0.0, 3.5)
59.024,7,plan_end len=13
59.024,5,plan_start start=(-5.0157321380056645, 0.675804001548885) goal=(-0.317183872943551, -1.9327484814113065)
59.024,5,plan_end len=5
59.024,6,plan_start start=(5.936985538402041, -0.08757000234779684) goal=(-3.0, -1.5)
59.024,6,plan_end len=4
59.024,4,plan_start start=(6.0782009962323755, -1.4549485916951082) goal=(6.0, 3.5)
59.024,4,plan_end len=5
59.024,3,plan_start start=(4.33267739558747, 2.827069416636135) goal=(1.0, -1.5)
59.024,3,plan_end len=9
59.024,1,plan_start start=(-4.661395518770717, 1.1518229969796607) goal=(0.0, -3.5)
59.024,1,plan_end len=11
59.024,8,plan_start start=(7.925225466157658, -1.2859033983030934) goal=(7.0, 0.0)
59.024,8,plan_end len=1
59.520,all,start
59.520,2,plan_start start=(-4.219754968456317, 0.30670888079220704) goal=(-1.0, 1.5)
59.520,2,plan_end len=3
59.520,7,plan_start start=(-6.689555256245097, 0.23513132047086202) goal=(0.0, 3.5)
59.520,7,plan_end len=3
59.520,5,plan_start start=(-5.005002822444356, 0.6857555399419605) goal=(-0.317183872943551, -1.9327484814113065)
59.520,5,plan_end len=5
59.520,6,plan_start start=(5.90810152208355, -0.08892302346422883) goal=(-3.0, -1.5)
59.520,6,plan_end len=7
59.520,4,plan_start start=(6.078200996232376, -1.4549485916951082) goal=(6.0, 3.5)
59.520,4,plan_end len=6
59.520,3,plan_start start=(4.328214802489228, 2.782622219886212) goal=(1.0, -1.5)
59.520,3,plan_end len=9
59.520,1,plan_start start=(-4.661443693580798, 1.1522577516204056) goal=(0.0, -3.5)
59.520,1,plan_end len=10
59.520,8,plan_start start=(7.907460596853493, -1.195641054533415) goal=(7.0, 0.0)
59.520,8,plan_end len=1
60.032,all,start
60.032,2,plan_start start=(-4.219013846760044, 0.3143517754470421) goal=(-1.0, 1.5)
60.032,2,plan_end len=10
60.032,7,plan_start start=(-6.651015149053045, 0.23938887104775566) goal=(0.0, 3.5)
60.032,7,plan_end len=13
60.032,5,plan_start start=(-4.9999012736470965, 0.6907760905899081) goal=(-0.317183872943551, -1.9327484814113065)
60.032,5,plan_end len=5
60.032,6,plan_start start=(5.882389548310645, -0.09001930686480296) goal=(-3.0, -1.5)
60.032,6,plan_end len=4
60.032,4,plan_start start=(6.078200996232376, -1.4549485916951084) goal=(6.0, 3.5)
60.032,4,plan_end len=5
60.032,3,plan_start start=(4.323770749168028, 2.7395118747808604) goal=(1.0, -1.5)
60.032,3,plan_end len=9
60.032,1,plan_start start=(-4.661466698368428, 1.1524676820056343) goal=(0.0, -3.5)
60.032,1,plan_end len=11
60.032,8,plan_start start=(7.892808919613729, -1.1012255013894525) goal=(7.0, 0.0)
60.032,8,plan_end len=1
60.528,all,start
60.528,2,plan_start start=(-4.218640221192219, 0.3181539829504679) goal=(-1.0, 1.5)
60.528,2,plan_end len=3
60.528,7,plan_start start=(-6.617201804226905, 0.24291009188582158) goal=(0.0, 3.5)
60.528,7,plan_end len=4
60.528,5,plan_start start=(-4.994943843954534, 0.6958071115131045) goal=(-0.317183872943551, -1.9327484814113065)
60.528,5,plan_end len=5
60.528,6,plan_start start=(5.862043626286258, -0.09077847097340115) goal=(-3.0, -1.5)
60.528,6,plan_end len=7
60.528,4,plan_start start=(6.078200996232376, -1.4549485916951084) goal=(6.0, 3.5)
60.528,4,plan_end len=5
60.528,3,plan_start start=(4.320350379794502, 2.7062159158840267) goal=(1.0, -1.5)
60.528,3,plan_end len=6
60.528,1,plan_start start=(-4.66148402375213, 1.1526262120638198) goal=(0.0, -3.5)
60.528,1,plan_end len=11
60.528,8,plan_start start=(7.880029167826602, -1.0093845836796485) goal=(7.0, 0.0)
60.528,8,plan_end len=1
61.024,all,start
61.024,2,plan_start start=(-4.217893916439842, 0.3256957748846133) goal=(-1.0, 1.5)
61.024,2,plan_end len=10
61.024,7,plan_start start=(-6.583972138841994, 0.24626374866298648) goal=(0.0, 3.5)
61.024,7,plan_end len=11
61.024,5,plan_start start=(-4.985333299558238, 0.7059772619366715) goal=(-0.317183872943551, -1.9327484814113065)
61.024,5,plan_end len=5
61.024,6,plan_start start=(5.83602868700356, -0.0916804479007911) goal=(-3.0, -1.5)
61.024,6,plan_end len=4
61.024,4,plan_start start=(6.078200996232376, -1.4549485916951084) goal=(6.0, 3.5)
61.024,4,plan_end len=5
61.024,3,plan_start start=(4.315654529634079, 2.6623084515867816) goal=(1.0, -1.5)
61.024,3,plan_end len=11
61.024,1,plan_start start=(-4.661489781540657, 1.1526729909568676) goal=(0.0, -3.5)
61.024,1,plan_end len=10
61.024,8,plan_start start=(7.867818710753506, -0.9174706726886417) goal=(7.0, 0.0)
61.024,8,plan_end len=1
61.536,all,start
61.536,2,plan_start start=(-4.215907776116099, 0.3456409724390667) goal=(-1.0, 1.5)
61.536,2,plan_end len=3
61.536,7,plan_start start=(-6.582654419320551, 0.25255548064929084) goal=(0.0, 3.5)
61.536,7,plan_end len=3
61.536,5,plan_start start=(-4.968461398553208, 0.6905531423778012) goal=(-0.317183872943551, -1.9327484814113065)
61.536,5,plan_end len=5
61.536,1,plan_start start=(-4.661912905087555, 1.150175104448213) goal=(0.0, -3.5)
61.536,1,plan_end len=10
61.536,6,plan_start start=(5.830244360232271, -0.09684294636133674) goal=(-3.0, -1.5)
61.536,6,plan_end len=7
61.536,4,plan_start start=(6.066147882368327, -1.4580644209646851) goal=(6.0, 3.5)
61.536,4,plan_end len=1
61.536,3,plan_start start=(4.308935491959121, 2.599783829882474) goal=(1.0, -1.5)
61.536,3,plan_end len=6
61.536,8,plan_start start=(7.841609196398661, -0.8742193113743693) goal=(7.0, 0.0)
61.536,8,plan_end len=1
62.032,all,start
62.032,2,plan_start start=(-4.215484733816301, 0.34985389932513583) goal=(-1.0, 1.5)
62.032,2,plan_end len=3
62.032,7,plan_start start=(-6.588224279817424, 0.300543564862277) goal=(0.0, 3.5)
62.032,7,plan_end len=4
62.032,5,plan_start start=(-4.96027797440333, 0.6833290330417318) goal=(-0.317183872943551, -1.9327484814113065)
62.032,5,plan_end len=0
62.032,1,plan_start start=(-4.661912573234261, 1.1501774345854412) goal=(0.0, -3.5)
62.032,1,plan_end len=10
62.032,6,plan_start start=(5.820879410983613, -0.1041082061928866) goal=(-3.0, -1.5)
62.032,6,plan_end len=8
62.032,4,plan_start start=(6.044845285111199, -1.4496312258576272) goal=(6.0, 3.5)
62.032,4,plan_end len=3
62.032,3,plan_start start=(4.300587561191376, 2.5212049471115305) goal=(1.0, -1.5)
62.032,3,plan_end len=11
62.032,8,plan_start start=(7.801215980907721, -0.8104914550322886) goal=(7.0, 0.0)
62.032,8,plan_end len=1
62.528,all,start
62.528,2,plan_start start=(-4.214682007727393, 0.35776173539406014) goal=(-1.0, 1.5)
62.528,2,plan_end len=3
62.528,7,plan_start start=(-6.556770789179412, 0.3411296422768885) goal=(0.0, 3.5)
62.528,7,plan_end len=3
62.528,5,plan_start start=(-4.931338145284441, 0.6668890505798186) goal=(-0.317183872943551, -1.9327484814113065)
62.528,5,plan_end len=10
62.528,6,plan_start start=(5.7998423263116665, -0.1170071048927271) goal=(-3.0, -1.5)
62.528,6,plan_end len=8
62.528,4,plan_start start=(6.014508565448094, -1.416106351184149) goal=(6.0, 3.5)
62.528,4,plan_end len=12
62.528,3,plan_start start=(4.293138297437887, 2.450040602550579) goal=(1.0, -1.5)
62.528,3,plan_end len=12
62.528,1,plan_start start=(-4.6619125512736606, 1.1501774530253015) goal=(0.0, -3.5)
62.528,1,plan_end len=7
62.528,8,plan_start start=(7.747324047352743, -0.7380777118011081) goal=(7.0, 0.0)
62.528,8,plan_end len=1
63.024,all,start
63.024,2,plan_start start=(-4.212051517997585, 0.38356569737476354) goal=(-1.0, 1.5)
63.024,2,plan_end len=3
63.024,7,plan_start start=(-6.525611675296814, 0.3860295583647772) goal=(0.0, 3.5)
63.024,7,plan_end len=7
63.024,5,plan_start start=(-4.928770628404602, 0.6665202024637835) goal=(-0.317183872943551, -1.9327484814113065)
63.024,5,plan_end len=0
63.024,6,plan_start start=(5.757032148647236, -0.13891386712886214) goal=(-3.0, -1.5)
63.024,6,plan_end len=7
63.024,4,plan_start start=(5.972030551440657, -1.360088446541252) goal=(6.0, 3.5)
63.024,4,plan_end len=3
63.024,3,plan_start start=(4.289729316224687, 2.4157940315441055) goal=(1.0, -1.5)
63.024,3,plan_end len=11
63.024,1,plan_start start=(-4.662487052502552, 1.1482849227825374) goal=(0.0, -3.5)
63.024,1,plan_end len=5
63.024,8,plan_start start=(7.685548744083824, -0.6698570826217511) goal=(7.0, 0.0)
63.024,8,plan_end len=1
63.520,all,start
63.520,2,plan_start start=(-4.2093548838896755, 0.41031901665230397) goal=(-1.0, 1.5)
63.520,2,plan_end len=3
63.520,7,plan_start start=(-6.507089953505883, 0.4212355506585783) goal=(0.0, 3.5)
63.520,7,plan_end len=3
63.520,5,plan_start start=(-4.930609280648686, 0.6643186092713113) goal=(-0.317183872943551, -1.9327484814113065)
63.520,5,plan_end len=5
63.520,6,plan_start start=(5.743316581833757, -0.14513449303383044) goal=(-3.0, -1.5)
63.520,6,plan_end len=7
63.520,4,plan_start start=(5.96031015036548, -1.3474338475248828) goal=(6.0, 3.5)
63.520,4,plan_end len=12
63.520,3,plan_start start=(4.281753192380964, 2.33709612384222) goal=(1.0, -1.5)
63.520,3,plan_end len=11
63.520,1,plan_start start=(-4.676729208436563, 1.165375344873359) goal=(0.0, -3.5)
63.520,1,plan_end len=5
63.520,8,plan_start start=(7.6208479145773715, -0.6037404460629996) goal=(7.0, 0.0)
63.520,8,plan_end len=1
64.032,all,start
64.032,2,plan_start start=(-4.206608576895308, 0.43786846676787594) goal=(-1.0, 1.5)
64.032,2,plan_end len=3
64.032,7,plan_start start=(-6.491942492842904, 0.4539737084966471) goal=(0.0, 3.5)
64.032,7,plan_end len=3
64.032,5,plan_start start=(-4.9356243488236835, 0.6546391379767174) goal=(-0.317183872943551, -1.9327484814113065)
64.032,5,plan_end len=0
64.032,6,plan_start start=(5.713690701566363, -0.15803199937806825) goal=(-3.0, -1.5)
64.032,6,plan_end len=7
64.032,4,plan_start start=(5.936394031236546, -1.3237333524729804) goal=(6.0, 3.5)
64.032,4,plan_end len=3
64.032,3,plan_start start=(4.278350208455152, 2.301787806902973) goal=(1.0, -1.5)
64.032,3,plan_end len=11
64.032,1,plan_start start=(-4.6986487760192555, 1.188378971211194) goal=(0.0, -3.5)
64.032,1,plan_end len=5
64.032,8,plan_start start=(7.5528747786457835, -0.5364456580003004) goal=(7.0, 0.0)
64.032,8,plan_end len=1
64.528,all,start
64.528,2,plan_start start=(-4.203982876994645, 0.464485873543276) goal=(-1.0, 1.5)
64.528,2,plan_end len=3
64.528,7,plan_start start=(-6.4782183409776914, 0.4864047166484675) goal=(0.0, 3.5)
64.528,7,plan_end len=3
64.528,5,plan_start start=(-4.940020289777434, 0.6385582108587383) goal=(-0.317183872943551, -1.9327484814113065)
64.528,5,plan_end len=5
64.528,6,plan_start start=(5.6847766494596845, -0.1722449607585037) goal=(-3.0, -1.5)
64.528,6,plan_end len=7
64.528,4,plan_start start=(5.912053954266673, -1.3016249207076653) goal=(6.0, 3.5)
64.528,4,plan_end len=8
64.528,3,plan_start start=(4.274339326010061, 2.2606914844417476) goal=(1.0, -1.5)
64.528,3,plan_end len=3
64.528,1,plan_start start=(-4.722008521404279, 1.2214709393095349) goal=(0.0, -3.5)
64.528,1,plan_end len=5
64.528,8,plan_start start=(7.486567933470321, -0.4716403588339166) goal=(7.0, 0.0)
64.528,8,plan_end len=1
66.528,all,start
66.528,7,plan_start start=(-6.442355502823796, 0.5806142167453254) goal=(0.0, 3.5)
66.528,7,plan_end len=4
66.528,6,plan_start start=(5.609752777396911, -0.21797098069769022) goal=(-3.0, -1.5)
66.528,6,plan_end len=5
66.528,4,plan_start start=(5.843480316304121, -1.2453850208621364) goal=(6.0, 3.5)
66.528,4,plan_end len=2
66.528,3,plan_start start=(4.264639488401751, 2.159139744982274) goal=(1.0, -1.5)
66.528,3,plan_end len=7
66.528,8,plan_start start=(7.30839844403663, -0.29869167294633775) goal=(7.0, 0.0)
66.528,8,plan_end len=1
66.528,2,plan_start start=(-4.1922577621065145, 0.5872904590902761) goal=(-1.0, 1.5)
66.528,2,plan_end len=3
66.528,5,plan_start start=(-4.860444601747805, 0.5257933000527726) goal=(-0.317183872943551, -1.9327484814113065)
66.528,5,plan_end len=0
66.528,1,plan_start start=(-4.820068728909671, 1.2812866025778837) goal=(0.0, -3.5)
66.528,1,plan_end len=10
67.024,all,start
67.024,2,plan_start start=(-4.189936156422775, 0.6136923425606783) goal=(-1.0, 1.5)
67.024,2,plan_end len=3
67.024,7,plan_start start=(-6.445042370117396, 0.589779479996837) goal=(0.0, 3.5)
67.024,7,plan_end len=4
67.024,5,plan_start start=(-4.835340167336319, 0.4815891795512426) goal=(-0.317183872943551, -1.9327484814113065)
67.024,5,plan_end len=5
67.024,6,plan_start start=(5.58935661927976, -0.2297530220842758) goal=(-3.0, -1.5)
67.024,6,plan_end len=3
67.024,4,plan_start start=(5.859604212475683, -1.2308807103746282) goal=(6.0, 3.5)
67.024,4,plan_end len=2
67.024,3,plan_start start=(4.2606032017353135, 2.119958181042827) goal=(1.0, -1.5)
67.024,3,plan_end len=8
67.024,1,plan_start start=(-4.840457182468402, 1.2776207766057897) goal=(0.0, -3.5)
67.024,1,plan_end len=11
67.024,8,plan_start start=(7.2648263046405575, -0.27086642336905464) goal=(7.0, 0.0)
67.024,8,plan_end len=1
67.520,all,start
67.520,2,plan_start start=(-4.187632808500174, 0.6399704272962234) goal=(-1.0, 1.5)
67.520,2,plan_end len=3
67.520,7,plan_start start=(-6.445508456409862, 0.591293265814115) goal=(0.0, 3.5)
67.520,7,plan_end len=4
67.520,5,plan_start start=(-4.812806014689397, 0.4352503943805752) goal=(-0.317183872943551, -1.9327484814113065)
67.520,5,plan_end len=2
67.520,6,plan_start start=(5.5614967389453875, -0.2413454606057748) goal=(-3.0, -1.5)
67.520,6,plan_end len=5
67.520,4,plan_start start=(5.871552999155968, -1.211082586335282) goal=(6.0, 3.5)
67.520,4,plan_end len=2
67.520,3,plan_start start=(4.256433074256374, 2.077724639966507) goal=(1.0, -1.5)
67.520,3,plan_end len=3
67.520,1,plan_start start=(-4.846164092392956, 1.2760780427089125) goal=(0.0, -3.5)
67.520,1,plan_end len=13
67.520,8,plan_start start=(7.231514817737222, -0.2572923187191378) goal=(7.0, 0.0)
67.520,8,plan_end len=1
68.032,all,start
68.032,2,plan_start start=(-4.18527431590042, 0.6669605114687989) goal=(-1.0, 1.5)
68.032,2,plan_end len=3
68.032,7,plan_start start=(-6.452060116132784, 0.5878647217712603) goal=(0.0, 3.5)
68.032,7,plan_end len=4
68.032,5,plan_start start=(-4.791255982244788, 0.38626408249712585) goal=(-0.317183872943551, -1.9327484814113065)
68.032,5,plan_end len=2
68.032,6,plan_start start=(5.530482540129447, -0.2503546983933659) goal=(-3.0, -1.5)
68.032,6,plan_end len=3
68.032,4,plan_start start=(5.8671218084098316, -1.1907036657317571) goal=(6.0, 3.5)
68.032,4,plan_end len=2
68.032,3,plan_start start=(4.252482489852596, 2.0374816687404573) goal=(1.0, -1.5)
68.032,3,plan_end len=8
68.032,1,plan_start start=(-4.843541629637873, 1.2641446466296329) goal=(0.0, -3.5)
68.032,1,plan_end len=13
68.032,8,plan_start start=(7.209192646322308, -0.2424341500091423) goal=(7.0, 0.0)
68.032,8,plan_end len=1
68.528,all,start
68.528,5,plan_start start=(-4.788381128228003, 0.3794507638641053) goal=(-1.0, 1.5)
68.528,5,plan_end len=8
69.024,all,start
69.024,2,plan_start start=(-4.183050269644644, 0.6918348421855106) goal=(-1.0, 1.5)
69.024,2,plan_end len=3
69.024,7,plan_start start=(-6.480886213687001, 0.5894687864522332) goal=(0.0, 3.5)
69.024,7,plan_end len=4
69.024,5,plan_start start=(-4.785984677157254, 0.3737351907001109) goal=(-0.317183872943551, -1.9327484814113065)
69.024,5,plan_end len=2
69.024,6,plan_start start=(5.466764697135618, -0.26080337820688876) goal=(-3.0, -1.5)
69.024,6,plan_end len=3
69.024,4,plan_start start=(5.862786457331142, -1.157016650836065) goal=(6.0, 3.5)
69.024,4,plan_end len=2
69.024,3,plan_start start=(4.245650408577297, 1.9661583518216992) goal=(1.0, -1.5)
69.024,3,plan_end len=8
69.024,1,plan_start start=(-4.861284898663373, 1.23523098884982) goal=(0.0, -3.5)
69.024,1,plan_end len=13
69.024,8,plan_start start=(7.130174160118692, -0.18133173684740267) goal=(7.0, 0.0)
69.024,8,plan_end len=1
69.152,all,start
69.152,2,plan_start start=(-4.1829616604937305, 0.6928170211611127) goal=(-1.0, 1.5)
69.152,2,plan_end len=3
69.152,5,plan_start start=(-4.785495226764425, 0.37395229570822297) goal=(-0.317183872943551, -1.9327484814113065)
69.152,5,plan_end len=2
69.152,7,plan_start start=(-6.485324075545352, 0.5922221300323717) goal=(0.0, 3.5)
69.152,7,plan_end len=4
69.152,8,plan_start start=(7.125694638918492, -0.17718279429381822) goal=(-6.0, 3.5)
69.152,8,plan_end len=7
69.152,6,plan_start start=(5.4587996998160335, -0.261590553911387) goal=(-3.0, -1.5)
69.152,6,plan_end len=9
69.152,4,plan_start start=(5.862643176772042, -1.15406266469473) goal=(6.0, 3.5)
69.152,4,plan_end len=2
69.152,3,plan_start start=(4.2449918367831705, 1.9589306594232636) goal=(1.0, -1.5)
69.152,3,plan_end len=3
69.152,1,plan_start start=(-4.865662637122819, 1.2312016298780937) goal=(0.0, -3.5)
69.152,1,plan_end len=13
69.520,all,start
69.520,2,plan_start start=(-4.181919998238468, 0.7042578226385466) goal=(-1.0, 1.5)
69.520,2,plan_end len=3
69.520,7,plan_start start=(-6.498671967022783, 0.6031113436047101) goal=(0.0, 3.5)
69.520,7,plan_end len=4
69.520,5,plan_start start=(-4.784980170163002, 0.3750744833827224) goal=(-0.317183872943551, -1.9327484814113065)
69.520,5,plan_end len=2
69.520,8,plan_start start=(7.125705498040561, -0.17718395056689662) goal=(-6.0, 3.5)
69.520,8,plan_end len=22
69.520,6,plan_start start=(5.438749140324328, -0.2634963265010967) goal=(-3.0, -1.5)
69.520,6,plan_end len=9
69.520,4,plan_start start=(5.862233636994539, -1.145868138227483) goal=(6.0, 3.5)
69.520,4,plan_end len=2
69.520,3,plan_start start=(4.2418802198875944, 1.926079672876395) goal=(1.0, -1.5)
69.520,3,plan_end len=3
69.520,1,plan_start start=(-4.88064305385786, 1.2191250527714346) goal=(0.0, -3.5)
69.520,1,plan_end len=0
71.520,all,start
71.520,2,plan_start start=(-4.1723438087191465, 0.8100387739319412) goal=(-1.0, 1.5)
71.520,2,plan_end len=3
77.024,all,start
77.024,5,plan_start start=(-4.535419601161285, 0.14916672009058216) goal=(-1.0, 1.5)
77.024,5,plan_end len=6
83.520,all,start
83.520,2,plan_start start=(-4.1397934247899455, 1.2872078762425734) goal=(-1.0, 1.5)
83.520,2,plan_end len=11
83.520,4,plan_start start=(5.872435752560923, -0.8231768599240522) goal=(6.0, 3.5)
83.520,4,plan_end len=3
85.024,all,start
85.024,2,plan_start start=(-4.160109390962995, 1.2863202196017625) goal=(-1.0, 1.5)
85.024,2,plan_end len=11
85.024,1,plan_start start=(-4.999665909180206, 1.0646796381526844) goal=(0.0, -3.5)
85.024,1,plan_end len=6
99.024,all,start
99.024,2,plan_start start=(-4.405220773636704, 1.72276488149979) goal=(-1.0, 1.5)
99.024,2,plan_end len=7
99.024,7,plan_start start=(-6.026382144497964, 1.1733946187927995) goal=(0.0, 3.5)
99.024,7,plan_end len=2
99.024,5,plan_start start=(-4.205676062096632, -0.9366306310843444) goal=(-1.6828161270564503, -1.932748481411306)
99.024,5,plan_end len=3
99.024,8,plan_start start=(6.261667672743235, -0.05714628615730104) goal=(-6.0, 3.5)
99.024,8,plan_end len=6
99.024,6,plan_start start=(3.4110758720304135, -2.0191086596174816) goal=(-3.0, -1.5)
99.024,6,plan_end len=0
99.024,4,plan_start start=(6.296099090966171, -0.7521410980918601) goal=(6.0, 3.5)
99.024,4,plan_end len=3
99.024,3,plan_start start=(4.243037581597331, 0.6622091854434458) goal=(1.0, -1.5)
99.024,3,plan_end len=6
99.024,1,plan_start start=(-5.042207865377376, 1.151507527347215) goal=(0.0, -3.5)
99.024,1,plan_end len=0
102.016,all,start
102.016,2,plan_start start=(-4.4054301868615955, 1.7293850673778404) goal=(-1.0, 1.5)
102.016,2,plan_end len=7
106.528,all,start
106.528,2,plan_start start=(-4.333901962980438, 1.749282034552969) goal=(-1.0, 1.5)
106.528,2,plan_end len=5
106.528,7,plan_start start=(-5.583114799644963, 1.559718612081953) goal=(0.0, 3.5)
106.528,7,plan_end len=2
106.528,5,plan_start start=(-4.1754006046045316, -1.2837293643364727) goal=(-1.6828161270564503, -1.932748481411306)
106.528,5,plan_end len=2
106.528,8,plan_start start=(6.135335262354198, -0.039057577046887705) goal=(-6.0, 3.5)
106.528,8,plan_end len=4
106.528,6,plan_start start=(2.7240210286442275, -2.0814107376897404) goal=(-3.0, -1.5)
106.528,6,plan_end len=3
106.528,4,plan_start start=(6.305454195379523, -0.6215513517073665) goal=(6.0, 3.5)
106.528,4,plan_end len=2
106.528,3,plan_start start=(4.2478699800363415, 0.6836939687532688) goal=(1.0, -1.5)
106.528,3,plan_end len=3
106.528,1,plan_start start=(-4.657461544252199, 0.8905553616534754) goal=(0.0, -3.5)
106.528,1,plan_end len=11
107.024,all,start
107.024,2,plan_start start=(-4.310987617014075, 1.7630229392653336) goal=(-1.0, 1.5)
107.024,2,plan_end len=5
107.024,7,plan_start start=(-5.557722144509559, 1.5612329571314139) goal=(0.0, 3.5)
107.024,7,plan_end len=2
107.024,5,plan_start start=(-4.1742085421978015, -1.2976789697049058) goal=(-1.6828161270564503, -1.932748481411306)
107.024,5,plan_end len=2
107.024,8,plan_start start=(6.132845800719709, -0.0388498817801997) goal=(-6.0, 3.5)
107.024,8,plan_end len=4
107.024,6,plan_start start=(2.7053128788727925, -2.0830564304519035) goal=(-3.0, -1.5)
107.024,6,plan_end len=3
107.024,4,plan_start start=(6.307710805069137, -0.616052884922136) goal=(6.0, 3.5)
107.024,4,plan_end len=2
107.024,3,plan_start start=(4.269203187435774, 0.6551744576988133) goal=(1.0, -1.5)
107.024,3,plan_end len=3
107.024,1,plan_start start=(-4.612334351781922, 0.8968322551714661) goal=(0.0, -3.5)
107.024,1,plan_end len=13
107.520,all,start
107.520,2,plan_start start=(-4.287626978713107, 1.7782519307712084) goal=(-1.0, 1.5)
107.520,2,plan_end len=9
107.520,7,plan_start start=(-5.534207909827741, 1.562482402332613) goal=(0.0, 3.5)
107.520,7,plan_end len=5
107.520,5,plan_start start=(-4.1719926302628, -1.3235070407743008) goal=(-1.6828161270564503, -1.932748481411306)
107.520,5,plan_end len=2
107.520,8,plan_start start=(6.130381155776911, -0.03864396873751744) goal=(-6.0, 3.5)
107.520,8,plan_end len=10
107.520,6,plan_start start=(2.661584418720073, -2.0869930265554486) goal=(-3.0, -1.5)
107.520,6,plan_end len=3
107.520,4,plan_start start=(6.309901273803986, -0.6105146597725726) goal=(6.0, 3.5)
107.520,4,plan_end len=2
107.520,3,plan_start start=(4.303089914214607, 0.6172610612900757) goal=(1.0, -1.5)
107.520,3,plan_end len=7
107.520,1,plan_start start=(-4.55185696604454, 0.9073429844042761) goal=(0.0, -3.5)
107.520,1,plan_end len=8
108.016,all,start
108.016,2,plan_start start=(-4.261136744256393, 1.7904830846859308) goal=(-1.0, 1.5)
108.016,2,plan_end len=5
108.016,7,plan_start start=(-5.512275780539474, 1.563551596686105) goal=(0.0, 3.5)
108.016,7,plan_end len=2
108.016,5,plan_start start=(-4.169959009968758, -1.34726110358914) goal=(-1.6828161270564503, -1.932748481411306)
108.016,5,plan_end len=2
108.016,8,plan_start start=(6.12819257218612, -0.03846069210001434) goal=(-6.0, 3.5)
108.016,8,plan_end len=4
108.016,6,plan_start start=(2.6194360351485613, -2.0907565869418323) goal=(-3.0, -1.5)
108.016,6,plan_end len=3
108.016,4,plan_start start=(6.311843675319485, -0.6054345037609427) goal=(6.0, 3.5)
108.016,4,plan_end len=2
108.016,3,plan_start start=(4.336755417861884, 0.6186429614276084) goal=(1.0, -1.5)
108.016,3,plan_end len=3
108.016,1,plan_start start=(-4.495655593344818, 0.9194138199233067) goal=(0.0, -3.5)
108.016,1,plan_end len=12
108.528,all,start
108.528,2,plan_start start=(-4.229243374399626, 1.801282497311334) goal=(-1.0, 1.5)
108.528,2,plan_end len=9
108.528,7,plan_start start=(-5.48576823192622, 1.5647487251843093) goal=(0.0, 3.5)
108.528,7,plan_end len=5
108.528,5,plan_start start=(-4.167837959963582, -1.3720903146343402) goal=(-1.6828161270564503, -1.932748481411306)
108.528,5,plan_end len=2
108.528,8,plan_start start=(6.125339258347561, -0.03822192719034474) goal=(-6.0, 3.5)
108.528,8,plan_end len=11
108.528,6,plan_start start=(2.5793045439203652, -2.094316443509616) goal=(-3.0, -1.5)
108.528,6,plan_end len=3
108.528,4,plan_start start=(6.314255989526832, -0.5988981338402198) goal=(6.0, 3.5)
108.528,4,plan_end len=2
108.528,3,plan_start start=(4.363503774497012, 0.609496137354261) goal=(1.0, -1.5)
108.528,3,plan_end len=7
108.528,1,plan_start start=(-4.459667935840442, 0.9287567067901534) goal=(0.0, -3.5)
108.528,1,plan_end len=8
109.520,all,start
109.520,2,plan_start start=(-4.16580663460148, 1.8157535103373015) goal=(-1.0, 1.5)
109.520,2,plan_end len=5
109.520,7,plan_start start=(-5.445835558457607, 1.5661294666819439) goal=(0.0, 3.5)
109.520,7,plan_end len=2
109.520,5,plan_start start=(-4.16424956620222, -1.4142183767798406) goal=(-1.6828161270564503, -1.932748481411306)
109.520,5,plan_end len=2
109.520,8,plan_start start=(6.120582949525685, -0.03782266580650202) goal=(-6.0, 3.5)
109.520,8,plan_end len=4
109.520,6,plan_start start=(2.5229737847778186, -2.099268636590011) goal=(-3.0, -1.5)
109.520,6,plan_end len=3
109.520,4,plan_start start=(6.318220076455397, -0.5875997035781371) goal=(6.0, 3.5)
109.520,4,plan_end len=2
109.520,3,plan_start start=(4.408671255425123, 0.605349623208294) goal=(1.0, -1.5)
109.520,3,plan_end len=10
109.520,1,plan_start start=(-4.443619458528943, 0.9298895943735309) goal=(0.0, -3.5)
109.520,1,plan_end len=8
110.016,all,start
110.016,2,plan_start start=(-4.133201293670842, 1.8210747266444498) goal=(-1.0, 1.5)
110.016,2,plan_end len=5
110.016,7,plan_start start=(-5.4186234518824214, 1.5670108804987868) goal=(0.0, 3.5)
110.016,7,plan_end len=2
110.016,5,plan_start start=(-4.1626556608863785, -1.4329821841297092) goal=(-1.6828161270564503, -1.932748481411306)
110.016,5,plan_end len=2
110.016,8,plan_start start=(6.0932119899694275, -0.035414724678021085) goal=(-6.0, 3.5)
110.016,8,plan_end len=4
110.016,6,plan_start start=(2.5036268723472475, -2.100955073281709) goal=(-3.0, -1.5)
110.016,6,plan_end len=3
110.016,4,plan_start start=(6.320126614371416, -0.5819141155666546) goal=(6.0, 3.5)
110.016,4,plan_end len=2
110.016,3,plan_start start=(4.4176741632929115, 0.6048271812513825) goal=(1.0, -1.5)
110.016,3,plan_end len=10
110.016,1,plan_start start=(-4.442519879696848, 0.9186919492300187) goal=(0.0, -3.5)
110.016,1,plan_end len=8
110.528,all,start
110.528,8,plan_start start=(6.090231263166871, -0.035148895356414245) goal=(-6.0, 3.5)
110.528,8,plan_end len=16
110.528,4,plan_start start=(6.325679324166714, -0.5643995197687881) goal=(6.0, 3.5)
110.528,4,plan_end len=3
111.024,all,start
111.024,2,plan_start start=(-4.066095934799608, 1.8296283397770823) goal=(-1.0, 1.5)
111.024,2,plan_end len=11
111.024,7,plan_start start=(-5.3654491944814255, 1.5686160984843889) goal=(0.0, 3.5)
111.024,7,plan_end len=3
111.024,5,plan_start start=(-4.1598450719182, -1.4661505629479492) goal=(0.7677669529663689, 3.267766952966369)
111.024,5,plan_end len=2
111.024,8,plan_start start=(6.089040850313954, -0.03504262510825411) goal=(-6.0, 3.5)
111.024,8,plan_end len=11
111.024,6,plan_start start=(2.478681063235256, -2.103115774999953) goal=(-3.0, -1.5)
111.024,6,plan_end len=2
111.024,4,plan_start start=(6.327971846485532, -0.5567965596978073) goal=(6.0, 3.5)
111.024,4,plan_end len=2
111.024,3,plan_start start=(4.440460659709136, 0.6034692668839742) goal=(1.0, -1.5)
111.024,3,plan_end len=8
111.024,1,plan_start start=(-4.416038770777493, 0.8688386378529998) goal=(0.0, -3.5)
111.024,1,plan_end len=4
111.520,all,start
111.520,2,plan_start start=(-4.03405965134014, 1.8330986422131599) goal=(-1.0, 1.5)
111.520,2,plan_end len=3
111.520,7,plan_start start=(-5.342187125399366, 1.5692187606356929) goal=(0.0, 3.5)
111.520,7,plan_end len=3
111.520,5,plan_start start=(-4.158673788250453, -1.4800057266513686) goal=(0.7677669529663689, 3.267766952966369)
111.520,5,plan_end len=14
111.520,8,plan_start start=(6.08733340494226, -0.0348909613810394) goal=(-6.0, 3.5)
111.520,8,plan_end len=20
111.520,6,plan_start start=(2.471566566451263, -2.1037285409669613) goal=(-3.0, -1.5)
111.520,6,plan_end len=2
111.520,4,plan_start start=(6.330125110164215, -0.5494500978044122) goal=(6.0, 3.5)
111.520,4,plan_end len=2
111.520,3,plan_start start=(4.448677814343565, 0.6029624269866328) goal=(1.0, -1.5)
111.520,3,plan_end len=12
111.520,1,plan_start start=(-4.387828487070918, 0.8289108695126557) goal=(0.0, -3.5)
111.520,1,plan_end len=9
112.016,all,start
112.016,2,plan_start start=(-4.003447005773168, 1.8363569743118426) goal=(-1.0, 1.5)
112.016,2,plan_end len=11
112.016,7,plan_start start=(-5.317918413068982, 1.5697825610386458) goal=(0.0, 3.5)
112.016,7,plan_end len=4
112.016,5,plan_start start=(-4.1576752576571145, -1.4918326879231136) goal=(0.7677669529663689, 3.267766952966369)
112.016,5,plan_end len=2
112.016,8,plan_start start=(6.085398077678007, -0.03471954093430009) goal=(-6.0, 3.5)
112.016,8,plan_end len=5
112.016,6,plan_start start=(2.4668929103325326, -2.1041301156072842) goal=(-3.0, -1.5)
112.016,6,plan_end len=2
112.016,4,plan_start start=(6.3319204806772085, -0.5431694722387972) goal=(6.0, 3.5)
112.016,4,plan_end len=2
112.016,3,plan_start start=(4.454471092633863, 0.6025975734975108) goal=(1.0, -1.5)
112.016,3,plan_end len=10
112.016,1,plan_start start=(-4.349745888755452, 0.7843933237383822) goal=(0.0, -3.5)
112.016,1,plan_end len=11
112.528,all,start
112.528,2,plan_start start=(-3.969596068069095, 1.8399102568146215) goal=(-1.0, 1.5)
112.528,2,plan_end len=3
112.528,7,plan_start start=(-5.287414050128654, 1.5704281477937634) goal=(0.0, 3.5)
112.528,7,plan_end len=3
112.528,5,plan_start start=(-4.156707120888494, -1.5033159316222697) goal=(0.7677669529663689, 3.267766952966369)
112.528,5,plan_end len=2
112.528,8,plan_start start=(6.084461868222639, -0.034741501728701205) goal=(-6.0, 3.5)
112.528,8,plan_end len=7
112.528,6,plan_start start=(2.4633340499435668, -2.1044351524489815) goal=(-3.0, -1.5)
112.528,6,plan_end len=2
112.528,4,plan_start start=(6.33394261382658, -0.5359306282692342) goal=(6.0, 3.5)
112.528,4,plan_end len=2
112.528,3,plan_start start=(4.459134015323165, 0.6022981303960235) goal=(1.0, -1.5)
112.528,3,plan_end len=8
112.528,1,plan_start start=(-4.316050581594588, 0.7248860243573731) goal=(0.0, -3.5)
112.528,1,plan_end len=11
113.024,all,start
113.024,2,plan_start start=(-3.937816765834191, 1.8432018389314804) goal=(-1.0, 1.5)
113.024,2,plan_end len=11
113.024,7,plan_start start=(-5.2597169311792715, 1.5708937652356585) goal=(0.0, 3.5)
113.024,7,plan_end len=4
113.024,5,plan_start start=(-4.155995384615507, -1.5117726569731795) goal=(0.7677669529663689, 3.267766952966369)
113.024,5,plan_end len=2
113.024,8,plan_start start=(6.08456017464225, -0.03538458535497847) goal=(-6.0, 3.5)
113.024,8,plan_end len=5
113.024,6,plan_start start=(2.46125459869393, -2.1046137811519867) goal=(-3.0, -1.5)
113.024,6,plan_end len=2
113.024,4,plan_start start=(6.335545625472116, -0.5300740302553595) goal=(6.0, 3.5)
113.024,4,plan_end len=2
113.024,3,plan_start start=(4.46216089723116, 0.6020999869833198) goal=(1.0, -1.5)
113.024,3,plan_end len=10
113.024,1,plan_start start=(-4.2964659789245925, 0.6761521203445819) goal=(0.0, -3.5)
113.024,1,plan_end len=11
113.520,all,start
113.520,5,plan_start start=(-4.1559082861786125, -1.5127937281795636) goal=(-1.0, 1.5)
113.520,5,plan_end len=3
113.520,2,plan_start start=(-3.9060030145545657, 1.8464567696147576) goal=(0.11114046603920458, 3.1629392246050907)
113.520,2,plan_end len=3
113.520,7,plan_start start=(-5.233273375445825, 1.5711951354381848) goal=(0.0, 3.5)
113.520,7,plan_end len=3
113.520,8,plan_start start=(6.084660568113138, -0.036184430315944344) goal=(-6.0, 3.5)
113.520,8,plan_end len=7
113.520,6,plan_start start=(2.4599760370784143, -2.1047243923463146) goal=(-3.0, -1.5)
113.520,6,plan_end len=2
113.520,4,plan_start start=(6.336997843355042, -0.5246679580406008) goal=(6.0, 3.5)
113.520,4,plan_end len=2
113.520,3,plan_start start=(4.464301839704543, 0.6019567550832796) goal=(1.0, -1.5)
113.520,3,plan_end len=8
113.520,1,plan_start start=(-4.285680343534108, 0.6381634855226807) goal=(0.0, -3.5)
113.520,1,plan_end len=0
114.016,all,start
114.016,5,plan_start start=(-4.155908223134715, -1.512793751144243) goal=(-1.0, 1.5)
114.016,5,plan_end len=3
114.016,8,plan_start start=(6.0846592031197, -0.03618389859137336) goal=(-6.0, 3.5)
114.016,8,plan_end len=4
114.016,4,plan_start start=(6.3369977609876695, -0.5246701418415687) goal=(6.0, 3.5)
114.016,4,plan_end len=3
114.016,2,plan_start start=(-3.874158263518819, 1.8496770751462424) goal=(0.11114046603920458, 3.1629392246050907)
114.016,2,plan_end len=7
114.016,7,plan_start start=(-5.19496985174278, 1.5716844465372197) goal=(0.0, 3.5)
114.016,7,plan_end len=9
114.016,6,plan_start start=(2.459165319135514, -2.104794898731801) goal=(-3.0, -1.5)
114.016,6,plan_end len=2
114.016,3,plan_start start=(4.465822191597343, 0.6018542140405522) goal=(1.0, -1.5)
114.016,3,plan_end len=5
114.016,1,plan_start start=(-4.278483782919407, 0.6057928542619524) goal=(0.0, -3.5)
114.016,1,plan_end len=0
114.528,all,start
114.528,5,plan_start start=(-4.155908221621897, -1.5127937513148966) goal=(-1.0, 1.5)
114.528,5,plan_end len=3
114.528,8,plan_start start=(6.084659190365807, -0.036183868913399836) goal=(-6.0, 3.5)
114.528,8,plan_end len=0
114.528,4,plan_start start=(6.336997782958304, -0.524670136370389) goal=(6.0, 3.5)
114.528,4,plan_end len=3
114.528,2,plan_start start=(-3.841257572655602, 1.8529669887627072) goal=(0.11114046603920458, 3.1629392246050907)
114.528,2,plan_end len=1
114.528,7,plan_start start=(-5.1649460375535154, 1.5720172065990605) goal=(0.0, 3.5)
114.528,7,plan_end len=7
114.528,6,plan_start start=(2.4586301136058157, -2.104841629557399) goal=(-3.0, -1.5)
114.528,6,plan_end len=2
114.528,3,plan_start start=(4.46693268538108, 0.6017787029524146) goal=(1.0, -1.5)
114.528,3,plan_end len=5
114.528,1,plan_start start=(-4.271239075585942, 0.5662736814870627) goal=(0.0, -3.5)
114.528,1,plan_end len=0
115.024,all,start
115.024,5,plan_start start=(-4.155908221589322, -1.5127937513143783) goal=(-1.0, 1.5)
115.024,5,plan_end len=3
115.024,8,plan_start start=(6.08465919024981, -0.03618386824925243) goal=(-6.0, 3.5)
115.024,8,plan_end len=4
115.024,4,plan_start start=(6.3369977834065905, -0.5246701363823336) goal=(6.0, 3.5)
115.024,4,plan_end len=3
115.024,2,plan_start start=(-3.809360821785736, 1.8561228321598586) goal=(0.11114046603920458, 3.1629392246050907)
115.024,2,plan_end len=7
115.024,7,plan_start start=(-5.13795050550792, 1.5722414734448107) goal=(0.0, 3.5)
115.024,7,plan_end len=9
115.024,6,plan_start start=(2.458290234895348, -2.1048714152158245) goal=(-3.0, -1.5)
115.024,6,plan_end len=2
115.024,3,plan_start start=(4.467699277599606, 0.6017261970557032) goal=(1.0, -1.5)
115.024,3,plan_end len=5
115.024,1,plan_start start=(-4.265350076755786, 0.5272236144441496) goal=(0.0, -3.5)
115.024,1,plan_end len=0
115.520,all,start
115.520,8,plan_start start=(6.084659190248255, -0.03618386823282103) goal=(-6.0, 3.5)
115.520,8,plan_end len=15
115.520,4,plan_start start=(6.336997783417204, -0.5246701363842207) goal=(6.0, 3.5)
115.520,4,plan_end len=2
115.520,2,plan_start start=(-3.783063111650648, 1.8602347821846097) goal=(-1.0, 1.5)
115.520,2,plan_end len=3
115.520,7,plan_start start=(-5.134926400606805, 1.5746600071844277) goal=(0.0, 3.5)
115.520,7,plan_end len=3
115.520,5,plan_start start=(-4.155420556582089, -1.5105895454072997) goal=(0.7677669529663689, 3.267766952966369)
115.520,5,plan_end len=2
115.520,6,plan_start start=(2.3973785778895453, -2.1106586983284363) goal=(-3.0, -1.5)
115.520,6,plan_end len=2
115.520,3,plan_start start=(4.451510200591832, 0.5789636014259598) goal=(1.0, -1.5)
115.520,3,plan_end len=5
115.520,1,plan_start start=(-4.260718156738652, 0.49043392009974385) goal=(0.0, -3.5)
115.520,1,plan_end len=11
116.016,all,start
116.016,8,plan_start start=(6.08472264857921, -0.036180544471687705) goal=(-6.0, 3.5)
116.016,8,plan_end len=15
116.016,4,plan_start start=(6.33698145239877, -0.5247315473359783) goal=(6.0, 3.5)
116.016,4,plan_end len=2
116.016,2,plan_start start=(-3.7568807788703675, 1.8650980032173596) goal=(-1.0, 1.5)
116.016,2,plan_end len=2
116.016,7,plan_start start=(-5.150920360167304, 1.6070549403163958) goal=(0.0, 3.5)
116.016,7,plan_end len=3
116.016,5,plan_start start=(-4.154857192927607, -1.5083947094646342) goal=(0.7677669529663689, 3.267766952966369)
116.016,5,plan_end len=2
116.016,6,plan_start start=(2.3240394365378503, -2.1173993563734275) goal=(-3.0, -1.5)
116.016,6,plan_end len=2
116.016,3,plan_start start=(4.464152377523625, 0.5187886087580788) goal=(1.0, -1.5)
116.016,3,plan_end len=5
116.016,1,plan_start start=(-4.257294132411835, 0.4586072806604353) goal=(0.0, -3.5)
116.016,1,plan_end len=0
116.528,all,start
116.528,8,plan_start start=(6.084480360743649, -0.03628861938276122) goal=(-6.0, 3.5)
116.528,8,plan_end len=15
116.528,4,plan_start start=(6.336997783417464, -0.5246701363842822) goal=(6.0, 3.5)
116.528,4,plan_end len=2
116.528,2,plan_start start=(-3.7230154839842515, 1.8702261503550763) goal=(-1.0, 1.5)
116.528,2,plan_end len=2
116.528,7,plan_start start=(-5.110782942922899, 1.671040399722177) goal=(0.0, 3.5)
116.528,7,plan_end len=3
116.528,5,plan_start start=(-4.152963311514586, -1.5035384537018344) goal=(0.7677669529663689, 3.267766952966369)
116.528,5,plan_end len=2
116.528,6,plan_start start=(2.2434146698690878, -2.1247661525058787) goal=(-3.0, -1.5)
116.528,6,plan_end len=2
116.528,3,plan_start start=(4.502051969441998, 0.43811007597277213) goal=(1.0, -1.5)
116.528,3,plan_end len=5
116.528,1,plan_start start=(-4.257354296160725, 0.4516252055527811) goal=(0.0, -3.5)
116.528,1,plan_end len=0
117.024,all,start
117.024,8,plan_start start=(6.084480354660897, -0.036288614683504465) goal=(-6.0, 3.5)
117.024,8,plan_end len=14
117.024,4,plan_start start=(6.336997783417464, -0.5246701363842822) goal=(6.0, 3.5)
117.024,4,plan_end len=2
117.024,2,plan_start start=(-3.689942132214738, 1.8742547257222066) goal=(-1.0, 1.5)
117.024,2,plan_end len=2
117.024,7,plan_start start=(-5.066614387918213, 1.7478038238069669) goal=(0.0, 3.5)
117.024,7,plan_end len=4
117.024,5,plan_start start=(-4.151527885489307, -1.5005081536044018) goal=(0.7677669529663689, 3.267766952966369)
117.024,5,plan_end len=2
117.024,6,plan_start start=(2.167917481877137, -2.131625117888709) goal=(-3.0, -1.5)
117.024,6,plan_end len=2
117.024,3,plan_start start=(4.522010095953574, 0.3495021902057309) goal=(1.0, -1.5)
117.024,3,plan_end len=4
117.024,1,plan_start start=(-4.270679175988673, 0.45318878772851956) goal=(0.0, -3.5)
117.024,1,plan_end len=0
117.520,all,start
117.520,8,plan_start start=(6.084299213124991, -0.03639447590669256) goal=(-6.0, 3.5)
117.520,8,plan_end len=19
117.520,4,plan_start start=(6.336997783417464, -0.5246701363842822) goal=(6.0, 3.5)
117.520,4,plan_end len=2
117.520,2,plan_start start=(-3.6586370497928984, 1.8776218726483471) goal=(-1.0, 1.5)
117.520,2,plan_end len=2
117.520,7,plan_start start=(-5.049259265259805, 1.8239270476198397) goal=(0.0, 3.5)
117.520,7,plan_end len=4
117.520,5,plan_start start=(-4.153861413899727, -1.4926733792914224) goal=(0.7677669529663689, 3.267766952966369)
117.520,5,plan_end len=2
117.520,6,plan_start start=(2.0926103624335703, -2.1384317500830674) goal=(-3.0, -1.5)
117.520,6,plan_end len=2
117.520,3,plan_start start=(4.535123451064523, 0.25813484266084114) goal=(1.0, -1.5)
117.520,3,plan_end len=4
117.520,1,plan_start start=(-4.2843789551762645, 0.4451317057204536) goal=(0.0, -3.5)
117.520,1,plan_end len=0
118.016,all,start
118.016,8,plan_start start=(6.084299206181635, -0.036394470750956524) goal=(-6.0, 3.5)
118.016,8,plan_end len=13
118.016,4,plan_start start=(6.336997783417463, -0.5246701363842821) goal=(6.0, 3.5)
118.016,4,plan_end len=3
118.016,2,plan_start start=(-3.6282858842136054, 1.8808040865745899) goal=(-1.0, 1.5)
118.016,2,plan_end len=2
118.016,7,plan_start start=(-5.051304385055627, 1.8776562577737288) goal=(0.0, 3.5)
118.016,7,plan_end len=3
118.016,5,plan_start start=(-4.156007059734413, -1.4883858956605702) goal=(0.7677669529663689, 3.267766952966369)
118.016,5,plan_end len=2
118.016,6,plan_start start=(2.0175006236004793, -2.145187699888166) goal=(-3.0, -1.5)
118.016,6,plan_end len=2
118.016,3,plan_start start=(4.54557213104705, 0.1662414297830384) goal=(1.0, -1.5)
118.016,3,plan_end len=4
118.016,1,plan_start start=(-4.299899188915223, 0.4280987662184425) goal=(0.0, -3.5)
118.016,1,plan_end len=11
118.528,all,start
118.528,8,plan_start start=(6.084115732236728, -0.03650144817395425) goal=(-6.0, 3.5)
118.528,8,plan_end len=0
118.528,4,plan_start start=(6.336997783417463, -0.524670136384282) goal=(6.0, 3.5)
118.528,4,plan_end len=3
118.528,2,plan_start start=(-3.5969282881460267, 1.8840490544108615) goal=(-1.0, 1.5)
118.528,2,plan_end len=2
118.528,7,plan_start start=(-5.074565704249563, 1.8763641443709393) goal=(0.0, 3.5)
118.528,7,plan_end len=3
118.528,5,plan_start start=(-4.163125919460711, -1.475144580199218) goal=(1.9101436430589085, 3.4444958155686076)
118.528,5,plan_end len=3
118.528,6,plan_start start=(1.9401874249168445, -2.152109159235175) goal=(-3.0, -1.5)
118.528,6,plan_end len=2
118.528,3,plan_start start=(4.555545127498073, 0.07260979041821987) goal=(1.0, -1.5)
118.528,3,plan_end len=6
118.528,1,plan_start start=(-4.322093689235585, 0.39614703746711144) goal=(0.0, -3.5)
118.528,1,plan_end len=11
119.024,all,start
119.024,8,plan_start start=(6.084115726173139, -0.036501443607666245) goal=(-6.0, 3.5)
119.024,8,plan_end len=13
119.024,4,plan_start start=(6.336997783417463, -0.524670136384282) goal=(6.0, 3.5)
119.024,4,plan_end len=3
119.024,2,plan_start start=(-3.5665281227502437, 1.8871561481463561) goal=(-1.0, 1.5)
119.024,2,plan_end len=2
119.024,7,plan_start start=(-5.132639768299444, 1.8967851825378659) goal=(0.0, 3.5)
119.024,7,plan_end len=3
119.024,5,plan_start start=(-4.166792670990228, -1.4669004766127258) goal=(1.9101436430589085, 3.4444958155686076)
119.024,5,plan_end len=0
119.024,6,plan_start start=(1.8655151961929128, -2.15876529809922) goal=(-3.0, -1.5)
119.024,6,plan_end len=2
119.024,3,plan_start start=(4.565086028170105, -0.01821611113744804) goal=(1.0, -1.5)
119.024,3,plan_end len=6
119.024,1,plan_start start=(-4.339699101185955, 0.3679937461229511) goal=(0.0, -3.5)
119.024,1,plan_end len=11
119.520,all,start
119.520,8,plan_start start=(6.084115726106041, -0.03650144347937689) goal=(-6.0, 3.5)
119.520,8,plan_end len=13
119.520,4,plan_start start=(6.336997783417463, -0.524670136384282) goal=(6.0, 3.5)
119.520,4,plan_end len=3
119.520,2,plan_start start=(-3.5361093215170842, 1.8902293543829944) goal=(-1.0, 1.5)
119.520,2,plan_end len=2
119.520,7,plan_start start=(-5.1328113255710015, 1.953029425547) goal=(0.0, 3.5)
119.520,7,plan_end len=3
119.520,5,plan_start start=(-4.1703715368733265, -1.4570722917896008) goal=(1.9101436430589085, 3.4444958155686076)
119.520,5,plan_end len=3
119.520,6,plan_start start=(1.7910718220155513, -2.1653740412062352) goal=(-3.0, -1.5)
119.520,6,plan_end len=2
119.520,3,plan_start start=(4.57451658444399, -0.10916214321185276) goal=(1.0, -1.5)
119.520,3,plan_end len=6
119.520,1,plan_start start=(-4.362047077501992, 0.33828272611593957) goal=(0.0, -3.5)
119.520,1,plan_end len=11
120.016,all,start
120.016,8,plan_start start=(6.084179178308451, -0.03649800471517124) goal=(-6.0, 3.5)
120.016,8,plan_end len=15
120.016,4,plan_start start=(6.336981452398772, -0.5247315473359795) goal=(6.0, 3.5)
120.016,4,plan_end len=2
120.016,2,plan_start start=(-3.506720246074169, 1.8931666610142517) goal=(-1.0, 1.5)
120.016,2,plan_end len=2
120.016,7,plan_start start=(-5.1387369647450365, 2.0134940101553345) goal=(0.0, 3.5)
120.016,7,plan_end len=3
120.016,5,plan_start start=(-4.1724609531824575, -1.4499953425831795) goal=(1.9101436430589085, 3.4444958155686076)
120.016,5,plan_end len=14
120.016,6,plan_start start=(1.7193234368457118, -2.1717194687972348) goal=(-3.0, -1.5)
120.016,6,plan_end len=2
120.016,3,plan_start start=(4.583536794914657, -0.1972169297019047) goal=(1.0, -1.5)
120.016,3,plan_end len=4
120.016,1,plan_start start=(-4.397760197744586, 0.29810028319354187) goal=(0.0, -3.5)
120.016,1,plan_end len=10
120.528,all,start
120.528,4,plan_start start=(6.337262231157952, -0.5238923137979081) goal=(6.0, 3.5)
120.528,4,plan_end len=2
120.528,2,plan_start start=(-3.474247421565439, 1.8963778213926796) goal=(-1.0, 1.5)
120.528,2,plan_end len=2
120.528,7,plan_start start=(-5.123502599495334, 2.0601695035012404) goal=(0.0, 3.5)
120.528,7,plan_end len=3
120.528,5,plan_start start=(-4.174467971183626, -1.4385587479625241) goal=(1.9101436430589085, 3.4444958155686076)
120.528,5,plan_end len=14
120.528,8,plan_start start=(6.084011433498036, -0.035842657763282174) goal=(-6.0, 3.5)
120.528,8,plan_end len=13
120.528,6,plan_start start=(1.6405413473186998, -2.1786617998805964) goal=(-3.0, -1.5)
120.528,6,plan_end len=2
120.528,3,plan_start start=(4.593366328082838, -0.2943162206781589) goal=(1.0, -1.5)
120.528,3,plan_end len=4
120.528,1,plan_start start=(-4.444107207296759, 0.24636622037114636) goal=(0.0, -3.5)
120.528,1,plan_end len=10
121.024,all,start
121.024,4,plan_start start=(6.33726207262873, -0.5238925285288186) goal=(6.0, 3.5)
121.024,4,plan_end len=3
121.024,2,plan_start start=(-3.4437936320612508, 1.8993588420375467) goal=(-1.0, 1.5)
121.024,2,plan_end len=2
121.024,7,plan_start start=(-5.099677433012422, 2.1265404283123437) goal=(0.0, 3.5)
121.024,7,plan_end len=3
121.024,5,plan_start start=(-4.174821702369589, -1.4335575363434734) goal=(1.9101436430589085, 3.4444958155686076)
121.024,5,plan_end len=3
121.024,8,plan_start start=(6.084009395816651, -0.03583932230014298) goal=(-6.0, 3.5)
121.024,8,plan_end len=13
121.024,6,plan_start start=(1.5668631930115762, -2.185131496140201) goal=(-3.0, -1.5)
121.024,6,plan_end len=2
121.024,3,plan_start start=(4.6024984748755795, -0.38556698992009075) goal=(1.0, -1.5)
121.024,3,plan_end len=3
121.024,1,plan_start start=(-4.483514954499713, 0.1932930689553965) goal=(0.0, -3.5)
121.024,1,plan_end len=0
121.520,all,start
121.520,4,plan_start start=(6.337623059258516, -0.52268010355528) goal=(6.0, 3.5)
121.520,4,plan_end len=3
121.520,2,plan_start start=(-3.4133354400408606, 1.9023127041718113) goal=(-1.0, 1.5)
121.520,2,plan_end len=2
121.520,7,plan_start start=(-5.066058837323566, 2.2099308610276123) goal=(0.0, 3.5)
121.520,7,plan_end len=3
121.520,5,plan_start start=(-4.174519483839088, -1.423900271606939) goal=(1.9101436430589085, 3.4444958155686076)
121.520,5,plan_end len=3
121.520,8,plan_start start=(6.084335060047488, -0.0344281605413278) goal=(-6.0, 3.5)
121.520,8,plan_end len=16
121.520,6,plan_start start=(1.4934612743984765, -2.191556435625544) goal=(-3.0, -1.5)
121.520,6,plan_end len=2
121.520,3,plan_start start=(4.611543563007946, -0.47689728441315515) goal=(1.0, -1.5)
121.520,3,plan_end len=3
121.520,1,plan_start start=(-4.5204840684271295, 0.13791063575342777) goal=(0.0, -3.5)
121.520,1,plan_end len=0
122.016,all,start
122.016,4,plan_start start=(6.3376229854459645, -0.5226801939663361) goal=(6.0, 3.5)
122.016,4,plan_end len=3
122.016,2,plan_start start=(-3.3828758617621064, 1.9052409272020416) goal=(-1.0, 1.5)
122.016,2,plan_end len=2
122.016,7,plan_start start=(-5.024058602065165, 2.2917910963392556) goal=(0.0, 3.5)
122.016,7,plan_end len=3
122.016,5,plan_start start=(-4.1739497654942355, -1.4192881654947922) goal=(1.9101436430589085, 3.4444958155686076)
122.016,5,plan_end len=3
122.016,8,plan_start start=(6.08464046484428, -0.03284563741985756) goal=(-6.0, 3.5)
122.016,8,plan_end len=15
122.016,6,plan_start start=(1.4203451198888823, -2.1979375405272874) goal=(-3.0, -1.5)
122.016,6,plan_end len=2
122.016,3,plan_start start=(4.620506675309364, -0.5683025409969301) goal=(1.0, -1.5)
122.016,3,plan_end len=3
122.016,1,plan_start start=(-4.556003493158656, 0.08134026236033239) goal=(0.0, -3.5)
122.016,1,plan_end len=0
122.528,all,start
122.528,2,plan_start start=(-3.3514350103397055, 1.908238201981838) goal=(-1.0, 1.5)
122.528,2,plan_end len=2
122.528,7,plan_start start=(-4.976984842321498, 2.374839939439694) goal=(0.0, 3.5)
122.528,7,plan_end len=3
122.528,5,plan_start start=(-4.171994942819207, -1.4106488874651573) goal=(1.9101436430589085, 3.4444958155686076)
122.528,5,plan_end len=12
122.528,8,plan_start start=(6.084832155997431, -0.03165703330183156) goal=(-6.0, 3.5)
122.528,8,plan_end len=0
122.528,6,plan_start start=(1.3451813374927268, -2.2044782286889606) goal=(-3.0, -1.5)
122.528,6,plan_end len=2
122.528,4,plan_start start=(6.338513091781455, -0.5199550116873659) goal=(6.0, 3.5)
122.528,4,plan_end len=2
122.528,3,plan_start start=(4.629677493238189, -0.6627219556040087) goal=(1.0, -1.5)
122.528,3,plan_end len=3
122.528,1,plan_start start=(-4.5917771523133295, 0.022274475877714084) goal=(0.0, -3.5)
122.528,1,plan_end len=10
123.024,all,start
123.024,2,plan_start start=(-3.320980423563925, 1.9111184821040414) goal=(-1.0, 1.5)
123.024,2,plan_end len=2
123.024,7,plan_start start=(-4.929838478926207, 2.454585393252376) goal=(0.0, 3.5)
123.024,7,plan_end len=2
123.024,5,plan_start start=(-4.169780393215884, -1.4050829065177703) goal=(1.9101436430589085, 3.4444958155686076)
123.024,5,plan_end len=3
123.024,8,plan_start start=(6.085061127254232, -0.025106302139210557) goal=(-6.0, 3.5)
123.024,8,plan_end len=14
123.024,6,plan_start start=(1.272682848261739, -2.2107701633922585) goal=(-3.0, -1.5)
123.024,6,plan_end len=2
123.024,4,plan_start start=(6.346769843778512, -0.5231507641521052) goal=(6.0, 3.5)
123.024,4,plan_end len=2
123.024,3,plan_start start=(4.638487901407027, -0.7542487564166407) goal=(1.0, -1.5)
123.024,3,plan_end len=3
123.024,1,plan_start start=(-4.625917539558914, -0.03531221170928826) goal=(0.0, -3.5)
123.024,1,plan_end len=4
123.520,all,start
123.520,2,plan_start start=(-3.290532089022729, 1.9139769303615561) goal=(-1.0, 1.5)
123.520,2,plan_end len=2
123.520,7,plan_start start=(-4.8820054357951115, 2.5339915295619906) goal=(0.0, 3.5)
123.520,7,plan_end len=2
123.520,5,plan_start start=(-4.167087081757549, -1.3994440142995757) goal=(1.9101436430589085, 3.4444958155686076)
123.520,5,plan_end len=17
123.520,8,plan_start start=(6.08381047756952, -0.021098352290075773) goal=(-6.0, 3.5)
123.520,8,plan_end len=20
123.520,6,plan_start start=(1.2005052739695863, -2.2170188583704733) goal=(-3.0, -1.5)
123.520,6,plan_end len=2
123.520,4,plan_start start=(6.353878516460303, -0.5246521319541211) goal=(6.0, 3.5)
123.520,4,plan_end len=2
123.520,3,plan_start start=(4.647228964256796, -0.8458217822864156) goal=(1.0, -1.5)
123.520,3,plan_end len=3
123.520,1,plan_start start=(-4.662693223681357, -0.0812803807286774) goal=(0.0, -3.5)
123.520,1,plan_end len=0
124.016,all,start
124.016,2,plan_start start=(-3.261137562897646, 1.9167175733064046) goal=(-1.0, 1.5)
124.016,2,plan_end len=2
124.016,7,plan_start start=(-4.82671518963009, 2.577646779188797) goal=(0.0, 3.5)
124.016,7,plan_end len=2
124.016,5,plan_start start=(-4.164538379958193, -1.3947088770411578) goal=(1.9101436430589085, 3.4444958155686076)
124.016,5,plan_end len=3
124.016,8,plan_start start=(6.081610107578694, -0.016918031090942285) goal=(-6.0, 3.5)
124.016,8,plan_end len=6
124.016,6,plan_start start=(1.1310364710967522, -2.2230188884391806) goal=(-3.0, -1.5)
124.016,6,plan_end len=2
124.016,4,plan_start start=(6.357227632421559, -0.5247639829313522) goal=(6.0, 3.5)
124.016,4,plan_end len=2
124.016,3,plan_start start=(4.655620460749617, -0.9344141327552616) goal=(1.0, -1.5)
124.016,3,plan_end len=3
124.016,1,plan_start start=(-4.7055195930925136, -0.1219505461833338) goal=(0.0, -3.5)
124.016,1,plan_end len=4
124.528,all,start
124.528,2,plan_start start=(-3.2286841248375198, 1.9197230619758383) goal=(-1.0, 1.5)
124.528,2,plan_end len=2
124.528,7,plan_start start=(-4.750257420949038, 2.619496351815975) goal=(0.0, 3.5)
124.528,7,plan_end len=2
124.528,5,plan_start start=(-4.162299234736828, -1.391337417656194) goal=(1.9101436430589085, 3.4444958155686076)
124.528,5,plan_end len=3
124.528,8,plan_start start=(6.077084460117064, -0.01109434406088723) goal=(-6.0, 3.5)
124.528,8,plan_end len=20
124.528,6,plan_start start=(1.0548655604567103, -2.229583160487748) goal=(-3.0, -1.5)
124.528,6,plan_end len=2
124.528,4,plan_start start=(6.361169463383496, -0.5243325009832476) goal=(6.0, 3.5)
124.528,4,plan_end len=2
124.528,3,plan_start start=(4.664796124703085, -1.0320295378324265) goal=(1.0, -1.5)
124.528,3,plan_end len=3
124.528,1,plan_start start=(-4.762993369224903, -0.15950292315821651) goal=(0.0, -3.5)
124.528,1,plan_end len=5
125.024,all,start
125.024,2,plan_start start=(-3.2090585900090853, 1.9215319103683062) goal=(-1.0, 1.5)
125.024,2,plan_end len=2
125.024,7,plan_start start=(-4.694365822578981, 2.636165576364745) goal=(0.0, 3.5)
125.024,7,plan_end len=2
125.024,5,plan_start start=(-4.160836094742338, -1.3893568939164367) goal=(1.9101436430589085, 3.4444958155686076)
125.024,5,plan_end len=3
125.024,6,plan_start start=(1.0089316950588152, -2.2335357655336607) goal=(-3.0, -1.5)
125.024,6,plan_end len=2
125.024,3,plan_start start=(4.670322749760495, -1.091571740558981) goal=(1.0, -1.5)
125.024,3,plan_end len=3
125.024,1,plan_start start=(-4.8004631665066215, -0.17909753800538256) goal=(0.0, -3.5)
125.024,1,plan_end len=4
125.024,8,plan_start start=(6.071740820589038, -0.005551537920626178) goal=(-6.0, 3.5)
125.024,8,plan_end len=22
125.024,4,plan_start start=(6.364646338549544, -0.5236265718273857) goal=(6.0, 3.5)
125.024,4,plan_end len=2
125.520,all,start
125.520,2,plan_start start=(-3.209059296266477, 1.9215322076596586) goal=(-1.0, 1.5)
125.520,2,plan_end len=2
125.520,7,plan_start start=(-4.694367536682924, 2.6361626147718202) goal=(0.0, 3.5)
125.520,7,plan_end len=2
125.520,5,plan_start start=(-4.160836061877938, -1.389357128088507) goal=(1.9101436430589085, 3.4444958155686076)
125.520,5,plan_end len=11
125.520,6,plan_start start=(1.0089338433475468, -2.2335359378497066) goal=(-3.0, -1.5)
125.520,6,plan_end len=2
125.520,3,plan_start start=(4.670322801214042, -1.091568791604042) goal=(1.0, -1.5)
125.520,3,plan_end len=3
125.520,1,plan_start start=(-4.800461538524071, -0.179097271278798) goal=(0.0, -3.5)
125.520,1,plan_end len=6
125.520,8,plan_start start=(6.064988130927836, 0.00042808288621715845) goal=(-6.0, 3.5)
125.520,8,plan_end len=7
125.520,4,plan_start start=(6.368192701276106, -0.5225656286405197) goal=(6.0, 3.5)
125.520,4,plan_end len=2
126.016,all,start
126.016,2,plan_start start=(-3.209059295188745, 1.9215322166962843) goal=(-1.0, 1.5)
126.016,2,plan_end len=2
126.016,7,plan_start start=(-4.6943675275704155, 2.636162589505412) goal=(0.0, 3.5)
126.016,7,plan_end len=2
126.016,5,plan_start start=(-4.160836062210055, -1.3893571328159589) goal=(1.9101436430589085, 3.4444958155686076)
126.016,5,plan_end len=3
126.016,6,plan_start start=(1.008933844123763, -2.233535946521539) goal=(-3.0, -1.5)
126.016,6,plan_end len=2
126.016,4,plan_start start=(6.371801324748399, -0.5211566367853934) goal=(6.0, 3.5)
126.016,4,plan_end len=3
126.016,3,plan_start start=(4.670322809123321, -1.0915687898039697) goal=(1.0, -1.5)
126.016,3,plan_end len=3
126.016,1,plan_start start=(-4.80046153715813, -0.17909728035997668) goal=(0.0, -3.5)
126.016,1,plan_end len=4
126.016,8,plan_start start=(6.056891053743644, 0.006748879606997148) goal=(-6.0, 3.5)
126.016,8,plan_end len=22
128.528,all,start
128.528,8,plan_start start=(6.025606440903272, 0.02327030390191119) goal=(-6.0, 3.5)
128.528,8,plan_end len=6
131.024,all,start
131.024,4,plan_start start=(6.37454252485573, -0.4838183463461851) goal=(6.0, 3.5)
131.024,4,plan_end len=2
131.024,2,plan_start start=(-2.95133847478185, 1.9607716582655292) goal=(-1.0, 1.5)
131.024,2,plan_end len=2
131.024,7,plan_start start=(-4.105799342222414, 2.7447034115794455) goal=(0.0, 3.5)
131.024,7,plan_end len=2
131.024,5,plan_start start=(-4.2392276952904595, -1.365124320864212) goal=(1.9101436430589085, 3.4444958155686076)
131.024,5,plan_end len=3
131.024,8,plan_start start=(5.997563663415988, 0.035752902858710335) goal=(-6.0, 3.5)
131.024,8,plan_end len=6
131.024,6,plan_start start=(0.43199472108551645, -2.286311078313963) goal=(-3.0, -1.5)
131.024,6,plan_end len=2
131.024,3,plan_start start=(4.403245951136874, -1.1726020145669618) goal=(1.0, -1.5)
131.024,3,plan_end len=4
131.024,1,plan_start start=(-4.669207628477429, -0.23665708153822773) goal=(0.0, -3.5)
131.024,1,plan_end len=0
132.016,all,start
132.016,4,plan_start start=(6.368735420090794, -0.4775457855490057) goal=(6.0, 3.5)
132.016,4,plan_end len=2
132.016,2,plan_start start=(-2.886744879100868, 1.970164941705254) goal=(-1.0, 1.5)
132.016,2,plan_end len=2
132.016,7,plan_start start=(-4.014652155600279, 2.753655058196959) goal=(0.0, 3.5)
132.016,7,plan_end len=2
132.016,5,plan_start start=(-4.26082496454499, -1.3400466296698816) goal=(1.9101436430589085, 3.4444958155686076)
132.016,5,plan_end len=3
132.016,8,plan_start start=(5.977877533762732, 0.04335570120724694) goal=(-6.0, 3.5)
132.016,8,plan_end len=5
132.016,6,plan_start start=(0.31053564495398517, -2.297050857098961) goal=(-3.0, -1.5)
132.016,6,plan_end len=2
132.016,3,plan_start start=(4.307070630154543, -1.2744196825012741) goal=(1.0, -1.5)
132.016,3,plan_end len=3
132.016,1,plan_start start=(-4.6219690051020415, -0.26322397578362833) goal=(0.0, -3.5)
132.016,1,plan_end len=5
132.528,all,start
132.528,4,plan_start start=(6.363597186564967, -0.47621657944616924) goal=(6.0, 3.5)
132.528,4,plan_end len=2
132.528,2,plan_start start=(-2.851454182940023, 1.9743172608465245) goal=(-1.0, 1.5)
132.528,2,plan_end len=2
132.528,7,plan_start start=(-3.9350432797915214, 2.761434413940917) goal=(0.0, 3.5)
132.528,7,plan_end len=2
132.528,5,plan_start start=(-4.264116591040393, -1.332412700719944) goal=(1.9101436430589085, 3.4444958155686076)
132.528,5,plan_end len=10
132.528,8,plan_start start=(5.971148541238881, 0.04593491204102235) goal=(-6.0, 3.5)
132.528,8,plan_end len=19
132.528,6,plan_start start=(0.25480396372546016, -2.3019231794793167) goal=(-3.0, -1.5)
132.528,6,plan_end len=2
132.528,3,plan_start start=(4.276346041670269, -1.3631582450165243) goal=(1.0, -1.5)
132.528,3,plan_end len=3
132.528,1,plan_start start=(-4.590871375636691, -0.2729015117466888) goal=(0.0, -3.5)
132.528,1,plan_end len=5
133.024,all,start
133.024,4,plan_start start=(6.363016670255597, -0.4760939580421233) goal=(6.0, 3.5)
133.024,4,plan_end len=2
133.024,2,plan_start start=(-2.819583057681911, 1.9777609935698073) goal=(-1.0, 1.5)
133.024,2,plan_end len=2
133.024,7,plan_start start=(-3.8623926567865166, 2.7684613234281503) goal=(0.0, 3.5)
133.024,7,plan_end len=2
133.024,5,plan_start start=(-4.267047853718681, -1.3344877107965851) goal=(1.9101436430589085, 3.4444958155686076)
133.024,5,plan_end len=3
133.024,8,plan_start start=(5.965372696058927, 0.0481686498393558) goal=(-6.0, 3.5)
133.024,8,plan_end len=5
133.024,6,plan_start start=(0.2108502556296633, -2.3057425835246153) goal=(-3.0, -1.5)
133.024,6,plan_end len=2
133.024,3,plan_start start=(4.261615252989141, -1.4531834519306426) goal=(1.0, -1.5)
133.024,3,plan_end len=3
133.024,1,plan_start start=(-4.544069742414855, -0.2811021080990592) goal=(0.0, -3.5)
133.024,1,plan_end len=5
133.520,all,start
133.520,4,plan_start start=(6.363023545629943, -0.4762757372801095) goal=(6.0, 3.5)
133.520,4,plan_end len=2
133.520,2,plan_start start=(-2.7881429080387896, 1.9811019197229964) goal=(-1.0, 1.5)
133.520,2,plan_end len=2
133.520,7,plan_start start=(-3.794058979980955, 2.7750034338110376) goal=(0.0, 3.5)
133.520,7,plan_end len=2
133.520,5,plan_start start=(-4.283087026946156, -1.3417652931617565) goal=(1.9101436430589085, 3.4444958155686076)
133.520,5,plan_end len=10
133.520,8,plan_start start=(5.959600949192924, 0.05041817391094937) goal=(-6.0, 3.5)
133.520,8,plan_end len=19
133.520,6,plan_start start=(0.15250645805732124, -2.3109242089071214) goal=(-3.0, -1.5)
133.520,6,plan_end len=2
133.520,3,plan_start start=(4.253448352037092, -1.5400141320795095) goal=(1.0, -1.5)
133.520,3,plan_end len=3
133.520,1,plan_start start=(-4.490733657609248, -0.28494643766875966) goal=(0.0, -3.5)
133.520,1,plan_end len=5
134.016,all,start
134.016,4,plan_start start=(6.3630604398044195, -0.476863612575886) goal=(6.0, 3.5)
134.016,4,plan_end len=2
134.016,2,plan_start start=(-2.756863434081092, 1.9843807557735504) goal=(-1.0, 1.5)
134.016,2,plan_end len=2
134.016,7,plan_start start=(-3.7319153849447115, 2.7808909895637868) goal=(0.0, 3.5)
134.016,7,plan_end len=2
134.016,5,plan_start start=(-4.30642569262141, -1.3426262038200234) goal=(1.9101436430589085, 3.4444958155686076)
134.016,5,plan_end len=3
134.016,8,plan_start start=(5.953833199827358, 0.05268262848093469) goal=(-6.0, 3.5)
134.016,8,plan_end len=5
134.016,6,plan_start start=(0.09919140003857221, -2.3156335453888635) goal=(-3.0, -1.5)
134.016,6,plan_end len=2
134.016,3,plan_start start=(4.246477563127455, -1.6197218338648294) goal=(1.0, -1.5)
134.016,3,plan_end len=3
134.016,1,plan_start start=(-4.464891380129548, -0.28910911051216887) goal=(0.0, -3.5)
134.016,1,plan_end len=5
134.528,all,start
134.528,4,plan_start start=(6.3632414179478625, -0.47840997014082065) goal=(6.0, 3.5)
134.528,4,plan_end len=2
134.528,2,plan_start start=(-2.7247988814554986, 1.9876979252439961) goal=(-1.0, 1.5)
134.528,2,plan_end len=2
134.528,7,plan_start start=(-3.6662097788475374, 2.787182957853339) goal=(0.0, 3.5)
134.528,7,plan_end len=2
134.528,5,plan_start start=(-4.329399643081432, -1.3388874250307026) goal=(1.9101436430589085, 3.4444958155686076)
134.528,5,plan_end len=11
134.528,8,plan_start start=(5.947625933494445, 0.05513709887563821) goal=(-6.0, 3.5)
134.528,8,plan_end len=19
134.528,6,plan_start start=(0.05077323694203159, -2.319884433317604) goal=(-3.0, -1.5)
134.528,6,plan_end len=2
134.528,3,plan_start start=(4.239584583302616, -1.698867903043708) goal=(1.0, -1.5)
134.528,3,plan_end len=3
134.528,1,plan_start start=(-4.464689021922004, -0.29626780168144706) goal=(0.0, -3.5)
134.528,1,plan_end len=5
135.024,all,start
135.024,4,plan_start start=(6.364516138248092, -0.4843700425073316) goal=(6.0, 3.5)
135.024,4,plan_end len=2
135.024,2,plan_start start=(-2.695168671580449, 1.9907203315630126) goal=(-1.0, 1.5)
135.024,2,plan_end len=2
135.024,7,plan_start start=(-3.6038086135927117, 2.7931430884010293) goal=(0.0, 3.5)
135.024,7,plan_end len=2
135.024,5,plan_start start=(-4.351819051228951, -1.3249133114049045) goal=(1.9101436430589085, 3.4444958155686076)
135.024,5,plan_end len=3
135.024,8,plan_start start=(5.941866060351843, 0.05743003393649735) goal=(-6.0, 3.5)
135.024,8,plan_end len=5
135.024,6,plan_start start=(0.011284090825727205, -2.3233301906900614) goal=(-3.0, -1.5)
135.024,6,plan_end len=2
135.024,3,plan_start start=(4.233340644621487, -1.7708837812709999) goal=(1.0, -1.5)
135.024,3,plan_end len=3
135.024,1,plan_start start=(-4.459209036026682, -0.3048637272693668) goal=(0.0, -3.5)
135.024,1,plan_end len=5
135.520,all,start
135.520,4,plan_start start=(6.362149565501799, -0.47111657214216973) goal=(6.0, 3.5)
135.520,4,plan_end len=2
135.520,2,plan_start start=(-2.6666813797341753, 1.993590445900353) goal=(-1.0, 1.5)
135.520,2,plan_end len=2
135.520,7,plan_start start=(-3.5174201454542104, 2.8022386338620984) goal=(0.0, 3.5)
135.520,7,plan_end len=2
135.520,5,plan_start start=(-4.374138591092761, -1.3081949024434083) goal=(1.9101436430589085, 3.4444958155686076)
135.520,5,plan_end len=17
135.520,8,plan_start start=(5.937758733904132, 0.0562283301939133) goal=(-6.0, 3.5)
135.520,8,plan_end len=18
135.520,6,plan_start start=(-0.04636463279957478, -2.328476493641342) goal=(-3.0, -1.5)
135.520,6,plan_end len=2
135.520,3,plan_start start=(4.246312160286087, -1.7797247575557265) goal=(1.0, -1.5)
135.520,3,plan_end len=3
135.520,1,plan_start start=(-4.447678972459413, -0.31569248053044807) goal=(0.0, -3.5)
135.520,1,plan_end len=5
136.016,all,start
136.016,4,plan_start start=(6.3621491262072505, -0.47102412721096437) goal=(6.0, 3.5)
136.016,4,plan_end len=2
136.016,2,plan_start start=(-2.6393443791163933, 1.9963151520041813) goal=(-1.0, 1.5)
136.016,2,plan_end len=2
136.016,7,plan_start start=(-3.4284281379406383, 2.8128163591766895) goal=(0.0, 3.5)
136.016,7,plan_end len=2
136.016,5,plan_start start=(-4.399158334855701, -1.294593407059334) goal=(1.9101436430589085, 3.4444958155686076)
136.016,5,plan_end len=16
136.016,8,plan_start start=(5.924915438552634, 0.06036406895537713) goal=(-6.0, 3.5)
136.016,8,plan_end len=20
136.016,6,plan_start start=(-0.10626063673097887, -2.3338246255154362) goal=(-3.0, -1.5)
136.016,6,plan_end len=2
136.016,3,plan_start start=(4.295094159623239, -1.7913351966436102) goal=(1.0, -1.5)
136.016,3,plan_end len=3
136.016,1,plan_start start=(-4.430805340722576, -0.32799069084317994) goal=(0.0, -3.5)
136.016,1,plan_end len=0
136.528,all,start
136.528,5,plan_start start=(-4.43053555640137, -1.2825199701891883) goal=(-1.0, 1.5)
136.528,5,plan_end len=6
137.024,all,start
137.024,4,plan_start start=(6.362131737072802, -0.47080578734980405) goal=(6.0, 3.5)
137.024,4,plan_end len=2
137.024,2,plan_start start=(-2.580967511282367, 2.002045125401662) goal=(-1.0, 1.5)
137.024,2,plan_end len=2
137.024,7,plan_start start=(-3.2384110137972395, 2.836646608062557) goal=(0.0, 3.5)
137.024,7,plan_end len=2
137.024,5,plan_start start=(-4.461507869228521, -1.2739282200277482) goal=(1.9101436430589085, 3.4444958155686076)
137.024,5,plan_end len=18
137.024,8,plan_start start=(5.912364495278226, 0.06419830348600997) goal=(-6.0, 3.5)
137.024,8,plan_end len=20
137.024,6,plan_start start=(-0.23223364594502482, -2.3450012372110316) goal=(-3.0, -1.5)
137.024,6,plan_end len=2
137.024,3,plan_start start=(4.4395307711540175, -1.8931929681316781) goal=(1.0, -1.5)
137.024,3,plan_end len=2
137.024,1,plan_start start=(-4.408182171738931, -0.3628658637888081) goal=(0.0, -3.5)
137.024,1,plan_end len=0
137.536,all,start
137.536,4,plan_start start=(6.362131851040541, -0.4708049877994457) goal=(6.0, 3.5)
137.536,4,plan_end len=2
137.536,2,plan_start start=(-2.551892999818423, 2.004857904372591) goal=(-1.0, 1.5)
137.536,2,plan_end len=2
137.536,7,plan_start start=(-3.143444280621314, 2.848729191259095) goal=(0.0, 3.5)
137.536,7,plan_end len=2
137.536,5,plan_start start=(-4.474865568321354, -1.2644223432266632) goal=(1.9101436430589085, 3.4444958155686076)
137.536,5,plan_end len=18
137.536,8,plan_start start=(5.906086850423332, 0.06605035219230984) goal=(-6.0, 3.5)
137.536,8,plan_end len=19
137.536,6,plan_start start=(-0.29411225493509124, -2.35045777226968) goal=(-3.0, -1.5)
137.536,6,plan_end len=2
137.536,3,plan_start start=(4.526934188188354, -1.9296465960319267) goal=(1.0, -1.5)
137.536,3,plan_end len=2
137.536,1,plan_start start=(-4.408484224794006, -0.36649448186769873) goal=(0.0, -3.5)
137.536,1,plan_end len=0
138.048,all,start
138.048,4,plan_start start=(6.362122706298138, -0.47063259965539206) goal=(6.0, 3.5)
138.048,4,plan_end len=2
138.048,2,plan_start start=(-2.522880636910359, 2.007639750668987) goal=(-1.0, 1.5)
138.048,2,plan_end len=2
138.048,7,plan_start start=(-3.0484845670326792, 2.860838429625056) goal=(0.0, 3.5)
138.048,7,plan_end len=2
138.048,5,plan_start start=(-4.477423903530788, -1.2620774734329805) goal=(1.9101436430589085, 3.4444958155686076)
138.048,5,plan_end len=18
138.048,8,plan_start start=(5.887634568778363, 0.07125900558709294) goal=(-6.0, 3.5)
138.048,8,plan_end len=20
138.048,6,plan_start start=(-0.35523158942737726, -2.3558273196341446) goal=(-3.0, -1.5)
138.048,6,plan_end len=2
138.048,3,plan_start start=(4.505192862274382, -1.9656369966074023) goal=(1.0, -1.5)
138.048,3,plan_end len=2
138.048,1,plan_start start=(-4.408441624303032, -0.3740345700657253) goal=(0.0, -3.5)
138.048,1,plan_end len=8
145.520,all,start
145.520,8,plan_start start=(5.767371465669235, 0.0907200001088738) goal=(-6.0, 3.5)
145.520,8,plan_end len=6
145.520,5,plan_start start=(-4.795920524319118, -1.190437327873592) goal=(-1.0, 1.5)
145.520,5,plan_end len=7
157.520,all,start
157.520,1,plan_start start=(-4.28024893800623, -0.6300844615557928) goal=(0.0, -3.5)
157.520,1,plan_end len=4
163.024,all,start
163.024,1,plan_start start=(-4.255765395258496, -0.8210866256939297) goal=(0.0, -3.5)
163.024,1,plan_end len=4
