sim_time,trajectories,conflicts,components,actions
1.520,[1, 2, 3],[],,,
2.016,[1, 2, 3],[],,,
2.528,[1, 2, 3],[],,,
3.024,[1, 2, 3],[],,,
3.520,[1, 2, 3],[],,,
4.016,[1, 2, 3],[],,,
4.528,[1, 2, 3],[],,,
5.024,[1, 2, 3],[],,,
5.520,[1, 2, 3],[],,,
6.016,[1, 2, 3],[],,,
6.528,[1, 2, 3],[],,,
7.024,[1, 2, 3],[],,,
7.520,[1, 2, 3],[],,,
8.016,[1, 2, 3],[],,,
8.528,[1, 2, 3],[],,,
9.024,[1, 2, 3],[],,,
9.520,[1, 2, 3],[],,,
10.016,[1, 2, 3, 4],[],,,
10.528,[1, 2, 3, 4],[],,,
11.024,[1, 2, 3, 4],[],,,
11.520,[1, 2, 3, 4],[],,,
12.016,[1, 2, 3, 4],[],,,
12.528,[1, 2, 3, 4],[],,,
13.024,[1, 2, 3, 4],[],,,
13.520,[1, 2, 3, 4],[],,,
14.016,[1, 2, 3, 4],[],,,
14.528,[1, 2, 3, 4],[],,,
15.024,[1, 2, 3, 4],[],,,
15.520,[1, 2, 3, 4],[],,,
16.016,[1, 2, 3, 4],[],,,
16.528,[1, 2, 3, 4],[],,,
17.024,[1, 2, 3, 4],[],,,
17.520,[1, 2, 3, 4],[],,,
18.032,[1, 2, 3, 4],[],,,
18.528,[1, 2, 3, 4],[],,,
19.024,[1, 2, 3, 4],[],,,
19.520,[1, 2, 3, 4],[],,,
20.032,[1, 2, 3, 4],[],,,
20.528,[1, 2, 3, 4],[],,,
21.024,[1, 2, 3, 4],[],,,
21.520,[1, 2, 3, 4],[],,,
22.032,[1, 2, 3, 4],[],,,
22.528,[1, 2, 3, 4],[],,,
23.024,[1, 2, 3, 4],[],,,
23.520,[1, 2, 3, 4, 5, 7],[],,,
24.032,[1, 2, 3, 4, 5, 7],[],,,
24.528,[1, 2, 3, 4, 5, 7],[],,,
25.024,[1, 2, 3, 4, 5, 7],[],,,
25.520,[1, 2, 3, 4, 5, 7],[],,,
26.032,[1, 2, 3, 4, 5, 6, 7, 8],[],,,
26.528,[1, 2, 3, 4, 5, 6, 7, 8],[],,,
27.024,[1, 2, 3, 4, 5, 6, 7, 8],[],,,
27.520,[1, 2, 3, 4, 5, 6, 7, 8],[],,,
28.032,[1, 2, 3, 4, 5, 6, 7, 8],[],,,
28.528,[1, 2, 3, 4, 5, 6, 7, 8],[],,,
29.024,[1, 2, 3, 4, 5, 6, 7, 8],[],,,
29.520,[1, 2, 3, 4, 5, 6, 7, 8],[],,,
30.032,[1, 2, 3, 4, 5, 6, 7, 8],[],,,
30.528,[1, 2, 3, 4, 5, 6, 7, 8],[],,,
31.024,[1, 2, 3, 4, 5, 6, 7, 8],[],,,
31.520,[1, 2, 3, 4, 5, 6, 7, 8],[],,,
32.032,[1, 2, 3, 4, 5, 6, 7, 8],[],,,
32.528,[1, 2, 3, 4, 5, 6, 7, 8],[],,,
33.024,[1, 2, 3, 4, 5, 6, 7, 8],[],,,
33.520,[1, 2, 3, 4, 5, 6, 7, 8],[],,,
34.032,[1, 2, 3, 4, 5, 6, 7, 8],[],,,
34.528,[1, 2, 3, 4, 5, 6, 7, 8],[],,,
35.024,[1, 2, 3, 4, 5, 6, 7, 8],[],,,
35.520,[1, 2, 3, 4, 5, 6, 7, 8],[],,,
36.032,[1, 2, 3, 4, 5, 6, 7, 8],[],,,
36.528,[1, 2, 3, 4, 5, 6, 7, 8],[],,,
37.024,[1, 2, 3, 4, 5, 6, 7, 8],[],,,
37.520,[1, 2, 3, 4, 5, 6, 7, 8],[],,,
38.032,[1, 2, 3, 4, 5, 6, 7, 8],[],,,
38.528,[1, 2, 3, 4, 5, 6, 7, 8],[],,,
39.024,[1, 2, 3, 4, 5, 6, 7, 8],[],,,
39.520,[1, 2, 3, 4, 5, 6, 7, 8],[],,,
40.032,[1, 2, 3, 4, 5, 6, 7, 8],[],,,
40.528,[1, 2, 3, 4, 5, 6, 7, 8],[],,,
41.024,[1, 2, 3, 4, 5, 6, 7, 8],[],,,
41.520,[1, 2, 3, 4, 5, 6, 7, 8],[],,,
42.032,[1, 2, 3, 4, 5, 6, 7, 8],[],,,
42.528,[1, 2, 3, 4, 5, 6, 7, 8],[],,,
43.024,[1, 2, 3, 4, 5, 6, 7, 8],[],,,
43.520,[1, 2, 3, 4, 5, 6, 7, 8],[],,,
44.032,[1, 2, 3, 4, 5, 6, 7, 8],[],,,
44.528,[1, 2, 3, 4, 5, 6, 8],[],,,
45.024,[1, 2, 3, 4, 5, 6, 8],[],,,
45.520,[1, 2, 3, 4, 5, 6, 8],[],,,
46.032,[1, 2, 3, 4, 5, 6, 8],[],,,
46.528,[1, 2, 3, 4, 5, 6, 8],[],,,
47.024,[1, 2, 3, 4, 5, 6, 8],[],,,
47.520,[1, 2, 3, 4, 5, 6, 8],[],,,
48.032,[1, 2, 3, 4, 5, 6, 8],[],,,
48.528,[1, 2, 3, 4, 5, 6, 8],[],,,
49.024,[1, 2, 3, 4, 5, 6, 8],[],,,
49.520,[1, 2, 3, 4, 5, 6, 7, 8],[],,,
50.032,[1, 2, 3, 4, 5, 6, 7, 8],[],,,
50.528,[1, 2, 3, 4, 5, 6, 7, 8],[(2, 3, 2.25, 0.7129352733539652), (3, 5, 4.25, 0.7010905903323866)],,,
51.024,[1, 2, 3, 4, 5, 6, 7, 8],[(2, 5, 7.25, 0.7442500251464435)],,,
51.520,[1, 2, 3, 4, 5, 6, 7, 8],[],,,
52.032,[1, 2, 3, 4, 5, 6, 7, 8],[],,,
52.528,[1, 2, 3, 4, 5, 6, 7, 8],[],,,
53.024,[1, 2, 3, 4, 5, 6, 7, 8],[],,,
53.520,[1, 2, 3, 4, 5, 6, 7, 8],[],,,
54.032,[1, 2, 3, 4, 5, 6, 7, 8],[],,,
54.528,[1, 2, 3, 4, 5, 6, 7, 8],[],,,
55.024,[1, 2, 3, 4, 5, 6, 7, 8],[],,,
55.520,[1, 2, 3, 4, 5, 6, 7, 8],[],,,
56.032,[1, 2, 3, 4, 5, 6, 7, 8],[],,,
56.528,[1, 2, 3, 4, 5, 6, 7, 8],[],,,
57.024,[1, 2, 3, 4, 5, 6, 7, 8],[],,,
57.520,[1, 2, 3, 4, 5, 6, 7, 8],[],,,
58.032,[1, 2, 3, 4, 5, 6, 7, 8],[],,,
58.528,[1, 2, 3, 4, 5, 6, 7, 8],[],,,
59.024,[1, 2, 3, 4, 5, 6, 7, 8],[],,,
59.520,[1, 2, 3, 4, 5, 6, 7, 8],[],,,
60.032,[1, 2, 3, 4, 5, 6, 7, 8],[],,,
60.528,[1, 2, 3, 4, 5, 6, 7, 8],[],,,
61.024,[1, 2, 3, 4, 5, 6, 7, 8],[],,,
61.520,[1, 2, 3, 4, 5, 6, 7, 8],[],,,
62.032,[1, 2, 3, 4, 5, 6, 7, 8],[],,,
62.528,[1, 2, 3, 4, 5, 6, 7, 8],[],,,
63.024,[1, 2, 3, 4, 5, 6, 7, 8],[],,,
63.520,[1, 2, 3, 4, 5, 6, 7, 8],[],,,
64.032,[1, 2, 3, 4, 5, 6, 7, 8],[],,,
64.528,[1, 2, 3, 4, 5, 6, 7, 8],[],,,
65.024,[1, 2, 3, 4, 5, 6, 7, 8],[],,,
65.520,actual,[(3, 5, 0.0, 0.84570097473378)],[(3, 5)],,
66.032,actual,[(3, 5, 0.0, 0.8305354827615108)],[(3, 5)],,
66.528,actual,[(3, 5, 0.0, 0.8392293923953925)],[(3, 5)],,
67.024,[1, 2, 3, 4, 5, 6, 7, 8],[(2, 3, 2.5, 0.740702981810608), (3, 5, 1.25, 0.730400097443576)],,,
67.520,[1, 2, 3, 4, 5, 6, 7, 8],[(3, 5, 6.25, 0.7240050536079203)],,,
68.032,[1, 2, 3, 4, 5, 6, 7, 8],[(3, 5, 6.0, 0.7285920842236685)],,,
68.528,actual,[(3, 5, 0.0, 0.8295455411130849)],[(3, 5)],,
69.024,actual,[(3, 5, 0.0, 0.8061632594112126)],[(3, 5)],,
69.520,actual,[(3, 5, 0.0, 0.7494312079585579)],[(3, 5)],,
70.032,actual,[(3, 5, 0.0, 0.7035503513242255)],[(3, 5)],,
70.528,actual,[(3, 5, 0.0, 0.6925907578348388)],[(3, 5)],,
71.024,actual,[(3, 5, 0.0, 0.6877158468086071)],[(3, 5)],,
71.520,actual,[(3, 5, 0.0, 0.6702724056848288)],[(3, 5)],,
72.032,actual,[(3, 5, 0.0, 0.6724263797422015)],[(3, 5)],,
72.528,actual,[(3, 5, 0.0, 0.6789127146319739)],[(3, 5)],,
73.024,actual,[(3, 5, 0.0, 0.6900107122477652)],[(3, 5)],,
73.520,actual,[(3, 5, 0.0, 0.665407557813566)],[(3, 5)],,
74.032,actual,[(3, 5, 0.0, 0.6594544989511855)],[(3, 5)],,
74.528,actual,[(3, 5, 0.0, 0.6776669119848204)],[(3, 5)],,
75.024,actual,[(3, 5, 0.0, 0.6999801514324538)],[(3, 5)],,
75.520,actual,[(3, 5, 0.0, 0.6902528534291111)],[(3, 5)],,
76.032,actual,[(3, 5, 0.0, 0.6830770884712741)],[(3, 5)],,
76.528,actual,[(3, 5, 0.0, 0.6546788909011809)],[(3, 5)],,
77.024,actual,[(3, 5, 0.0, 0.6527353445142112)],[(3, 5)],,
77.520,actual,[(3, 5, 0.0, 0.6499885795185327)],[(3, 5)],,
78.032,actual,[(3, 5, 0.0, 0.650461423913477)],[(3, 5)],,
78.528,actual,[(3, 5, 0.0, 0.6516091068739175)],[(3, 5)],,
79.024,actual,[(3, 5, 0.0, 0.671117143288583)],[(3, 5)],,
79.520,actual,[(3, 5, 0.0, 0.6851761328339954)],[(3, 5)],,
80.016,actual,[(3, 5, 0.0, 0.7010753189046072)],[(3, 5)],,
80.528,actual,[(3, 5, 0.0, 0.7218108830029957)],[(3, 5)],,
81.024,actual,[(3, 5, 0.0, 0.7445345966832337)],[(3, 5)],,
81.520,actual,[(3, 5, 0.0, 0.7683946251692318)],[(3, 5)],,
82.016,actual,[(3, 5, 0.0, 0.7821917822715189)],[(3, 5)],,
82.528,actual,[(3, 5, 0.0, 0.7452176197248366)],[(3, 5)],,
83.024,actual,[(3, 5, 0.0, 0.7123429000964653)],[(3, 5)],,
83.520,actual,[(3, 5, 0.0, 0.6842042674200065)],[(3, 5)],,
84.016,actual,[(3, 5, 0.0, 0.6630959924285775)],[(3, 5)],,
84.528,actual,[(3, 5, 0.0, 0.651555400519554)],[(3, 5)],,
85.024,actual,[(3, 5, 0.0, 0.6507236985557303)],[(3, 5)],,
85.520,actual,[(3, 5, 0.0, 0.6483297902118692)],[(3, 5)],,
86.016,actual,[(3, 5, 0.0, 0.6430172146370143)],[(3, 5)],,
86.528,actual,[(3, 5, 0.0, 0.6506558713863496)],[(3, 5)],,
87.024,[1, 2, 4, 5, 6, 7, 8],[(2, 5, 5.25, 0.726990134320368)],,,
87.520,[1, 2, 4, 5, 6, 7, 8],[(2, 5, 4.0, 0.715934496393923)],,,
88.016,[1, 2, 4, 5, 6, 7, 8],[(2, 5, 4.25, 0.6974482323171027)],,,
88.528,[1, 2, 4, 5, 6, 7, 8],[(2, 5, 4.0, 0.7418843893205906)],,,
89.024,[1, 2, 4, 5, 6, 7, 8],[(2, 5, 4.75, 0.7244968461418151)],,,
89.520,actual,[(3, 5, 0.0, 0.8328948976379635)],[(3, 5)],,
90.016,actual,[(3, 5, 0.0, 0.8421324013010993)],[(3, 5)],,
90.528,actual,[(3, 5, 0.0, 0.8495344501682544)],[(3, 5)],,
91.024,[1, 2, 3, 4, 5, 6, 7, 8],[],,,
91.520,[1, 2, 3, 4, 5, 6, 7, 8],[],,,
92.016,[1, 2, 3, 4, 5, 6, 7, 8],[],,,
92.528,[1, 2, 3, 4, 5, 6, 7, 8],[],,,
93.024,[1, 2, 3, 4, 5, 6, 7, 8],[],,,
93.520,[1, 2, 3, 4, 5, 6, 7, 8],[],,,
94.016,[1, 2, 3, 4, 5, 6, 7, 8],[],,,
94.528,[1, 2, 3, 4, 5, 6, 7, 8],[],,,
95.024,[1, 2, 3, 4, 5, 6, 7, 8],[],,,
95.520,[1, 2, 3, 4, 5, 6, 7, 8],[],,,
96.016,[1, 2, 3, 4, 5, 6, 7, 8],[],,,
96.528,[1, 2, 3, 4, 5, 6, 7, 8],[],,,
97.024,[1, 2, 3, 4, 5, 6, 7, 8],[],,,
97.520,[1, 2, 3, 4, 5, 6, 7, 8],[],,,
98.016,[1, 2, 3, 4, 5, 6, 7, 8],[],,,
98.528,[1, 2, 3, 4, 5, 6, 7, 8],[],,,
99.024,[1, 2, 3, 4, 5, 6, 7, 8],[],,,
99.520,[1, 2, 3, 4, 5, 6, 7, 8],[],,,
100.016,[1, 2, 3, 4, 5, 6, 7, 8],[],,,
100.528,[1, 2, 3, 4, 5, 6, 7, 8],[],,,
101.024,[1, 2, 3, 4, 5, 6, 7, 8],[],,,
101.520,[1, 2, 3, 4, 5, 6, 7, 8],[],,,
102.016,[1, 2, 3, 4, 5, 6, 7, 8],[],,,
102.528,[1, 2, 3, 4, 5, 6, 7, 8],[],,,
103.024,[1, 2, 3, 4, 5, 6, 7, 8],[],,,
103.520,[1, 2, 3, 4, 5, 6, 7, 8],[],,,
104.016,[1, 2, 3, 4, 5, 6, 7, 8],[],,,
104.528,[1, 2, 3, 4, 5, 6, 7, 8],[],,,
105.024,[1, 2, 3, 4, 5, 6, 7, 8],[],,,
105.520,[1, 2, 3, 4, 5, 6, 7, 8],[],,,
106.016,[1, 2, 3, 4, 5, 6, 7, 8],[],,,
106.528,[1, 2, 3, 4, 5, 6, 7, 8],[],,,
107.024,[1, 2, 3, 4, 5, 6, 7, 8],[],,,
107.520,[1, 2, 3, 4, 5, 6, 7, 8],[],,,
108.016,[1, 2, 3, 4, 5, 6, 7, 8],[],,,
108.528,[1, 2, 3, 4, 5, 6, 7, 8],[(1, 6, 7.0, 0.7411810795264567)],,,
109.024,[1, 2, 3, 4, 5, 6, 7, 8],[],,,
109.520,[1, 2, 3, 4, 5, 6, 7, 8],[],,,
110.016,actual,[(2, 5, 0.0, 0.8435371393761965)],[(2, 5)],,
110.528,[1, 2, 3, 4, 5, 6, 7, 8],[],,,
111.024,[1, 2, 3, 4, 5, 6, 7, 8],[],,,
111.520,[1, 2, 3, 4, 5, 6, 7, 8],[],,,
112.016,[1, 2, 3, 4, 5, 6, 7, 8],[],,,
112.528,[1, 2, 3, 4, 5, 6, 7, 8],[],,,
113.024,[1, 2, 3, 4, 5, 6, 7, 8],[],,,
113.520,[1, 2, 3, 4, 5, 6, 7, 8],[],,,
114.016,[1, 2, 3, 4, 5, 6, 7, 8],[],,,
114.528,[1, 2, 3, 4, 5, 6, 7, 8],[],,,
115.024,[1, 2, 3, 4, 5, 6, 7, 8],[],,,
115.520,[1, 2, 3, 4, 5, 6, 7, 8],[],,,
116.016,[1, 2, 3, 4, 5, 6, 7, 8],[],,,
116.528,[1, 2, 3, 4, 5, 6, 7, 8],[],,,
117.024,[1, 2, 3, 4, 5, 6, 7, 8],[],,,
117.520,[1, 2, 3, 4, 5, 6, 7, 8],[],,,
118.016,[1, 2, 3, 4, 5, 6, 7, 8],[],,,
118.528,[1, 2, 3, 4, 5, 6, 7, 8],[],,,
119.024,[1, 2, 3, 4, 5, 6, 7, 8],[],,,
119.520,[1, 2, 3, 4, 5, 6, 7, 8],[],,,
120.016,[1, 2, 3, 4, 5, 6, 7, 8],[],,,
120.528,[1, 2, 3, 4, 5, 6, 7, 8],[],,,
121.024,actual,[(1, 6, 0.0, 0.8466712103342132)],[(1, 6)],,
121.520,actual,[(1, 6, 0.0, 0.8408156716242768)],[(1, 6)],,
122.016,[1, 2, 3, 4, 5, 6, 7, 8],[],,,
122.528,[1, 2, 3, 4, 5, 6, 7, 8],[],,,
123.024,[1, 2, 3, 4, 5, 6, 7, 8],[],,,
123.520,[1, 2, 3, 4, 5, 6, 7, 8],[],,,
124.016,[1, 2, 3, 4, 5, 6, 7, 8],[],,,
124.528,actual,[(1, 6, 0.0, 0.8255867932037132)],[(1, 6)],,
125.024,actual,[(1, 6, 0.0, 0.8117898031442381)],[(1, 6)],,
125.520,actual,[(1, 6, 0.0, 0.8215535427618909)],[(1, 6)],,
126.016,actual,[(1, 6, 0.0, 0.8327155904147849)],[(1, 6)],,
126.528,actual,[(1, 6, 0.0, 0.8432221524270274)],[(1, 6)],,
127.024,actual,[(1, 6, 0.0, 0.8483447192382367)],[(1, 6)],,
127.520,[1, 2, 3, 4, 5, 6, 7, 8],[],,,
128.016,[1, 2, 3, 4, 5, 6, 7, 8],[],,,
128.528,[1, 2, 3, 4, 5, 6, 7, 8],[],,,
129.024,[1, 2, 3, 4, 5, 6, 7, 8],[],,,
129.520,[1, 2, 3, 4, 5, 6, 7, 8],[],,,
130.016,actual,[(1, 6, 0.0, 0.8386454185166472)],[(1, 6)],,
130.528,actual,[(1, 6, 0.0, 0.8498286069109582)],[(1, 6)],,
131.024,[1, 2, 3, 4, 5, 6, 7, 8],[],,,
131.520,[1, 2, 3, 4, 6, 7, 8],[],,,
132.016,[1, 2, 3, 4, 5, 6, 7, 8],[],,,
132.528,actual,[(1, 6, 0.0, 0.8486570922598214)],[(1, 6)],,
133.024,actual,[(1, 6, 0.0, 0.8364414202481645)],[(1, 6)],,
133.520,actual,[(1, 6, 0.0, 0.8363123101912318)],[(1, 6)],,
134.016,actual,[(1, 6, 0.0, 0.8365814568827574)],[(1, 6)],,
134.528,actual,[(1, 6, 0.0, 0.8365814173900686)],[(1, 6)],,
135.024,actual,[(1, 6, 0.0, 0.8364356935219861)],[(1, 6)],,
135.520,actual,[(1, 6, 0.0, 0.8366596083375212)],[(1, 6)],,
136.016,actual,[(1, 6, 0.0, 0.8366415815705851)],[(1, 6)],,
136.528,actual,[(1, 6, 0.0, 0.836497727895326)],[(1, 6)],,
137.024,actual,[(1, 6, 0.0, 0.836497739072719)],[(1, 6)],,
137.520,actual,[(1, 6, 0.0, 0.8208116939874207)],[(1, 6)],,
138.016,actual,[(1, 6, 0.0, 0.8118893577779199)],[(1, 6)],,
138.528,actual,[(1, 6, 0.0, 0.7756831739422986)],[(1, 6)],,
139.024,actual,[(1, 6, 0.0, 0.7293818320061104)],[(1, 6)],,
139.520,actual,[(1, 6, 0.0, 0.6910059135835855)],[(1, 6)],,
140.016,actual,[(1, 6, 0.0, 0.674857450520846)],[(1, 6)],,
140.528,actual,[(1, 6, 0.0, 0.672201940123721)],[(1, 6)],,
141.024,actual,[(1, 6, 0.0, 0.6583783862027814)],[(1, 6)],,
141.520,actual,[(1, 6, 0.0, 0.6306171794528385)],[(1, 6)],,
142.016,actual,[(1, 6, 0.0, 0.6127377753030683)],[(1, 6)],,
142.528,[1, 2, 3, 4, 5, 7, 8],[(1, 3, 2.25, 0.7395079216764119)],,,
143.024,[1, 2, 3, 4, 5, 7, 8],[],,,
143.520,actual,[(1, 6, 0.0, 0.7402868928394996), (3, 6, 0.0, 0.7598701767777013)],[(1, 3, 6)],,
144.016,actual,[(1, 6, 0.0, 0.6977527956315419), (3, 6, 0.0, 0.7832690227692343)],[(1, 3, 6)],,
144.528,actual,[(1, 6, 0.0, 0.6728939083256653), (3, 6, 0.0, 0.816942123053282)],[(1, 3, 6)],,
145.024,actual,[(1, 6, 0.0, 0.6086694102238612)],[(1, 6)],,
145.520,[1, 2, 3, 4, 5, 7, 8],[],,,
146.016,[1, 2, 3, 4, 5, 7, 8],[],,,
146.528,[1, 2, 3, 4, 5, 7, 8],[],,,
147.024,[1, 2, 3, 4, 5, 7, 8],[],,,
147.520,[1, 2, 3, 4, 5, 6, 7, 8],[(1, 6, 9.0, 0.7488883077198383)],,,
148.016,[1, 2, 3, 4, 5, 6, 7, 8],[],,,
148.528,[1, 2, 3, 4, 5, 6, 7, 8],[],,,
149.024,[1, 2, 3, 4, 5, 6, 7, 8],[],,,
149.520,[1, 2, 3, 4, 5, 6, 7, 8],[],,,
150.016,[1, 2, 3, 4, 5, 6, 7, 8],[],,,
150.528,[1, 2, 3, 4, 5, 6, 7, 8],[],,,
151.024,[1, 2, 3, 4, 5, 6, 7, 8],[],,,
151.520,[1, 2, 3, 4, 5, 6, 7, 8],[],,,
152.016,[1, 2, 3, 4, 5, 6, 7, 8],[],,,
152.528,[1, 2, 3, 4, 5, 6, 7, 8],[],,,
153.024,[1, 2, 3, 4, 5, 6, 7, 8],[],,,
153.520,[1, 2, 3, 4, 5, 6, 7, 8],[],,,
154.016,[1, 2, 3, 4, 5, 6, 7, 8],[],,,
154.528,[1, 2, 3, 4, 5, 6, 7, 8],[],,,
155.024,[1, 2, 3, 4, 5, 6, 7, 8],[],,,
155.520,[1, 2, 3, 4, 5, 6, 7, 8],[],,,
156.016,[1, 2, 3, 4, 5, 6, 7, 8],[],,,
156.528,[1, 2, 3, 4, 5, 6, 7, 8],[],,,
157.024,[1, 2, 3, 4, 5, 6, 7, 8],[],,,
157.520,[1, 2, 3, 4, 5, 6, 7, 8],[],,,
158.032,[1, 2, 3, 4, 5, 6, 7, 8],[],,,
158.528,[1, 2, 3, 4, 5, 6, 7, 8],[],,,
159.024,[1, 2, 3, 4, 5, 6, 7, 8],[],,,
159.520,[1, 2, 3, 4, 5, 6, 7, 8],[],,,
160.032,[1, 2, 3, 4, 5, 6, 7, 8],[],,,
160.528,[1, 2, 3, 4, 5, 6, 7, 8],[],,,
161.024,[1, 2, 3, 4, 5, 6, 7, 8],[],,,
161.520,[1, 2, 3, 4, 5, 6, 7, 8],[],,,
162.032,[1, 2, 3, 4, 5, 6, 7, 8],[],,,
162.528,[1, 2, 3, 4, 5, 6, 7, 8],[],,,
163.024,[1, 2, 3, 4, 5, 6, 7, 8],[],,,
163.520,[1, 2, 3, 4, 5, 6, 7, 8],[],,,
164.032,[1, 2, 3, 4, 5, 6, 7, 8],[],,,
164.528,[1, 2, 3, 4, 5, 6, 7, 8],[],,,
165.024,[1, 2, 3, 4, 5, 6, 7, 8],[],,,
165.520,[1, 2, 3, 4, 5, 6, 7, 8],[],,,
166.032,[1, 2, 3, 4, 5, 6, 7, 8],[],,,
166.528,[1, 2, 3, 4, 5, 6, 7, 8],[],,,
167.024,[1, 2, 3, 4, 5, 6, 7, 8],[],,,
167.520,[1, 2, 3, 4, 5, 6, 7, 8],[],,,
168.032,[1, 2, 3, 4, 5, 6, 7, 8],[],,,
168.528,[1, 2, 3, 4, 5, 6, 7, 8],[],,,
169.024,[1, 2, 3, 4, 5, 6, 7, 8],[],,,
169.520,[1, 2, 3, 4, 5, 6, 7, 8],[],,,
170.032,[1, 2, 3, 4, 5, 6, 7, 8],[],,,
170.528,[1, 2, 3, 4, 5, 6, 7, 8],[],,,
171.024,[1, 2, 3, 4, 5, 6, 7, 8],[(1, 6, 1.0, 0.7173643819450739), (2, 7, 3.0, 0.6861510919040845)],,,
171.520,actual,[(1, 6, 0.0, 0.7752552100720786)],[(1, 6)],,
172.032,actual,[(1, 6, 0.0, 0.6815934761886073)],[(1, 6)],,
172.528,actual,[(1, 6, 0.0, 0.6174373970581802)],[(1, 6)],,
173.024,[1, 2, 3, 4, 5, 7, 8],[(1, 3, 3.25, 0.7239810078358369), (2, 7, 5.0, 0.695452960987654)],,,
173.520,[1, 2, 3, 4, 5, 7, 8],[(2, 7, 4.25, 0.7495583081531964)],,,
174.032,[1, 2, 3, 4, 5, 7, 8],[(2, 7, 4.5, 0.7223246451718148)],,,
174.528,[1, 2, 3, 4, 5, 7, 8],[(2, 7, 2.25, 0.723648046713135)],,,
175.024,[1, 2, 3, 4, 5, 7, 8],[],,,
175.520,[1, 2, 3, 4, 5, 7, 8],[(2, 7, 3.5, 0.733740430783046)],,,
176.032,[1, 2, 3, 4, 5, 7, 8],[(1, 3, 1.5, 0.7384101111341891), (2, 7, 4.25, 0.7433663944012072)],,,
176.528,[1, 2, 3, 4, 5, 7, 8],[(1, 3, 1.25, 0.7301138158363412), (2, 7, 4.25, 0.7463474382934157)],,,
177.024,[1, 2, 3, 4, 5, 6, 7, 8],[(1, 6, 7.5, 0.7468754276887327), (2, 7, 8.75, 0.7452179266044259)],,,
177.520,[1, 2, 3, 4, 5, 6, 7, 8],[(2, 7, 4.25, 0.723338245947335)],,,
178.032,[1, 2, 3, 4, 5, 6, 7, 8],[(2, 7, 4.0, 0.747926358861259)],,,
178.528,[1, 2, 3, 4, 5, 6, 7, 8],[(2, 7, 4.75, 0.7465968092464699)],,,
179.024,[1, 2, 3, 4, 5, 6, 7, 8],[(2, 7, 4.75, 0.7421344512359308)],,,
179.520,[1, 2, 3, 4, 5, 6, 7, 8],[(2, 7, 4.75, 0.7388894521357946)],,,
180.032,[1, 2, 3, 4, 5, 6, 7, 8],[(2, 7, 4.5, 0.7405755923462983)],,,
180.528,[1, 2, 3, 4, 5, 6, 7, 8],[(2, 7, 4.5, 0.7381707092020103)],,,
181.024,[1, 2, 3, 4, 5, 6, 7, 8],[(2, 7, 4.0, 0.7222247907489301)],,,
181.520,[1, 2, 3, 4, 5, 6, 7, 8],[(2, 7, 5.0, 0.7284050526437498)],,,
182.032,[1, 2, 3, 4, 5, 6, 7, 8],[(2, 7, 5.0, 0.7486641773828884)],,,
182.528,[1, 2, 3, 4, 5, 6, 7, 8],[(2, 7, 5.25, 0.7465185434137216)],,,
183.024,[1, 2, 3, 4, 5, 6, 7, 8],[(2, 7, 3.0, 0.7435054766117755)],,,
183.520,[1, 2, 3, 4, 5, 6, 7, 8],[(2, 7, 5.0, 0.7498517297509972)],,,
184.032,[1, 2, 3, 4, 5, 6, 7, 8],[(2, 7, 5.0, 0.739460174008603)],,,
184.528,[1, 2, 3, 4, 5, 6, 7, 8],[(2, 7, 5.0, 0.74214509231499)],,,
185.024,[1, 2, 3, 4, 5, 6, 7, 8],[(2, 7, 4.75, 0.7462685077756547)],,,
185.520,[1, 2, 3, 4, 5, 6, 7, 8],[(2, 7, 4.75, 0.7489390398128183)],,,
186.032,[1, 2, 3, 4, 5, 6, 7, 8],[(2, 7, 5.0, 0.7355825621819503)],,,
186.528,[1, 2, 3, 4, 5, 6, 7, 8],[(2, 7, 5.0, 0.7382939561905022)],,,
187.024,[1, 2, 3, 4, 5, 6, 7, 8],[(2, 7, 5.0, 0.736472933451034)],,,
187.520,[1, 2, 3, 4, 5, 6, 7, 8],[(2, 7, 5.0, 0.7343789876716473)],,,
188.032,[1, 2, 3, 4, 5, 6, 7, 8],[(2, 7, 4.75, 0.7467131153888005)],,,
188.528,[1, 2, 3, 4, 5, 6, 7, 8],[(2, 7, 4.75, 0.7470337899766883)],,,
189.024,[1, 2, 3, 4, 5, 6, 7, 8],[(2, 7, 4.75, 0.7458935014114451)],,,
189.520,[1, 2, 3, 4, 5, 6, 7, 8],[(2, 7, 4.75, 0.7457995145424163)],,,
190.032,[1, 2, 3, 4, 5, 6, 7, 8],[(2, 7, 4.75, 0.7487490125629459)],,,
190.528,[1, 2, 3, 4, 5, 6, 7, 8],[(2, 7, 5.0, 0.7351947657901174)],,,
191.024,[1, 2, 3, 4, 5, 6, 7, 8],[(2, 7, 4.75, 0.7493699623964284)],,,
191.520,[1, 2, 3, 4, 5, 6, 7, 8],[(2, 7, 4.75, 0.7469761047950715)],,,
192.032,[1, 2, 3, 4, 5, 6, 7, 8],[(2, 7, 4.75, 0.745049756382177)],,,
192.528,[1, 2, 3, 4, 5, 6, 7, 8],[(2, 7, 4.75, 0.7470465249968626)],,,
193.024,[1, 2, 3, 4, 5, 6, 7, 8],[(2, 7, 4.75, 0.7458001518880407)],,,
193.520,[1, 2, 3, 4, 5, 6, 7, 8],[(2, 7, 4.75, 0.7457265149497021)],,,
194.032,[1, 2, 3, 4, 5, 6, 7, 8],[(2, 7, 4.75, 0.7486702040580442)],,,
194.528,[1, 2, 3, 4, 5, 6, 7, 8],[(2, 7, 5.0, 0.7351132665658933)],,,
195.024,[1, 2, 3, 4, 5, 6, 7, 8],[(2, 7, 4.75, 0.7493177626102812)],,,
195.520,[1, 2, 3, 4, 5, 6, 7, 8],[(2, 7, 4.75, 0.7469325894593698)],,,
196.032,[1, 2, 3, 4, 5, 6, 7, 8],[(2, 7, 4.75, 0.7450135516894449)],,,
196.528,[1, 2, 3, 4, 5, 6, 7, 8],[(2, 7, 4.75, 0.7470117422964759)],,,
197.024,[1, 2, 3, 4, 5, 6, 7, 8],[(2, 7, 4.75, 0.7457699868557028)],,,
197.520,[1, 2, 3, 4, 5, 6, 7, 8],[(2, 7, 4.75, 0.7458424596921095)],,,
198.032,[1, 2, 3, 4, 5, 6, 7, 8],[(2, 7, 4.75, 0.7487832680927694)],,,
198.528,[1, 2, 3, 4, 5, 6, 7, 8],[(2, 7, 5.0, 0.7352167240399293)],,,
199.024,[1, 2, 3, 4, 5, 6, 7, 8],[(2, 7, 4.75, 0.74940117158718)],,,
199.520,[1, 2, 3, 4, 5, 6, 7, 8],[(2, 7, 4.75, 0.7469961748417842)],,,
200.032,[1, 2, 3, 4, 5, 6, 7, 8],[(2, 7, 4.75, 0.7450602272740496)],,,
200.528,[1, 2, 3, 4, 5, 6, 7, 8],[(2, 7, 4.75, 0.746913393695838)],,,
201.024,[1, 2, 3, 4, 5, 6, 7, 8],[(2, 7, 4.75, 0.745687907246543)],,,
201.520,[1, 2, 3, 4, 5, 6, 7, 8],[(2, 7, 4.75, 0.7459134128492024)],,,
202.032,[1, 2, 3, 4, 5, 6, 7, 8],[(2, 7, 4.75, 0.7488521371729463)],,,
202.528,[1, 2, 3, 4, 5, 6, 7, 8],[(2, 7, 5.0, 0.7352793152431751)],,,
203.024,[1, 2, 3, 4, 5, 6, 7, 8],[(2, 7, 4.75, 0.7494510638958377)],,,
203.520,[1, 2, 3, 4, 5, 6, 7, 8],[(2, 7, 4.75, 0.7470332654124981)],,,
204.032,[1, 2, 3, 4, 5, 6, 7, 8],[(2, 7, 4.75, 0.7450863700820297)],,,
204.528,[1, 2, 3, 4, 5, 6, 7, 8],[(2, 7, 4.75, 0.7469377288621463)],,,
205.024,[1, 2, 3, 4, 5, 6, 7, 8],[(2, 7, 4.75, 0.7457053595043456)],,,
205.520,[1, 2, 3, 4, 5, 6, 7, 8],[(2, 7, 4.75, 0.7459271796561224)],,,
206.032,[1, 2, 3, 4, 5, 6, 7, 8],[(2, 7, 4.75, 0.7488653947964139)],,,
206.528,[1, 2, 3, 4, 5, 6, 7, 8],[(2, 7, 5.0, 0.7352908690619152)],,,
207.024,[1, 2, 3, 4, 5, 6, 7, 8],[(2, 7, 4.75, 0.7494586561877505)],,,
207.520,[1, 2, 3, 4, 5, 6, 7, 8],[(2, 7, 4.75, 0.7470368727280807)],,,
208.032,[1, 2, 3, 4, 5, 6, 7, 8],[(2, 7, 4.75, 0.7450865225845296)],,,
208.528,[1, 2, 3, 4, 5, 6, 7, 8],[(2, 7, 4.75, 0.7469374682388177)],,,
209.024,actual,[(5, 8, 0.0, 0.8309925123485845)],[(5, 8)],,
209.520,actual,[(5, 8, 0.0, 0.8232765662575662)],[(5, 8)],,
210.032,actual,[(5, 8, 0.0, 0.7938849187391436)],[(5, 8)],,
210.528,actual,[(5, 8, 0.0, 0.7396499608052136)],[(5, 8)],,
211.024,actual,[(2, 7, 0.0, 0.849429050246914), (5, 8, 0.0, 0.6894086701251786)],[(2, 7), (5, 8)],,
211.520,actual,[(2, 7, 0.0, 0.839149990361956), (5, 8, 0.0, 0.6485255054277442)],[(2, 7), (5, 8)],,
212.032,actual,[(2, 7, 0.0, 0.8259769208310177), (5, 8, 0.0, 0.6485283606879843)],[(2, 7), (5, 8)],,
212.528,actual,[(2, 7, 0.0, 0.8153857754162646), (5, 8, 0.0, 0.6485283200990133)],[(2, 7), (5, 8)],,
213.024,actual,[(2, 7, 0.0, 0.8084521898231776), (5, 8, 0.0, 0.6485283196668208)],[(2, 7), (5, 8)],,
213.520,actual,[(2, 7, 0.0, 0.8045083483204224), (5, 8, 0.0, 0.6485283196621107)],[(2, 7), (5, 8)],,
214.032,actual,[(2, 7, 0.0, 0.8031980252015649), (5, 8, 0.0, 0.6485283196620459)],[(2, 7), (5, 8)],,
214.528,actual,[(2, 7, 0.0, 0.8050737174701038), (5, 8, 0.0, 0.6485283196620458)],[(2, 7), (5, 8)],,
215.024,actual,[(2, 7, 0.0, 0.8105303774475229), (5, 8, 0.0, 0.6485283196620457)],[(2, 7), (5, 8)],,
215.520,actual,[(2, 7, 0.0, 0.8194111051488173), (5, 8, 0.0, 0.6485283196620442)],[(2, 7), (5, 8)],,
216.032,actual,[(2, 7, 0.0, 0.8328509037308844), (5, 8, 0.0, 0.6485283196620438)],[(2, 7), (5, 8)],,
216.528,actual,[(2, 7, 0.0, 0.849715616674441), (5, 8, 0.0, 0.6485283196620435)],[(2, 7), (5, 8)],,
217.024,actual,[(5, 8, 0.0, 0.648528319662043)],[(5, 8)],,
217.520,actual,[(5, 8, 0.0, 0.6485283196620428)],[(5, 8)],,
218.032,actual,[(1, 6, 0.0, 0.8152000885504872), (5, 8, 0.0, 0.6485283196620426)],[(1, 6), (5, 8)],,
218.528,actual,[(1, 6, 0.0, 0.7169829447258049), (5, 8, 0.0, 0.6485283196620426)],[(1, 6), (5, 8)],,
219.024,actual,[(1, 6, 0.0, 0.7046774596812417), (5, 8, 0.0, 0.6485283196620426)],[(1, 6), (5, 8)],,
219.520,actual,[(1, 6, 0.0, 0.7033074103552002), (5, 8, 0.0, 0.6485283196620426)],[(1, 6), (5, 8)],,
220.032,actual,[(1, 6, 0.0, 0.6431223369898443), (5, 8, 0.0, 0.6485283196620426)],[(1, 6), (5, 8)],,
220.528,actual,[(1, 6, 0.0, 0.5921551859838692), (5, 8, 0.0, 0.6485283196620426)],[(1, 6), (5, 8)],,
221.024,actual,[(5, 8, 0.0, 0.6485283196620426)],[(5, 8)],,
221.520,actual,[(5, 8, 0.0, 0.6485283196620426)],[(5, 8)],,
222.032,actual,[(5, 8, 0.0, 0.6485283196620426)],[(5, 8)],,
222.528,actual,[(5, 8, 0.0, 0.6485283196620426)],[(5, 8)],,
223.024,actual,[(5, 8, 0.0, 0.6485283196620426)],[(5, 8)],,
223.520,actual,[(5, 8, 0.0, 0.6485283196620426)],[(5, 8)],,
224.032,actual,[(5, 8, 0.0, 0.6485283196620426)],[(5, 8)],,
224.528,actual,[(5, 8, 0.0, 0.6485283196620426)],[(5, 8)],,
225.024,actual,[(5, 8, 0.0, 0.6485283196620426)],[(5, 8)],,
225.520,actual,[(5, 8, 0.0, 0.6485283196620426)],[(5, 8)],,
226.032,actual,[(5, 8, 0.0, 0.6485283196620426)],[(5, 8)],,
226.528,actual,[(5, 8, 0.0, 0.6485283196620426)],[(5, 8)],,
227.024,actual,[(5, 8, 0.0, 0.6485283196620426)],[(5, 8)],,
227.520,actual,[(5, 8, 0.0, 0.6485283196620426)],[(5, 8)],,
228.032,actual,[(5, 8, 0.0, 0.6485283196620426)],[(5, 8)],,
228.528,actual,[(5, 8, 0.0, 0.6485283196620425)],[(5, 8)],,
229.024,actual,[(5, 8, 0.0, 0.6485283196620425)],[(5, 8)],,
229.520,actual,[(5, 8, 0.0, 0.6485283196620425)],[(5, 8)],,
230.032,actual,[(5, 8, 0.0, 0.6485283196620425)],[(5, 8)],,
230.528,actual,[(5, 8, 0.0, 0.6485283196620425)],[(5, 8)],,
231.024,actual,[(5, 8, 0.0, 0.6485283196620425)],[(5, 8)],,
231.520,actual,[(5, 8, 0.0, 0.6485283196620425)],[(5, 8)],,
232.032,actual,[(5, 8, 0.0, 0.6485283196620425)],[(5, 8)],,
232.528,actual,[(5, 8, 0.0, 0.6485283196620425)],[(5, 8)],,
233.024,actual,[(5, 8, 0.0, 0.6485283196620425)],[(5, 8)],,
233.520,actual,[(5, 8, 0.0, 0.6485283196620425)],[(5, 8)],,
234.032,actual,[(5, 8, 0.0, 0.6485283196620425)],[(5, 8)],,
234.528,actual,[(5, 8, 0.0, 0.6485283196620425)],[(5, 8)],,
235.024,actual,[(5, 8, 0.0, 0.6485283196620425)],[(5, 8)],,
235.520,actual,[(5, 8, 0.0, 0.6485283196620425)],[(5, 8)],,
236.032,actual,[(5, 8, 0.0, 0.6485283196620425)],[(5, 8)],,
236.528,actual,[(5, 8, 0.0, 0.6485283196620425)],[(5, 8)],,
237.024,actual,[(5, 8, 0.0, 0.6485283196620425)],[(5, 8)],,
237.520,actual,[(5, 8, 0.0, 0.6485283196620425)],[(5, 8)],,
238.032,actual,[(5, 8, 0.0, 0.6485283196620425)],[(5, 8)],,
238.528,actual,[(5, 8, 0.0, 0.6485283196620425)],[(5, 8)],,
239.024,actual,[(5, 8, 0.0, 0.6485283196620425)],[(5, 8)],,
239.520,actual,[(5, 8, 0.0, 0.6485283196620425)],[(5, 8)],,
240.032,actual,[(5, 8, 0.0, 0.6485283196620425)],[(5, 8)],,
240.528,actual,[(5, 8, 0.0, 0.6485283196620425)],[(5, 8)],,
241.024,actual,[(5, 8, 0.0, 0.6485283196620425)],[(5, 8)],,
241.520,actual,[(5, 8, 0.0, 0.6485283196620425)],[(5, 8)],,
242.032,actual,[(5, 8, 0.0, 0.6485283196620425)],[(5, 8)],,
242.528,actual,[(5, 8, 0.0, 0.6485283196620425)],[(5, 8)],,
243.024,actual,[(5, 8, 0.0, 0.6485283196620425)],[(5, 8)],,
243.520,actual,[(5, 8, 0.0, 0.6485283196620425)],[(5, 8)],,
244.032,actual,[(5, 8, 0.0, 0.6485283196620425)],[(5, 8)],,
244.528,actual,[(5, 8, 0.0, 0.6485283196620425)],[(5, 8)],,
245.024,actual,[(5, 8, 0.0, 0.6485283196620424)],[(5, 8)],,
245.520,actual,[(5, 8, 0.0, 0.6485283196620425)],[(5, 8)],,
246.032,actual,[(5, 8, 0.0, 0.6485283196620425)],[(5, 8)],,
246.528,actual,[(5, 8, 0.0, 0.6485283196620425)],[(5, 8)],,
247.024,actual,[(5, 8, 0.0, 0.6485283196620425)],[(5, 8)],,
247.520,actual,[(5, 8, 0.0, 0.6485283196620425)],[(5, 8)],,
248.032,actual,[(5, 8, 0.0, 0.6485283196620425)],[(5, 8)],,
248.528,actual,[(5, 8, 0.0, 0.6485283196620425)],[(5, 8)],,
249.024,actual,[(5, 8, 0.0, 0.6485283196620425)],[(5, 8)],,
249.520,actual,[(5, 8, 0.0, 0.6485283196620425)],[(5, 8)],,
250.032,actual,[(5, 8, 0.0, 0.6485283196620425)],[(5, 8)],,
250.528,actual,[(5, 8, 0.0, 0.6485283196620425)],[(5, 8)],,
251.024,actual,[(5, 8, 0.0, 0.6485283196620425)],[(5, 8)],,
251.520,actual,[(5, 8, 0.0, 0.6485283196620425)],[(5, 8)],,
252.032,actual,[(5, 8, 0.0, 0.6485283196620425)],[(5, 8)],,
252.528,actual,[(5, 8, 0.0, 0.6485283196620425)],[(5, 8)],,
253.024,actual,[(5, 8, 0.0, 0.6485283196620425)],[(5, 8)],,
253.520,actual,[(5, 8, 0.0, 0.6485283196620425)],[(5, 8)],,
254.032,actual,[(5, 8, 0.0, 0.6485283196620425)],[(5, 8)],,
254.528,actual,[(5, 8, 0.0, 0.6485283196620425)],[(5, 8)],,
255.024,actual,[(5, 8, 0.0, 0.6485283196620425)],[(5, 8)],,
255.520,actual,[(5, 8, 0.0, 0.6485283196620425)],[(5, 8)],,
256.032,actual,[(5, 8, 0.0, 0.6485283196620425)],[(5, 8)],,
256.528,actual,[(5, 8, 0.0, 0.6485283196620425)],[(5, 8)],,
257.024,actual,[(5, 8, 0.0, 0.6485283196620425)],[(5, 8)],,
257.520,actual,[(5, 8, 0.0, 0.6485283196620425)],[(5, 8)],,
258.032,actual,[(5, 8, 0.0, 0.6485283196620425)],[(5, 8)],,
258.528,actual,[(5, 8, 0.0, 0.6485283196620425)],[(5, 8)],,
259.024,actual,[(5, 8, 0.0, 0.6485283196620425)],[(5, 8)],,
259.520,actual,[(5, 8, 0.0, 0.6485283196620425)],[(5, 8)],,
260.032,actual,[(5, 8, 0.0, 0.6485283196620425)],[(5, 8)],,
260.528,actual,[(5, 8, 0.0, 0.6485283196620425)],[(5, 8)],,
261.024,actual,[(5, 8, 0.0, 0.6485283196620425)],[(5, 8)],,
261.520,actual,[(5, 8, 0.0, 0.6485283196620425)],[(5, 8)],,
262.032,actual,[(5, 8, 0.0, 0.6485283196620425)],[(5, 8)],,
262.528,actual,[(5, 8, 0.0, 0.6485283196620425)],[(5, 8)],,
263.024,actual,[(5, 8, 0.0, 0.6485283196620425)],[(5, 8)],,
263.520,actual,[(5, 8, 0.0, 0.6485283196620425)],[(5, 8)],,
264.032,actual,[(5, 8, 0.0, 0.6485283196620425)],[(5, 8)],,
264.528,actual,[(5, 8, 0.0, 0.6485283196620425)],[(5, 8)],,
265.024,actual,[(5, 8, 0.0, 0.6485283196620425)],[(5, 8)],,
265.520,actual,[(5, 8, 0.0, 0.6485283196620425)],[(5, 8)],,
266.032,actual,[(5, 8, 0.0, 0.6485283196620425)],[(5, 8)],,
266.528,actual,[(5, 8, 0.0, 0.6485283196620425)],[(5, 8)],,
267.024,actual,[(5, 8, 0.0, 0.6485283196620425)],[(5, 8)],,
267.520,actual,[(5, 8, 0.0, 0.6485283196620425)],[(5, 8)],,
268.032,actual,[(5, 8, 0.0, 0.6485283196620425)],[(5, 8)],,
268.528,actual,[(5, 8, 0.0, 0.6485283196620425)],[(5, 8)],,
269.024,actual,[(5, 8, 0.0, 0.6485283196620425)],[(5, 8)],,
269.520,actual,[(5, 8, 0.0, 0.6485283196620425)],[(5, 8)],,
270.032,actual,[(5, 8, 0.0, 0.6485283196620425)],[(5, 8)],,
270.528,actual,[(5, 8, 0.0, 0.6485283196620425)],[(5, 8)],,
271.024,actual,[(5, 8, 0.0, 0.6485283196620425)],[(5, 8)],,
271.520,actual,[(5, 8, 0.0, 0.6485283196620425)],[(5, 8)],,
272.032,actual,[(5, 8, 0.0, 0.6485283196620425)],[(5, 8)],,
272.528,actual,[(5, 8, 0.0, 0.6485283196620425)],[(5, 8)],,
273.024,actual,[(5, 8, 0.0, 0.6485283196620425)],[(5, 8)],,
273.520,actual,[(5, 8, 0.0, 0.6485283196620425)],[(5, 8)],,
274.032,actual,[(5, 8, 0.0, 0.6485283196620425)],[(5, 8)],,
274.528,actual,[(5, 8, 0.0, 0.6485283196620425)],[(5, 8)],,
275.024,actual,[(5, 8, 0.0, 0.6485283196620425)],[(5, 8)],,
275.520,actual,[(5, 8, 0.0, 0.6485283196620425)],[(5, 8)],,
276.032,actual,[(5, 8, 0.0, 0.6485283196620425)],[(5, 8)],,
276.528,actual,[(5, 8, 0.0, 0.6485283196620425)],[(5, 8)],,
277.024,actual,[(5, 8, 0.0, 0.6485283196620425)],[(5, 8)],,
277.520,actual,[(5, 8, 0.0, 0.6485283196620425)],[(5, 8)],,
278.032,actual,[(5, 8, 0.0, 0.6485283196620425)],[(5, 8)],,
278.528,actual,[(5, 8, 0.0, 0.6485283196620425)],[(5, 8)],,
279.024,actual,[(5, 8, 0.0, 0.6485283196620425)],[(5, 8)],,
279.520,actual,[(5, 8, 0.0, 0.6485283196620425)],[(5, 8)],,
280.032,actual,[(5, 8, 0.0, 0.6485283196620425)],[(5, 8)],,
280.528,actual,[(5, 8, 0.0, 0.6485283196620425)],[(5, 8)],,
281.024,actual,[(5, 8, 0.0, 0.6485283196620425)],[(5, 8)],,
281.520,actual,[(5, 8, 0.0, 0.6485283196620425)],[(5, 8)],,
282.032,actual,[(5, 8, 0.0, 0.6485283196620425)],[(5, 8)],,
282.528,actual,[(5, 8, 0.0, 0.6485283196620425)],[(5, 8)],,
283.024,actual,[(5, 8, 0.0, 0.6485283196620425)],[(5, 8)],,
283.520,actual,[(5, 8, 0.0, 0.6485283196620425)],[(5, 8)],,
284.032,actual,[(5, 8, 0.0, 0.6485283196620425)],[(5, 8)],,
284.528,actual,[(5, 8, 0.0, 0.6485283196620425)],[(5, 8)],,
285.024,actual,[(5, 8, 0.0, 0.6485283196620425)],[(5, 8)],,
285.520,actual,[(5, 8, 0.0, 0.6485283196620425)],[(5, 8)],,
286.032,actual,[(5, 8, 0.0, 0.6485283196620425)],[(5, 8)],,
286.528,actual,[(5, 8, 0.0, 0.6485283196620425)],[(5, 8)],,
287.024,actual,[(5, 8, 0.0, 0.6485283196620425)],[(5, 8)],,
287.520,actual,[(5, 8, 0.0, 0.6485283196620425)],[(5, 8)],,
288.032,actual,[(5, 8, 0.0, 0.6485283196620425)],[(5, 8)],,
288.528,actual,[(5, 8, 0.0, 0.6485283196620425)],[(5, 8)],,
289.024,actual,[(5, 8, 0.0, 0.6485283196620425)],[(5, 8)],,
289.520,actual,[(5, 8, 0.0, 0.6485283196620425)],[(5, 8)],,
290.032,actual,[(5, 8, 0.0, 0.6485283196620425)],[(5, 8)],,
290.528,actual,[(5, 8, 0.0, 0.6485283196620425)],[(5, 8)],,
291.024,actual,[(5, 8, 0.0, 0.6485283196620425)],[(5, 8)],,
291.520,actual,[(5, 8, 0.0, 0.6485283196620425)],[(5, 8)],,
292.032,actual,[(5, 8, 0.0, 0.6485283196620425)],[(5, 8)],,
292.528,actual,[(5, 8, 0.0, 0.6485283196620425)],[(5, 8)],,
293.024,actual,[(5, 8, 0.0, 0.6485283196620425)],[(5, 8)],,
293.520,actual,[(5, 8, 0.0, 0.6485283196620425)],[(5, 8)],,
294.032,actual,[(5, 8, 0.0, 0.6485283196620425)],[(5, 8)],,
294.528,actual,[(5, 8, 0.0, 0.6485283196620425)],[(5, 8)],,
295.024,actual,[(5, 8, 0.0, 0.6485283196620425)],[(5, 8)],,
295.520,actual,[(5, 8, 0.0, 0.6485283196620425)],[(5, 8)],,
296.032,actual,[(5, 8, 0.0, 0.6485283196620425)],[(5, 8)],,
296.528,actual,[(5, 8, 0.0, 0.6485283196620425)],[(5, 8)],,
297.024,actual,[(5, 8, 0.0, 0.6485283196620425)],[(5, 8)],,
297.520,actual,[(5, 8, 0.0, 0.6485283196620425)],[(5, 8)],,
298.032,actual,[(5, 8, 0.0, 0.6485283196620425)],[(5, 8)],,
298.528,actual,[(5, 8, 0.0, 0.6485283196620425)],[(5, 8)],,
299.024,actual,[(5, 8, 0.0, 0.6485283196620425)],[(5, 8)],,
299.520,actual,[(5, 8, 0.0, 0.6485283196620425)],[(5, 8)],,
300.032,actual,[(5, 8, 0.0, 0.6485283196620425)],[(5, 8)],,
300.528,actual,[(5, 8, 0.0, 0.6485283196620425)],[(5, 8)],,
301.024,actual,[(5, 8, 0.0, 0.6485283196620425)],[(5, 8)],,
301.520,actual,[(5, 8, 0.0, 0.6485283196620425)],[(5, 8)],,
302.016,actual,[(5, 8, 0.0, 0.6485283196620425)],[(5, 8)],,
302.528,actual,[(5, 8, 0.0, 0.6485283196620425)],[(5, 8)],,
303.024,actual,[(5, 8, 0.0, 0.6485283196620425)],[(5, 8)],,
303.520,actual,[(5, 8, 0.0, 0.6485283196620424)],[(5, 8)],,
304.016,actual,[(5, 8, 0.0, 0.648623825701292)],[(5, 8)],,
304.528,actual,[(5, 8, 0.0, 0.6485283196620425)],[(5, 8)],,
305.024,actual,[(5, 8, 0.0, 0.6485283196620425)],[(5, 8)],,
305.520,actual,[(5, 8, 0.0, 0.6485283196620425)],[(5, 8)],,
306.016,actual,[(5, 8, 0.0, 0.6485283196620425)],[(5, 8)],,
306.528,actual,[(5, 8, 0.0, 0.6485283196620425)],[(5, 8)],,
307.024,actual,[(5, 8, 0.0, 0.6485283196620425)],[(5, 8)],,
307.520,actual,[(5, 8, 0.0, 0.6485283196620425)],[(5, 8)],,
308.016,actual,[(5, 8, 0.0, 0.648623825701292)],[(5, 8)],,
308.528,actual,[(5, 8, 0.0, 0.6485283196620425)],[(5, 8)],,
309.024,actual,[(5, 8, 0.0, 0.6485283196620424)],[(5, 8)],,
309.520,actual,[(5, 8, 0.0, 0.6485283196620425)],[(5, 8)],,
310.016,actual,[(5, 8, 0.0, 0.6485283196620425)],[(5, 8)],,
310.528,actual,[(5, 8, 0.0, 0.6485283196620425)],[(5, 8)],,
311.024,actual,[(5, 8, 0.0, 0.6485283196620425)],[(5, 8)],,
311.520,actual,[(5, 8, 0.0, 0.6485283196620425)],[(5, 8)],,
312.016,actual,[(5, 8, 0.0, 0.648623825701292)],[(5, 8)],,
312.528,actual,[(5, 8, 0.0, 0.6485283196620425)],[(5, 8)],,
313.024,actual,[(5, 8, 0.0, 0.6485283196620425)],[(5, 8)],,
313.520,actual,[(5, 8, 0.0, 0.6485283196620425)],[(5, 8)],,
314.016,actual,[(5, 8, 0.0, 0.6485283196620425)],[(5, 8)],,
314.528,actual,[(5, 8, 0.0, 0.6485283196620425)],[(5, 8)],,
315.024,actual,[(5, 8, 0.0, 0.6485283196620425)],[(5, 8)],,
315.520,actual,[(5, 8, 0.0, 0.6485283196620425)],[(5, 8)],,
316.016,actual,[(5, 8, 0.0, 0.648623825701292)],[(5, 8)],,
316.528,actual,[(5, 8, 0.0, 0.6485283196620425)],[(5, 8)],,
317.024,actual,[(5, 8, 0.0, 0.6485283196620425)],[(5, 8)],,
317.520,actual,[(5, 8, 0.0, 0.6485283196620425)],[(5, 8)],,
318.016,actual,[(5, 8, 0.0, 0.6485283196620425)],[(5, 8)],,
318.528,actual,[(5, 8, 0.0, 0.6485283196620425)],[(5, 8)],,
319.024,actual,[(5, 8, 0.0, 0.6485283196620425)],[(5, 8)],,
319.520,actual,[(5, 8, 0.0, 0.6485283196620425)],[(5, 8)],,
320.016,actual,[(5, 8, 0.0, 0.648623825701292)],[(5, 8)],,
320.528,actual,[(5, 8, 0.0, 0.6485283196620425)],[(5, 8)],,
321.024,actual,[(5, 8, 0.0, 0.6485283196620425)],[(5, 8)],,
321.520,actual,[(5, 8, 0.0, 0.6485283196620425)],[(5, 8)],,
322.016,actual,[(5, 8, 0.0, 0.6485283196620425)],[(5, 8)],,
322.528,actual,[(5, 8, 0.0, 0.6485283196620425)],[(5, 8)],,
323.024,actual,[(5, 8, 0.0, 0.6485283196620425)],[(5, 8)],,
323.520,actual,[(5, 8, 0.0, 0.6485283196620425)],[(5, 8)],,
324.016,actual,[(5, 8, 0.0, 0.648623825701292)],[(5, 8)],,
324.528,actual,[(5, 8, 0.0, 0.6485283196620425)],[(5, 8)],,
325.024,actual,[(5, 8, 0.0, 0.6485283196620425)],[(5, 8)],,
325.520,actual,[(5, 8, 0.0, 0.6485283196620425)],[(5, 8)],,
326.016,actual,[(5, 8, 0.0, 0.6485283196620425)],[(5, 8)],,
326.528,actual,[(5, 8, 0.0, 0.6485283196620425)],[(5, 8)],,
327.024,actual,[(5, 8, 0.0, 0.6485283196620425)],[(5, 8)],,
327.520,actual,[(5, 8, 0.0, 0.6485283196620425)],[(5, 8)],,
328.016,actual,[(5, 8, 0.0, 0.648623825701292)],[(5, 8)],,
328.528,actual,[(5, 8, 0.0, 0.6485283196620425)],[(5, 8)],,
329.024,actual,[(5, 8, 0.0, 0.6485283196620425)],[(5, 8)],,
329.520,actual,[(5, 8, 0.0, 0.6485283196620425)],[(5, 8)],,
330.016,actual,[(5, 8, 0.0, 0.6485283196620425)],[(5, 8)],,
330.528,actual,[(5, 8, 0.0, 0.6485283196620425)],[(5, 8)],,
331.024,actual,[(5, 8, 0.0, 0.6485283196620425)],[(5, 8)],,
331.520,actual,[(5, 8, 0.0, 0.6485283196620425)],[(5, 8)],,
332.016,actual,[(5, 8, 0.0, 0.648623825701292)],[(5, 8)],,
332.528,actual,[(5, 8, 0.0, 0.6485283196620425)],[(5, 8)],,
333.024,actual,[(5, 8, 0.0, 0.6485283196620425)],[(5, 8)],,
333.520,actual,[(5, 8, 0.0, 0.6485283196620425)],[(5, 8)],,
334.016,actual,[(5, 8, 0.0, 0.6485283196620425)],[(5, 8)],,
334.528,actual,[(5, 8, 0.0, 0.6485283196620425)],[(5, 8)],,
335.024,actual,[(5, 8, 0.0, 0.6485283196620425)],[(5, 8)],,
335.520,actual,[(5, 8, 0.0, 0.6485283196620425)],[(5, 8)],,
336.016,actual,[(5, 8, 0.0, 0.648623825701292)],[(5, 8)],,
336.528,actual,[(5, 8, 0.0, 0.6485283196620425)],[(5, 8)],,
337.024,actual,[(5, 8, 0.0, 0.6485283196620425)],[(5, 8)],,
337.520,actual,[(5, 8, 0.0, 0.6485283196620425)],[(5, 8)],,
338.016,actual,[(5, 8, 0.0, 0.6485283196620425)],[(5, 8)],,
338.528,actual,[(5, 8, 0.0, 0.6485283196620425)],[(5, 8)],,
339.024,actual,[(5, 8, 0.0, 0.6485283196620425)],[(5, 8)],,
339.520,actual,[(5, 8, 0.0, 0.6485283196620424)],[(5, 8)],,
340.016,actual,[(5, 8, 0.0, 0.648623825701292)],[(5, 8)],,
340.528,actual,[(5, 8, 0.0, 0.6485283196620425)],[(5, 8)],,
341.024,actual,[(5, 8, 0.0, 0.6485283196620425)],[(5, 8)],,
341.520,actual,[(5, 8, 0.0, 0.6485283196620425)],[(5, 8)],,
342.016,actual,[(5, 8, 0.0, 0.6485283196620425)],[(5, 8)],,
342.528,actual,[(5, 8, 0.0, 0.6485283196620425)],[(5, 8)],,
343.024,actual,[(5, 8, 0.0, 0.6485283196620425)],[(5, 8)],,
343.520,actual,[(5, 8, 0.0, 0.6485283196620425)],[(5, 8)],,
344.016,actual,[(5, 8, 0.0, 0.648623825701292)],[(5, 8)],,
344.528,actual,[(5, 8, 0.0, 0.6485283196620425)],[(5, 8)],,
345.024,actual,[(5, 8, 0.0, 0.6485283196620425)],[(5, 8)],,
345.520,actual,[(5, 8, 0.0, 0.6485283196620425)],[(5, 8)],,
346.016,actual,[(5, 8, 0.0, 0.6485283196620425)],[(5, 8)],,
346.528,actual,[(5, 8, 0.0, 0.6485283196620425)],[(5, 8)],,
347.024,actual,[(5, 8, 0.0, 0.6485283196620425)],[(5, 8)],,
347.520,actual,[(5, 8, 0.0, 0.6485283196620425)],[(5, 8)],,
348.016,actual,[(5, 8, 0.0, 0.648623825701292)],[(5, 8)],,
348.528,actual,[(5, 8, 0.0, 0.6485283196620425)],[(5, 8)],,
349.024,actual,[(5, 8, 0.0, 0.6485283196620425)],[(5, 8)],,
349.520,actual,[(5, 8, 0.0, 0.6485283196620425)],[(5, 8)],,
350.016,actual,[(5, 8, 0.0, 0.6485283196620425)],[(5, 8)],,
350.528,actual,[(5, 8, 0.0, 0.6485283196620425)],[(5, 8)],,
351.024,actual,[(5, 8, 0.0, 0.6485283196620425)],[(5, 8)],,
351.520,actual,[(5, 8, 0.0, 0.6485283196620425)],[(5, 8)],,
352.016,actual,[(5, 8, 0.0, 0.648623825701292)],[(5, 8)],,
352.528,actual,[(5, 8, 0.0, 0.6485283196620425)],[(5, 8)],,
353.024,actual,[(5, 8, 0.0, 0.6485283196620425)],[(5, 8)],,
353.520,actual,[(5, 8, 0.0, 0.6485283196620425)],[(5, 8)],,
354.016,actual,[(5, 8, 0.0, 0.6485283196620425)],[(5, 8)],,
354.528,actual,[(5, 8, 0.0, 0.6485283196620425)],[(5, 8)],,
355.024,actual,[(5, 8, 0.0, 0.6485283196620425)],[(5, 8)],,
355.520,actual,[(5, 8, 0.0, 0.6485283196620425)],[(5, 8)],,
356.016,actual,[(5, 8, 0.0, 0.648623825701292)],[(5, 8)],,
356.528,actual,[(5, 8, 0.0, 0.6485283196620425)],[(5, 8)],,
357.024,actual,[(5, 8, 0.0, 0.6485283196620425)],[(5, 8)],,
357.520,actual,[(5, 8, 0.0, 0.6485283196620425)],[(5, 8)],,
358.016,actual,[(5, 8, 0.0, 0.6485283196620425)],[(5, 8)],,
358.528,actual,[(5, 8, 0.0, 0.6485283196620425)],[(5, 8)],,
359.024,actual,[(5, 8, 0.0, 0.6485283196620425)],[(5, 8)],,
359.520,actual,[(5, 8, 0.0, 0.6485283196620425)],[(5, 8)],,
360.016,actual,[(5, 8, 0.0, 0.648623825701292)],[(5, 8)],,
360.528,actual,[(5, 8, 0.0, 0.6485283196620425)],[(5, 8)],,
361.024,actual,[(5, 8, 0.0, 0.6485283196620425)],[(5, 8)],,
361.520,actual,[(5, 8, 0.0, 0.6485283196620425)],[(5, 8)],,
362.016,actual,[(5, 8, 0.0, 0.6485283196620425)],[(5, 8)],,
362.528,actual,[(5, 8, 0.0, 0.6485283196620425)],[(5, 8)],,
363.024,actual,[(5, 8, 0.0, 0.6485283196620425)],[(5, 8)],,
363.520,actual,[(5, 8, 0.0, 0.6485283196620425)],[(5, 8)],,
364.016,actual,[(5, 8, 0.0, 0.648623825701292)],[(5, 8)],,
364.528,actual,[(5, 8, 0.0, 0.6485283196620425)],[(5, 8)],,
365.024,actual,[(5, 8, 0.0, 0.6485283196620425)],[(5, 8)],,
365.520,actual,[(5, 8, 0.0, 0.6485283196620425)],[(5, 8)],,
366.016,actual,[(5, 8, 0.0, 0.6485283196620425)],[(5, 8)],,
366.528,actual,[(5, 8, 0.0, 0.6485283196620425)],[(5, 8)],,
367.024,actual,[(5, 8, 0.0, 0.6485283196620425)],[(5, 8)],,
367.520,actual,[(5, 8, 0.0, 0.6485283196620425)],[(5, 8)],,
368.016,actual,[(5, 8, 0.0, 0.648623825701292)],[(5, 8)],,
368.528,actual,[(5, 8, 0.0, 0.6485283196620425)],[(5, 8)],,
369.024,actual,[(5, 8, 0.0, 0.6485283196620425)],[(5, 8)],,
369.520,actual,[(5, 8, 0.0, 0.6485283196620425)],[(5, 8)],,
370.016,actual,[(5, 8, 0.0, 0.6485283196620425)],[(5, 8)],,
370.528,actual,[(5, 8, 0.0, 0.6485283196620425)],[(5, 8)],,
371.024,actual,[(5, 8, 0.0, 0.6485283196620425)],[(5, 8)],,
371.520,actual,[(5, 8, 0.0, 0.6485283196620425)],[(5, 8)],,
372.016,actual,[(5, 8, 0.0, 0.648623825701292)],[(5, 8)],,
372.528,actual,[(5, 8, 0.0, 0.6485283196620425)],[(5, 8)],,
373.024,actual,[(5, 8, 0.0, 0.6485283196620425)],[(5, 8)],,
373.520,actual,[(5, 8, 0.0, 0.6485283196620425)],[(5, 8)],,
374.016,actual,[(5, 8, 0.0, 0.6485283196620425)],[(5, 8)],,
374.528,actual,[(5, 8, 0.0, 0.6485283196620425)],[(5, 8)],,
375.024,actual,[(5, 8, 0.0, 0.6485283196620425)],[(5, 8)],,
375.520,actual,[(5, 8, 0.0, 0.6485283196620425)],[(5, 8)],,
376.016,actual,[(5, 8, 0.0, 0.648623825701292)],[(5, 8)],,
376.528,actual,[(5, 8, 0.0, 0.6485283196620425)],[(5, 8)],,
377.024,actual,[(5, 8, 0.0, 0.6485283196620425)],[(5, 8)],,
377.520,actual,[(5, 8, 0.0, 0.6485283196620425)],[(5, 8)],,
378.016,actual,[(5, 8, 0.0, 0.6485283196620425)],[(5, 8)],,
378.528,actual,[(5, 8, 0.0, 0.6485283196620425)],[(5, 8)],,
379.024,actual,[(5, 8, 0.0, 0.6485283196620425)],[(5, 8)],,
379.520,actual,[(5, 8, 0.0, 0.6485283196620425)],[(5, 8)],,
380.016,actual,[(5, 8, 0.0, 0.648623825701292)],[(5, 8)],,
380.528,actual,[(5, 8, 0.0, 0.6485283196620425)],[(5, 8)],,
381.024,actual,[(5, 8, 0.0, 0.6485283196620425)],[(5, 8)],,
381.520,actual,[(5, 8, 0.0, 0.6485283196620425)],[(5, 8)],,
382.016,actual,[(5, 8, 0.0, 0.6485283196620425)],[(5, 8)],,
382.528,actual,[(5, 8, 0.0, 0.6485283196620425)],[(5, 8)],,
383.024,actual,[(5, 8, 0.0, 0.6485283196620425)],[(5, 8)],,
383.520,actual,[(5, 8, 0.0, 0.6485283196620425)],[(5, 8)],,
384.016,actual,[(5, 8, 0.0, 0.648623825701292)],[(5, 8)],,
384.528,actual,[(5, 8, 0.0, 0.6485283196620425)],[(5, 8)],,
385.024,actual,[(5, 8, 0.0, 0.6485283196620425)],[(5, 8)],,
385.520,actual,[(5, 8, 0.0, 0.6485283196620425)],[(5, 8)],,
386.016,actual,[(5, 8, 0.0, 0.6485283196620425)],[(5, 8)],,
386.528,actual,[(5, 8, 0.0, 0.6485283196620425)],[(5, 8)],,
387.024,actual,[(5, 8, 0.0, 0.6485283196620425)],[(5, 8)],,
387.520,actual,[(5, 8, 0.0, 0.6485283196620425)],[(5, 8)],,
388.016,actual,[(5, 8, 0.0, 0.648623825701292)],[(5, 8)],,
388.528,actual,[(5, 8, 0.0, 0.6485283196620425)],[(5, 8)],,
389.024,actual,[(5, 8, 0.0, 0.6485283196620425)],[(5, 8)],,
389.520,actual,[(5, 8, 0.0, 0.6485283196620425)],[(5, 8)],,
390.016,actual,[(5, 8, 0.0, 0.6485283196620425)],[(5, 8)],,
390.528,actual,[(5, 8, 0.0, 0.6485283196620425)],[(5, 8)],,
391.024,actual,[(5, 8, 0.0, 0.6485283196620425)],[(5, 8)],,
391.520,actual,[(5, 8, 0.0, 0.6485283196620425)],[(5, 8)],,
392.016,actual,[(5, 8, 0.0, 0.648623825701292)],[(5, 8)],,
392.528,actual,[(5, 8, 0.0, 0.6485283196620424)],[(5, 8)],,
393.024,actual,[(5, 8, 0.0, 0.6485283196620425)],[(5, 8)],,
393.520,actual,[(5, 8, 0.0, 0.6485283196620425)],[(5, 8)],,
394.016,actual,[(5, 8, 0.0, 0.6485283196620425)],[(5, 8)],,
394.528,actual,[(5, 8, 0.0, 0.6485283196620425)],[(5, 8)],,
395.024,actual,[(5, 8, 0.0, 0.6485283196620425)],[(5, 8)],,
395.520,actual,[(5, 8, 0.0, 0.6485283196620425)],[(5, 8)],,
396.016,actual,[(5, 8, 0.0, 0.648623825701292)],[(5, 8)],,
396.528,actual,[(5, 8, 0.0, 0.6485283196620425)],[(5, 8)],,
397.024,actual,[(5, 8, 0.0, 0.6485283196620425)],[(5, 8)],,
397.520,actual,[(5, 8, 0.0, 0.6485283196620425)],[(5, 8)],,
398.016,actual,[(5, 8, 0.0, 0.6485283196620425)],[(5, 8)],,
398.528,actual,[(5, 8, 0.0, 0.6485283196620425)],[(5, 8)],,
399.024,actual,[(5, 8, 0.0, 0.6485283196620425)],[(5, 8)],,
399.520,actual,[(5, 8, 0.0, 0.6485283196620425)],[(5, 8)],,
400.016,actual,[(5, 8, 0.0, 0.648623825701292)],[(5, 8)],,
400.528,actual,[(5, 8, 0.0, 0.6485283196620425)],[(5, 8)],,
401.024,actual,[(5, 8, 0.0, 0.6485283196620425)],[(5, 8)],,
401.520,actual,[(5, 8, 0.0, 0.6485283196620425)],[(5, 8)],,
402.016,actual,[(5, 8, 0.0, 0.6485283196620425)],[(5, 8)],,
402.528,actual,[(5, 8, 0.0, 0.6485283196620425)],[(5, 8)],,
403.024,actual,[(5, 8, 0.0, 0.6485283196620425)],[(5, 8)],,
403.520,actual,[(5, 8, 0.0, 0.6485283196620425)],[(5, 8)],,
404.016,actual,[(5, 8, 0.0, 0.648623825701292)],[(5, 8)],,
404.528,actual,[(5, 8, 0.0, 0.6485283196620425)],[(5, 8)],,
405.024,actual,[(5, 8, 0.0, 0.6485283196620425)],[(5, 8)],,
405.520,actual,[(5, 8, 0.0, 0.6485283196620425)],[(5, 8)],,
406.016,actual,[(5, 8, 0.0, 0.6485283196620425)],[(5, 8)],,
406.528,actual,[(5, 8, 0.0, 0.6485283196620425)],[(5, 8)],,
407.024,actual,[(5, 8, 0.0, 0.6485283196620425)],[(5, 8)],,
407.520,actual,[(5, 8, 0.0, 0.6485283196620425)],[(5, 8)],,
408.016,actual,[(5, 8, 0.0, 0.648623825701292)],[(5, 8)],,
408.528,actual,[(5, 8, 0.0, 0.6485283196620425)],[(5, 8)],,
409.024,actual,[(5, 8, 0.0, 0.6485283196620425)],[(5, 8)],,
409.520,actual,[(5, 8, 0.0, 0.6485283196620425)],[(5, 8)],,
410.016,actual,[(5, 8, 0.0, 0.6485283196620425)],[(5, 8)],,
410.528,actual,[(5, 8, 0.0, 0.6485283196620425)],[(5, 8)],,
411.024,actual,[(5, 8, 0.0, 0.6485283196620425)],[(5, 8)],,
411.520,actual,[(5, 8, 0.0, 0.6485283196620425)],[(5, 8)],,
412.016,actual,[(5, 8, 0.0, 0.648623825701292)],[(5, 8)],,
412.528,actual,[(5, 8, 0.0, 0.6485283196620425)],[(5, 8)],,
413.024,actual,[(5, 8, 0.0, 0.6485283196620425)],[(5, 8)],,
413.520,actual,[(5, 8, 0.0, 0.6485283196620425)],[(5, 8)],,
414.016,actual,[(5, 8, 0.0, 0.6485283196620425)],[(5, 8)],,
414.528,actual,[(5, 8, 0.0, 0.6485283196620425)],[(5, 8)],,
415.024,actual,[(5, 8, 0.0, 0.6485283196620425)],[(5, 8)],,
415.520,actual,[(5, 8, 0.0, 0.6485283196620425)],[(5, 8)],,
416.016,actual,[(5, 8, 0.0, 0.648623825701292)],[(5, 8)],,
416.528,actual,[(5, 8, 0.0, 0.6485283196620425)],[(5, 8)],,
417.024,actual,[(5, 8, 0.0, 0.6485283196620425)],[(5, 8)],,
417.520,actual,[(5, 8, 0.0, 0.6485283196620425)],[(5, 8)],,
418.016,actual,[(5, 8, 0.0, 0.6485283196620425)],[(5, 8)],,
418.528,actual,[(5, 8, 0.0, 0.6485283196620425)],[(5, 8)],,
419.024,actual,[(5, 8, 0.0, 0.6485283196620425)],[(5, 8)],,
419.520,actual,[(5, 8, 0.0, 0.6485283196620425)],[(5, 8)],,
420.016,actual,[(5, 8, 0.0, 0.648623825701292)],[(5, 8)],,
420.528,actual,[(5, 8, 0.0, 0.6485283196620425)],[(5, 8)],,
421.024,actual,[(5, 8, 0.0, 0.6485283196620425)],[(5, 8)],,
421.520,actual,[(5, 8, 0.0, 0.6485283196620425)],[(5, 8)],,
422.016,actual,[(5, 8, 0.0, 0.6485283196620425)],[(5, 8)],,
422.528,actual,[(5, 8, 0.0, 0.6485283196620425)],[(5, 8)],,
423.024,actual,[(5, 8, 0.0, 0.6485283196620425)],[(5, 8)],,
423.520,actual,[(5, 8, 0.0, 0.6485283196620425)],[(5, 8)],,
424.016,actual,[(5, 8, 0.0, 0.648623825701292)],[(5, 8)],,
424.528,actual,[(5, 8, 0.0, 0.6485283196620425)],[(5, 8)],,
425.024,actual,[(5, 8, 0.0, 0.6485283196620425)],[(5, 8)],,
425.520,actual,[(5, 8, 0.0, 0.6485283196620425)],[(5, 8)],,
426.016,actual,[(5, 8, 0.0, 0.6485283196620425)],[(5, 8)],,
426.528,actual,[(5, 8, 0.0, 0.6485283196620425)],[(5, 8)],,
427.024,actual,[(5, 8, 0.0, 0.6485283196620425)],[(5, 8)],,
427.520,actual,[(5, 8, 0.0, 0.6485283196620425)],[(5, 8)],,
428.016,actual,[(5, 8, 0.0, 0.648623825701292)],[(5, 8)],,
428.528,actual,[(5, 8, 0.0, 0.6485283196620425)],[(5, 8)],,
429.024,actual,[(5, 8, 0.0, 0.6485283196620425)],[(5, 8)],,
429.520,actual,[(5, 8, 0.0, 0.6485283196620425)],[(5, 8)],,
430.016,actual,[(5, 8, 0.0, 0.6485283196620425)],[(5, 8)],,
430.528,actual,[(5, 8, 0.0, 0.6485283196620425)],[(5, 8)],,
431.024,actual,[(5, 8, 0.0, 0.6485283196620425)],[(5, 8)],,
431.520,actual,[(5, 8, 0.0, 0.6485283196620425)],[(5, 8)],,
432.016,actual,[(5, 8, 0.0, 0.648623825701292)],[(5, 8)],,
432.528,actual,[(5, 8, 0.0, 0.6485283196620425)],[(5, 8)],,
433.024,actual,[(5, 8, 0.0, 0.6485283196620425)],[(5, 8)],,
433.520,actual,[(5, 8, 0.0, 0.6485283196620425)],[(5, 8)],,
434.016,actual,[(5, 8, 0.0, 0.6485283196620425)],[(5, 8)],,
434.528,actual,[(5, 8, 0.0, 0.6485283196620425)],[(5, 8)],,
435.024,actual,[(5, 8, 0.0, 0.6485283196620425)],[(5, 8)],,
435.520,actual,[(5, 8, 0.0, 0.6485283196620425)],[(5, 8)],,
436.016,actual,[(5, 8, 0.0, 0.648623825701292)],[(5, 8)],,
436.528,actual,[(5, 8, 0.0, 0.6485283196620425)],[(5, 8)],,
437.024,actual,[(5, 8, 0.0, 0.6485283196620425)],[(5, 8)],,
437.520,actual,[(5, 8, 0.0, 0.6485283196620425)],[(5, 8)],,
438.016,actual,[(5, 8, 0.0, 0.6485283196620425)],[(5, 8)],,
438.528,actual,[(5, 8, 0.0, 0.6485283196620425)],[(5, 8)],,
439.024,actual,[(5, 8, 0.0, 0.6485283196620425)],[(5, 8)],,
439.520,actual,[(5, 8, 0.0, 0.6485283196620425)],[(5, 8)],,
440.016,actual,[(5, 8, 0.0, 0.648623825701292)],[(5, 8)],,
440.528,actual,[(5, 8, 0.0, 0.6485283196620425)],[(5, 8)],,
441.024,actual,[(5, 8, 0.0, 0.6485283196620425)],[(5, 8)],,
441.520,actual,[(5, 8, 0.0, 0.6485283196620425)],[(5, 8)],,
442.016,actual,[(5, 8, 0.0, 0.6485283196620425)],[(5, 8)],,
442.528,actual,[(5, 8, 0.0, 0.6485283196620425)],[(5, 8)],,
443.024,actual,[(5, 8, 0.0, 0.6485283196620425)],[(5, 8)],,
443.520,actual,[(5, 8, 0.0, 0.6485283196620425)],[(5, 8)],,
444.016,actual,[(5, 8, 0.0, 0.648623825701292)],[(5, 8)],,
444.528,actual,[(5, 8, 0.0, 0.6485283196620425)],[(5, 8)],,
445.024,actual,[(5, 8, 0.0, 0.6485283196620425)],[(5, 8)],,
445.520,actual,[(5, 8, 0.0, 0.6485283196620425)],[(5, 8)],,
446.016,actual,[(5, 8, 0.0, 0.6485283196620425)],[(5, 8)],,
446.528,actual,[(5, 8, 0.0, 0.6485283196620425)],[(5, 8)],,
447.024,actual,[(5, 8, 0.0, 0.6485283196620425)],[(5, 8)],,
447.520,actual,[(5, 8, 0.0, 0.6485283196620425)],[(5, 8)],,
448.016,actual,[(5, 8, 0.0, 0.648623825701292)],[(5, 8)],,
448.528,actual,[(5, 8, 0.0, 0.6485283196620425)],[(5, 8)],,
449.024,actual,[(5, 8, 0.0, 0.6485283196620425)],[(5, 8)],,
449.520,actual,[(5, 8, 0.0, 0.6485283196620425)],[(5, 8)],,
450.016,actual,[(5, 8, 0.0, 0.6485283196620425)],[(5, 8)],,
450.528,actual,[(5, 8, 0.0, 0.6485283196620425)],[(5, 8)],,
451.024,actual,[(5, 8, 0.0, 0.6485283196620425)],[(5, 8)],,
451.520,actual,[(5, 8, 0.0, 0.6485283196620425)],[(5, 8)],,
452.016,actual,[(5, 8, 0.0, 0.648623825701292)],[(5, 8)],,
452.528,actual,[(5, 8, 0.0, 0.6485283196620425)],[(5, 8)],,
453.024,actual,[(5, 8, 0.0, 0.6485283196620425)],[(5, 8)],,
453.520,actual,[(5, 8, 0.0, 0.6485283196620425)],[(5, 8)],,
454.016,actual,[(5, 8, 0.0, 0.6485283196620425)],[(5, 8)],,
454.528,actual,[(5, 8, 0.0, 0.6485283196620425)],[(5, 8)],,
455.024,actual,[(5, 8, 0.0, 0.6485283196620425)],[(5, 8)],,
455.520,actual,[(5, 8, 0.0, 0.6485283196620425)],[(5, 8)],,
456.016,actual,[(5, 8, 0.0, 0.648623825701292)],[(5, 8)],,
456.528,actual,[(5, 8, 0.0, 0.6485283196620425)],[(5, 8)],,
457.024,actual,[(5, 8, 0.0, 0.6485283196620425)],[(5, 8)],,
457.520,actual,[(5, 8, 0.0, 0.6485283196620425)],[(5, 8)],,
458.016,actual,[(5, 8, 0.0, 0.6485283196620425)],[(5, 8)],,
458.528,actual,[(5, 8, 0.0, 0.6485283196620425)],[(5, 8)],,
459.024,actual,[(5, 8, 0.0, 0.6485283196620425)],[(5, 8)],,
459.520,actual,[(5, 8, 0.0, 0.6485283196620425)],[(5, 8)],,
460.016,actual,[(5, 8, 0.0, 0.648623825701292)],[(5, 8)],,
460.528,actual,[(5, 8, 0.0, 0.6485283196620425)],[(5, 8)],,
461.024,actual,[(5, 8, 0.0, 0.6485283196620425)],[(5, 8)],,
461.520,actual,[(5, 8, 0.0, 0.6485283196620425)],[(5, 8)],,
462.016,actual,[(5, 8, 0.0, 0.6485283196620425)],[(5, 8)],,
462.528,actual,[(5, 8, 0.0, 0.6485283196620425)],[(5, 8)],,
463.024,actual,[(5, 8, 0.0, 0.6485283196620425)],[(5, 8)],,
463.520,actual,[(5, 8, 0.0, 0.6485283196620425)],[(5, 8)],,
464.016,actual,[(5, 8, 0.0, 0.648623825701292)],[(5, 8)],,
464.528,actual,[(5, 8, 0.0, 0.6485283196620425)],[(5, 8)],,
465.024,actual,[(5, 8, 0.0, 0.6485283196620425)],[(5, 8)],,
465.520,actual,[(5, 8, 0.0, 0.6485283196620425)],[(5, 8)],,
466.016,actual,[(5, 8, 0.0, 0.6485283196620425)],[(5, 8)],,
466.528,actual,[(5, 8, 0.0, 0.6485283196620425)],[(5, 8)],,
467.024,actual,[(5, 8, 0.0, 0.6485283196620425)],[(5, 8)],,
467.520,actual,[(5, 8, 0.0, 0.6485283196620425)],[(5, 8)],,
468.016,actual,[(5, 8, 0.0, 0.648623825701292)],[(5, 8)],,
468.528,actual,[(5, 8, 0.0, 0.6485283196620425)],[(5, 8)],,
469.024,actual,[(5, 8, 0.0, 0.6485283196620425)],[(5, 8)],,
469.520,actual,[(5, 8, 0.0, 0.6485283196620425)],[(5, 8)],,
470.016,actual,[(5, 8, 0.0, 0.6485283196620425)],[(5, 8)],,
470.528,actual,[(5, 8, 0.0, 0.6485283196620425)],[(5, 8)],,
471.024,actual,[(5, 8, 0.0, 0.6485283196620425)],[(5, 8)],,
471.520,actual,[(5, 8, 0.0, 0.6485283196620425)],[(5, 8)],,
472.016,actual,[(5, 8, 0.0, 0.648623825701292)],[(5, 8)],,
472.528,actual,[(5, 8, 0.0, 0.6485283196620425)],[(5, 8)],,
473.024,actual,[(5, 8, 0.0, 0.6485283196620425)],[(5, 8)],,
473.520,actual,[(5, 8, 0.0, 0.6485283196620425)],[(5, 8)],,
474.016,actual,[(5, 8, 0.0, 0.6485283196620425)],[(5, 8)],,
474.528,actual,[(5, 8, 0.0, 0.6485283196620425)],[(5, 8)],,
475.024,actual,[(5, 8, 0.0, 0.6485283196620425)],[(5, 8)],,
475.520,actual,[(5, 8, 0.0, 0.6485283196620425)],[(5, 8)],,
476.016,actual,[(5, 8, 0.0, 0.648623825701292)],[(5, 8)],,
476.528,actual,[(5, 8, 0.0, 0.6485283196620425)],[(5, 8)],,
477.024,actual,[(5, 8, 0.0, 0.6485283196620425)],[(5, 8)],,
477.520,actual,[(5, 8, 0.0, 0.6485283196620425)],[(5, 8)],,
478.016,actual,[(5, 8, 0.0, 0.6485283196620425)],[(5, 8)],,
478.528,actual,[(5, 8, 0.0, 0.6485283196620425)],[(5, 8)],,
479.024,actual,[(5, 8, 0.0, 0.6485283196620425)],[(5, 8)],,
479.520,actual,[(5, 8, 0.0, 0.6485283196620425)],[(5, 8)],,
480.016,actual,[(5, 8, 0.0, 0.648623825701292)],[(5, 8)],,
480.528,actual,[(5, 8, 0.0, 0.6485283196620425)],[(5, 8)],,
481.024,actual,[(5, 8, 0.0, 0.6485283196620425)],[(5, 8)],,
481.520,actual,[(5, 8, 0.0, 0.6485283196620425)],[(5, 8)],,
482.016,actual,[(5, 8, 0.0, 0.6485283196620425)],[(5, 8)],,
482.528,actual,[(5, 8, 0.0, 0.6485283196620425)],[(5, 8)],,
483.024,actual,[(5, 8, 0.0, 0.6485283196620425)],[(5, 8)],,
483.520,actual,[(5, 8, 0.0, 0.6485283196620425)],[(5, 8)],,
484.016,actual,[(5, 8, 0.0, 0.648623825701292)],[(5, 8)],,
484.528,actual,[(5, 8, 0.0, 0.6485283196620425)],[(5, 8)],,
485.024,actual,[(5, 8, 0.0, 0.6485283196620425)],[(5, 8)],,
485.520,actual,[(5, 8, 0.0, 0.6485283196620425)],[(5, 8)],,
486.016,actual,[(5, 8, 0.0, 0.6485283196620425)],[(5, 8)],,
486.528,actual,[(5, 8, 0.0, 0.6485283196620425)],[(5, 8)],,
487.024,actual,[(5, 8, 0.0, 0.6485283196620425)],[(5, 8)],,
487.520,actual,[(5, 8, 0.0, 0.6485283196620425)],[(5, 8)],,
488.016,actual,[(5, 8, 0.0, 0.648623825701292)],[(5, 8)],,
488.528,actual,[(5, 8, 0.0, 0.6485283196620425)],[(5, 8)],,
489.024,actual,[(5, 8, 0.0, 0.6485283196620425)],[(5, 8)],,
489.520,actual,[(5, 8, 0.0, 0.6485283196620425)],[(5, 8)],,
490.016,actual,[(5, 8, 0.0, 0.6485283196620425)],[(5, 8)],,
490.528,actual,[(5, 8, 0.0, 0.6485283196620425)],[(5, 8)],,
491.024,actual,[(5, 8, 0.0, 0.6485283196620425)],[(5, 8)],,
491.520,actual,[(5, 8, 0.0, 0.6485283196620425)],[(5, 8)],,
492.016,actual,[(5, 8, 0.0, 0.648623825701292)],[(5, 8)],,
492.528,actual,[(5, 8, 0.0, 0.6485283196620425)],[(5, 8)],,
493.024,actual,[(5, 8, 0.0, 0.6485283196620425)],[(5, 8)],,
493.520,actual,[(5, 8, 0.0, 0.6485283196620425)],[(5, 8)],,
494.016,actual,[(5, 8, 0.0, 0.6485283196620425)],[(5, 8)],,
494.528,actual,[(5, 8, 0.0, 0.6485283196620425)],[(5, 8)],,
495.024,actual,[(5, 8, 0.0, 0.6485283196620425)],[(5, 8)],,
495.520,actual,[(5, 8, 0.0, 0.6485283196620425)],[(5, 8)],,
496.016,actual,[(5, 8, 0.0, 0.648623825701292)],[(5, 8)],,
496.528,actual,[(5, 8, 0.0, 0.6485283196620425)],[(5, 8)],,
497.024,actual,[(5, 8, 0.0, 0.6485283196620425)],[(5, 8)],,
497.520,actual,[(5, 8, 0.0, 0.6485283196620425)],[(5, 8)],,
498.016,actual,[(5, 8, 0.0, 0.6485283196620425)],[(5, 8)],,
498.528,actual,[(5, 8, 0.0, 0.6485283196620425)],[(5, 8)],,
499.024,actual,[(5, 8, 0.0, 0.6485283196620425)],[(5, 8)],,
499.520,actual,[(5, 8, 0.0, 0.6485283196620425)],[(5, 8)],,
500.016,actual,[(5, 8, 0.0, 0.648623825701292)],[(5, 8)],,
500.528,actual,[(5, 8, 0.0, 0.6485283196620425)],[(5, 8)],,
501.024,actual,[(5, 8, 0.0, 0.6485283196620425)],[(5, 8)],,
501.520,actual,[(5, 8, 0.0, 0.6485283196620425)],[(5, 8)],,
502.016,actual,[(5, 8, 0.0, 0.6485283196620425)],[(5, 8)],,
502.528,actual,[(5, 8, 0.0, 0.6485283196620425)],[(5, 8)],,
503.024,actual,[(5, 8, 0.0, 0.6485283196620425)],[(5, 8)],,
503.520,actual,[(5, 8, 0.0, 0.6485283196620425)],[(5, 8)],,
504.016,actual,[(5, 8, 0.0, 0.648623825701292)],[(5, 8)],,
504.528,actual,[(5, 8, 0.0, 0.6485283196620425)],[(5, 8)],,
505.024,actual,[(5, 8, 0.0, 0.6485283196620425)],[(5, 8)],,
505.520,actual,[(5, 8, 0.0, 0.6485283196620425)],[(5, 8)],,
506.016,actual,[(5, 8, 0.0, 0.6485283196620425)],[(5, 8)],,
506.528,actual,[(5, 8, 0.0, 0.6485283196620425)],[(5, 8)],,
507.024,actual,[(5, 8, 0.0, 0.6485283196620425)],[(5, 8)],,
507.520,actual,[(5, 8, 0.0, 0.6485283196620425)],[(5, 8)],,
508.016,actual,[(5, 8, 0.0, 0.648623825701292)],[(5, 8)],,
508.528,actual,[(5, 8, 0.0, 0.6485283196620425)],[(5, 8)],,
509.024,actual,[(5, 8, 0.0, 0.6485283196620425)],[(5, 8)],,
509.520,actual,[(5, 8, 0.0, 0.6485283196620425)],[(5, 8)],,
510.016,actual,[(5, 8, 0.0, 0.6485283196620425)],[(5, 8)],,
510.528,actual,[(5, 8, 0.0, 0.6485283196620425)],[(5, 8)],,
511.024,actual,[(5, 8, 0.0, 0.6485283196620425)],[(5, 8)],,
511.520,actual,[(5, 8, 0.0, 0.6485283196620425)],[(5, 8)],,
512.016,actual,[(5, 8, 0.0, 0.648623825701292)],[(5, 8)],,
512.528,actual,[(5, 8, 0.0, 0.6485283196620425)],[(5, 8)],,
513.024,actual,[(5, 8, 0.0, 0.6485283196620425)],[(5, 8)],,
513.520,actual,[(5, 8, 0.0, 0.6485283196620425)],[(5, 8)],,
514.016,actual,[(5, 8, 0.0, 0.6485283196620425)],[(5, 8)],,
514.528,actual,[(5, 8, 0.0, 0.6485283196620425)],[(5, 8)],,
515.024,actual,[(5, 8, 0.0, 0.6485283196620425)],[(5, 8)],,
515.520,actual,[(5, 8, 0.0, 0.6485283196620425)],[(5, 8)],,
516.016,actual,[(5, 8, 0.0, 0.648623825701292)],[(5, 8)],,
516.528,actual,[(5, 8, 0.0, 0.6485283196620425)],[(5, 8)],,
517.024,actual,[(5, 8, 0.0, 0.6485283196620425)],[(5, 8)],,
517.520,actual,[(5, 8, 0.0, 0.6485283196620425)],[(5, 8)],,
518.016,actual,[(5, 8, 0.0, 0.6485283196620425)],[(5, 8)],,
518.528,actual,[(5, 8, 0.0, 0.6485283196620425)],[(5, 8)],,
519.024,actual,[(5, 8, 0.0, 0.6485283196620425)],[(5, 8)],,
519.520,actual,[(5, 8, 0.0, 0.6485283196620425)],[(5, 8)],,
520.016,actual,[(5, 8, 0.0, 0.648623825701292)],[(5, 8)],,
520.528,actual,[(5, 8, 0.0, 0.6485283196620425)],[(5, 8)],,
521.024,actual,[(5, 8, 0.0, 0.6485283196620425)],[(5, 8)],,
521.520,actual,[(5, 8, 0.0, 0.6733365504672987)],[(5, 8)],,
522.016,actual,[(5, 8, 0.0, 0.7121890289214594)],[(5, 8)],,
522.528,actual,[(5, 8, 0.0, 0.6990338955070529)],[(5, 8)],,
523.024,actual,[(5, 8, 0.0, 0.668182416304306)],[(5, 8)],,
523.520,actual,[(5, 8, 0.0, 0.6464779129885019)],[(5, 8)],,
524.016,actual,[(5, 8, 0.0, 0.6503511647124823)],[(5, 8)],,
524.528,actual,[(5, 8, 0.0, 0.6425662250009379)],[(5, 8)],,
525.024,actual,[(5, 8, 0.0, 0.6318718677525892)],[(5, 8)],,
525.520,actual,[(5, 8, 0.0, 0.6249174758025968)],[(5, 8)],,
526.016,actual,[(5, 8, 0.0, 0.6367711954736537)],[(5, 8)],,
526.528,actual,[(5, 8, 0.0, 0.6372008066840137)],[(5, 8)],,
527.024,actual,[(5, 8, 0.0, 0.6372007725076553)],[(5, 8)],,
527.520,actual,[(5, 8, 0.0, 0.6372007717797875)],[(5, 8)],,
528.016,actual,[(5, 8, 0.0, 0.6371977646150033)],[(5, 8)],,
528.528,actual,[(5, 8, 0.0, 0.6372007717609471)],[(5, 8)],,
529.024,actual,[(5, 8, 0.0, 0.637200771760937)],[(5, 8)],,
529.520,actual,[(5, 8, 0.0, 0.6372007717609358)],[(5, 8)],,
530.016,actual,[(5, 8, 0.0, 0.6372007717609355)],[(5, 8)],,
530.528,actual,[(5, 8, 0.0, 0.6372007717609343)],[(5, 8)],,
531.024,actual,[(5, 8, 0.0, 0.6372007717609334)],[(5, 8)],,
531.520,actual,[(5, 8, 0.0, 0.6372007717609334)],[(5, 8)],,
532.016,actual,[(5, 8, 0.0, 0.6371977646144936)],[(5, 8)],,
532.528,actual,[(5, 8, 0.0, 0.6372007717609334)],[(5, 8)],,
533.024,actual,[(5, 8, 0.0, 0.6372007717609334)],[(5, 8)],,
533.520,actual,[(5, 8, 0.0, 0.6372007717609334)],[(5, 8)],,
534.016,actual,[(5, 8, 0.0, 0.6372007717609334)],[(5, 8)],,
534.528,actual,[(5, 8, 0.0, 0.6372007717609334)],[(5, 8)],,
535.024,actual,[(5, 8, 0.0, 0.6372007717609334)],[(5, 8)],,
535.520,actual,[(5, 8, 0.0, 0.6372007717609334)],[(5, 8)],,
536.016,actual,[(5, 8, 0.0, 0.6371977646144936)],[(5, 8)],,
536.528,actual,[(5, 8, 0.0, 0.6372007717609334)],[(5, 8)],,
537.024,actual,[(5, 8, 0.0, 0.6372007717609334)],[(5, 8)],,
537.520,actual,[(5, 8, 0.0, 0.6372007717609334)],[(5, 8)],,
538.016,actual,[(5, 8, 0.0, 0.6372007717609334)],[(5, 8)],,
538.528,actual,[(5, 8, 0.0, 0.6372007717609334)],[(5, 8)],,
539.024,actual,[(5, 8, 0.0, 0.6372007717609334)],[(5, 8)],,
539.520,actual,[(5, 8, 0.0, 0.6372007717609334)],[(5, 8)],,
540.016,actual,[(5, 8, 0.0, 0.6371977646144936)],[(5, 8)],,
540.528,actual,[(5, 8, 0.0, 0.6372007717609334)],[(5, 8)],,
541.024,actual,[(5, 8, 0.0, 0.6372007717609334)],[(5, 8)],,
541.520,actual,[(5, 8, 0.0, 0.6532223706004356)],[(5, 8)],,
542.016,actual,[(5, 8, 0.0, 0.6813742620782582)],[(5, 8)],,
542.528,actual,[(5, 8, 0.0, 0.7419406917438257)],[(5, 8)],,
543.024,actual,[(5, 8, 0.0, 0.8246329630671615)],[(5, 8)],,
543.520,[1, 2, 3, 4, 5, 7, 8],[],,,
544.016,[1, 2, 3, 4, 5, 7, 8],[],,,
544.528,[1, 2, 3, 4, 5, 7, 8],[],,,
545.024,[1, 2, 3, 4, 5, 7, 8],[],,,
545.520,[1, 2, 3, 4, 5, 6, 7, 8],[],,,
546.016,[1, 2, 3, 4, 5, 6, 7, 8],[(5, 8, 5.25, 0.743060061681326)],,,
546.528,[1, 2, 3, 4, 5, 6, 7, 8],[(5, 8, 5.5, 0.7369077602567549)],,,
547.024,[1, 2, 3, 4, 5, 6, 7, 8],[(5, 8, 5.75, 0.7475692484697755)],,,
547.520,[1, 2, 3, 4, 5, 6, 7, 8],[],,,
548.016,[1, 2, 3, 4, 5, 6, 7, 8],[],,,
548.528,[1, 2, 3, 4, 5, 6, 7, 8],[],,,
549.024,[1, 2, 3, 4, 5, 6, 7, 8],[],,,
549.520,[1, 2, 3, 4, 5, 6, 7, 8],[],,,
550.016,[1, 2, 3, 4, 5, 6, 7, 8],[],,,
550.528,[1, 2, 3, 4, 5, 6, 7, 8],[],,,
551.024,[1, 2, 3, 4, 5, 6, 7, 8],[],,,
551.520,[1, 2, 3, 4, 5, 6, 7, 8],[],,,
552.016,[1, 2, 3, 4, 5, 6, 7, 8],[],,,
552.528,[1, 2, 3, 4, 5, 6, 7, 8],[],,,
553.024,[1, 2, 3, 4, 5, 6, 7, 8],[],,,
553.520,[1, 2, 3, 4, 5, 6, 7, 8],[],,,
554.016,[1, 2, 3, 4, 5, 6, 7, 8],[],,,
554.528,[1, 2, 3, 4, 5, 6, 7, 8],[],,,
555.024,[1, 2, 3, 4, 5, 6, 7, 8],[],,,
555.520,[1, 2, 3, 4, 5, 6, 7, 8],[],,,
556.016,[1, 2, 3, 4, 5, 6, 7, 8],[],,,
556.528,[1, 2, 3, 4, 5, 6, 7, 8],[],,,
557.024,[1, 2, 3, 4, 5, 6, 7, 8],[],,,
557.520,[1, 2, 3, 4, 5, 6, 7, 8],[],,,
558.016,[1, 2, 3, 4, 5, 6, 7, 8],[],,,
558.528,[1, 2, 3, 4, 5, 6, 7, 8],[],,,
559.024,[1, 2, 3, 4, 5, 6, 7, 8],[],,,
559.520,[1, 2, 3, 4, 5, 6, 7, 8],[],,,
560.016,[1, 2, 3, 4, 5, 6, 7, 8],[],,,
560.528,[1, 2, 3, 4, 5, 6, 7, 8],[],,,
561.024,[1, 2, 3, 4, 5, 6, 7, 8],[],,,
561.520,[1, 2, 3, 4, 5, 6, 7, 8],[],,,
562.016,[1, 2, 3, 4, 5, 6, 7, 8],[],,,
562.528,[1, 2, 3, 4, 5, 6, 7, 8],[],,,
563.024,[1, 2, 3, 4, 5, 6, 7, 8],[],,,
563.520,[1, 2, 4, 5, 6, 7, 8],[],,,
564.016,[1, 2, 4, 5, 6, 7, 8],[],,,
564.528,[1, 2, 4, 5, 6, 7, 8],[],,,
565.024,[1, 2, 4, 5, 6, 7, 8],[],,,
565.520,[1, 2, 4, 5, 6, 7, 8],[],,,
566.016,[1, 2, 4, 5, 6, 7, 8],[],,,
566.528,[1, 2, 4, 5, 6, 7, 8],[],,,
567.024,[1, 2, 4, 5, 6, 7, 8],[],,,
567.520,[1, 2, 4, 5, 6, 7, 8],[],,,
568.016,[1, 2, 4, 5, 6, 7, 8],[],,,
568.528,[1, 2, 4, 5, 6, 7, 8],[],,,
569.024,[1, 2, 3, 4, 5, 6, 7, 8],[],,,
569.520,[1, 2, 3, 4, 5, 6, 7, 8],[(1, 7, 3.0, 0.7483770671638967)],,,
570.016,[1, 2, 3, 4, 5, 6, 7, 8],[],,,
570.528,[1, 2, 3, 4, 5, 6, 7, 8],[],,,
571.024,[1, 2, 3, 4, 5, 6, 7, 8],[],,,
571.520,[1, 2, 3, 4, 5, 6, 7, 8],[],,,
572.016,[1, 2, 3, 4, 5, 6, 7, 8],[],,,
572.528,[1, 2, 3, 4, 5, 6, 7, 8],[],,,
573.024,[1, 2, 3, 4, 5, 6, 7, 8],[],,,
573.520,[1, 2, 3, 4, 5, 6, 7, 8],[],,,
574.016,[1, 2, 3, 4, 5, 6, 7, 8],[],,,
574.528,[1, 2, 3, 4, 5, 6, 7, 8],[],,,
575.024,[1, 2, 3, 4, 5, 6, 7, 8],[],,,
575.520,[1, 2, 3, 4, 5, 6, 7, 8],[],,,
576.016,[1, 2, 3, 4, 5, 6, 7, 8],[],,,
576.528,[1, 2, 3, 4, 5, 6, 7, 8],[],,,
577.024,[1, 2, 3, 4, 5, 6, 7, 8],[],,,
577.520,[1, 2, 3, 4, 5, 6, 7, 8],[],,,
578.016,[1, 2, 3, 4, 5, 6, 7, 8],[],,,
578.528,[1, 2, 3, 4, 5, 6, 7, 8],[],,,
579.024,[1, 2, 3, 4, 5, 6, 7, 8],[],,,
579.520,[1, 2, 3, 4, 5, 6, 7, 8],[(1, 6, 1.75, 0.6759345379304791)],,,
580.016,[1, 2, 3, 4, 5, 6, 7, 8],[(1, 6, 2.75, 0.7436806613292591)],,,
580.528,[1, 2, 3, 4, 5, 6, 7, 8],[],,,
581.024,[1, 2, 3, 4, 5, 6, 7, 8],[],,,
581.520,[1, 2, 3, 4, 5, 6, 7, 8],[],,,
582.016,[1, 2, 3, 4, 5, 6, 7, 8],[],,,
582.528,[1, 2, 3, 4, 5, 6, 7],[],,,
583.024,[1, 2, 3, 4, 5, 6, 7],[],,,
583.520,[1, 2, 3, 4, 5, 6, 7],[],,,
584.016,actual,[(1, 6, 0.0, 0.7853286149755415)],[(1, 6)],,
584.528,actual,[(1, 6, 0.0, 0.8238468025161195)],[(1, 6)],,
585.024,[1, 2, 3, 4, 5, 6, 7],[(1, 7, 5.25, 0.7271019196238115)],,,
585.520,[1, 2, 3, 4, 5, 6, 7],[(1, 7, 5.5, 0.7169476774787906)],,,
586.016,[1, 2, 3, 4, 5, 6, 7],[(1, 7, 5.75, 0.7170157110147577)],,,
586.528,[1, 2, 3, 4, 5, 6, 7],[(1, 7, 6.0, 0.736838031748709)],,,
587.024,[1, 2, 3, 4, 5, 6, 7],[(1, 7, 6.5, 0.7162718225343147)],,,
587.520,actual,[(1, 7, 0.0, 0.8259111121553538)],[(1, 7)],,
588.016,actual,[(1, 7, 0.0, 0.8446401686367803)],[(1, 7)],,
588.528,[1, 2, 3, 4, 5, 6, 7, 8],[],,,
589.024,[1, 2, 3, 4, 5, 6, 7, 8],[],,,
589.520,[1, 2, 3, 4, 5, 6, 7, 8],[],,,
590.016,actual,[(1, 7, 0.0, 0.8465140417624665)],[(1, 7)],,
590.528,actual,[(1, 7, 0.0, 0.8401100802097476)],[(1, 7)],,
591.024,actual,[(1, 7, 0.0, 0.834814008957397)],[(1, 7)],,
591.520,actual,[(6, 7, 0.0, 0.8370458629887109)],[(6, 7)],,
592.016,actual,[(6, 7, 0.0, 0.796924055965408)],[(6, 7)],,
592.528,actual,[(6, 7, 0.0, 0.7485745100637933)],[(6, 7)],,
593.024,actual,[(6, 7, 0.0, 0.707542928587923)],[(6, 7)],,
593.520,actual,[(6, 7, 0.0, 0.6707481377615553)],[(6, 7)],,
594.016,actual,[(6, 7, 0.0, 0.6410297167448817)],[(6, 7)],,
594.528,actual,[(6, 7, 0.0, 0.6597626998791158)],[(6, 7)],,
595.024,actual,[(6, 7, 0.0, 0.6731310574819106)],[(6, 7)],,
595.520,actual,[(6, 7, 0.0, 0.6964265985735274)],[(6, 7)],,
596.016,actual,[(6, 7, 0.0, 0.7216728149504862)],[(6, 7)],,
596.528,actual,[(6, 7, 0.0, 0.7522372384467916)],[(6, 7)],,
597.024,actual,[(6, 7, 0.0, 0.7831919275028344)],[(6, 7)],,
597.520,actual,[(6, 7, 0.0, 0.784765476358843)],[(6, 7)],,
598.016,actual,[(6, 7, 0.0, 0.7919528620482895)],[(6, 7)],,
598.528,actual,[(6, 7, 0.0, 0.800626337154656)],[(6, 7)],,
599.024,actual,[(6, 7, 0.0, 0.8403185121632906)],[(6, 7)],,
599.520,[1, 2, 3, 4, 5, 6, 7, 8],[],,,
