sim_time,trajectories,conflicts,components,actions
1.520,[1, 2, 3],[],,,
2.016,[1, 2, 3],[],,,
2.528,[1, 2, 3],[],,,
3.024,[1, 2, 3],[],,,
3.520,[1, 2, 3],[],,,
4.016,[1, 2, 3],[],,,
4.528,[1, 2, 3],[],,,
5.024,[1, 2, 3],[],,,
5.520,[1, 2, 3],[],,,
6.016,[1, 2, 3],[],,,
6.528,[1, 2, 3],[],,,
7.024,[1, 2, 3],[],,,
7.520,[1, 2, 3],[],,,
8.016,[1, 2, 3],[],,,
8.528,[1, 2, 3],[],,,
9.024,[1, 2, 3],[],,,
9.520,[1, 2, 3],[],,,
10.016,[1, 2, 3, 4],[],,,
10.528,[1, 2, 3, 4],[],,,
11.024,[1, 2, 3, 4],[],,,
11.520,[1, 2, 3, 4],[],,,
12.016,[1, 2, 3, 4],[],,,
12.528,[1, 2, 3, 4],[],,,
13.024,[1, 2, 3, 4],[],,,
13.520,[1, 2, 3, 4],[],,,
14.016,[1, 2, 3, 4],[],,,
14.528,[1, 2, 3, 4],[],,,
15.024,[1, 2, 3, 4],[],,,
15.520,[1, 2, 3, 4],[],,,
16.016,[1, 2, 3, 4],[],,,
16.528,[1, 2, 3, 4],[],,,
17.024,[1, 2, 3, 4],[],,,
17.520,[1, 2, 3, 4],[],,,
18.032,[1, 2, 3, 4],[],,,
18.528,[1, 2, 3, 4],[],,,
19.024,[1, 2, 3, 4],[],,,
19.520,[1, 2, 3, 4],[],,,
20.032,[1, 2, 3, 4],[],,,
20.528,[1, 2, 3, 4],[],,,
21.024,[1, 2, 3, 4],[],,,
21.520,[1, 2, 3, 4],[],,,
22.032,[1, 2, 3, 4],[],,,
22.528,[1, 2, 3, 4],[],,,
23.024,[1, 2, 3, 4],[],,,
23.520,[1, 2, 3, 4, 5, 7],[],,,
24.032,[1, 2, 3, 4, 5, 7],[],,,
24.528,[1, 2, 3, 4, 5, 7],[],,,
25.024,[1, 2, 3, 4, 5, 7],[],,,
25.520,[1, 2, 3, 4, 5, 7],[],,,
26.032,[1, 2, 3, 4, 5, 6, 7, 8],[],,,
26.528,[1, 2, 3, 4, 5, 6, 7, 8],[],,,
27.024,[1, 2, 3, 4, 5, 6, 7, 8],[],,,
27.520,[1, 2, 3, 4, 5, 6, 7, 8],[],,,
28.032,[1, 2, 3, 4, 5, 6, 7, 8],[],,,
28.528,[1, 2, 3, 4, 5, 6, 7, 8],[],,,
29.024,[1, 2, 3, 4, 5, 6, 7, 8],[],,,
29.520,[1, 2, 3, 4, 5, 6, 7, 8],[],,,
30.032,[1, 2, 3, 4, 5, 6, 7, 8],[],,,
30.528,[1, 2, 3, 4, 5, 6, 7, 8],[],,,
31.024,[1, 2, 3, 4, 5, 6, 7, 8],[],,,
31.520,[1, 2, 3, 4, 5, 6, 7, 8],[],,,
32.032,[1, 2, 3, 4, 5, 6, 7, 8],[],,,
32.528,[1, 2, 3, 4, 5, 6, 7, 8],[],,,
33.024,[1, 2, 3, 4, 5, 6, 7, 8],[],,,
33.520,[1, 2, 3, 4, 5, 6, 7, 8],[],,,
34.032,[1, 2, 3, 4, 5, 6, 7, 8],[],,,
34.528,[1, 2, 3, 4, 5, 6, 7, 8],[],,,
35.024,[1, 2, 3, 4, 5, 6, 7, 8],[],,,
35.520,[1, 2, 3, 4, 5, 6, 7, 8],[],,,
36.032,[1, 2, 3, 4, 5, 6, 7, 8],[],,,
36.528,[1, 2, 3, 4, 5, 6, 7, 8],[],,,
37.024,[1, 2, 3, 4, 5, 6, 7, 8],[],,,
37.520,[1, 2, 3, 4, 5, 6, 7, 8],[],,,
38.032,[1, 2, 3, 4, 5, 6, 7, 8],[],,,
38.528,[1, 2, 3, 4, 5, 6, 7, 8],[],,,
39.024,[1, 2, 3, 4, 5, 6, 7, 8],[],,,
39.520,[1, 2, 3, 4, 5, 6, 7, 8],[],,,
40.032,[1, 2, 3, 4, 5, 6, 7, 8],[],,,
40.528,[1, 2, 3, 4, 5, 6, 7, 8],[],,,
41.024,[1, 2, 3, 4, 5, 6, 7, 8],[],,,
41.520,[1, 2, 3, 4, 5, 6, 7, 8],[],,,
42.032,[1, 2, 3, 4, 5, 6, 7, 8],[],,,
42.528,[1, 2, 3, 4, 5, 6, 7, 8],[],,,
43.024,[1, 2, 3, 4, 5, 6, 7, 8],[],,,
43.520,[1, 2, 3, 4, 5, 6, 7, 8],[],,,
44.032,[1, 2, 3, 4, 5, 6, 7, 8],[],,,
44.528,[1, 2, 3, 4, 5, 6, 8],[],,,
45.024,[1, 2, 3, 4, 5, 6, 8],[],,,
45.520,[1, 2, 3, 4, 5, 6, 8],[],,,
46.032,[1, 2, 3, 4, 5, 6, 8],[],,,
46.528,[1, 2, 3, 4, 5, 6, 8],[],,,
47.024,[1, 2, 3, 4, 5, 6, 8],[],,,
47.520,[1, 2, 3, 4, 5, 6, 8],[],,,
48.032,[1, 2, 3, 4, 5, 6, 8],[],,,
48.528,[1, 2, 3, 4, 5, 6, 8],[],,,
49.024,[1, 2, 3, 4, 5, 6, 8],[],,,
49.520,[1, 2, 3, 4, 5, 6, 7, 8],[],,,
50.032,[1, 2, 3, 4, 5, 6, 7, 8],[],,,
50.528,[1, 2, 3, 4, 5, 6, 7, 8],[(2, 3, 2.25, 0.7129352733539693), (3, 5, 4.25, 0.7010905903323845)],,,
51.024,[1, 2, 3, 4, 5, 6, 7, 8],[],,,
51.520,[1, 2, 3, 4, 5, 6, 7, 8],[],,,
52.032,[1, 2, 3, 4, 5, 6, 7, 8],[],,,
52.528,[1, 2, 3, 4, 5, 6, 7, 8],[],,,
53.024,[1, 2, 3, 4, 5, 6, 7, 8],[],,,
53.520,[1, 2, 3, 4, 5, 6, 7, 8],[],,,
54.032,[1, 2, 3, 4, 5, 6, 7, 8],[],,,
54.528,[1, 2, 3, 4, 5, 6, 7, 8],[],,,
55.024,[1, 2, 3, 4, 5, 6, 7, 8],[],,,
55.520,[1, 2, 3, 4, 5, 6, 7, 8],[],,,
56.032,[1, 2, 3, 4, 5, 6, 7, 8],[],,,
56.528,[1, 2, 3, 4, 5, 6, 7, 8],[],,,
57.024,[1, 2, 3, 4, 5, 6, 7, 8],[],,,
57.520,[1, 2, 3, 4, 5, 6, 7, 8],[],,,
58.032,[1, 2, 3, 4, 5, 6, 7, 8],[],,,
58.528,[1, 2, 3, 4, 5, 6, 7, 8],[],,,
59.024,[1, 2, 3, 4, 5, 6, 7, 8],[],,,
59.520,[1, 2, 3, 4, 5, 6, 7, 8],[],,,
60.032,[1, 2, 3, 4, 5, 6, 7, 8],[(2, 3, 4.25, 0.771423639682329)],,,
60.528,[1, 2, 3, 4, 5, 6, 7, 8],[],,,
61.024,[1, 2, 3, 4, 5, 6, 7, 8],[],,,
61.520,[1, 2, 3, 4, 5, 6, 7, 8],[],,,
62.032,[1, 2, 3, 4, 5, 6, 7, 8],[],,,
62.528,[1, 2, 3, 4, 5, 6, 7, 8],[],,,
63.024,[1, 2, 3, 4, 5, 6, 7, 8],[],,,
63.520,actual,[(2, 5, 0.0, 0.8588666103937463)],[(2, 5)],,
64.032,actual,[(2, 5, 0.0, 0.8854422603652992)],[(2, 5)],,
64.528,[1, 2, 3, 4, 5, 6, 7, 8],[],,,
65.024,[1, 2, 3, 4, 5, 6, 7, 8],[],,,
65.520,[1, 2, 3, 4, 5, 6, 7, 8],[],,,
66.032,[1, 2, 3, 4, 5, 6, 7, 8],[],,,
66.528,[1, 2, 3, 4, 5, 6, 7, 8],[],,,
67.024,[1, 2, 3, 4, 5, 6, 7, 8],[],,,
67.520,[1, 2, 3, 4, 5, 6, 7, 8],[],,,
68.032,[1, 2, 3, 4, 5, 6, 7, 8],[],,,
68.528,[1, 2, 3, 4, 5, 6, 7, 8],[],,,
69.024,[1, 2, 3, 4, 5, 6, 7, 8],[],,,
69.520,[1, 2, 3, 4, 5, 6, 7, 8],[],,,
70.032,[1, 2, 3, 4, 5, 6, 7, 8],[],,,
70.528,[1, 2, 3, 4, 5, 6, 7, 8],[],,,
71.024,[1, 2, 3, 4, 5, 6, 7, 8],[],,,
71.520,[1, 2, 3, 4, 5, 6, 7, 8],[],,,
72.032,[1, 2, 3, 4, 5, 6, 7, 8],[(2, 5, 6.25, 0.7758147366185524)],,,
72.528,[1, 2, 3, 4, 5, 6, 7, 8],[],,,
73.024,[1, 2, 3, 4, 5, 6, 7, 8],[],,,
73.520,[1, 2, 3, 4, 5, 6, 7, 8],[(3, 5, 7.25, 0.7782222890495547)],,,
74.032,[1, 2, 3, 4, 5, 6, 7, 8],[],,,
74.528,[1, 2, 3, 4, 5, 6, 7, 8],[],,,
75.024,[1, 2, 3, 4, 5, 6, 7, 8],[],,,
75.520,[1, 2, 3, 4, 5, 6, 7, 8],[],,,
76.032,[1, 2, 3, 4, 5, 6, 7, 8],[],,,
76.528,[1, 2, 3, 4, 5, 6, 7, 8],[(2, 5, 4.5, 0.773026630255606)],,,
77.024,actual,[(2, 5, 0.0, 0.874541975966746)],[(2, 5)],,
77.520,actual,[(2, 5, 0.0, 0.881354668436615)],[(2, 5)],,
78.032,actual,[(2, 5, 0.0, 0.899395840189103)],[(2, 5)],,
78.528,[1, 2, 3, 4, 5, 6, 7, 8],[(2, 3, 4.75, 0.7684971980942131)],,,
79.024,[1, 2, 3, 4, 5, 6, 7, 8],[],,,
79.520,[1, 2, 3, 4, 5, 6, 7, 8],[],,,
80.016,[1, 2, 3, 4, 5, 6, 7, 8],[],,,
80.528,[1, 2, 3, 4, 5, 6, 7, 8],[(3, 5, 8.25, 0.7676696358866251)],,,
81.024,[1, 2, 3, 4, 5, 6, 7, 8],[],,,
81.520,[1, 2, 3, 4, 5, 6, 7, 8],[],,,
82.016,[1, 2, 3, 4, 5, 6, 7, 8],[],,,
82.528,[1, 2, 3, 4, 5, 6, 7, 8],[(2, 3, 1.5, 0.7690843568607676), (3, 5, 4.25, 0.7511459291970755)],,,
83.024,[1, 2, 3, 4, 5, 6, 7, 8],[(2, 3, 1.5, 0.7388817902875178), (3, 5, 3.75, 0.7761963647608573)],,,
83.520,[1, 2, 3, 4, 5, 6, 7, 8],[(2, 3, 1.75, 0.7761901967607754), (3, 5, 7.75, 0.7708426737387093)],,,
84.016,[1, 2, 3, 4, 5, 6, 7, 8],[(3, 5, 8.5, 0.7639345166895518)],,,
84.528,[1, 2, 3, 4, 5, 6, 7, 8],[(3, 5, 8.0, 0.7750756702199745)],,,
85.024,[1, 2, 3, 4, 5, 6, 7, 8],[(2, 3, 3.0, 0.7755159068810671), (3, 5, 8.0, 0.7789185425148466)],,,
85.520,[1, 2, 3, 4, 5, 6, 7, 8],[(3, 5, 6.5, 0.7490117307422158)],,,
86.016,[1, 2, 3, 4, 5, 6, 7, 8],[],,,
86.528,[1, 2, 3, 4, 5, 6, 7, 8],[],,,
87.024,[1, 2, 3, 4, 5, 6, 7, 8],[],,,
87.520,[1, 2, 3, 4, 5, 6, 7, 8],[(3, 5, 6.5, 0.7692372094952137)],,,
88.016,[1, 2, 3, 4, 5, 6, 7, 8],[],,,
88.528,[1, 2, 3, 4, 5, 6, 7, 8],[],,,
89.024,[1, 2, 3, 4, 5, 6, 7, 8],[],,,
89.520,[1, 2, 3, 4, 5, 6, 7, 8],[],,,
90.016,[1, 2, 3, 4, 5, 6, 7, 8],[],,,
90.528,[1, 2, 3, 4, 5, 6, 7, 8],[],,,
91.024,[1, 2, 3, 4, 5, 6, 7, 8],[],,,
91.520,[1, 2, 3, 4, 5, 6, 7, 8],[],,,
92.016,[1, 2, 3, 4, 5, 6, 7, 8],[],,,
92.528,[1, 2, 3, 4, 5, 6, 7, 8],[],,,
93.024,[1, 2, 3, 4, 5, 6, 7, 8],[],,,
93.520,[1, 2, 3, 4, 5, 6, 7, 8],[],,,
94.016,[1, 2, 3, 4, 5, 6, 7, 8],[],,,
94.528,[1, 2, 3, 4, 5, 6, 7, 8],[],,,
95.024,[1, 2, 3, 4, 5, 6, 7, 8],[],,,
95.520,[1, 2, 3, 4, 5, 6, 7, 8],[],,,
96.016,[1, 2, 3, 4, 5, 6, 7, 8],[(3, 5, 4.5, 0.771513614333341)],,,
96.528,[1, 2, 3, 4, 5, 6, 7, 8],[],,,
97.024,actual,[(1, 6, 0.0, 0.8869272190721916)],[(1, 6)],,
97.520,actual,[(1, 6, 0.0, 0.8400100813331599)],[(1, 6)],,
98.016,actual,[(1, 6, 0.0, 0.8434114236684441)],[(1, 6)],,
98.528,actual,[(1, 6, 0.0, 0.8523590885463566)],[(1, 6)],,
99.024,actual,[(1, 6, 0.0, 0.8741727942965842)],[(1, 6)],,
99.520,[1, 2, 3, 4, 5, 6, 7, 8],[(1, 8, 4.25, 0.7699828596637793)],,,
100.016,[1, 2, 3, 4, 5, 6, 7, 8],[(6, 8, 4.5, 0.7682613246866886)],,,
100.528,[1, 2, 3, 4, 5, 6, 7, 8],[],,,
101.024,[1, 2, 3, 4, 5, 6, 7, 8],[],,,
101.520,[1, 2, 3, 4, 5, 6, 7, 8],[],,,
102.016,[1, 2, 3, 4, 5, 6, 7, 8],[],,,
102.528,actual,[(1, 8, 0.0, 0.8720500866669005)],[(1, 8)],,
103.024,actual,[(1, 8, 0.0, 0.855110702791457)],[(1, 8)],,
103.520,actual,[(1, 8, 0.0, 0.8463914786193283)],[(1, 8)],,
104.016,actual,[(1, 8, 0.0, 0.8459425533957373)],[(1, 8)],,
104.528,actual,[(1, 8, 0.0, 0.8449346171312818)],[(1, 8)],,
105.024,actual,[(1, 8, 0.0, 0.8479843096682907)],[(1, 8)],,
105.520,actual,[(1, 8, 0.0, 0.8606589897688978)],[(1, 8)],,
106.016,actual,[(1, 8, 0.0, 0.8779838180208233)],[(1, 8)],,
106.528,[1, 2, 3, 4, 5, 6, 7, 8],[],,,
107.024,[1, 2, 3, 4, 5, 6, 7, 8],[],,,
107.520,[1, 2, 3, 4, 5, 6, 7, 8],[],,,
108.016,[1, 2, 3, 4, 5, 6, 7, 8],[],,,
108.528,[1, 2, 3, 4, 5, 6, 7, 8],[],,,
109.024,[1, 2, 3, 4, 5, 6, 7, 8],[],,,
109.520,[1, 2, 3, 4, 5, 6, 7, 8],[],,,
110.016,[1, 2, 3, 4, 5, 6, 7, 8],[],,,
110.528,[1, 2, 3, 4, 5, 6, 7, 8],[],,,
111.024,[1, 2, 3, 4, 5, 6, 7, 8],[],,,
111.520,[1, 2, 3, 4, 5, 6, 7, 8],[],,,
112.016,[1, 2, 3, 4, 5, 6, 7, 8],[],,,
112.528,[1, 2, 3, 4, 5, 6, 7, 8],[],,,
113.024,[1, 2, 3, 4, 5, 6, 7, 8],[],,,
113.520,[1, 2, 3, 4, 5, 6, 7, 8],[(2, 5, 6.0, 0.7654110741401646), (3, 7, 5.25, 0.7790584376703338)],,,
114.016,[1, 2, 3, 4, 5, 6, 7, 8],[],,,
114.528,[1, 2, 3, 4, 5, 6, 7, 8],[],,,
115.024,[1, 2, 3, 4, 5, 6, 7, 8],[],,,
115.520,[1, 2, 3, 4, 5, 6, 7, 8],[],,,
116.016,[1, 2, 3, 4, 5, 6, 7, 8],[],,,
116.528,[1, 2, 3, 4, 5, 6, 7, 8],[],,,
117.024,[1, 2, 3, 4, 5, 6, 7, 8],[],,,
117.520,[1, 2, 3, 4, 5, 6, 7, 8],[],,,
118.016,[1, 2, 3, 4, 5, 6, 7, 8],[],,,
118.528,[1, 2, 3, 4, 5, 6, 7, 8],[],,,
119.024,[1, 2, 3, 4, 5, 6, 7, 8],[(3, 7, 6.75, 0.7687798867895778)],,,
119.520,[1, 2, 3, 4, 5, 6, 7, 8],[],,,
120.016,[1, 2, 3, 4, 5, 6, 7, 8],[],,,
120.528,[1, 2, 3, 4, 5, 6, 7, 8],[],,,
121.024,[1, 2, 3, 4, 5, 6, 7, 8],[],,,
121.520,[1, 2, 3, 4, 5, 6, 7, 8],[(3, 6, 8.75, 0.759933826912109)],,,
122.016,[1, 2, 3, 4, 5, 6, 7, 8],[],,,
122.528,[1, 2, 3, 4, 5, 6, 7, 8],[],,,
123.024,[1, 2, 3, 4, 5, 6, 7, 8],[],,,
123.520,[1, 2, 3, 4, 5, 6, 7, 8],[],,,
124.016,[1, 2, 3, 4, 5, 6, 7, 8],[],,,
124.528,[1, 2, 3, 4, 5, 6, 7, 8],[],,,
125.024,[1, 2, 3, 4, 5, 6, 7, 8],[],,,
125.520,[1, 2, 3, 4, 5, 6, 7, 8],[],,,
126.016,[1, 2, 3, 4, 5, 6, 7, 8],[],,,
126.528,[1, 2, 3, 4, 5, 6, 7, 8],[],,,
127.024,[1, 2, 3, 4, 5, 6, 7, 8],[],,,
127.520,actual,[(3, 7, 0.0, 0.8798490701309352)],[(3, 7)],,
128.016,actual,[(3, 7, 0.0, 0.8846599546074643)],[(3, 7)],,
128.528,actual,[(3, 7, 0.0, 0.8986488862387029)],[(3, 7)],,
129.024,[1, 2, 3, 4, 5, 6, 7, 8],[(3, 6, 8.5, 0.7607128376666594)],,,
129.520,[1, 2, 3, 4, 5, 6, 7, 8],[],,,
130.016,[1, 2, 3, 4, 5, 6, 7, 8],[],,,
130.528,[1, 2, 3, 4, 5, 6, 7, 8],[],,,
131.024,[1, 2, 3, 4, 5, 6, 7, 8],[],,,
131.520,[1, 2, 3, 4, 5, 6, 7, 8],[],,,
132.016,[1, 2, 3, 4, 5, 6, 7, 8],[],,,
132.528,[1, 2, 3, 4, 5, 6, 7, 8],[],,,
133.024,[1, 2, 3, 4, 5, 6, 7, 8],[],,,
133.520,[1, 2, 3, 4, 5, 6, 7, 8],[],,,
134.016,[1, 2, 3, 4, 5, 6, 7, 8],[],,,
134.528,[1, 2, 3, 4, 5, 6, 7, 8],[],,,
135.024,[1, 2, 3, 4, 5, 6, 7, 8],[],,,
135.520,[1, 2, 3, 4, 5, 6, 7, 8],[],,,
136.016,[1, 2, 3, 4, 5, 6, 7, 8],[],,,
136.528,[1, 2, 3, 4, 5, 6, 7, 8],[],,,
137.024,[1, 2, 3, 4, 5, 6, 7, 8],[],,,
137.520,[1, 2, 3, 4, 5, 6, 7, 8],[],,,
138.016,[1, 2, 3, 4, 5, 6, 7, 8],[],,,
138.528,[1, 2, 3, 4, 5, 6, 7, 8],[],,,
139.024,actual,[(3, 6, 0.0, 0.8846392073208783)],[(3, 6)],,
139.520,actual,[(3, 6, 0.0, 0.8435572612633662)],[(3, 6)],,
140.016,actual,[(3, 6, 0.0, 0.8176794522675743)],[(3, 6)],,
140.528,actual,[(3, 6, 0.0, 0.7966630654033858)],[(3, 6)],,
141.024,actual,[(3, 6, 0.0, 0.7830204427053059)],[(3, 6)],,
141.520,actual,[(3, 6, 0.0, 0.7737708937138901)],[(3, 6)],,
142.016,actual,[(3, 6, 0.0, 0.7694327348810652)],[(3, 6)],,
142.528,actual,[(3, 6, 0.0, 0.7678307085566972)],[(3, 6)],,
143.024,actual,[(3, 6, 0.0, 0.7678066465778817)],[(3, 6)],,
143.520,actual,[(3, 6, 0.0, 0.7582981060686451)],[(3, 6)],,
144.016,actual,[(3, 6, 0.0, 0.7534213572575346)],[(3, 6)],,
144.528,actual,[(3, 6, 0.0, 0.7583334465716115)],[(3, 6)],,
145.024,actual,[(3, 6, 0.0, 0.7656151190029533)],[(3, 6)],,
145.520,actual,[(3, 6, 0.0, 0.7706385925605885)],[(3, 6)],,
146.016,actual,[(3, 6, 0.0, 0.7754853395186834)],[(3, 6)],,
146.528,actual,[(3, 6, 0.0, 0.7864385124895703)],[(3, 6)],,
147.024,actual,[(3, 6, 0.0, 0.8021433869781676)],[(3, 6)],,
147.520,actual,[(3, 6, 0.0, 0.8256437015247272)],[(3, 6)],,
148.016,actual,[(3, 6, 0.0, 0.8577911326396559)],[(3, 6)],,
148.528,actual,[(3, 6, 0.0, 0.8975891289460456)],[(3, 6)],,
149.024,[1, 2, 3, 4, 5, 6, 7, 8],[(2, 5, 6.75, 0.7680001388503565)],,,
149.520,[1, 2, 3, 4, 5, 6, 7, 8],[],,,
150.016,[1, 2, 3, 4, 5, 6, 7, 8],[],,,
150.528,[1, 2, 3, 4, 5, 6, 7, 8],[],,,
151.024,[1, 2, 3, 4, 5, 6, 7, 8],[],,,
151.520,[1, 2, 3, 4, 5, 6, 7, 8],[],,,
152.016,[1, 2, 3, 4, 5, 6, 7, 8],[],,,
152.528,[1, 2, 3, 4, 5, 6, 7, 8],[],,,
153.024,[1, 2, 3, 4, 5, 6, 7, 8],[],,,
153.520,[1, 2, 3, 4, 5, 6, 7, 8],[],,,
154.016,[1, 2, 3, 4, 5, 6, 7, 8],[],,,
154.528,[1, 2, 3, 4, 5, 6, 7, 8],[],,,
155.024,[1, 2, 3, 4, 5, 6, 7, 8],[],,,
155.520,[1, 2, 3, 4, 5, 6, 7, 8],[],,,
156.016,[1, 2, 3, 4, 5, 6, 7, 8],[],,,
156.528,[1, 2, 3, 4, 5, 6, 7, 8],[],,,
157.024,[1, 2, 3, 4, 5, 6, 7, 8],[],,,
157.520,[1, 2, 3, 4, 5, 6, 7, 8],[(2, 5, 1.5, 0.7594298165067902)],,,
158.032,[1, 2, 3, 4, 5, 6, 7, 8],[(2, 5, 4.5, 0.7719051171546456)],,,
158.528,[1, 2, 3, 4, 5, 6, 7, 8],[(2, 5, 4.5, 0.7779867996245065)],,,
159.024,[1, 2, 3, 4, 5, 6, 7, 8],[(2, 5, 2.0, 0.7635512698770347)],,,
159.520,[1, 2, 3, 4, 5, 6, 7, 8],[(2, 5, 1.75, 0.7746059916370452)],,,
160.032,[1, 2, 3, 4, 5, 6, 7, 8],[(2, 5, 2.0, 0.7636084797863703)],,,
160.528,[1, 2, 3, 4, 5, 6, 7, 8],[(2, 5, 2.0, 0.777723780544909)],,,
161.024,actual,[(2, 5, 0.0, 0.8858162984401214)],[(2, 5)],,
161.520,actual,[(2, 5, 0.0, 0.8643897099936573)],[(2, 5)],,
162.032,actual,[(2, 5, 0.0, 0.8452497771653597)],[(2, 5)],,
162.528,actual,[(2, 5, 0.0, 0.8287714328023139)],[(2, 5)],,
163.024,actual,[(2, 5, 0.0, 0.8366326797634259)],[(2, 5)],,
163.520,actual,[(2, 5, 0.0, 0.8448352887939669)],[(2, 5)],,
164.032,actual,[(2, 5, 0.0, 0.8534362809900741)],[(2, 5)],,
164.528,actual,[(2, 5, 0.0, 0.8652226242791937)],[(2, 5)],,
165.024,actual,[(2, 5, 0.0, 0.8791470427750694)],[(2, 5)],,
165.520,actual,[(2, 5, 0.0, 0.8942497927581351)],[(2, 5)],,
166.032,[1, 2, 3, 4, 5, 6, 7, 8],[],,,
166.528,[1, 2, 3, 4, 5, 6, 7, 8],[],,,
167.024,[1, 2, 3, 4, 5, 6, 7, 8],[],,,
167.520,[1, 2, 3, 4, 5, 6, 7, 8],[],,,
168.032,[1, 2, 3, 4, 5, 6, 7, 8],[],,,
168.528,[1, 2, 3, 4, 5, 6, 7, 8],[],,,
169.024,[1, 2, 3, 4, 5, 6, 7, 8],[(3, 4, 6.0, 0.7656845030739063)],,,
169.520,[1, 2, 3, 4, 5, 6, 7, 8],[(3, 4, 6.75, 0.7177279666831147)],,,
170.032,[1, 2, 3, 4, 5, 6, 7, 8],[(3, 4, 5.25, 0.6944121930875764)],,,
170.528,[1, 2, 3, 4, 5, 6, 7, 8],[(3, 4, 5.0, 0.7246625068929703)],,,
171.024,[1, 2, 3, 4, 5, 6, 7, 8],[(3, 4, 4.75, 0.7581003215328415)],,,
171.520,[1, 2, 3, 4, 5, 6, 7, 8],[(3, 4, 4.75, 0.6933976836977187)],,,
172.032,[1, 2, 3, 4, 5, 6, 7, 8],[(3, 4, 4.5, 0.7281500346474276)],,,
172.528,[1, 2, 3, 4, 5, 6, 7, 8],[(3, 4, 4.25, 0.7476853544520399)],,,
173.024,[1, 2, 3, 4, 5, 6, 7, 8],[],,,
173.520,actual,[(2, 5, 0.0, 0.8921193583651883)],[(2, 5)],,
174.032,actual,[(2, 5, 0.0, 0.8691952586768936)],[(2, 5)],,
174.528,actual,[(2, 5, 0.0, 0.867978616618291)],[(2, 5)],,
175.024,actual,[(2, 5, 0.0, 0.894551907452495)],[(2, 5)],,
175.520,[1, 2, 3, 4, 5, 6, 7, 8],[],,,
176.032,[1, 2, 3, 4, 5, 6, 7, 8],[],,,
176.528,[1, 2, 3, 4, 5, 6, 7, 8],[],,,
177.024,[1, 2, 3, 4, 5, 6, 7, 8],[],,,
177.520,[1, 2, 3, 4, 5, 6, 7, 8],[],,,
178.032,[2, 3, 4, 5, 6, 7, 8],[],,,
178.528,[1, 2, 3, 4, 5, 6, 7, 8],[(1, 2, 10.0, 0.775571310001271)],,,
179.024,[1, 2, 3, 4, 5, 6, 7, 8],[],,,
179.520,[1, 2, 3, 4, 5, 6, 7, 8],[],,,
