sim_time,trajectories,conflicts,components,actions
1.520,[1, 2, 3],[],,,
2.016,[1, 2, 3],[],,,
2.528,[1, 2, 3],[],,,
3.024,[1, 2, 3],[],,,
3.520,[1, 2, 3],[],,,
4.016,[1, 2, 3],[],,,
4.528,[1, 2, 3],[],,,
5.024,[1, 2, 3],[],,,
5.520,[1, 2, 3],[],,,
6.016,[1, 2, 3],[],,,
6.528,[1, 2, 3],[],,,
7.024,[1, 2, 3],[],,,
7.520,[1, 2, 3],[],,,
8.016,[1, 2, 3],[],,,
8.528,[1, 2, 3],[],,,
9.024,[1, 2, 3],[],,,
9.520,[1, 2, 3],[],,,
10.016,[1, 2, 3, 4],[],,,
10.528,[1, 2, 3, 4],[],,,
11.024,[1, 2, 3, 4],[],,,
11.520,[1, 2, 3, 4],[],,,
12.016,[1, 2, 3, 4],[],,,
12.528,[1, 2, 3, 4],[],,,
13.024,[1, 2, 3, 4],[],,,
13.520,[1, 2, 3, 4],[],,,
14.016,[1, 2, 3, 4],[],,,
14.528,[1, 2, 3, 4],[],,,
15.024,[1, 2, 3, 4],[],,,
15.520,[1, 2, 3, 4],[],,,
16.016,[1, 2, 3, 4],[],,,
16.528,[1, 2, 3, 4],[],,,
17.024,[1, 2, 3, 4],[],,,
17.520,[1, 2, 3, 4],[],,,
18.032,[1, 2, 3, 4],[],,,
18.528,[1, 2, 3, 4],[],,,
19.024,[1, 2, 3, 4],[],,,
19.520,[1, 2, 3, 4],[],,,
20.032,[1, 2, 3, 4],[],,,
20.528,[1, 2, 3, 4],[],,,
21.024,[1, 2, 3, 4],[],,,
21.520,[1, 2, 3, 4],[],,,
22.032,[1, 2, 3, 4],[],,,
22.528,[1, 2, 3, 4],[],,,
23.024,[1, 2, 3, 4],[],,,
23.520,[1, 2, 3, 4, 5, 7],[],,,
24.032,[1, 2, 3, 4, 5, 7],[],,,
24.528,[1, 2, 3, 4, 5, 7],[],,,
25.024,[1, 2, 3, 4, 5, 7],[],,,
25.520,[1, 2, 3, 4, 5, 7],[],,,
26.032,[1, 2, 3, 4, 5, 6, 7, 8],[],,,
26.528,[1, 2, 3, 4, 5, 6, 7, 8],[],,,
27.024,[1, 2, 3, 4, 5, 6, 7, 8],[],,,
27.520,[1, 2, 3, 4, 5, 6, 7, 8],[],,,
28.032,[1, 2, 3, 4, 5, 6, 7, 8],[],,,
28.528,[1, 2, 3, 4, 5, 6, 7, 8],[],,,
29.024,[1, 2, 3, 4, 5, 6, 7, 8],[],,,
29.520,[1, 2, 3, 4, 5, 6, 7, 8],[],,,
30.032,[1, 2, 3, 4, 5, 6, 7, 8],[],,,
30.528,[1, 2, 3, 4, 5, 6, 7, 8],[],,,
31.024,[1, 2, 3, 4, 5, 6, 7, 8],[],,,
31.520,[1, 2, 3, 4, 5, 6, 7, 8],[],,,
32.032,[1, 2, 3, 4, 5, 6, 7, 8],[],,,
32.528,[1, 2, 3, 4, 5, 6, 7, 8],[],,,
33.024,[1, 2, 3, 4, 5, 6, 7, 8],[],,,
33.520,[1, 2, 3, 4, 5, 6, 7, 8],[],,,
34.032,[1, 2, 3, 4, 5, 6, 7, 8],[],,,
34.528,[1, 2, 3, 4, 5, 6, 7, 8],[],,,
35.024,[1, 2, 3, 4, 5, 6, 7, 8],[],,,
35.520,[1, 2, 3, 4, 5, 6, 7, 8],[],,,
36.032,[1, 2, 3, 4, 5, 6, 7, 8],[],,,
36.528,[1, 2, 3, 4, 5, 6, 7, 8],[],,,
37.024,[1, 2, 3, 4, 5, 6, 7, 8],[],,,
37.520,[1, 2, 3, 4, 5, 6, 7, 8],[],,,
38.032,[1, 2, 3, 4, 5, 6, 7, 8],[],,,
38.528,[1, 2, 3, 4, 5, 6, 7, 8],[],,,
39.024,[1, 2, 3, 4, 5, 6, 7, 8],[],,,
39.520,[1, 2, 3, 4, 5, 6, 7, 8],[],,,
40.032,[1, 2, 3, 4, 5, 6, 7, 8],[],,,
40.528,[1, 2, 3, 4, 5, 6, 7, 8],[],,,
41.024,[1, 2, 3, 4, 5, 6, 7, 8],[],,,
41.520,[1, 2, 3, 4, 5, 6, 7, 8],[],,,
42.032,[1, 2, 3, 4, 5, 6, 7, 8],[],,,
42.528,[1, 2, 3, 4, 5, 6, 7, 8],[],,,
43.024,[1, 2, 3, 4, 5, 6, 7, 8],[],,,
43.520,[1, 2, 3, 4, 5, 6, 7, 8],[],,,
44.032,[1, 2, 3, 4, 5, 6, 7, 8],[],,,
44.528,[1, 2, 3, 4, 5, 6, 8],[],,,
45.024,[1, 2, 3, 4, 5, 6, 8],[],,,
45.520,[1, 2, 3, 4, 5, 6, 8],[],,,
46.032,[1, 2, 3, 4, 5, 6, 8],[],,,
46.528,[1, 2, 3, 4, 5, 6, 8],[],,,
47.024,[1, 2, 3, 4, 5, 6, 8],[],,,
47.520,[1, 2, 3, 4, 5, 6, 8],[],,,
48.032,[1, 2, 3, 4, 5, 6, 8],[],,,
48.528,[1, 2, 3, 4, 5, 6, 8],[],,,
49.024,[1, 2, 3, 4, 5, 6, 8],[],,,
49.520,[1, 2, 3, 4, 5, 6, 7, 8],[],,,
50.032,[1, 2, 3, 4, 5, 6, 7, 8],[],,,
50.528,[1, 2, 3, 4, 5, 6, 7, 8],[(2, 3, 2.25, 0.7129352733539693), (3, 5, 4.25, 0.7010905903323845)],,,
51.024,[1, 2, 3, 4, 5, 6, 7, 8],[(2, 5, 6.0, 0.7028024301805289)],,,
51.520,[1, 2, 3, 4, 5, 6, 7, 8],[],,,
52.032,[1, 2, 3, 4, 5, 6, 7, 8],[(2, 3, 5.75, 0.7179800409213531)],,,
52.528,[1, 2, 3, 4, 5, 6, 7, 8],[],,,
53.024,[1, 2, 3, 4, 5, 6, 7, 8],[],,,
53.520,[1, 2, 3, 4, 5, 6, 7, 8],[],,,
54.032,[1, 2, 3, 4, 5, 6, 7, 8],[],,,
54.528,[1, 2, 3, 4, 5, 6, 7, 8],[],,,
55.024,[1, 2, 3, 4, 5, 6, 7, 8],[],,,
55.520,[1, 2, 3, 4, 5, 6, 7, 8],[],,,
56.032,[1, 2, 3, 4, 5, 6, 7, 8],[],,,
56.528,[1, 2, 3, 4, 5, 6, 7, 8],[],,,
57.024,[1, 2, 3, 4, 5, 6, 7, 8],[],,,
57.520,[1, 2, 3, 4, 5, 6, 7, 8],[],,,
58.032,[1, 2, 3, 4, 5, 6, 7, 8],[],,,
58.528,[1, 2, 3, 4, 5, 6, 7, 8],[],,,
59.024,[1, 2, 3, 4, 5, 6, 7, 8],[],,,
59.520,[1, 2, 3, 4, 5, 6, 7, 8],[],,,
60.032,[1, 2, 3, 4, 5, 6, 7, 8],[],,,
60.528,[1, 2, 3, 4, 5, 6, 7, 8],[],,,
61.024,[1, 2, 3, 4, 5, 6, 7, 8],[],,,
61.520,[1, 2, 3, 4, 5, 6, 7, 8],[],,,
62.032,[1, 2, 3, 4, 5, 6, 7, 8],[],,,
62.528,[1, 2, 3, 4, 5, 6, 7, 8],[],,,
63.024,[1, 2, 3, 4, 5, 6, 7, 8],[],,,
63.520,[1, 2, 3, 4, 5, 6, 7, 8],[],,,
64.032,[1, 2, 3, 4, 5, 6, 7, 8],[],,,
64.528,[1, 2, 3, 4, 5, 6, 7, 8],[],,,
65.024,[1, 2, 3, 4, 5, 6, 7, 8],[],,,
65.520,[1, 2, 3, 4, 5, 6, 7, 8],[],,,
66.032,[1, 2, 3, 4, 5, 6, 7, 8],[],,,
66.528,[1, 2, 3, 4, 5, 6, 7, 8],[],,,
67.024,[1, 2, 3, 4, 5, 6, 7, 8],[],,,
67.520,[1, 2, 3, 4, 5, 6, 7, 8],[],,,
68.032,[1, 2, 3, 4, 5, 6, 7, 8],[],,,
68.528,[1, 2, 3, 4, 5, 6, 7, 8],[],,,
69.024,[1, 2, 3, 4, 5, 6, 7, 8],[],,,
69.520,[1, 2, 3, 4, 5, 6, 7, 8],[],,,
70.032,[1, 2, 3, 4, 5, 6, 7, 8],[],,,
70.528,[1, 2, 3, 4, 5, 6, 7, 8],[],,,
71.024,[1, 2, 3, 4, 5, 6, 7, 8],[],,,
71.520,[1, 2, 3, 4, 5, 6, 7, 8],[],,,
72.032,[1, 2, 3, 4, 5, 6, 7, 8],[],,,
72.528,[1, 2, 3, 4, 5, 6, 7, 8],[],,,
73.024,[1, 2, 3, 4, 5, 6, 7, 8],[],,,
73.520,[1, 2, 3, 4, 5, 6, 7, 8],[],,,
74.032,[1, 2, 3, 4, 5, 6, 7, 8],[],,,
74.528,[1, 2, 3, 4, 5, 6, 7, 8],[],,,
75.024,[1, 2, 3, 4, 5, 6, 7, 8],[],,,
75.520,[1, 2, 3, 4, 5, 6, 7, 8],[],,,
76.032,[1, 2, 3, 4, 5, 6, 7, 8],[],,,
76.528,[1, 2, 3, 4, 5, 6, 7, 8],[],,,
77.024,[1, 2, 3, 4, 5, 6, 7, 8],[],,,
77.520,[1, 2, 3, 4, 5, 6, 7, 8],[],,,
78.032,[1, 2, 3, 4, 5, 6, 7, 8],[],,,
78.528,[1, 2, 3, 4, 5, 6, 7, 8],[],,,
79.024,[1, 2, 3, 4, 5, 6, 7, 8],[],,,
79.520,[1, 2, 3, 4, 5, 6, 7, 8],[],,,
80.016,[1, 2, 3, 4, 5, 6, 7, 8],[],,,
80.528,[1, 2, 3, 4, 5, 6, 7, 8],[],,,
81.024,[1, 2, 3, 4, 5, 6, 7, 8],[],,,
81.520,[1, 2, 3, 4, 5, 6, 7, 8],[],,,
82.016,[1, 2, 3, 4, 5, 6, 7, 8],[],,,
82.528,[1, 2, 3, 4, 5, 6, 7, 8],[],,,
83.024,[1, 2, 3, 4, 5, 6, 7, 8],[],,,
83.520,[1, 2, 3, 4, 5, 6, 7, 8],[],,,
84.016,[1, 2, 3, 4, 5, 6, 7, 8],[],,,
84.528,[1, 2, 3, 4, 5, 6, 7, 8],[],,,
85.024,[1, 2, 3, 4, 5, 6, 7, 8],[],,,
85.520,[1, 2, 3, 4, 5, 6, 7, 8],[],,,
86.016,[1, 2, 3, 4, 5, 6, 7, 8],[],,,
86.528,[1, 2, 3, 4, 5, 6, 7, 8],[],,,
87.024,[1, 2, 3, 4, 5, 6, 7, 8],[],,,
87.520,[1, 2, 3, 4, 5, 6, 7, 8],[],,,
88.016,[1, 2, 3, 4, 5, 6, 7, 8],[],,,
88.528,[1, 2, 3, 4, 5, 6, 7, 8],[],,,
89.024,[1, 2, 3, 4, 5, 6, 7, 8],[],,,
89.520,[1, 2, 3, 4, 5, 6, 7, 8],[],,,
90.016,[1, 2, 3, 4, 5, 6, 7, 8],[],,,
90.528,[1, 2, 3, 4, 5, 6, 7, 8],[],,,
91.024,[1, 2, 3, 4, 5, 6, 7, 8],[],,,
91.520,[1, 2, 3, 4, 5, 6, 7, 8],[],,,
92.016,[1, 2, 3, 4, 5, 6, 7, 8],[],,,
92.528,[1, 2, 3, 4, 5, 6, 7, 8],[],,,
93.024,[1, 2, 3, 4, 5, 6, 7, 8],[],,,
93.520,[1, 2, 3, 4, 5, 6, 7, 8],[],,,
94.016,[1, 2, 3, 4, 5, 6, 7, 8],[],,,
94.528,[1, 2, 3, 4, 5, 6, 7, 8],[],,,
95.024,[1, 2, 3, 4, 5, 6, 7, 8],[],,,
95.520,[1, 2, 3, 4, 5, 6, 7, 8],[],,,
96.016,[1, 2, 3, 4, 5, 6, 7, 8],[],,,
96.528,[1, 2, 3, 4, 5, 6, 7, 8],[],,,
97.024,[1, 2, 3, 4, 5, 6, 7, 8],[],,,
97.520,[1, 2, 3, 4, 5, 6, 7, 8],[],,,
98.016,[1, 2, 3, 4, 5, 6, 7, 8],[],,,
98.528,[1, 2, 3, 4, 5, 6, 7, 8],[],,,
99.024,[1, 2, 3, 4, 5, 6, 7, 8],[],,,
99.520,[1, 2, 3, 4, 5, 6, 7, 8],[],,,
100.016,[1, 2, 3, 4, 5, 6, 7, 8],[],,,
100.528,actual,[(1, 6, 0.0, 0.8434206254474094)],[(1, 6)],speed_replan
101.024,actual,[(1, 6, 0.0, 0.8403228777922391)],[(1, 6)],speed_replan
101.520,actual,[(1, 6, 0.0, 0.8394750821111191)],[(1, 6)],speed_replan
102.016,actual,[(1, 6, 0.0, 0.8404081824546177)],[(1, 6)],speed_replan
102.528,actual,[(1, 6, 0.0, 0.8432975226862128)],[(1, 6)],speed_replan
103.024,actual,[(1, 6, 0.0, 0.8480992397080591)],[(1, 6)],speed_replan
103.520,[1, 2, 3, 4, 5, 6, 7, 8],[],,,
104.016,[1, 2, 3, 4, 5, 6, 7, 8],[],,,
104.528,[1, 2, 3, 4, 5, 6, 7, 8],[],,,
105.024,[1, 2, 3, 4, 5, 6, 7, 8],[],,,
105.520,[1, 2, 3, 4, 5, 6, 7, 8],[],,,
106.016,[1, 2, 3, 4, 5, 6, 7, 8],[],,,
106.528,[1, 2, 3, 4, 5, 6, 7, 8],[],,,
107.024,[1, 2, 3, 4, 5, 6, 7, 8],[],,,
107.520,[1, 2, 3, 4, 5, 6, 7, 8],[],,,
108.016,[1, 2, 3, 4, 5, 6, 7, 8],[],,,
108.528,[1, 2, 3, 4, 5, 6, 7, 8],[],,,
109.024,[1, 2, 3, 4, 5, 6, 7, 8],[],,,
109.520,[1, 2, 3, 4, 5, 6, 7, 8],[],,,
110.016,[1, 2, 3, 4, 5, 6, 7, 8],[],,,
110.528,[1, 2, 3, 4, 5, 6, 7, 8],[],,,
111.024,[1, 2, 3, 4, 5, 6, 7, 8],[],,,
111.520,[1, 2, 3, 4, 5, 6, 7, 8],[],,,
112.016,[1, 2, 3, 4, 5, 6, 7, 8],[],,,
112.528,[1, 2, 3, 4, 5, 6, 7, 8],[],,,
113.024,[1, 2, 3, 4, 5, 6, 7, 8],[],,,
113.520,[1, 2, 3, 4, 5, 6, 7, 8],[],,,
114.016,[1, 2, 3, 4, 5, 6, 7, 8],[],,,
114.528,[1, 2, 3, 4, 5, 6, 7, 8],[],,,
115.024,[1, 2, 3, 4, 5, 6, 7, 8],[],,,
115.520,[1, 2, 3, 4, 5, 6, 7, 8],[],,,
116.016,[1, 2, 3, 4, 5, 6, 7, 8],[],,,
116.528,[1, 2, 3, 4, 5, 6, 7, 8],[],,,
117.024,[1, 2, 3, 4, 5, 6, 7, 8],[],,,
117.520,[1, 2, 3, 4, 5, 6, 7, 8],[],,,
118.016,[1, 2, 3, 4, 5, 6, 7, 8],[],,,
118.528,[1, 2, 3, 4, 5, 6, 7, 8],[],,,
119.024,[1, 2, 3, 4, 5, 6, 7, 8],[],,,
119.520,[1, 2, 3, 4, 5, 6, 7, 8],[],,,
120.016,[1, 2, 3, 4, 5, 6, 7, 8],[],,,
120.528,[1, 2, 3, 4, 5, 6, 7, 8],[],,,
121.024,[1, 2, 3, 4, 5, 6, 7, 8],[],,,
121.520,[1, 2, 3, 4, 5, 6, 7, 8],[],,,
122.016,[1, 2, 3, 4, 5, 6, 7, 8],[],,,
122.528,[1, 2, 3, 4, 5, 6, 7, 8],[],,,
123.024,[1, 2, 3, 4, 5, 6, 7, 8],[],,,
123.520,[1, 2, 3, 4, 5, 6, 7, 8],[],,,
124.016,[1, 2, 3, 4, 5, 6, 7, 8],[],,,
124.528,[1, 2, 3, 4, 5, 6, 7, 8],[],,,
125.024,[1, 2, 3, 4, 5, 6, 7, 8],[],,,
125.520,[1, 2, 3, 4, 5, 6, 7, 8],[],,,
126.016,[1, 2, 3, 4, 5, 6, 7, 8],[],,,
126.528,[1, 2, 3, 4, 5, 6, 7, 8],[],,,
127.024,[1, 2, 3, 4, 5, 6, 7, 8],[],,,
127.520,[1, 2, 3, 4, 5, 6, 7, 8],[],,,
128.016,[1, 2, 3, 4, 5, 6, 7, 8],[],,,
128.528,[1, 2, 3, 4, 5, 6, 7, 8],[],,,
129.024,[1, 2, 3, 4, 5, 6, 7, 8],[],,,
129.520,[1, 2, 3, 4, 5, 6, 7, 8],[],,,
130.016,[1, 2, 3, 4, 5, 6, 7, 8],[],,,
130.528,[1, 2, 3, 4, 5, 6, 7, 8],[],,,
131.024,[1, 2, 3, 4, 5, 6, 7, 8],[],,,
131.520,[1, 2, 3, 4, 5, 6, 7, 8],[],,,
132.016,[1, 2, 3, 4, 5, 6, 7, 8],[],,,
132.528,[1, 2, 3, 4, 5, 6, 7, 8],[],,,
133.024,[1, 2, 3, 4, 5, 6, 7, 8],[],,,
133.520,[1, 2, 3, 4, 5, 6, 7, 8],[],,,
134.016,[1, 2, 3, 4, 5, 6, 7, 8],[],,,
134.528,[1, 2, 3, 4, 5, 6, 7, 8],[],,,
135.024,[1, 2, 3, 4, 5, 6, 7, 8],[],,,
135.520,[1, 2, 3, 4, 5, 6, 7, 8],[],,,
136.016,[1, 2, 3, 4, 5, 6, 7, 8],[],,,
136.528,[1, 2, 3, 4, 5, 6, 7, 8],[],,,
137.024,[1, 2, 3, 4, 5, 6, 7, 8],[],,,
137.520,[1, 2, 3, 4, 5, 6, 7, 8],[],,,
138.016,[1, 2, 3, 4, 5, 6, 7, 8],[],,,
138.528,[1, 2, 3, 4, 5, 6, 7, 8],[],,,
139.024,[1, 2, 3, 4, 5, 6, 7, 8],[],,,
139.520,[1, 2, 3, 4, 5, 6, 7, 8],[],,,
140.016,[1, 2, 3, 4, 5, 6, 7, 8],[],,,
140.528,[1, 2, 3, 4, 5, 6, 7, 8],[],,,
141.024,[1, 2, 3, 4, 5, 6, 7, 8],[],,,
141.520,[1, 2, 3, 4, 5, 6, 7, 8],[],,,
142.016,[1, 2, 3, 4, 5, 6, 7, 8],[],,,
142.528,[1, 2, 3, 4, 5, 6, 7, 8],[],,,
143.024,[1, 2, 4, 5, 6, 7, 8],[],,,
143.520,[1, 2, 3, 4, 5, 6, 7, 8],[],,,
144.016,[1, 2, 3, 4, 5, 6, 7, 8],[],,,
144.528,[1, 2, 3, 4, 5, 6, 7, 8],[],,,
145.024,[1, 2, 3, 4, 5, 6, 7, 8],[],,,
145.520,[1, 2, 3, 4, 5, 6, 7, 8],[],,,
146.016,[1, 2, 3, 4, 5, 6, 7, 8],[],,,
146.528,[1, 2, 3, 4, 5, 6, 7, 8],[],,,
147.024,[1, 2, 3, 4, 5, 6, 7, 8],[],,,
147.520,[1, 2, 3, 4, 5, 6, 7, 8],[],,,
148.016,[1, 2, 3, 4, 5, 6, 7, 8],[],,,
148.528,[1, 2, 3, 4, 5, 6, 7, 8],[],,,
149.024,[1, 2, 3, 4, 5, 6, 7, 8],[],,,
149.520,[1, 2, 3, 4, 5, 6, 7, 8],[],,,
150.016,[1, 2, 3, 4, 5, 6, 7, 8],[],,,
150.528,[1, 2, 3, 4, 5, 6, 7, 8],[],,,
151.024,[1, 2, 3, 4, 5, 6, 7, 8],[],,,
151.520,[1, 2, 3, 4, 5, 6, 7, 8],[],,,
152.016,[1, 2, 3, 4, 5, 6, 7, 8],[],,,
152.528,[1, 2, 3, 4, 5, 6, 7, 8],[],,,
153.024,[1, 2, 3, 4, 5, 6, 7, 8],[],,,
153.520,[1, 2, 3, 4, 5, 6, 7, 8],[],,,
154.016,[1, 2, 3, 4, 5, 6, 7, 8],[],,,
154.528,[1, 2, 3, 4, 5, 6, 7, 8],[],,,
155.024,[1, 2, 3, 4, 5, 6, 7, 8],[],,,
155.520,[1, 2, 3, 4, 5, 6, 7, 8],[],,,
156.016,[1, 2, 3, 4, 5, 6, 7, 8],[],,,
156.528,[1, 2, 3, 4, 5, 6, 7, 8],[],,,
157.024,[1, 2, 3, 4, 5, 6, 7, 8],[],,,
157.520,[1, 2, 3, 4, 5, 6, 7, 8],[],,,
158.032,[1, 2, 3, 4, 5, 6, 7, 8],[],,,
158.528,[1, 2, 3, 4, 5, 6, 7, 8],[],,,
159.024,[1, 2, 3, 4, 5, 6, 7, 8],[],,,
159.520,[1, 2, 3, 4, 5, 6, 7, 8],[],,,
160.032,[1, 2, 3, 4, 5, 6, 7, 8],[],,,
160.528,[1, 2, 3, 4, 5, 6, 7, 8],[],,,
161.024,[1, 2, 3, 4, 5, 6, 7, 8],[],,,
161.520,[1, 2, 3, 4, 5, 6, 7, 8],[],,,
162.032,[1, 2, 3, 4, 5, 6, 7, 8],[],,,
162.528,[1, 2, 3, 4, 5, 6, 7, 8],[],,,
163.024,[1, 2, 3, 4, 5, 6, 7, 8],[],,,
163.520,[1, 2, 3, 4, 5, 6, 7, 8],[],,,
164.032,[1, 2, 3, 4, 5, 6, 7, 8],[],,,
164.528,[1, 2, 3, 4, 5, 6, 7, 8],[],,,
165.024,[1, 2, 3, 4, 5, 6, 7, 8],[],,,
165.520,[1, 2, 3, 4, 5, 6, 7, 8],[],,,
166.032,[1, 2, 3, 4, 5, 6, 7, 8],[],,,
166.528,[1, 2, 3, 4, 5, 6, 7, 8],[],,,
167.024,[1, 2, 3, 4, 5, 6, 7, 8],[],,,
167.520,[1, 2, 3, 4, 5, 6, 7, 8],[],,,
168.032,[1, 2, 3, 4, 5, 6, 7, 8],[],,,
168.528,[1, 2, 3, 4, 5, 6, 7, 8],[],,,
169.024,[1, 2, 3, 4, 5, 6, 7, 8],[],,,
169.520,[1, 2, 3, 4, 5, 6, 7, 8],[],,,
170.032,[1, 2, 3, 4, 5, 6, 7, 8],[],,,
170.528,[1, 2, 3, 4, 5, 6, 7, 8],[],,,
171.024,[1, 2, 3, 4, 5, 6, 7, 8],[],,,
171.520,[1, 2, 3, 4, 5, 6, 7, 8],[],,,
172.032,[1, 2, 3, 4, 5, 6, 7, 8],[],,,
172.528,[1, 2, 3, 4, 5, 6, 7, 8],[],,,
173.024,[1, 2, 3, 4, 5, 6, 7, 8],[],,,
173.520,[1, 2, 3, 4, 5, 6, 7, 8],[],,,
174.032,[1, 2, 3, 4, 5, 6, 7, 8],[],,,
174.528,[1, 2, 3, 4, 5, 6, 7, 8],[],,,
175.024,[1, 2, 3, 4, 5, 6, 7, 8],[],,,
175.520,[1, 2, 3, 4, 5, 6, 7, 8],[],,,
176.032,[1, 2, 3, 4, 5, 6, 7, 8],[],,,
176.528,[1, 2, 3, 4, 5, 6, 7, 8],[],,,
177.024,[1, 2, 3, 4, 5, 6, 7, 8],[],,,
177.520,[1, 2, 3, 4, 5, 6, 7, 8],[],,,
178.032,[1, 2, 3, 4, 5, 6, 7, 8],[],,,
178.528,[1, 2, 3, 4, 5, 6, 7, 8],[],,,
179.024,[1, 2, 3, 4, 5, 6, 7, 8],[],,,
179.520,[1, 2, 3, 4, 5, 6, 7, 8],[],,,
180.032,[1, 2, 3, 4, 5, 6, 7, 8],[],,,
180.528,[1, 2, 3, 4, 5, 6, 7, 8],[],,,
181.024,[1, 2, 3, 4, 5, 6, 7, 8],[],,,
181.520,[1, 2, 3, 4, 5, 6, 7, 8],[],,,
182.032,[1, 2, 3, 4, 5, 6, 7, 8],[],,,
182.528,[1, 2, 3, 4, 5, 6, 7, 8],[],,,
183.024,[1, 2, 3, 4, 5, 6, 7, 8],[],,,
183.520,[1, 2, 3, 4, 5, 6, 7, 8],[],,,
184.032,[1, 2, 3, 4, 5, 6, 7, 8],[],,,
184.528,[1, 2, 3, 4, 5, 6, 7, 8],[],,,
185.024,[1, 2, 3, 4, 5, 6, 7, 8],[],,,
185.520,[1, 2, 3, 4, 5, 6, 7, 8],[],,,
186.032,[1, 2, 3, 4, 5, 6, 7, 8],[],,,
186.528,[1, 2, 3, 4, 5, 6, 7, 8],[],,,
187.024,[1, 2, 3, 4, 5, 6, 7, 8],[],,,
187.520,[1, 2, 3, 4, 5, 6, 7, 8],[],,,
188.032,[1, 2, 3, 4, 5, 6, 7, 8],[],,,
188.528,[1, 2, 3, 4, 5, 6, 7, 8],[],,,
189.024,[1, 2, 3, 4, 5, 6, 7, 8],[],,,
189.520,[1, 2, 3, 4, 5, 6, 7, 8],[],,,
190.032,[1, 2, 3, 4, 5, 6, 7, 8],[],,,
190.528,[1, 2, 3, 4, 5, 6, 7, 8],[],,,
191.024,[1, 2, 3, 4, 5, 6, 7, 8],[],,,
191.520,[1, 2, 3, 4, 5, 6, 7, 8],[],,,
192.032,[1, 2, 3, 4, 5, 6, 7, 8],[],,,
192.528,[1, 2, 3, 4, 5, 6, 7, 8],[],,,
193.024,[1, 2, 3, 4, 5, 6, 7, 8],[],,,
193.520,[1, 2, 3, 4, 5, 6, 7, 8],[],,,
194.032,[1, 2, 3, 4, 5, 6, 7, 8],[],,,
194.528,[1, 2, 3, 4, 5, 6, 7, 8],[],,,
195.024,[1, 2, 3, 4, 5, 6, 7, 8],[],,,
195.520,[1, 2, 3, 4, 5, 6, 7, 8],[],,,
196.032,[1, 2, 3, 4, 5, 6, 7, 8],[],,,
196.528,[1, 2, 3, 4, 5, 6, 7, 8],[],,,
197.024,[1, 2, 3, 4, 5, 6, 7, 8],[],,,
197.520,[1, 2, 3, 4, 5, 6, 7, 8],[],,,
198.032,[1, 2, 3, 4, 5, 6, 7, 8],[],,,
198.528,[1, 2, 3, 4, 5, 6, 7, 8],[],,,
199.024,[1, 2, 3, 4, 5, 6, 7, 8],[],,,
199.520,[1, 2, 3, 4, 5, 6, 7, 8],[],,,
200.032,[1, 2, 3, 4, 5, 6, 7, 8],[],,,
200.528,[1, 2, 3, 4, 5, 6, 7, 8],[],,,
201.024,[1, 2, 3, 4, 5, 6, 7, 8],[],,,
201.520,[1, 2, 3, 4, 5, 6, 7, 8],[(5, 8, 5.0, 0.7114131021566985)],,,
202.032,[1, 2, 3, 4, 5, 6, 7, 8],[(5, 8, 4.75, 0.6902164736229355)],,,
202.528,[1, 2, 3, 4, 5, 6, 7, 8],[(5, 8, 5.0, 0.6745845319279058)],,,
203.024,[1, 2, 3, 4, 5, 6, 7, 8],[],,,
203.520,[1, 2, 3, 4, 5, 6, 7, 8],[],,,
204.032,[1, 2, 3, 4, 5, 6, 7, 8],[],,,
204.528,[1, 2, 3, 4, 5, 6, 7, 8],[],,,
205.024,[1, 2, 3, 4, 5, 6, 7, 8],[],,,
205.520,[1, 2, 3, 4, 5, 6, 7, 8],[],,,
206.032,[1, 2, 3, 4, 5, 6, 7, 8],[],,,
206.528,[1, 2, 3, 4, 5, 6, 7, 8],[],,,
207.024,[1, 2, 3, 4, 5, 6, 7, 8],[],,,
207.520,[1, 2, 3, 4, 5, 6, 7, 8],[],,,
208.032,[1, 2, 3, 4, 5, 6, 7, 8],[],,,
208.528,[1, 2, 3, 4, 5, 6, 7, 8],[],,,
209.024,[1, 2, 3, 4, 5, 6, 7, 8],[],,,
209.520,[1, 2, 3, 4, 5, 6, 7, 8],[],,,
210.032,[1, 2, 3, 4, 5, 6, 7, 8],[],,,
210.528,[1, 2, 3, 4, 5, 6, 8],[],,,
211.024,[1, 2, 3, 4, 5, 6, 7, 8],[],,,
211.520,[1, 2, 3, 4, 5, 6, 7, 8],[],,,
212.032,[1, 2, 3, 4, 5, 6, 7, 8],[],,,
212.528,[1, 2, 3, 4, 5, 6, 7, 8],[],,,
213.024,[1, 2, 3, 4, 5, 6, 7, 8],[],,,
213.520,[1, 2, 3, 4, 5, 6, 7, 8],[],,,
214.032,[1, 2, 3, 4, 5, 6, 7, 8],[],,,
214.528,[1, 2, 3, 4, 5, 6, 7, 8],[],,,
215.024,[1, 2, 3, 4, 5, 6, 7, 8],[],,,
215.520,[1, 2, 3, 4, 5, 6, 7, 8],[],,,
216.032,[1, 2, 3, 4, 5, 6, 7, 8],[],,,
216.528,[1, 2, 3, 4, 5, 6, 7, 8],[],,,
217.024,[1, 2, 3, 4, 5, 6, 7, 8],[],,,
217.520,[1, 2, 3, 4, 5, 6, 7, 8],[],,,
218.032,[1, 2, 3, 4, 5, 6, 7, 8],[],,,
218.528,[1, 2, 3, 4, 5, 6, 7, 8],[],,,
219.024,[1, 2, 3, 4, 5, 6, 7, 8],[],,,
219.520,[1, 2, 3, 4, 5, 6, 7, 8],[],,,
220.032,[1, 2, 3, 4, 5, 6, 7, 8],[],,,
220.528,[1, 2, 3, 4, 5, 6, 7, 8],[],,,
221.024,[1, 2, 3, 4, 5, 6, 7, 8],[],,,
221.520,[1, 2, 3, 4, 5, 6, 7, 8],[],,,
222.032,[1, 2, 3, 4, 5, 6, 7, 8],[],,,
222.528,[1, 2, 3, 4, 5, 6, 7, 8],[],,,
223.024,[1, 2, 3, 4, 5, 6, 7, 8],[],,,
223.520,[1, 2, 3, 4, 5, 6, 7, 8],[],,,
224.032,[1, 2, 3, 4, 5, 6, 7, 8],[],,,
224.528,[1, 2, 3, 4, 5, 6, 7, 8],[],,,
225.024,[1, 2, 3, 4, 5, 6, 7, 8],[],,,
225.520,[1, 2, 3, 4, 5, 6, 7, 8],[],,,
226.032,[1, 2, 3, 4, 5, 6, 7, 8],[],,,
226.528,[1, 2, 3, 4, 5, 6, 7, 8],[],,,
227.024,[1, 2, 3, 4, 5, 6, 7, 8],[],,,
227.520,[1, 2, 3, 4, 5, 6, 7, 8],[],,,
228.032,[1, 2, 3, 4, 5, 6, 7, 8],[],,,
228.528,[1, 2, 3, 4, 5, 6, 7, 8],[],,,
229.024,[1, 2, 3, 4, 5, 6, 7, 8],[],,,
229.520,[1, 2, 3, 4, 5, 6, 7, 8],[],,,
230.032,[1, 2, 3, 4, 5, 6, 7, 8],[],,,
230.528,[1, 2, 3, 4, 5, 6, 7, 8],[],,,
231.024,[1, 2, 3, 4, 5, 6, 7, 8],[],,,
231.520,[1, 2, 3, 4, 5, 6, 7, 8],[],,,
232.032,[1, 2, 3, 4, 5, 6, 7, 8],[],,,
232.528,[1, 2, 3, 4, 5, 6, 7, 8],[],,,
233.024,[1, 2, 3, 4, 5, 6, 7, 8],[],,,
233.520,[1, 2, 3, 4, 5, 6, 7, 8],[],,,
234.032,[1, 2, 3, 4, 5, 6, 7, 8],[],,,
234.528,[1, 2, 3, 4, 5, 6, 7, 8],[],,,
235.024,[1, 2, 3, 4, 5, 6, 7, 8],[],,,
235.520,[1, 2, 3, 4, 5, 6, 7, 8],[],,,
236.032,[1, 2, 3, 4, 5, 6, 7, 8],[],,,
236.528,[1, 2, 3, 4, 5, 6, 7, 8],[],,,
237.024,[1, 2, 3, 4, 5, 6, 7, 8],[],,,
237.520,[1, 2, 3, 4, 5, 6, 7, 8],[],,,
238.032,[1, 2, 3, 4, 5, 6, 7, 8],[],,,
238.528,[1, 2, 3, 4, 5, 6, 7],[],,,
239.024,[1, 2, 3, 4, 5, 6, 7],[],,,
239.520,[1, 2, 3, 4, 5, 6, 7],[],,,
240.032,[1, 2, 3, 4, 5, 6, 7],[],,,
240.528,[1, 2, 3, 4, 5, 6, 7],[],,,
241.024,[1, 2, 3, 4, 5, 6, 7, 8],[],,,
241.520,[1, 2, 3, 4, 5, 6, 7, 8],[],,,
242.032,actual,[(2, 4, 0.0, 0.8437703573423789)],[(2, 4)],speed_replan
242.528,[1, 2, 3, 4, 5, 6, 7, 8],[],,,
243.024,[1, 2, 3, 4, 5, 6, 7, 8],[],,,
243.520,[1, 2, 3, 4, 5, 6, 7, 8],[],,,
244.032,[1, 2, 3, 4, 5, 6, 7, 8],[],,,
244.528,[1, 2, 3, 4, 5, 6, 7, 8],[],,,
245.024,[1, 2, 3, 4, 5, 6, 7, 8],[],,,
245.520,[1, 2, 3, 4, 5, 6, 7, 8],[],,,
246.032,[1, 2, 3, 4, 5, 6, 7, 8],[],,,
246.528,[1, 2, 3, 4, 5, 6, 7, 8],[],,,
247.024,[1, 2, 3, 4, 5, 6, 7, 8],[],,,
247.520,[1, 2, 3, 4, 5, 6, 7, 8],[],,,
248.032,[1, 2, 3, 4, 5, 6, 7, 8],[],,,
248.528,[1, 2, 3, 4, 5, 6, 7, 8],[],,,
249.024,[1, 2, 3, 4, 5, 6, 7, 8],[],,,
249.520,[1, 2, 3, 4, 5, 6, 7, 8],[],,,
250.032,[1, 2, 3, 4, 5, 6, 7, 8],[],,,
250.528,[1, 2, 3, 4, 5, 6, 7, 8],[],,,
251.024,[1, 2, 3, 4, 5, 6, 7, 8],[],,,
251.520,[1, 2, 3, 4, 5, 6, 7, 8],[],,,
252.032,[1, 2, 3, 4, 5, 6, 7, 8],[],,,
252.528,[1, 2, 3, 4, 5, 6, 7, 8],[],,,
253.024,[1, 2, 3, 4, 5, 6, 7, 8],[],,,
253.520,[1, 2, 3, 4, 5, 6, 7, 8],[],,,
254.032,[1, 2, 3, 4, 5, 6, 7, 8],[],,,
254.528,[1, 2, 3, 4, 5, 6, 7, 8],[],,,
255.024,[1, 2, 3, 4, 5, 6, 7, 8],[],,,
255.520,[1, 2, 3, 4, 5, 6, 7, 8],[],,,
256.032,[1, 2, 3, 4, 5, 6, 7, 8],[],,,
256.528,[1, 2, 3, 4, 5, 6, 7, 8],[],,,
257.024,[1, 2, 3, 4, 5, 6, 7, 8],[],,,
257.520,[1, 2, 3, 4, 5, 6, 7, 8],[],,,
258.032,[1, 2, 3, 4, 5, 6, 7, 8],[],,,
258.528,[1, 2, 3, 4, 5, 6, 7, 8],[],,,
259.024,[1, 2, 3, 4, 5, 6, 7, 8],[],,,
259.520,[1, 2, 3, 4, 5, 6, 7, 8],[],,,
260.032,[1, 2, 3, 4, 5, 6, 7, 8],[],,,
260.528,[1, 2, 3, 4, 5, 6, 7, 8],[],,,
261.024,[1, 2, 3, 4, 5, 6, 7, 8],[],,,
261.520,[1, 2, 3, 4, 5, 6, 7, 8],[],,,
262.032,[1, 2, 3, 4, 5, 6, 7, 8],[],,,
262.528,[1, 2, 3, 4, 5, 6, 7, 8],[],,,
263.024,[1, 2, 3, 4, 5, 6, 7, 8],[],,,
263.520,[1, 2, 3, 4, 5, 6, 7, 8],[],,,
264.032,[1, 2, 3, 4, 5, 6, 7, 8],[],,,
264.528,[1, 2, 3, 4, 5, 6, 7, 8],[],,,
265.024,[1, 2, 3, 4, 5, 6, 7, 8],[],,,
265.520,[1, 2, 3, 4, 5, 6, 7, 8],[],,,
266.032,[1, 2, 3, 4, 5, 6, 7, 8],[],,,
266.528,[1, 2, 3, 4, 5, 6, 7, 8],[],,,
267.024,[1, 2, 3, 4, 5, 6, 7, 8],[],,,
267.520,[1, 2, 3, 4, 5, 6, 7, 8],[],,,
268.032,[1, 2, 3, 4, 5, 6, 7, 8],[],,,
268.528,[1, 2, 3, 4, 5, 6, 7, 8],[],,,
269.024,[1, 2, 3, 4, 5, 6, 7, 8],[],,,
269.520,[1, 2, 3, 4, 5, 6, 7, 8],[],,,
270.032,[1, 2, 3, 4, 5, 6, 7, 8],[],,,
270.528,[1, 2, 3, 4, 5, 6, 7, 8],[],,,
271.024,[1, 2, 3, 4, 5, 6, 7, 8],[],,,
271.520,[1, 2, 3, 4, 5, 6, 7, 8],[],,,
272.032,actual,[(2, 5, 0.0, 0.8327944821770517)],[(2, 5)],speed_replan
272.528,actual,[(2, 5, 0.0, 0.8335715089894161)],[(2, 5)],speed_replan
273.024,actual,[(2, 5, 0.0, 0.8354886807260928)],[(2, 5)],speed_replan
273.520,actual,[(2, 5, 0.0, 0.8389808410429561)],[(2, 5)],speed_replan
274.032,actual,[(2, 5, 0.0, 0.8445188966241466)],[(2, 5)],speed_replan
274.528,[1, 2, 3, 4, 5, 6, 7, 8],[],,,
275.024,[1, 2, 3, 4, 5, 6, 7, 8],[],,,
275.520,[1, 2, 3, 4, 5, 6, 7, 8],[],,,
276.032,[1, 2, 3, 4, 5, 6, 7, 8],[],,,
276.528,[1, 2, 3, 4, 5, 6, 7, 8],[],,,
277.024,[1, 2, 3, 4, 5, 6, 7, 8],[],,,
277.520,[1, 2, 3, 4, 5, 6, 7, 8],[],,,
278.032,[1, 2, 3, 4, 5, 6, 7, 8],[],,,
278.528,[1, 2, 3, 4, 5, 6, 7, 8],[],,,
279.024,[1, 2, 3, 4, 5, 6, 7, 8],[],,,
279.520,[1, 2, 3, 4, 5, 6, 7, 8],[],,,
280.032,[1, 2, 3, 4, 5, 6, 7, 8],[],,,
280.528,[1, 2, 3, 4, 5, 6, 7, 8],[],,,
281.024,[1, 2, 3, 4, 5, 6, 7, 8],[],,,
281.520,[1, 2, 3, 4, 5, 6, 7, 8],[],,,
282.032,[1, 2, 3, 4, 5, 6, 7, 8],[],,,
282.528,[1, 2, 3, 4, 5, 6, 7, 8],[],,,
283.024,[1, 2, 3, 4, 5, 6, 7, 8],[],,,
283.520,[1, 2, 3, 4, 5, 6, 7, 8],[],,,
284.032,[1, 2, 3, 4, 5, 6, 7, 8],[],,,
284.528,[1, 2, 3, 4, 5, 6, 7, 8],[],,,
285.024,[1, 2, 3, 4, 5, 6, 7, 8],[],,,
285.520,[1, 2, 3, 4, 5, 6, 7, 8],[],,,
286.032,[1, 2, 3, 4, 5, 6, 7, 8],[],,,
286.528,[1, 2, 3, 4, 5, 6, 7, 8],[],,,
287.024,[1, 2, 3, 4, 5, 6, 7, 8],[],,,
287.520,[1, 2, 3, 4, 5, 6, 7, 8],[],,,
288.032,[1, 2, 3, 4, 5, 6, 7, 8],[],,,
288.528,[2, 3, 4, 5, 6, 7, 8],[],,,
289.024,[2, 3, 4, 5, 6, 7, 8],[],,,
289.520,actual,[(4, 6, 0.0, 0.8494146456827709)],[(4, 6)],speed_replan
290.032,actual,[(4, 6, 0.0, 0.8401637322751421)],[(4, 6)],speed_replan
290.528,actual,[(4, 6, 0.0, 0.8319420736974973)],[(4, 6)],speed_replan
291.024,actual,[(4, 6, 0.0, 0.8273048252588302)],[(4, 6)],speed_replan
291.520,actual,[(4, 6, 0.0, 0.8310718910238946)],[(4, 6)],speed_replan
292.032,actual,[(4, 6, 0.0, 0.8384667569484334)],[(4, 6)],speed_replan
292.528,actual,[(4, 6, 0.0, 0.8493338630808352)],[(4, 6)],speed_replan
293.024,[2, 3, 4, 5, 6, 7, 8],[],,,
293.520,[1, 2, 3, 4, 5, 6, 7, 8],[],,,
294.032,[1, 2, 3, 4, 5, 6, 7, 8],[],,,
294.528,[1, 2, 3, 4, 5, 6, 7, 8],[],,,
295.024,[1, 2, 3, 4, 5, 6, 7, 8],[],,,
295.520,[1, 2, 3, 4, 5, 6, 7, 8],[],,,
296.032,[1, 2, 3, 4, 5, 6, 7, 8],[],,,
296.528,[1, 2, 3, 4, 5, 6, 7, 8],[],,,
297.024,[1, 2, 3, 4, 5, 6, 7, 8],[],,,
297.520,[1, 2, 3, 4, 5, 6, 7, 8],[],,,
298.032,[1, 2, 3, 4, 5, 6, 7, 8],[],,,
298.528,[1, 2, 3, 4, 5, 6, 7, 8],[],,,
299.024,[1, 2, 3, 4, 5, 6, 7, 8],[],,,
299.520,[1, 2, 3, 4, 5, 6, 7, 8],[],,,
300.032,[1, 2, 3, 4, 5, 6, 7, 8],[],,,
300.528,[1, 2, 3, 4, 5, 6, 7, 8],[],,,
301.024,[1, 2, 3, 4, 5, 6, 7, 8],[],,,
301.520,[1, 2, 3, 4, 5, 6, 7, 8],[],,,
302.016,[1, 2, 3, 4, 5, 6, 7, 8],[],,,
302.528,[1, 2, 3, 4, 5, 6, 7, 8],[],,,
303.024,[1, 2, 3, 4, 5, 6, 7, 8],[],,,
303.520,[1, 2, 3, 4, 5, 6, 7, 8],[],,,
304.016,[1, 2, 3, 4, 5, 6, 7, 8],[],,,
304.528,[1, 2, 3, 4, 5, 6, 7, 8],[],,,
305.024,[1, 2, 3, 4, 5, 6, 7, 8],[],,,
305.520,[1, 2, 3, 4, 5, 6, 7, 8],[],,,
306.016,[1, 2, 3, 4, 5, 6, 7, 8],[],,,
306.528,[1, 2, 3, 4, 5, 6, 7, 8],[],,,
307.024,[1, 2, 3, 4, 5, 6, 7, 8],[],,,
307.520,[1, 2, 3, 4, 5, 6, 7, 8],[],,,
308.016,[1, 2, 3, 4, 5, 6, 7, 8],[],,,
308.528,[1, 2, 3, 4, 5, 6, 7, 8],[],,,
309.024,[1, 2, 3, 4, 5, 6, 7, 8],[],,,
309.520,[1, 2, 3, 4, 5, 6, 7, 8],[],,,
310.016,[1, 2, 3, 4, 5, 6, 7, 8],[],,,
310.528,[1, 2, 3, 4, 5, 6, 7, 8],[],,,
311.024,[1, 2, 3, 4, 5, 6, 7, 8],[],,,
311.520,[1, 2, 3, 4, 5, 6, 7, 8],[],,,
312.016,[1, 2, 3, 4, 5, 6, 7, 8],[],,,
312.528,[1, 2, 3, 4, 5, 6, 7, 8],[],,,
313.024,[1, 2, 3, 4, 5, 6, 7, 8],[],,,
313.520,[1, 2, 3, 4, 5, 6, 7, 8],[],,,
314.016,[1, 2, 3, 4, 5, 6, 7, 8],[],,,
314.528,[1, 2, 3, 4, 5, 6, 7, 8],[],,,
315.024,[1, 2, 3, 4, 5, 6, 7, 8],[],,,
315.520,[1, 2, 3, 4, 5, 6, 7, 8],[],,,
316.016,[1, 2, 3, 4, 5, 6, 7, 8],[],,,
316.528,[1, 2, 3, 4, 5, 6, 7, 8],[],,,
317.024,[1, 2, 3, 4, 5, 6, 7, 8],[],,,
317.520,[1, 2, 3, 4, 5, 6, 7, 8],[],,,
318.016,[1, 2, 3, 4, 5, 6, 7, 8],[],,,
318.528,[1, 2, 3, 4, 5, 6, 7, 8],[],,,
319.024,[1, 2, 3, 4, 5, 6, 7, 8],[],,,
319.520,[1, 2, 3, 4, 5, 6, 7, 8],[],,,
320.016,[1, 2, 3, 4, 5, 6, 7, 8],[],,,
320.528,[1, 2, 3, 4, 5, 6, 7, 8],[],,,
321.024,[1, 2, 3, 4, 5, 6, 7, 8],[],,,
321.520,[1, 2, 3, 4, 5, 6, 7, 8],[],,,
322.016,[1, 2, 3, 4, 5, 6, 7, 8],[],,,
322.528,[1, 2, 3, 4, 5, 6, 7, 8],[],,,
323.024,actual,[(2, 6, 0.0, 0.8495731832793894)],[(2, 6)],speed_replan
323.520,[1, 2, 3, 4, 5, 6, 7, 8],[],,,
324.016,[1, 2, 3, 4, 5, 6, 7, 8],[],,,
324.528,[1, 2, 3, 4, 5, 6, 7, 8],[],,,
325.024,[1, 2, 3, 4, 5, 6, 7, 8],[],,,
325.520,[1, 2, 3, 4, 5, 6, 7, 8],[],,,
326.016,[1, 2, 3, 4, 5, 6, 7, 8],[],,,
326.528,[1, 2, 3, 4, 5, 6, 7, 8],[],,,
327.024,[1, 2, 3, 4, 5, 6, 7, 8],[],,,
327.520,[1, 2, 3, 4, 5, 6, 7, 8],[],,,
328.016,[1, 2, 3, 4, 5, 6, 7, 8],[],,,
328.528,[1, 2, 3, 4, 5, 6, 7, 8],[],,,
329.024,[1, 2, 3, 4, 5, 6, 7, 8],[],,,
329.520,[1, 2, 3, 4, 5, 6, 7, 8],[],,,
330.016,[1, 2, 3, 4, 5, 6, 7, 8],[],,,
330.528,[1, 2, 3, 4, 5, 6, 7, 8],[],,,
331.024,[1, 2, 3, 4, 5, 6, 7, 8],[],,,
331.520,[1, 2, 3, 4, 5, 6, 7, 8],[],,,
332.016,[1, 2, 3, 4, 5, 6, 7, 8],[],,,
332.528,[1, 2, 3, 4, 5, 6, 7, 8],[],,,
333.024,[1, 2, 3, 4, 5, 6, 7, 8],[],,,
333.520,[1, 2, 3, 4, 5, 6, 7, 8],[],,,
334.016,[1, 2, 3, 4, 5, 6, 7, 8],[],,,
334.528,[1, 2, 3, 4, 5, 6, 7, 8],[],,,
335.024,[1, 2, 3, 4, 5, 6, 7, 8],[],,,
335.520,[1, 2, 3, 4, 5, 6, 7, 8],[],,,
336.016,[1, 2, 3, 4, 5, 6, 7, 8],[],,,
336.528,[1, 2, 3, 4, 5, 6, 7, 8],[],,,
337.024,[1, 2, 3, 4, 5, 6, 7, 8],[],,,
337.520,[1, 2, 3, 4, 5, 6, 7, 8],[(3, 5, 1.75, 0.7018902159507033)],,,
338.016,[1, 2, 3, 4, 5, 6, 7, 8],[(3, 8, 2.5, 0.7153752885849257)],,,
338.528,[1, 2, 3, 4, 5, 6, 7, 8],[(3, 5, 6.0, 0.7093300901269564), (3, 8, 5.75, 0.7119105139544617)],,,
339.024,[1, 2, 3, 4, 5, 6, 7, 8],[],,,
339.520,[1, 2, 3, 4, 5, 6, 7, 8],[],,,
340.016,[1, 2, 3, 4, 5, 6, 7, 8],[],,,
340.528,[1, 2, 3, 4, 5, 6, 7, 8],[],,,
341.024,[1, 2, 3, 4, 5, 6, 7, 8],[],,,
341.520,[1, 2, 3, 4, 5, 6, 7, 8],[],,,
342.016,[1, 2, 3, 4, 5, 6, 7, 8],[],,,
342.528,[1, 2, 3, 4, 5, 6, 7, 8],[],,,
343.024,[1, 2, 3, 4, 5, 6, 7, 8],[],,,
343.520,[1, 2, 3, 4, 5, 6, 7, 8],[],,,
344.016,[1, 2, 3, 4, 5, 6, 7, 8],[],,,
344.528,[1, 2, 3, 4, 5, 6, 7, 8],[],,,
345.024,[1, 2, 3, 4, 5, 6, 7, 8],[],,,
345.520,[1, 2, 3, 4, 5, 6, 7, 8],[],,,
346.016,[1, 2, 3, 4, 5, 6, 7, 8],[],,,
346.528,[1, 2, 3, 4, 5, 6, 7, 8],[],,,
347.024,[1, 2, 3, 4, 5, 6, 7, 8],[],,,
347.520,[1, 2, 3, 4, 5, 6, 7, 8],[],,,
348.016,[1, 2, 3, 4, 5, 6, 7, 8],[],,,
348.528,[1, 2, 3, 4, 5, 6, 7, 8],[],,,
349.024,[1, 2, 3, 4, 5, 6, 7, 8],[],,,
349.520,[1, 2, 3, 4, 5, 6, 7, 8],[],,,
350.016,actual,[(1, 6, 0.0, 0.8067615936913122)],[(1, 6)],speed_replan
350.528,actual,[(1, 6, 0.0, 0.7834521155545685), (3, 5, 0.0, 0.7816775517117814)],[(1, 6), (3, 5)],speed_replan
351.024,actual,[(1, 6, 0.0, 0.7520285555662912), (3, 5, 0.0, 0.7491096037842033)],[(1, 6), (3, 5)],speed_replan
351.520,actual,[(1, 6, 0.0, 0.7286466258077274), (3, 5, 0.0, 0.7140910670802822)],[(1, 6), (3, 5)],speed_replan
352.016,actual,[(1, 6, 0.0, 0.6966293313734412), (3, 5, 0.0, 0.6854235265113856)],[(1, 6), (3, 5)],speed_replan
352.528,actual,[(1, 6, 0.0, 0.6566741771465774), (3, 5, 0.0, 0.6548729089682276)],[(1, 6), (3, 5)],speed_replan
353.024,actual,[(1, 6, 0.0, 0.6181314885538194), (3, 5, 0.0, 0.6284966457768659)],[(1, 6), (3, 5)],speed_replan
353.520,actual,[(1, 6, 0.0, 0.5763140074448599), (3, 5, 0.0, 0.5999671186498448)],[(1, 6), (3, 5)],speed_replan
354.016,actual,[(1, 6, 0.0, 0.5383564659200685), (3, 5, 0.0, 0.5780087657437398)],[(1, 6), (3, 5)],speed_replan
354.528,actual,[(1, 6, 0.0, 0.500151544848443), (3, 5, 0.0, 0.5581065755734946)],[(1, 6), (3, 5)],speed_replan
355.024,actual,[(1, 6, 0.0, 0.4647965481591982), (3, 5, 0.0, 0.5420547381992321)],[(1, 6), (3, 5)],speed_replan
355.520,actual,[(1, 6, 0.0, 0.42944899529828706), (3, 5, 0.0, 0.5264227351819757)],[(1, 6), (3, 5)],speed_replan
356.016,actual,[(1, 6, 0.0, 0.40004403483610024), (3, 5, 0.0, 0.5178065312810494), (3, 8, 0.0, 0.8383812997938637)],[(1, 6), (3, 5, 8)],speed_replan
356.528,actual,[(1, 6, 0.0, 0.371099870541542), (3, 5, 0.0, 0.5039495099005078)],[(1, 6), (3, 5)],speed_replan
357.024,actual,[(1, 6, 0.0, 0.34836211031788894), (3, 5, 0.0, 0.5060504053898847)],[(1, 6), (3, 5)],speed_replan
357.520,actual,[(1, 6, 0.0, 0.3367484873163216), (3, 5, 0.0, 0.5194668053525839)],[(1, 6), (3, 5)],speed_replan
358.016,actual,[(1, 6, 0.0, 0.3271152610048348), (3, 5, 0.0, 0.5312120633173999)],[(1, 6), (3, 5)],speed_replan
358.528,actual,[(1, 6, 0.0, 0.318349392929942), (3, 5, 0.0, 0.5471792833283967)],[(1, 6), (3, 5)],speed_replan
359.024,actual,[(1, 6, 0.0, 0.3110129754174802), (3, 5, 0.0, 0.5655585080722176)],[(1, 6), (3, 5)],speed_replan
359.520,actual,[(1, 6, 0.0, 0.31690433399249607), (3, 5, 0.0, 0.5936879957500005)],[(1, 6), (3, 5)],speed_replan
360.016,actual,[(1, 6, 0.0, 0.3202922844940558), (3, 5, 0.0, 0.6162852240692367)],[(1, 6), (3, 5)],speed_replan
360.528,actual,[(1, 6, 0.0, 0.3250197773141278), (3, 5, 0.0, 0.6444728403797549)],[(1, 6), (3, 5)],speed_replan
361.024,actual,[(1, 6, 0.0, 0.32919800076144173), (3, 5, 0.0, 0.6721706515965036)],[(1, 6), (3, 5)],speed_replan
361.520,actual,[(1, 6, 0.0, 0.34050797063616317), (3, 5, 0.0, 0.7089732584451844)],[(1, 6), (3, 5)],speed_replan
362.016,actual,[(1, 6, 0.0, 0.3453378402560308), (3, 5, 0.0, 0.73954254310686)],[(1, 6), (3, 5)],speed_replan
362.528,actual,[(1, 6, 0.0, 0.3508283637390369), (3, 5, 0.0, 0.772488897988907), (5, 8, 0.0, 0.8447546450354672)],[(1, 6), (3, 5, 8)],speed_replan
363.024,actual,[(1, 6, 0.0, 0.3563332713391882), (3, 5, 0.0, 0.8427735206557685), (5, 8, 0.0, 0.8198529097550418)],[(1, 6), (3, 5, 8)],speed_replan
363.520,actual,[(1, 6, 0.0, 0.370167198838849), (5, 8, 0.0, 0.7959103975599925)],[(1, 6), (5, 8)],speed_replan
364.016,actual,[(1, 6, 0.0, 0.37843520693125615), (5, 8, 0.0, 0.7750115135234077)],[(1, 6), (5, 8)],speed_replan
364.528,actual,[(1, 6, 0.0, 0.3792718424864993), (5, 8, 0.0, 0.7551691312759805)],[(1, 6), (5, 8)],speed_replan
365.024,actual,[(1, 6, 0.0, 0.3878342498173262), (5, 8, 0.0, 0.7402329862609067)],[(1, 6), (5, 8)],speed_replan
365.520,actual,[(1, 6, 0.0, 0.39911484573661654), (5, 8, 0.0, 0.7298009509299813)],[(1, 6), (5, 8)],speed_replan
366.016,actual,[(1, 6, 0.0, 0.40992161147754796), (5, 8, 0.0, 0.7252036815388243)],[(1, 6), (5, 8)],speed_replan
366.528,actual,[(1, 6, 0.0, 0.4298641724381731), (5, 8, 0.0, 0.7237801119246182)],[(1, 6), (5, 8)],speed_replan
367.024,actual,[(1, 6, 0.0, 0.4551297550092036), (5, 8, 0.0, 0.7258075006122401)],[(1, 6), (5, 8)],speed_replan
367.520,actual,[(1, 6, 0.0, 0.4930036875826566), (5, 8, 0.0, 0.730646207804363)],[(1, 6), (5, 8)],speed_replan
368.016,actual,[(1, 6, 0.0, 0.5248992767886106), (5, 8, 0.0, 0.739266351946943)],[(1, 6), (5, 8)],speed_replan
368.528,actual,[(1, 6, 0.0, 0.5640591406657781), (5, 8, 0.0, 0.7521605105458535)],[(1, 6), (5, 8)],speed_replan
369.024,actual,[(1, 6, 0.0, 0.6022447606207906), (5, 8, 0.0, 0.7684368876043589)],[(1, 6), (5, 8)],speed_replan
369.520,actual,[(1, 6, 0.0, 0.6501455596943099), (5, 8, 0.0, 0.7885540100694961)],[(1, 6), (5, 8)],speed_replan
370.016,actual,[(1, 6, 0.0, 0.6911934049631946), (5, 8, 0.0, 0.8122255609082726)],[(1, 6), (5, 8)],speed_replan
370.528,actual,[(1, 6, 0.0, 0.7349712734816328), (5, 8, 0.0, 0.840068131895999)],[(1, 6), (5, 8)],speed_replan
371.024,actual,[(1, 6, 0.0, 0.7779288500802735)],[(1, 6)],speed_replan
371.520,actual,[(1, 6, 0.0, 0.8086806542501926)],[(1, 6)],speed_replan
372.016,actual,[(1, 6, 0.0, 0.8336902769874547)],[(1, 6)],speed_replan
372.528,[1, 2, 3, 4, 5, 6, 7, 8],[(5, 7, 2.0, 0.711870353137036)],,,
373.024,[1, 2, 3, 4, 5, 6, 7, 8],[(5, 7, 2.0, 0.7103366479075588)],,,
373.520,actual,[(5, 7, 0.0, 0.8431117021583246)],[(5, 7)],speed_replan
374.016,actual,[(5, 7, 0.0, 0.8247244333394526)],[(5, 7)],speed_replan
374.528,actual,[(5, 7, 0.0, 0.8069557107933333)],[(5, 7)],speed_replan
375.024,actual,[(5, 7, 0.0, 0.7912737625166922)],[(5, 7)],speed_replan
375.520,actual,[(5, 7, 0.0, 0.7770683447471851)],[(5, 7)],speed_replan
376.016,actual,[(5, 7, 0.0, 0.764822860557154)],[(5, 7)],speed_replan
376.528,actual,[(5, 7, 0.0, 0.7528522288513112)],[(5, 7)],speed_replan
377.024,actual,[(5, 7, 0.0, 0.7431722213013706)],[(5, 7)],speed_replan
377.520,actual,[(5, 7, 0.0, 0.7354373828963242)],[(5, 7)],speed_replan
378.016,actual,[(5, 7, 0.0, 0.7298435731222528)],[(5, 7)],speed_replan
378.528,actual,[(5, 7, 0.0, 0.7241355439532168)],[(5, 7)],speed_replan
379.024,actual,[(5, 7, 0.0, 0.7174963884462756)],[(5, 7)],speed_replan
379.520,actual,[(5, 7, 0.0, 0.7126691703973328)],[(5, 7)],speed_replan
380.016,actual,[(5, 7, 0.0, 0.7093359747408319)],[(5, 7)],speed_replan
380.528,actual,[(5, 7, 0.0, 0.7071506559972071)],[(5, 7)],speed_replan
381.024,actual,[(5, 7, 0.0, 0.7063557225669959)],[(5, 7)],speed_replan
381.520,actual,[(5, 7, 0.0, 0.7065574191882003)],[(5, 7)],speed_replan
382.016,actual,[(5, 7, 0.0, 0.7075137513467292)],[(5, 7)],speed_replan
382.528,actual,[(5, 7, 0.0, 0.7093521932938246)],[(5, 7)],speed_replan
383.024,actual,[(5, 7, 0.0, 0.7132336456763129)],[(5, 7)],speed_replan
383.520,actual,[(5, 7, 0.0, 0.7205723573156857)],[(5, 7)],speed_replan
384.016,actual,[(5, 7, 0.0, 0.7299685454754815)],[(5, 7)],speed_replan
384.528,actual,[(5, 7, 0.0, 0.742501987930362)],[(5, 7)],speed_replan
385.024,actual,[(5, 7, 0.0, 0.7565019931561209)],[(5, 7)],speed_replan
385.520,actual,[(5, 7, 0.0, 0.7732209003605561)],[(5, 7)],speed_replan
386.016,actual,[(5, 7, 0.0, 0.7932810477006902)],[(5, 7)],speed_replan
386.528,actual,[(5, 7, 0.0, 0.816837104575135)],[(5, 7)],speed_replan
387.024,actual,[(5, 7, 0.0, 0.8387099254647783)],[(5, 7)],speed_replan
387.520,[1, 2, 3, 4, 5, 6, 7, 8],[],,,
388.016,[1, 2, 3, 4, 5, 6, 7, 8],[],,,
388.528,[1, 2, 3, 4, 5, 6, 7, 8],[],,,
389.024,[1, 2, 3, 4, 5, 6, 7, 8],[],,,
389.520,[1, 2, 3, 4, 5, 6, 7, 8],[],,,
390.016,[1, 2, 3, 4, 5, 6, 7, 8],[],,,
390.528,[1, 2, 3, 4, 5, 6, 7, 8],[],,,
391.024,[1, 2, 3, 4, 5, 6, 7, 8],[],,,
391.520,[1, 2, 3, 4, 5, 6, 7, 8],[],,,
392.016,[1, 2, 3, 4, 5, 6, 7, 8],[],,,
392.528,[1, 2, 3, 4, 5, 6, 7, 8],[],,,
393.024,[1, 2, 3, 4, 5, 6, 7, 8],[],,,
393.520,[1, 2, 3, 4, 5, 6, 7, 8],[],,,
394.016,[1, 2, 3, 4, 5, 6, 7, 8],[],,,
394.528,[1, 2, 3, 4, 5, 6, 7, 8],[],,,
395.024,[1, 2, 3, 4, 5, 6, 7, 8],[],,,
395.520,[1, 2, 3, 4, 5, 6, 7, 8],[],,,
396.016,[1, 2, 3, 4, 5, 6, 7, 8],[],,,
396.528,[1, 2, 3, 4, 5, 6, 7, 8],[],,,
397.024,[1, 2, 3, 4, 5, 6, 7, 8],[],,,
397.520,[1, 2, 3, 4, 5, 6, 7, 8],[],,,
398.016,[1, 2, 3, 4, 5, 6, 7, 8],[],,,
398.528,[1, 2, 3, 4, 5, 6, 7, 8],[],,,
399.024,[1, 2, 3, 4, 5, 6, 7, 8],[],,,
399.520,[1, 2, 3, 4, 5, 6, 7, 8],[],,,
400.016,[1, 2, 3, 4, 5, 6, 7, 8],[],,,
400.528,[1, 2, 3, 4, 5, 6, 7, 8],[],,,
401.024,[1, 2, 3, 4, 5, 6, 7, 8],[],,,
401.520,[1, 2, 3, 4, 5, 6, 7, 8],[],,,
402.016,[1, 2, 3, 4, 5, 6, 7, 8],[],,,
402.528,[1, 2, 3, 4, 5, 6, 7, 8],[],,,
403.024,[1, 2, 3, 4, 5, 6, 7, 8],[],,,
403.520,[1, 2, 3, 4, 5, 6, 7, 8],[],,,
404.016,[1, 2, 3, 4, 5, 6, 7, 8],[],,,
404.528,[1, 2, 3, 4, 5, 6, 7, 8],[],,,
405.024,[1, 2, 3, 4, 5, 6, 7, 8],[],,,
405.520,[1, 2, 3, 4, 5, 6, 7, 8],[],,,
406.016,[1, 2, 3, 4, 5, 6, 7, 8],[],,,
406.528,[1, 2, 3, 4, 5, 6, 7, 8],[],,,
407.024,[1, 2, 3, 4, 5, 6, 7, 8],[],,,
407.520,[1, 2, 3, 4, 5, 6, 7, 8],[],,,
408.016,[1, 2, 3, 4, 5, 6, 7, 8],[],,,
408.528,[1, 2, 3, 4, 5, 6, 7, 8],[],,,
409.024,[1, 2, 3, 4, 5, 6, 7, 8],[],,,
409.520,[1, 2, 3, 4, 5, 6, 7, 8],[],,,
410.016,[1, 2, 3, 4, 5, 6, 7, 8],[],,,
410.528,[1, 2, 3, 4, 5, 6, 7, 8],[],,,
411.024,[1, 2, 3, 4, 5, 6, 7, 8],[],,,
411.520,[1, 2, 3, 4, 5, 6, 7, 8],[],,,
412.016,[1, 2, 3, 4, 5, 6, 7, 8],[],,,
412.528,[1, 2, 3, 4, 5, 6, 7, 8],[],,,
413.024,[1, 2, 3, 4, 5, 6, 7, 8],[],,,
413.520,[1, 2, 3, 4, 5, 6, 7, 8],[],,,
414.016,[1, 2, 3, 4, 5, 6, 7, 8],[],,,
414.528,[1, 2, 3, 4, 5, 6, 7, 8],[],,,
415.024,[1, 2, 3, 4, 5, 6, 7, 8],[],,,
415.520,[1, 2, 3, 4, 5, 6, 7, 8],[],,,
416.016,[1, 2, 3, 4, 5, 6, 7, 8],[],,,
416.528,[1, 2, 3, 4, 5, 6, 7, 8],[],,,
417.024,[1, 2, 3, 4, 5, 6, 7, 8],[],,,
417.520,[1, 2, 3, 4, 5, 6, 7, 8],[],,,
418.016,[1, 2, 3, 4, 5, 6, 7, 8],[],,,
418.528,[1, 2, 3, 4, 5, 6, 7, 8],[],,,
419.024,[1, 2, 3, 4, 5, 6, 7, 8],[],,,
419.520,[1, 2, 3, 4, 5, 6, 7, 8],[],,,
420.016,[1, 2, 3, 4, 5, 6, 7, 8],[],,,
420.528,[1, 2, 3, 4, 5, 6, 7, 8],[],,,
421.024,[1, 2, 3, 4, 5, 6, 7, 8],[],,,
421.520,[1, 2, 3, 4, 5, 6, 7, 8],[],,,
422.016,[1, 2, 3, 4, 5, 6, 7, 8],[],,,
422.528,[1, 2, 3, 4, 5, 6, 7, 8],[],,,
423.024,[1, 2, 4, 5, 6, 7, 8],[],,,
423.520,[1, 2, 4, 5, 6, 7, 8],[],,,
424.016,[1, 2, 4, 5, 6, 7, 8],[],,,
424.528,[1, 2, 4, 5, 6, 7, 8],[],,,
425.024,[1, 2, 4, 5, 6, 7, 8],[],,,
425.520,[1, 2, 4, 5, 6, 7, 8],[],,,
426.016,[1, 2, 4, 5, 6, 7, 8],[],,,
426.528,[1, 2, 4, 5, 6, 7, 8],[],,,
427.024,[1, 2, 4, 5, 6, 7, 8],[],,,
427.520,[1, 2, 4, 5, 6, 7, 8],[],,,
428.016,[1, 2, 4, 5, 6, 7, 8],[],,,
428.528,[1, 2, 3, 4, 5, 6, 7, 8],[],,,
429.024,[1, 2, 3, 4, 5, 6, 7, 8],[],,,
429.520,[1, 2, 3, 4, 5, 6, 7, 8],[],,,
430.016,[1, 2, 3, 4, 5, 6, 7, 8],[],,,
430.528,[1, 2, 3, 4, 5, 6, 7, 8],[],,,
431.024,[1, 2, 3, 4, 5, 6, 7, 8],[],,,
431.520,[1, 2, 3, 4, 5, 6, 7, 8],[],,,
432.016,[1, 2, 3, 4, 5, 6, 7, 8],[],,,
432.528,[1, 2, 3, 4, 5, 6, 7, 8],[],,,
433.024,[1, 2, 3, 4, 5, 6, 7, 8],[],,,
433.520,[1, 2, 3, 4, 5, 6, 7, 8],[],,,
434.016,[1, 2, 3, 4, 5, 6, 7, 8],[],,,
434.528,[1, 2, 3, 4, 5, 6, 7, 8],[],,,
435.024,[1, 2, 3, 4, 5, 6, 7, 8],[],,,
435.520,[1, 2, 3, 4, 5, 6, 7, 8],[],,,
436.016,[1, 2, 3, 4, 5, 6, 7, 8],[],,,
436.528,[1, 2, 3, 4, 5, 6, 7, 8],[],,,
437.024,[1, 2, 3, 4, 5, 6, 7, 8],[],,,
437.520,[1, 2, 3, 4, 5, 6, 7, 8],[],,,
438.016,[1, 2, 3, 4, 5, 6, 7, 8],[],,,
438.528,[1, 2, 3, 4, 5, 6, 7, 8],[],,,
439.024,[1, 2, 3, 4, 5, 6, 7, 8],[],,,
439.520,[1, 2, 3, 4, 5, 6, 7, 8],[],,,
440.016,[1, 2, 3, 4, 5, 6, 7, 8],[],,,
440.528,[1, 2, 3, 4, 5, 6, 7, 8],[],,,
441.024,[1, 2, 3, 4, 5, 6, 7, 8],[],,,
441.520,[1, 2, 3, 4, 5, 6, 7, 8],[],,,
442.016,[1, 2, 3, 4, 5, 6, 7, 8],[],,,
442.528,[1, 2, 3, 4, 5, 6, 7, 8],[],,,
443.024,[1, 2, 3, 4, 5, 6, 7, 8],[],,,
443.520,[1, 2, 3, 4, 5, 6, 7, 8],[],,,
444.016,[1, 2, 3, 4, 5, 6, 7, 8],[],,,
444.528,[1, 2, 3, 4, 5, 6, 7, 8],[],,,
445.024,[1, 2, 3, 4, 5, 6, 7, 8],[],,,
445.520,[1, 2, 3, 4, 5, 6, 7, 8],[],,,
446.016,[1, 2, 3, 4, 5, 6, 7, 8],[],,,
446.528,[1, 2, 3, 4, 5, 6, 7, 8],[],,,
447.024,[1, 2, 3, 4, 5, 6, 7, 8],[],,,
447.520,[1, 2, 3, 4, 5, 6, 7, 8],[],,,
448.016,[1, 2, 3, 4, 5, 6, 7, 8],[],,,
448.528,[1, 2, 3, 4, 5, 6, 7, 8],[],,,
449.024,[1, 2, 3, 4, 5, 6, 7, 8],[],,,
449.520,[1, 2, 3, 4, 5, 6, 7, 8],[],,,
450.016,[1, 2, 3, 4, 5, 6, 7, 8],[],,,
450.528,[1, 2, 3, 4, 5, 6, 7, 8],[],,,
451.024,[1, 2, 3, 4, 5, 6, 7, 8],[],,,
451.520,[1, 2, 3, 4, 5, 6, 7, 8],[],,,
452.016,[1, 2, 3, 4, 5, 6, 7, 8],[],,,
452.528,[1, 2, 3, 4, 5, 6, 7, 8],[],,,
453.024,[1, 2, 3, 4, 5, 6, 7, 8],[],,,
453.520,[1, 2, 3, 4, 5, 6, 7, 8],[],,,
454.016,[1, 2, 3, 4, 5, 6, 7, 8],[],,,
454.528,[1, 2, 3, 4, 5, 6, 7, 8],[],,,
455.024,actual,[(3, 8, 0.0, 0.8493042146298233)],[(3, 8)],speed_replan
455.520,[1, 2, 3, 4, 5, 6, 7, 8],[],,,
456.016,[1, 2, 3, 4, 5, 6, 7, 8],[],,,
456.528,[1, 2, 3, 4, 5, 6, 7, 8],[],,,
457.024,[1, 2, 3, 4, 5, 6, 7, 8],[],,,
457.520,[1, 2, 3, 4, 5, 6, 7, 8],[],,,
458.016,[1, 2, 3, 4, 5, 6, 7, 8],[],,,
458.528,[1, 2, 3, 4, 5, 6, 7, 8],[],,,
459.024,[1, 2, 3, 4, 5, 6, 7, 8],[],,,
459.520,[1, 2, 3, 4, 5, 6, 7, 8],[],,,
460.016,actual,[(4, 7, 0.0, 0.8443992264342651)],[(4, 7)],speed_replan
460.528,actual,[(4, 7, 0.0, 0.8420659914535381)],[(4, 7)],speed_replan
461.024,actual,[(4, 7, 0.0, 0.8429799420790839)],[(4, 7)],speed_replan
461.520,actual,[(4, 7, 0.0, 0.842593835884862)],[(4, 7)],speed_replan
462.016,actual,[(4, 7, 0.0, 0.8409894356082844)],[(4, 7)],speed_replan
462.528,actual,[(4, 7, 0.0, 0.8390474481817213)],[(4, 7)],speed_replan
463.024,actual,[(4, 7, 0.0, 0.8375588772247037)],[(4, 7)],speed_replan
463.520,actual,[(4, 7, 0.0, 0.8369142409372868)],[(4, 7)],speed_replan
464.016,actual,[(4, 7, 0.0, 0.8373000242144727)],[(4, 7)],speed_replan
464.528,actual,[(4, 7, 0.0, 0.8392704087207385)],[(4, 7)],speed_replan
465.024,actual,[(4, 7, 0.0, 0.8439546366646898)],[(4, 7)],speed_replan
465.520,[1, 2, 3, 4, 5, 6, 7, 8],[],,,
466.016,[1, 2, 3, 4, 5, 6, 7, 8],[],,,
466.528,[1, 2, 3, 4, 5, 6, 7, 8],[],,,
467.024,[1, 2, 3, 4, 5, 6, 7, 8],[],,,
467.520,[1, 2, 3, 4, 5, 6, 7, 8],[],,,
468.016,[1, 2, 3, 4, 5, 6, 7, 8],[],,,
468.528,[1, 2, 3, 4, 5, 6, 7, 8],[],,,
469.024,[1, 2, 3, 4, 5, 6, 7, 8],[],,,
469.520,[1, 2, 3, 4, 5, 6, 7, 8],[],,,
470.016,[1, 2, 3, 4, 5, 6, 7, 8],[],,,
470.528,[1, 2, 3, 4, 5, 6, 7, 8],[],,,
471.024,[1, 2, 3, 4, 5, 6, 7, 8],[],,,
471.520,[1, 2, 3, 4, 5, 6, 7, 8],[],,,
472.016,[1, 2, 3, 4, 5, 6, 7, 8],[(1, 2, 2.0, 0.6918214676848208)],,,
472.528,[1, 2, 3, 4, 5, 6, 7, 8],[],,,
473.024,[1, 2, 3, 4, 5, 6, 7, 8],[],,,
473.520,[1, 2, 3, 4, 5, 6, 7, 8],[],,,
474.016,[1, 2, 3, 4, 5, 6, 7, 8],[],,,
474.528,[1, 2, 3, 4, 5, 6, 7, 8],[],,,
475.024,[1, 2, 3, 4, 5, 6, 7, 8],[],,,
475.520,[1, 2, 3, 4, 5, 6, 7, 8],[],,,
476.016,[1, 2, 3, 4, 5, 6, 7, 8],[],,,
476.528,[1, 2, 3, 4, 5, 6, 7, 8],[],,,
477.024,[1, 2, 3, 4, 5, 6, 7, 8],[],,,
477.520,[1, 2, 3, 4, 5, 6, 7, 8],[],,,
478.016,actual,[(1, 2, 0.0, 0.8265250063121845)],[(1, 2)],speed_replan
478.528,actual,[(1, 2, 0.0, 0.8041209733677089)],[(1, 2)],speed_replan
479.024,actual,[(1, 2, 0.0, 0.7772347911008429)],[(1, 2)],speed_replan
479.520,actual,[(1, 2, 0.0, 0.7571665405475501), (3, 8, 0.0, 0.7904593389341487)],[(1, 2), (3, 8)],speed_replan
480.016,actual,[(1, 2, 0.0, 0.7479280498708447), (3, 8, 0.0, 0.7622615860909048)],[(1, 2), (3, 8)],speed_replan
480.528,actual,[(1, 2, 0.0, 0.7303470752010418), (2, 6, 0.0, 0.8403707891777067), (3, 8, 0.0, 0.7362025289511795)],[(1, 2, 6), (3, 8)],speed_replan
481.024,actual,[(1, 2, 0.0, 0.6945502080760096), (3, 8, 0.0, 0.7192648264492291)],[(1, 2), (3, 8)],speed_replan
481.520,actual,[(1, 2, 0.0, 0.6652744756855095), (3, 8, 0.0, 0.7021700512422747)],[(1, 2), (3, 8)],speed_replan
482.016,actual,[(1, 2, 0.0, 0.6386630116643928), (2, 6, 0.0, 0.8426210268705854), (3, 8, 0.0, 0.6913670634858161)],[(1, 2, 6), (3, 8)],speed_replan
482.528,actual,[(1, 2, 0.0, 0.5913093550359314), (3, 8, 0.0, 0.6836084709395133)],[(1, 2), (3, 8)],speed_replan
483.024,actual,[(1, 2, 0.0, 0.5653011398189131), (3, 8, 0.0, 0.679722924124355)],[(1, 2), (3, 8)],speed_replan
483.520,actual,[(1, 2, 0.0, 0.5366479666864884), (3, 8, 0.0, 0.6876360473929733)],[(1, 2), (3, 8)],speed_replan
484.016,actual,[(1, 2, 0.0, 0.5125772590187188), (2, 6, 0.0, 0.8391764995699889), (3, 8, 0.0, 0.7094885431420794)],[(1, 2, 6), (3, 8)],speed_replan
484.528,actual,[(1, 2, 0.0, 0.4749906849312259), (2, 6, 0.0, 0.8466698689452328), (3, 8, 0.0, 0.7371871610670299)],[(1, 2, 6), (3, 8)],speed_replan
485.024,actual,[(1, 2, 0.0, 0.43358397227953754), (3, 8, 0.0, 0.7540040304063501)],[(1, 2), (3, 8)],speed_replan
485.520,actual,[(1, 2, 0.0, 0.39732860891377286), (2, 6, 0.0, 0.8403897867902844), (3, 8, 0.0, 0.7649894484964413)],[(1, 2, 6), (3, 8)],speed_replan
486.016,actual,[(1, 2, 0.0, 0.33328308220274044), (3, 8, 0.0, 0.8018436105063514)],[(1, 2), (3, 8)],speed_replan
486.528,actual,[(1, 2, 0.0, 0.30386538774096616), (2, 6, 0.0, 0.8406566991491742), (3, 8, 0.0, 0.843561307998542)],[(1, 2, 6), (3, 8)],speed_replan
487.024,actual,[(1, 2, 0.0, 0.24379176766464875)],[(1, 2)],speed_replan
487.520,actual,[(1, 2, 0.0, 0.1944055301336644), (2, 6, 0.0, 0.8462787860098782)],[(1, 2, 6)],speed_replan
488.016,actual,[(1, 2, 0.0, 0.14159926047906546)],[(1, 2)],speed_replan
488.528,actual,[(1, 2, 0.0, 0.1381467913797326), (2, 6, 0.0, 0.8386783804851127)],[(1, 2, 6)],speed_replan
489.024,actual,[(1, 2, 0.0, 0.13782984066410958), (2, 6, 0.0, 0.8307982008267388)],[(1, 2, 6)],speed_replan
489.520,actual,[(1, 2, 0.0, 0.13822992087560024), (2, 6, 0.0, 0.8143818583626532)],[(1, 2, 6)],speed_replan
490.016,actual,[(1, 2, 0.0, 0.13989722817181424), (2, 6, 0.0, 0.8054831160240108)],[(1, 2, 6)],speed_replan
490.528,actual,[(1, 2, 0.0, 0.14334692745179115), (2, 6, 0.0, 0.7956225092400385)],[(1, 2, 6)],speed_replan
491.024,actual,[(1, 2, 0.0, 0.1483475447324862), (2, 6, 0.0, 0.7860295691070246)],[(1, 2, 6)],speed_replan
491.520,actual,[(1, 2, 0.0, 0.15506542614736785), (2, 6, 0.0, 0.7680238719989945)],[(1, 2, 6)],speed_replan
492.016,actual,[(1, 2, 0.0, 0.16007631892656515), (2, 6, 0.0, 0.7602379877914114)],[(1, 2, 6)],speed_replan
492.528,actual,[(1, 2, 0.0, 0.16541044861717394), (2, 6, 0.0, 0.7504477351041026)],[(1, 2, 6)],speed_replan
493.024,actual,[(1, 2, 0.0, 0.17104021095284688), (2, 6, 0.0, 0.7415745101058931)],[(1, 2, 6)],speed_replan
493.520,actual,[(1, 2, 0.0, 0.1777538413594342), (2, 6, 0.0, 0.7240046687782667)],[(1, 2, 6)],speed_replan
494.016,actual,[(1, 2, 0.0, 0.1849100563260762), (2, 6, 0.0, 0.714533573733919)],[(1, 2, 6)],speed_replan
494.528,actual,[(1, 2, 0.0, 0.19287945671662687), (2, 6, 0.0, 0.7036605961422769)],[(1, 2, 6)],speed_replan
495.024,actual,[(1, 2, 0.0, 0.19794857858467096), (2, 6, 0.0, 0.6947924583485104)],[(1, 2, 6)],speed_replan
495.520,actual,[(1, 2, 0.0, 0.194443469096265), (2, 6, 0.0, 0.6834694284757264)],[(1, 2, 6)],speed_replan
496.016,actual,[(1, 2, 0.0, 0.19620446689301102), (2, 6, 0.0, 0.6774011970613398)],[(1, 2, 6)],speed_replan
496.528,actual,[(1, 2, 0.0, 0.19882156584378938), (2, 6, 0.0, 0.6689678339062797)],[(1, 2, 6)],speed_replan
497.024,actual,[(1, 2, 0.0, 0.20141139883426207), (2, 6, 0.0, 0.6617051083780935)],[(1, 2, 6)],speed_replan
497.520,actual,[(1, 2, 0.0, 0.20401073562174016), (2, 6, 0.0, 0.654485276736604)],[(1, 2, 6)],speed_replan
498.016,actual,[(1, 2, 0.0, 0.20664211910842575), (1, 6, 0.0, 0.8464459727135856), (2, 6, 0.0, 0.6401350155771415)],[(1, 2, 6)],speed_replan
498.528,actual,[(1, 2, 0.0, 0.20931081337012047), (1, 6, 0.0, 0.8415926351481495), (2, 6, 0.0, 0.6324592130175772)],[(1, 2, 6)],speed_replan
499.024,actual,[(1, 2, 0.0, 0.21188942813999037), (1, 6, 0.0, 0.8372222390253496), (2, 6, 0.0, 0.6254073784336862)],[(1, 2, 6)],speed_replan
499.520,actual,[(1, 2, 0.0, 0.21451449724812388), (1, 6, 0.0, 0.8247280629535086), (2, 6, 0.0, 0.6102306405454353)],[(1, 2, 6)],speed_replan
500.016,actual,[(1, 2, 0.0, 0.21708787264830579), (1, 6, 0.0, 0.8209345803792195), (2, 6, 0.0, 0.603846708153429)],[(1, 2, 6)],speed_replan
500.528,actual,[(1, 2, 0.0, 0.21965566814680176), (1, 6, 0.0, 0.8155077625619943), (2, 6, 0.0, 0.5958768923260866)],[(1, 2, 6)],speed_replan
501.024,actual,[(1, 2, 0.0, 0.22223567392340554), (1, 6, 0.0, 0.811125820370719), (2, 6, 0.0, 0.5889748981758912)],[(1, 2, 6)],speed_replan
501.520,actual,[(1, 2, 0.0, 0.22469526347633637), (1, 6, 0.0, 0.7986102295059262), (2, 6, 0.0, 0.5740962152463175)],[(1, 2, 6)],speed_replan
502.016,actual,[(1, 2, 0.0, 0.22730796442352544), (1, 6, 0.0, 0.7919074500513981), (2, 6, 0.0, 0.5649082174464415)],[(1, 2, 6)],speed_replan
502.528,actual,[(1, 2, 0.0, 0.23013276690021153), (1, 6, 0.0, 0.7872976401086668), (2, 6, 0.0, 0.5576424140988555)],[(1, 2, 6)],speed_replan
503.024,actual,[(1, 2, 0.0, 0.23293373098984083), (1, 6, 0.0, 0.7832578586132619), (2, 6, 0.0, 0.5509992247406326)],[(1, 2, 6)],speed_replan
503.520,actual,[(1, 2, 0.0, 0.23579487349585804), (1, 6, 0.0, 0.7793432046254987), (2, 6, 0.0, 0.5444523723981777)],[(1, 2, 6)],speed_replan
504.016,actual,[(1, 2, 0.0, 0.23872259709621094), (1, 6, 0.0, 0.7761361236895855), (2, 6, 0.0, 0.5385529418302195)],[(1, 2, 6)],speed_replan
504.528,actual,[(1, 2, 0.0, 0.24176076470337168), (1, 6, 0.0, 0.771504669823243), (2, 6, 0.0, 0.5312000311812033)],[(1, 2, 6)],speed_replan
505.024,actual,[(1, 2, 0.0, 0.24472037147057035), (1, 6, 0.0, 0.7679527620937517), (2, 6, 0.0, 0.5249913805670438)],[(1, 2, 6)],speed_replan
505.520,actual,[(1, 2, 0.0, 0.24763412716707303), (1, 6, 0.0, 0.7562455180185269), (2, 6, 0.0, 0.5106922781081632)],[(1, 2, 6)],speed_replan
506.016,actual,[(1, 2, 0.0, 0.25050639173177086), (1, 6, 0.0, 0.7526441078600108), (2, 6, 0.0, 0.5045557215283185)],[(1, 2, 6)],speed_replan
506.528,actual,[(1, 2, 0.0, 0.2534290598001773), (1, 6, 0.0, 0.7485785167626274), (2, 6, 0.0, 0.49793172662791)],[(1, 2, 6)],speed_replan
507.024,actual,[(1, 2, 0.0, 0.2562136753871256), (1, 6, 0.0, 0.7449368990517722), (2, 6, 0.0, 0.4918720322657002)],[(1, 2, 6)],speed_replan
507.520,actual,[(1, 2, 0.0, 0.25896156926237324), (1, 6, 0.0, 0.7412807468402715), (2, 6, 0.0, 0.48584433359315554)],[(1, 2, 6)],speed_replan
508.016,actual,[(1, 2, 0.0, 0.26166971958471663), (1, 6, 0.0, 0.738165453500843), (2, 6, 0.0, 0.4803726963758615), (3, 7, 0.0, 0.8305161509751522)],[(1, 2, 6), (3, 7)],speed_replan
508.528,actual,[(1, 2, 0.0, 0.26442371572156553), (1, 6, 0.0, 0.733465079851135), (2, 6, 0.0, 0.4733655099818069), (3, 7, 0.0, 0.8005872106741181)],[(1, 2, 6), (3, 7)],speed_replan
509.024,actual,[(1, 2, 0.0, 0.2670555572826581), (1, 6, 0.0, 0.7297476929227453), (2, 6, 0.0, 0.4674239007641742), (3, 7, 0.0, 0.7737861975355225)],[(1, 2, 6), (3, 7)],speed_replan
509.520,actual,[(1, 2, 0.0, 0.27005957053817775), (1, 6, 0.0, 0.7182516733727878), (2, 6, 0.0, 0.4533926741296855), (3, 7, 0.0, 0.7477329884451244)],[(1, 2, 6), (3, 7)],speed_replan
510.016,actual,[(1, 2, 0.0, 0.2730937162997182), (1, 6, 0.0, 0.7149257266748539), (2, 6, 0.0, 0.44751222992694795), (3, 7, 0.0, 0.7249868774131275)],[(1, 2, 6), (3, 7)],speed_replan
510.528,actual,[(1, 2, 0.0, 0.27617583671914564), (1, 6, 0.0, 0.7111386487120643), (2, 6, 0.0, 0.4411469765075413), (3, 7, 0.0, 0.7030858914189636)],[(1, 2, 6), (3, 7)],speed_replan
511.024,actual,[(1, 2, 0.0, 0.27911563161892006), (1, 6, 0.0, 0.7077571038154308), (2, 6, 0.0, 0.43531933192167566), (3, 7, 0.0, 0.6837134203772539)],[(1, 2, 6), (3, 7)],speed_replan
511.520,actual,[(1, 2, 0.0, 0.28201586574538584), (1, 6, 0.0, 0.6962377374484657), (2, 6, 0.0, 0.42140968296211984), (3, 7, 0.0, 0.6632124274185577)],[(1, 2, 6), (3, 7)],speed_replan
512.016,actual,[(1, 2, 0.0, 0.28485842035984776), (1, 6, 0.0, 0.6933716482023079), (2, 6, 0.0, 0.4161588238823771), (3, 7, 0.0, 0.6480264595261015)],[(1, 2, 6), (3, 7)],speed_replan
512.528,actual,[(1, 2, 0.0, 0.28778018040382847), (1, 6, 0.0, 0.6889538936417607), (2, 6, 0.0, 0.4093951663477887), (3, 7, 0.0, 0.6331399187209669)],[(1, 2, 6), (3, 7)],speed_replan
513.024,actual,[(1, 2, 0.0, 0.2905547069763862), (1, 6, 0.0, 0.6855016456473657), (2, 6, 0.0, 0.40368291077482604), (3, 7, 0.0, 0.6218257614933268)],[(1, 2, 6), (3, 7)],speed_replan
513.520,actual,[(1, 2, 0.0, 0.29328860149851305), (1, 6, 0.0, 0.6739133675144635), (2, 6, 0.0, 0.3898945916383412), (3, 7, 0.0, 0.6084216830470565)],[(1, 2, 6), (3, 7)],speed_replan
514.016,actual,[(1, 2, 0.0, 0.29598436483591867), (1, 6, 0.0, 0.670433775348615), (2, 6, 0.0, 0.3842410861901385), (3, 7, 0.0, 0.6016604467789137)],[(1, 2, 6), (3, 7)],speed_replan
514.528,actual,[(1, 2, 0.0, 0.29872880031030463), (1, 6, 0.0, 0.6665083069416387), (2, 6, 0.0, 0.37811288084827355), (3, 7, 0.0, 0.597216701884641)],[(1, 2, 6), (3, 7)],speed_replan
515.024,actual,[(1, 2, 0.0, 0.28502427923438634), (1, 6, 0.0, 0.6498979192992084), (2, 6, 0.0, 0.3856443149073089), (3, 7, 0.0, 0.5958129903714934)],[(1, 2, 6), (3, 7)],speed_replan
515.520,actual,[(1, 2, 0.0, 0.2874025129475433), (1, 6, 0.0, 0.6381109878202025), (2, 6, 0.0, 0.37212764482876615), (3, 5, 0.0, 0.7367409222926086), (3, 7, 0.0, 0.5910875464893927), (5, 7, 0.0, 0.8223960950859379)],[(1, 2, 6), (3, 5, 7)],speed_replan
516.016,actual,[(1, 2, 0.0, 0.2897421181470828), (1, 6, 0.0, 0.63497865300003), (2, 6, 0.0, 0.3671796962591679), (3, 5, 0.0, 0.653093369380218), (3, 7, 0.0, 0.5948239420259527), (5, 7, 0.0, 0.7824018926719536)],[(1, 2, 6), (3, 5, 7)],speed_replan
516.528,actual,[(1, 2, 0.0, 0.29212801386570547), (1, 6, 0.0, 0.630249788974959), (2, 6, 0.0, 0.3607906672200202), (3, 5, 0.0, 0.5635639239367647), (3, 7, 0.0, 0.6009155550438771), (5, 7, 0.0, 0.739570626405541)],[(1, 2, 6), (3, 5, 7)],speed_replan
517.024,actual,[(1, 2, 0.0, 0.2944056724336142), (1, 6, 0.0, 0.6265281135207247), (2, 6, 0.0, 0.35540305709046444), (3, 5, 0.0, 0.4811283498575954), (3, 7, 0.0, 0.609781301223054), (5, 7, 0.0, 0.7011669150329072)],[(1, 2, 6), (3, 5, 7)],speed_replan
517.520,actual,[(1, 2, 0.0, 0.2966516526882621), (1, 6, 0.0, 0.6147033645043087), (2, 6, 0.0, 0.3419970855354129), (3, 5, 0.0, 0.4011410897428058), (3, 7, 0.0, 0.613941592957591), (5, 7, 0.0, 0.6560349979494099)],[(1, 2, 6), (3, 5, 7)],speed_replan
518.016,actual,[(1, 2, 0.0, 0.29886621324445445), (1, 6, 0.0, 0.6109605875236527), (2, 6, 0.0, 0.336653062389232), (3, 5, 0.0, 0.3254043304634791), (3, 7, 0.0, 0.6273375977120537), (5, 7, 0.0, 0.6204225006604713)],[(1, 2, 6), (3, 5, 7)],speed_replan
518.528,actual,[(1, 2, 0.0, 0.30111975424685533), (1, 6, 0.0, 0.6067610755223449), (2, 6, 0.0, 0.33083538357630926), (3, 5, 0.0, 0.2557052100063652), (3, 7, 0.0, 0.643159624939186), (5, 7, 0.0, 0.5852660425128797)],[(1, 2, 6), (3, 5, 7)],speed_replan
519.024,actual,[(1, 2, 0.0, 0.30327194950277964), (1, 6, 0.0, 0.6029925746274358), (2, 6, 0.0, 0.32552780198201453), (3, 5, 0.0, 0.22562577817759477), (3, 7, 0.0, 0.6442658039885655), (5, 7, 0.0, 0.5753759377796854)],[(1, 2, 6), (3, 5, 7)],speed_replan
519.520,actual,[(1, 2, 0.0, 0.2939937449464341), (1, 6, 0.0, 0.5786283900057914), (2, 6, 0.0, 0.32615840951110575), (3, 5, 0.0, 0.2123639221174155), (3, 7, 0.0, 0.6282458072215633), (5, 7, 0.0, 0.570633061427063)],[(1, 2, 6), (3, 5, 7)],speed_replan
520.016,actual,[(1, 2, 0.0, 0.29589081406831064), (1, 6, 0.0, 0.5753188364470397), (2, 6, 0.0, 0.3214763623334593), (3, 5, 0.0, 0.20163649462789404), (3, 7, 0.0, 0.6197144429434955), (5, 7, 0.0, 0.5761279961311805)],[(1, 2, 6), (3, 5, 7)],speed_replan
520.528,actual,[(1, 2, 0.0, 0.2978577132889195), (1, 6, 0.0, 0.5704154437857347), (2, 6, 0.0, 0.315399928796173), (3, 5, 0.0, 0.1924317282104023), (3, 7, 0.0, 0.608647628437419), (5, 7, 0.0, 0.5818759716408707)],[(1, 2, 6), (3, 5, 7)],speed_replan
521.024,actual,[(1, 2, 0.0, 0.29971726983618713), (1, 6, 0.0, 0.5665175019373054), (2, 6, 0.0, 0.3102903399264941), (3, 5, 0.0, 0.18700904316479242), (3, 7, 0.0, 0.5982619621706726), (5, 7, 0.0, 0.5780066035216558)],[(1, 2, 6), (3, 5, 7)],speed_replan
521.520,actual,[(1, 2, 0.0, 0.2964820163767112), (1, 6, 0.0, 0.5543076137016221), (2, 6, 0.0, 0.3113417266653213), (3, 5, 0.0, 0.17973189589011151), (3, 7, 0.0, 0.5798760662506092), (5, 7, 0.0, 0.5634810534242578)],[(1, 2, 6), (3, 5, 7)],speed_replan
522.016,actual,[(1, 2, 0.0, 0.2953224324846696), (1, 6, 0.0, 0.5514403121581094), (2, 6, 0.0, 0.3130637595332183), (3, 5, 0.0, 0.17005815049620926), (3, 7, 0.0, 0.5687839136562944), (5, 7, 0.0, 0.5570931169990198)],[(1, 2, 6), (3, 5, 7)],speed_replan
522.528,actual,[(1, 2, 0.0, 0.2935215771036127), (1, 6, 0.0, 0.5480333309828251), (2, 6, 0.0, 0.3155342084732239), (3, 5, 0.0, 0.15691368105694467), (3, 7, 0.0, 0.5576952855741686), (5, 7, 0.0, 0.5532401391722443)],[(1, 2, 6), (3, 5, 7)],speed_replan
523.024,actual,[(1, 2, 0.0, 0.2931828561652126), (1, 6, 0.0, 0.5464081841496669), (2, 6, 0.0, 0.31541726955268845), (3, 5, 0.0, 0.14806613903354968), (3, 7, 0.0, 0.5495576153216988), (5, 7, 0.0, 0.5574928059372404)],[(1, 2, 6), (3, 5, 7)],speed_replan
523.520,actual,[(1, 2, 0.0, 0.29318464935099176), (1, 6, 0.0, 0.5421087750794975), (2, 6, 0.0, 0.31468733786740266), (3, 5, 0.0, 0.14214817960747136), (3, 7, 0.0, 0.5348266093998721), (5, 7, 0.0, 0.5543320196139754)],[(1, 2, 6), (3, 5, 7)],speed_replan
524.016,actual,[(1, 2, 0.0, 0.2932759458755372), (1, 6, 0.0, 0.5408220832562998), (2, 6, 0.0, 0.31468170302355974), (3, 5, 0.0, 0.1386611578536375), (3, 7, 0.0, 0.5280479238983956), (5, 7, 0.0, 0.5596856231698616)],[(1, 2, 6), (3, 5, 7)],speed_replan
524.528,actual,[(1, 2, 0.0, 0.2931831723521979), (1, 6, 0.0, 0.5381638017825803), (2, 6, 0.0, 0.31490849417652966), (3, 5, 0.0, 0.13768471503338453), (3, 7, 0.0, 0.5198090977723058), (5, 7, 0.0, 0.5646138123075708)],[(1, 2, 6), (3, 5, 7)],speed_replan
525.024,actual,[(1, 2, 0.0, 0.29317130236739825), (1, 6, 0.0, 0.5360249017618117), (2, 6, 0.0, 0.3152077780417113), (3, 5, 0.0, 0.13866094278319174), (3, 7, 0.0, 0.5130249916156957), (5, 7, 0.0, 0.5699320041400443)],[(1, 2, 6), (3, 5, 7)],speed_replan
525.520,actual,[(1, 2, 0.0, 0.29319816422386497), (1, 6, 0.0, 0.5292923121977722), (2, 6, 0.0, 0.3168066089794833), (3, 5, 0.0, 0.1412360296045846), (3, 7, 0.0, 0.49845752319266257), (5, 7, 0.0, 0.5675901885986673)],[(1, 2, 6), (3, 5, 7)],speed_replan
526.016,actual,[(1, 2, 0.0, 0.2931715283470772), (1, 6, 0.0, 0.5270176747919636), (2, 6, 0.0, 0.31711167220548103), (3, 5, 0.0, 0.14532884019728096), (3, 7, 0.0, 0.49164295549911535), (5, 7, 0.0, 0.5734319026434865)],[(1, 2, 6), (3, 5, 7)],speed_replan
526.528,actual,[(1, 2, 0.0, 0.29317129459477465), (1, 6, 0.0, 0.5244355182372477), (2, 6, 0.0, 0.3174552132577261), (3, 5, 0.0, 0.1510970538037913), (3, 7, 0.0, 0.4843235967724182), (5, 7, 0.0, 0.5792666098966872)],[(1, 2, 6), (3, 5, 7)],speed_replan
527.024,actual,[(1, 2, 0.0, 0.2931708252225852), (1, 6, 0.0, 0.5221249644618117), (2, 6, 0.0, 0.3177287915753455), (3, 5, 0.0, 0.15789768180663483), (3, 7, 0.0, 0.4772514307627896), (5, 7, 0.0, 0.5851797744253672)],[(1, 2, 6), (3, 5, 7)],speed_replan
527.520,actual,[(1, 2, 0.0, 0.29316367535082116), (1, 6, 0.0, 0.5156527270677246), (2, 6, 0.0, 0.3186757080278716), (3, 5, 0.0, 0.16655582766366517), (3, 7, 0.0, 0.4616414004777816), (5, 7, 0.0, 0.5830373415122052)],[(1, 2, 6), (3, 5, 7)],speed_replan
528.016,actual,[(1, 2, 0.0, 0.2932898934757135), (1, 6, 0.0, 0.5137197690523134), (2, 6, 0.0, 0.3186779838988996), (3, 5, 0.0, 0.17566559729891404), (3, 7, 0.0, 0.45368643038175543), (5, 7, 0.0, 0.5885403079570768)],[(1, 2, 6), (3, 5, 7)],speed_replan
528.528,actual,[(1, 2, 0.0, 0.2931954058656138), (1, 6, 0.0, 0.5105586564022178), (2, 6, 0.0, 0.3189280981079108), (3, 5, 0.0, 0.18556895631296214), (3, 7, 0.0, 0.44407713314673974), (5, 7, 0.0, 0.5927814245537767)],[(1, 2, 6), (3, 5, 7)],speed_replan
529.024,actual,[(1, 2, 0.0, 0.29318731019264765), (1, 6, 0.0, 0.5079989515056043), (2, 6, 0.0, 0.3191131668609203), (3, 5, 0.0, 0.1885517219652708), (3, 7, 0.0, 0.43857163271104144), (5, 7, 0.0, 0.5910590713963146)],[(1, 2, 6), (3, 5, 7)],speed_replan
529.520,actual,[(1, 2, 0.0, 0.2931702725005733), (1, 6, 0.0, 0.5001720592621168), (2, 6, 0.0, 0.318353482774543), (3, 5, 0.0, 0.18869658457465718), (3, 7, 0.0, 0.4277473106855223), (5, 7, 0.0, 0.579090556759499)],[(1, 2, 6), (3, 5, 7)],speed_replan
530.016,actual,[(1, 2, 0.0, 0.2932219358208975), (1, 6, 0.0, 0.4972784773459977), (2, 6, 0.0, 0.3171734886361701), (3, 5, 0.0, 0.1888366676371788), (3, 7, 0.0, 0.4237200762778066), (5, 7, 0.0, 0.5747219103544227)],[(1, 2, 6), (3, 5, 7)],speed_replan
530.528,actual,[(1, 2, 0.0, 0.29328803466803177), (1, 6, 0.0, 0.4946840662738248), (2, 6, 0.0, 0.3164461311119112), (3, 5, 0.0, 0.18945223077478998), (3, 7, 0.0, 0.4195339081830564), (5, 7, 0.0, 0.5713484101218643)],[(1, 2, 6), (3, 5, 7)],speed_replan
531.024,actual,[(1, 2, 0.0, 0.29341192357682855), (1, 6, 0.0, 0.4925797970879643), (2, 6, 0.0, 0.3158753293632443), (3, 5, 0.0, 0.18960034867160214), (3, 7, 0.0, 0.41554187020566974), (5, 7, 0.0, 0.5670005346062694)],[(1, 2, 6), (3, 5, 7)],speed_replan
531.520,actual,[(1, 2, 0.0, 0.293827501268324), (1, 6, 0.0, 0.4865925006651077), (2, 6, 0.0, 0.3144089907196639), (3, 5, 0.0, 0.18974311940973032), (3, 7, 0.0, 0.40501496703773954), (5, 7, 0.0, 0.5551354887127938)],[(1, 2, 6), (3, 5, 7)],speed_replan
532.016,actual,[(1, 2, 0.0, 0.29411878369708433), (1, 6, 0.0, 0.4852841561631714), (2, 6, 0.0, 0.3143277950801549), (3, 5, 0.0, 0.1900826192280464), (3, 7, 0.0, 0.40153560347933925), (5, 7, 0.0, 0.5513430756882339)],[(1, 2, 6), (3, 5, 7)],speed_replan
532.528,actual,[(1, 2, 0.0, 0.29414130710758524), (1, 6, 0.0, 0.48232547173974133), (2, 6, 0.0, 0.3137118828021147), (3, 5, 0.0, 0.19003383136084792), (3, 7, 0.0, 0.3968262249838656), (5, 7, 0.0, 0.5460503159362521)],[(1, 2, 6), (3, 5, 7)],speed_replan
533.024,actual,[(1, 2, 0.0, 0.29426774615256357), (1, 6, 0.0, 0.4804448267706371), (2, 6, 0.0, 0.31407768100513744), (3, 5, 0.0, 0.19017522872463388), (3, 7, 0.0, 0.39295902018067974), (5, 7, 0.0, 0.5417362077983618)],[(1, 2, 6), (3, 5, 7)],speed_replan
533.520,actual,[(1, 2, 0.0, 0.2946685851506761), (1, 6, 0.0, 0.4740852458744094), (2, 6, 0.0, 0.3125189746834118), (3, 5, 0.0, 0.19031552029301219), (3, 7, 0.0, 0.38277437930404346), (5, 7, 0.0, 0.5299747291145943)],[(1, 2, 6), (3, 5, 7)],speed_replan
534.016,actual,[(1, 2, 0.0, 0.2949160992545265), (1, 6, 0.0, 0.4726854286226233), (2, 6, 0.0, 0.313056456176838), (3, 5, 0.0, 0.1904547334702753), (3, 7, 0.0, 0.3789962431248561), (5, 7, 0.0, 0.5256860311708885)],[(1, 2, 6), (3, 5, 7)],speed_replan
534.528,actual,[(1, 2, 0.0, 0.2950992195960779), (1, 6, 0.0, 0.47013690542524755), (2, 6, 0.0, 0.31228281057063995), (3, 5, 0.0, 0.1905973251519931), (3, 7, 0.0, 0.3748753337613372), (5, 7, 0.0, 0.5209702092034224)],[(1, 2, 6), (3, 5, 7)],speed_replan
535.024,actual,[(1, 2, 0.0, 0.29521360654603584), (1, 6, 0.0, 0.4679934267517572), (2, 6, 0.0, 0.3122168161977142), (3, 5, 0.0, 0.19073439328663455), (3, 7, 0.0, 0.3711522502350846), (5, 7, 0.0, 0.5166959042804384)],[(1, 2, 6), (3, 5, 7)],speed_replan
535.520,actual,[(1, 2, 0.0, 0.29606047302507554), (1, 6, 0.0, 0.46276252951284763), (2, 6, 0.0, 0.3112998781933175), (3, 5, 0.0, 0.19087043402015977), (3, 7, 0.0, 0.3613715976610967), (5, 7, 0.0, 0.5050510413241892)],[(1, 2, 6), (3, 5, 7)],speed_replan
536.016,actual,[(1, 2, 0.0, 0.296183148289255), (1, 6, 0.0, 0.46139302329450704), (2, 6, 0.0, 0.31092065029192567), (3, 5, 0.0, 0.19119817694704658), (3, 7, 0.0, 0.35816760366796296), (5, 7, 0.0, 0.5013237952274003)],[(1, 2, 6), (3, 5, 7)],speed_replan
536.528,actual,[(1, 2, 0.0, 0.2959870594973388), (1, 6, 0.0, 0.4588419763828807), (2, 6, 0.0, 0.31034368222511916), (3, 5, 0.0, 0.19114374997327843), (3, 7, 0.0, 0.3538133320984123), (5, 7, 0.0, 0.49613951993141137)],[(1, 2, 6), (3, 5, 7)],speed_replan
537.024,actual,[(1, 2, 0.0, 0.29619172620452355), (1, 6, 0.0, 0.4571701541778123), (2, 6, 0.0, 0.31009934098198416), (3, 5, 0.0, 0.1912767297644633), (3, 7, 0.0, 0.3502599362714655), (5, 7, 0.0, 0.49191119386912385)],[(1, 2, 6), (3, 5, 7)],speed_replan
537.520,actual,[(1, 2, 0.0, 0.2959923965263799), (1, 6, 0.0, 0.4551723566475514), (2, 6, 0.0, 0.30956879092528733), (3, 5, 0.0, 0.19140871751964253), (3, 7, 0.0, 0.34673901326723044), (5, 7, 0.0, 0.48769131785054126)],[(1, 2, 6), (3, 5, 7)],speed_replan
538.016,actual,[(1, 2, 0.0, 0.29639477196922015), (1, 6, 0.0, 0.4538599666224817), (2, 6, 0.0, 0.30917532511559576), (3, 5, 0.0, 0.1915397448397448), (3, 7, 0.0, 0.34325146170919996), (5, 7, 0.0, 0.4834801190994767)],[(1, 2, 6), (3, 5, 7)],speed_replan
538.528,actual,[(1, 2, 0.0, 0.2962630590457904), (1, 6, 0.0, 0.45193578134608936), (2, 6, 0.0, 0.3093610955018982), (3, 5, 0.0, 0.19167399853722525), (3, 7, 0.0, 0.3394598557127478), (5, 7, 0.0, 0.47885268196125275)],[(1, 2, 6), (3, 5, 7)],speed_replan
539.024,actual,[(1, 2, 0.0, 0.296278143096109), (1, 6, 0.0, 0.4501844011681677), (2, 6, 0.0, 0.3090093399977912), (3, 5, 0.0, 0.1918031013173357), (3, 7, 0.0, 0.3360456842453487), (5, 7, 0.0, 0.4746606686745528)],[(1, 2, 6), (3, 5, 7)],speed_replan
539.520,actual,[(1, 2, 0.0, 0.2961470758179162), (1, 6, 0.0, 0.4455502934688713), (2, 6, 0.0, 0.3075663348816393), (3, 5, 0.0, 0.1919312636397783), (3, 7, 0.0, 0.3271340684848757), (5, 7, 0.0, 0.4632572893969776)],[(1, 2, 6), (3, 5, 7)],speed_replan
540.016,actual,[(1, 2, 0.0, 0.29625428228839135), (1, 6, 0.0, 0.44465058933913393), (2, 6, 0.0, 0.3078372050289707), (3, 5, 0.0, 0.19224837044842052), (3, 7, 0.0, 0.32424831360925777), (5, 7, 0.0, 0.4596036022800164)],[(1, 2, 6), (3, 5, 7)],speed_replan
540.528,actual,[(1, 2, 0.0, 0.29625059341181814), (1, 6, 0.0, 0.44248392611772336), (2, 6, 0.0, 0.30739261427111064), (3, 5, 0.0, 0.1921889113383417), (3, 7, 0.0, 0.32030915986264), (5, 7, 0.0, 0.4545397745139908)],[(1, 2, 6), (3, 5, 7)],speed_replan
541.024,actual,[(1, 2, 0.0, 0.29612457449747387), (1, 6, 0.0, 0.4408718692538642), (2, 6, 0.0, 0.3071288345245217), (3, 5, 0.0, 0.1923143329466676), (3, 7, 0.0, 0.317121293810576), (5, 7, 0.0, 0.4504076886531572)],[(1, 2, 6), (3, 5, 7)],speed_replan
541.520,actual,[(1, 2, 0.0, 0.29647000052402406), (1, 6, 0.0, 0.43716140229387873), (2, 6, 0.0, 0.3057675780934828), (3, 5, 0.0, 0.19243886170671126), (3, 7, 0.0, 0.3088483905170951), (5, 7, 0.0, 0.4391784146961145)],[(1, 2, 6), (3, 5, 7)],speed_replan
542.016,actual,[(1, 2, 0.0, 0.2961331397967836), (1, 6, 0.0, 0.4357552833554707), (2, 6, 0.0, 0.3060788523643343), (3, 5, 0.0, 0.19256251847972955), (3, 7, 0.0, 0.3058259617864364), (5, 7, 0.0, 0.43509057886889335)],[(1, 2, 6), (3, 5, 7)],speed_replan
542.528,actual,[(1, 2, 0.0, 0.2964098210945857), (1, 6, 0.0, 0.4345051500784037), (2, 6, 0.0, 0.30601059006319914), (3, 5, 0.0, 0.19268926464515146), (3, 7, 0.0, 0.3025611324931006), (5, 7, 0.0, 0.43060279270840485)],[(1, 2, 6), (3, 5, 7)],speed_replan
543.024,actual,[(1, 2, 0.0, 0.2960747430898851), (1, 6, 0.0, 0.432905086330297), (2, 6, 0.0, 0.30601296467672134), (3, 5, 0.0, 0.19286098875320806), (3, 7, 0.0, 0.30027926951291484), (5, 7, 0.0, 0.42865775040302856)],[(1, 2, 6), (3, 5, 7)],speed_replan
543.520,actual,[(1, 2, 0.0, 0.2960885686750456), (1, 6, 0.0, 0.4289718404228809), (2, 6, 0.0, 0.30512832149399033), (3, 5, 0.0, 0.19048697222400665), (3, 7, 0.0, 0.3010196960765681), (5, 7, 0.0, 0.4279380710015585)],[(1, 2, 6), (3, 5, 7)],speed_replan
544.016,actual,[(1, 2, 0.0, 0.29635916194263817), (1, 6, 0.0, 0.4284860132213205), (2, 6, 0.0, 0.30539234874022586), (3, 5, 0.0, 0.19533377568735116), (3, 7, 0.0, 0.3013067297777145), (5, 7, 0.0, 0.4358763820068329)],[(1, 2, 6), (3, 5, 7)],speed_replan
544.528,actual,[(1, 2, 0.0, 0.2961862505364372), (1, 6, 0.0, 0.4266682581617893), (2, 6, 0.0, 0.30535682136277675), (3, 5, 0.0, 0.19656936956038462), (3, 7, 0.0, 0.30042918578062466), (5, 7, 0.0, 0.4408684769173716)],[(1, 2, 6), (3, 5, 7)],speed_replan
545.024,actual,[(1, 2, 0.0, 0.29610964194802314), (1, 6, 0.0, 0.4253930973333638), (2, 6, 0.0, 0.30561605033343064), (3, 5, 0.0, 0.19897130601025578), (3, 7, 0.0, 0.3000047346352235), (5, 7, 0.0, 0.4457391434063563)],[(1, 2, 6), (3, 5, 7)],speed_replan
545.520,actual,[(1, 2, 0.0, 0.2964998210865916), (1, 6, 0.0, 0.4223054197701063), (2, 6, 0.0, 0.3048193937977862), (3, 5, 0.0, 0.20107922684354287), (3, 7, 0.0, 0.30098450580331887), (5, 7, 0.0, 0.448046448335311)],[(1, 2, 6), (3, 5, 7)],speed_replan
546.016,actual,[(1, 2, 0.0, 0.2960812757904281), (1, 6, 0.0, 0.4209379437228628), (2, 6, 0.0, 0.30494990178525316), (3, 5, 0.0, 0.20398608363514192), (3, 7, 0.0, 0.3013407485060777), (5, 7, 0.0, 0.4526701478989859)],[(1, 2, 6), (3, 5, 7)],speed_replan
546.528,actual,[(1, 2, 0.0, 0.29615794869246453), (1, 6, 0.0, 0.41991399148833264), (2, 6, 0.0, 0.3049768645436797), (3, 5, 0.0, 0.20702459665007533), (3, 7, 0.0, 0.30181192096666715), (5, 7, 0.0, 0.457090409579486)],[(1, 2, 6), (3, 5, 7)],speed_replan
547.024,actual,[(1, 2, 0.0, 0.2961039590928872), (1, 6, 0.0, 0.4187434939238886), (2, 6, 0.0, 0.3050869246476271), (3, 5, 0.0, 0.20999869570316035), (3, 7, 0.0, 0.30234211867002214), (5, 7, 0.0, 0.4612486862648572)],[(1, 2, 6), (3, 5, 7)],speed_replan
547.520,actual,[(1, 2, 0.0, 0.29639528914795027), (1, 6, 0.0, 0.41592659783573666), (2, 6, 0.0, 0.3050381137206338), (3, 5, 0.0, 0.21257510989466946), (3, 7, 0.0, 0.30452232037149085), (5, 7, 0.0, 0.4637391051923703)],[(1, 2, 6), (3, 5, 7)],speed_replan
548.016,actual,[(1, 2, 0.0, 0.2965659226824167), (1, 6, 0.0, 0.41544474689118105), (2, 6, 0.0, 0.3050896169621624), (3, 5, 0.0, 0.21555978023246083), (3, 7, 0.0, 0.3051769151461055), (5, 7, 0.0, 0.4676131083061476)],[(1, 2, 6), (3, 5, 7)],speed_replan
548.528,actual,[(1, 2, 0.0, 0.2964195242552368), (1, 6, 0.0, 0.4140983121853414), (2, 6, 0.0, 0.30590257425638306), (3, 5, 0.0, 0.21848417568576908), (3, 7, 0.0, 0.30595505374388365), (5, 7, 0.0, 0.47132885820728215)],[(1, 2, 6), (3, 5, 7)],speed_replan
549.024,actual,[(1, 2, 0.0, 0.296428551041275), (1, 6, 0.0, 0.4132522165296718), (2, 6, 0.0, 0.30681249451904374), (3, 5, 0.0, 0.2230794664263378), (3, 7, 0.0, 0.3029598230525203), (5, 7, 0.0, 0.4728144661070905)],[(1, 2, 6), (3, 5, 7)],speed_replan
549.520,actual,[(1, 2, 0.0, 0.2965097801424154), (1, 6, 0.0, 0.41055443413281945), (2, 6, 0.0, 0.3067875878845311), (3, 5, 0.0, 0.22557864348870107), (3, 7, 0.0, 0.29933158576128505), (5, 7, 0.0, 0.46936835357343987)],[(1, 2, 6), (3, 5, 7)],speed_replan
550.016,actual,[(1, 2, 0.0, 0.2963663891709445), (1, 6, 0.0, 0.4096662651830389), (2, 6, 0.0, 0.30717157674266277), (3, 5, 0.0, 0.2282551339178914), (3, 7, 0.0, 0.29915652121924863), (5, 7, 0.0, 0.4720744351333025)],[(1, 2, 6), (3, 5, 7)],speed_replan
550.528,actual,[(1, 2, 0.0, 0.29656718809261057), (1, 6, 0.0, 0.40877018972264034), (2, 6, 0.0, 0.3072711075156492), (3, 5, 0.0, 0.2308896893857687), (3, 7, 0.0, 0.2989816308270213), (5, 7, 0.0, 0.47463724194699636)],[(1, 2, 6), (3, 5, 7)],speed_replan
551.024,actual,[(1, 2, 0.0, 0.2962432367548575), (1, 6, 0.0, 0.4079194493693526), (2, 6, 0.0, 0.3082902564379208), (3, 5, 0.0, 0.23344231921574382), (3, 7, 0.0, 0.29883296111480817), (5, 7, 0.0, 0.4771793013022115)],[(1, 2, 6), (3, 5, 7)],speed_replan
551.520,actual,[(1, 2, 0.0, 0.2962027108296852), (1, 6, 0.0, 0.4052828663464811), (2, 6, 0.0, 0.3085149250216224), (3, 5, 0.0, 0.23510997505914824), (3, 7, 0.0, 0.2984140721336243), (5, 7, 0.0, 0.47684782262445297)],[(1, 2, 6), (3, 5, 7)],speed_replan
552.016,actual,[(1, 2, 0.0, 0.2963286311175479), (1, 6, 0.0, 0.4049069690528013), (2, 6, 0.0, 0.30883976562851906), (3, 5, 0.0, 0.23784347211310203), (3, 7, 0.0, 0.2983669555297949), (5, 7, 0.0, 0.47964725165508243)],[(1, 2, 6), (3, 5, 7)],speed_replan
552.528,actual,[(1, 2, 0.0, 0.2961755264433036), (1, 6, 0.0, 0.40354357988659906), (2, 6, 0.0, 0.3091271805368115), (3, 5, 0.0, 0.2405263743051136), (3, 7, 0.0, 0.29809560443155725), (5, 7, 0.0, 0.4821761802681195)],[(1, 2, 6), (3, 5, 7)],speed_replan
553.024,actual,[(1, 2, 0.0, 0.2963263366649029), (1, 6, 0.0, 0.4027554609103303), (2, 6, 0.0, 0.30943161603920455), (3, 5, 0.0, 0.24322011698354185), (3, 7, 0.0, 0.29793573039011095), (5, 7, 0.0, 0.4848229304517528)],[(1, 2, 6), (3, 5, 7)],speed_replan
553.520,actual,[(1, 2, 0.0, 0.2962875980378976), (1, 6, 0.0, 0.40056632255206165), (2, 6, 0.0, 0.30997808340018906), (3, 5, 0.0, 0.2452815088958152), (3, 7, 0.0, 0.29745877401483545), (5, 7, 0.0, 0.4850214162568033)],[(1, 2, 6), (3, 5, 7)],speed_replan
554.016,actual,[(1, 2, 0.0, 0.29618447379060375), (1, 6, 0.0, 0.39971066015466), (2, 6, 0.0, 0.3103641318123861), (3, 5, 0.0, 0.24813731097503666), (3, 7, 0.0, 0.2972837544475009), (5, 7, 0.0, 0.48784944723100104)],[(1, 2, 6), (3, 5, 7)],speed_replan
554.528,actual,[(1, 2, 0.0, 0.29635690602008474), (1, 6, 0.0, 0.39907676712808626), (2, 6, 0.0, 0.3108818105033186), (3, 5, 0.0, 0.2510691924704346), (3, 7, 0.0, 0.29708779050979744), (5, 7, 0.0, 0.49066390993392167)],[(1, 2, 6), (3, 5, 7)],speed_replan
555.024,actual,[(1, 2, 0.0, 0.29639196068304957), (1, 6, 0.0, 0.39868869940764284), (2, 6, 0.0, 0.3123222822365857), (3, 5, 0.0, 0.25394811736729755), (3, 7, 0.0, 0.29690668427955597), (5, 7, 0.0, 0.4934789975928435)],[(1, 2, 6), (3, 5, 7)],speed_replan
555.520,actual,[(1, 2, 0.0, 0.29659490848668923), (1, 6, 0.0, 0.3967781378236005), (2, 6, 0.0, 0.31280711517405074), (3, 5, 0.0, 0.2563844631994653), (3, 7, 0.0, 0.2963749605546042), (5, 7, 0.0, 0.49419786767540913)],[(1, 2, 6), (3, 5, 7)],speed_replan
556.016,actual,[(1, 2, 0.0, 0.29629188386484245), (1, 6, 0.0, 0.3960157756061451), (2, 6, 0.0, 0.3135639904800739), (3, 5, 0.0, 0.25944353738129017), (3, 7, 0.0, 0.2962962759867495), (5, 7, 0.0, 0.4972609210563067)],[(1, 2, 6), (3, 5, 7)],speed_replan
556.528,actual,[(1, 2, 0.0, 0.29637693362242545), (1, 6, 0.0, 0.39527923325668773), (2, 6, 0.0, 0.3141248936556606), (3, 5, 0.0, 0.26255337840650494), (3, 7, 0.0, 0.2959650451956531), (5, 7, 0.0, 0.5002054819960482)],[(1, 2, 6), (3, 5, 7)],speed_replan
557.024,actual,[(1, 2, 0.0, 0.29620444852181116), (1, 6, 0.0, 0.39475902125162066), (2, 6, 0.0, 0.3155644895351529), (3, 5, 0.0, 0.2656206768583888), (3, 7, 0.0, 0.2957674487305472), (5, 7, 0.0, 0.503205695526309)],[(1, 2, 6), (3, 5, 7)],speed_replan
557.520,actual,[(1, 2, 0.0, 0.29655547788664943), (1, 6, 0.0, 0.39298778677271806), (2, 6, 0.0, 0.31667496282614643), (3, 5, 0.0, 0.26828698320130984), (3, 7, 0.0, 0.29531804268545836), (5, 7, 0.0, 0.5043498758783261)],[(1, 2, 6), (3, 5, 7)],speed_replan
558.016,actual,[(1, 2, 0.0, 0.29676011078761205), (1, 6, 0.0, 0.3927609591531572), (2, 6, 0.0, 0.3171549689125265), (3, 5, 0.0, 0.27146381028458216), (3, 7, 0.0, 0.29562000609557987), (5, 7, 0.0, 0.5078129450233986)],[(1, 2, 6), (3, 5, 7)],speed_replan
558.528,actual,[(1, 2, 0.0, 0.29620085158137816), (1, 6, 0.0, 0.39171589020973385), (2, 6, 0.0, 0.31803324916948683), (3, 5, 0.0, 0.2744089841519998), (3, 7, 0.0, 0.296172653094026), (5, 7, 0.0, 0.5110551928332662)],[(1, 2, 6), (3, 5, 7)],speed_replan
559.024,actual,[(1, 2, 0.0, 0.2962933317731554), (1, 6, 0.0, 0.39105480483489974), (2, 6, 0.0, 0.3187963364973246), (3, 5, 0.0, 0.2772346631034971), (3, 7, 0.0, 0.2967229985089525), (5, 7, 0.0, 0.5141757946892106)],[(1, 2, 6), (3, 5, 7)],speed_replan
559.520,actual,[(1, 2, 0.0, 0.296129609000195), (1, 6, 0.0, 0.3892443602613795), (2, 6, 0.0, 0.31990581932061457), (3, 5, 0.0, 0.27840941380052014), (3, 7, 0.0, 0.29836444307018356), (5, 7, 0.0, 0.5145603173895467)],[(1, 2, 6), (3, 5, 7)],speed_replan
560.016,actual,[(1, 2, 0.0, 0.2965803562288546), (1, 6, 0.0, 0.38954731794676506), (2, 6, 0.0, 0.3212458815894154), (3, 5, 0.0, 0.28272481754823), (3, 7, 0.0, 0.299148451990282), (5, 7, 0.0, 0.5194129913294662)],[(1, 2, 6), (3, 5, 7)],speed_replan
560.528,actual,[(1, 2, 0.0, 0.29609985614345513), (1, 6, 0.0, 0.3883334413286735), (2, 6, 0.0, 0.32185693342827504), (3, 5, 0.0, 0.2892593851569371), (3, 7, 0.0, 0.300722127665395), (5, 7, 0.0, 0.5269100065941763)],[(1, 2, 6), (3, 5, 7)],speed_replan
561.024,actual,[(1, 2, 0.0, 0.29651543856314516), (1, 6, 0.0, 0.38849580961207086), (2, 6, 0.0, 0.3232784635231278), (3, 5, 0.0, 0.29579995446210433), (3, 7, 0.0, 0.30243295532805653), (5, 7, 0.0, 0.534785173908646)],[(1, 2, 6), (3, 5, 7)],speed_replan
561.520,actual,[(1, 2, 0.0, 0.2964937480869367), (1, 6, 0.0, 0.3865324100199009), (2, 6, 0.0, 0.3245798762294535), (3, 5, 0.0, 0.2893031638936992), (3, 7, 0.0, 0.3019631130921562), (5, 7, 0.0, 0.5444062634983745)],[(1, 2, 6), (3, 5, 7)],speed_replan
562.016,actual,[(1, 2, 0.0, 0.2966047935366877), (1, 6, 0.0, 0.38672366932727903), (2, 6, 0.0, 0.3265601242219901), (3, 5, 0.0, 0.2947702885313927), (3, 7, 0.0, 0.3032444240308784), (5, 7, 0.0, 0.5520515663749891)],[(1, 2, 6), (3, 5, 7)],speed_replan
562.528,actual,[(1, 2, 0.0, 0.29678951821218974), (1, 6, 0.0, 0.386248303162772), (2, 6, 0.0, 0.3272544246626587), (3, 5, 0.0, 0.29873102654924166), (3, 7, 0.0, 0.3048659695117976), (5, 7, 0.0, 0.5591328638275892)],[(1, 2, 6), (3, 5, 7)],speed_replan
563.024,actual,[(1, 2, 0.0, 0.2966220421684438), (1, 6, 0.0, 0.38557103869322834), (2, 6, 0.0, 0.32798835704817775), (3, 5, 0.0, 0.2999279484741672), (3, 7, 0.0, 0.3079546333537246), (5, 7, 0.0, 0.5660417145761508)],[(1, 2, 6), (3, 5, 7)],speed_replan
563.520,actual,[(1, 2, 0.0, 0.29645671454905725), (1, 6, 0.0, 0.3840211642802256), (2, 6, 0.0, 0.3293523800611242), (3, 5, 0.0, 0.2966655927781617), (3, 7, 0.0, 0.31114366053382475), (5, 7, 0.0, 0.5675481742775561)],[(1, 2, 6), (3, 5, 7)],speed_replan
564.016,actual,[(1, 2, 0.0, 0.2964988127300478), (1, 6, 0.0, 0.38369302353345525), (2, 6, 0.0, 0.33024690200690826), (3, 5, 0.0, 0.2968553239059517), (3, 7, 0.0, 0.314669776233619), (5, 7, 0.0, 0.5745327045837648)],[(1, 2, 6), (3, 5, 7)],speed_replan
564.528,actual,[(1, 2, 0.0, 0.29634222168404833), (1, 6, 0.0, 0.38316273059341105), (2, 6, 0.0, 0.331252392920375), (3, 5, 0.0, 0.30319400542110014), (3, 7, 0.0, 0.31428059575143247), (5, 7, 0.0, 0.5814842926055666)],[(1, 2, 6), (3, 5, 7)],speed_replan
565.024,actual,[(1, 2, 0.0, 0.2964580147290052), (1, 6, 0.0, 0.38299756961329945), (2, 6, 0.0, 0.3324169212917879), (3, 5, 0.0, 0.304123415902181), (3, 7, 0.0, 0.30758342014606804), (5, 7, 0.0, 0.590440721336932)],[(1, 2, 6), (3, 5, 7)],speed_replan
565.520,actual,[(1, 2, 0.0, 0.2964630976638852), (1, 6, 0.0, 0.38158457161778214), (2, 6, 0.0, 0.33385716597719983), (3, 5, 0.0, 0.3086063816598666), (3, 7, 0.0, 0.3060753656868211), (5, 7, 0.0, 0.6037531551454849)],[(1, 2, 6), (3, 5, 7)],speed_replan
566.016,actual,[(1, 2, 0.0, 0.2962134904840967), (1, 6, 0.0, 0.3811009667778227), (2, 6, 0.0, 0.3345114953635242), (3, 5, 0.0, 0.3186045324620165), (3, 7, 0.0, 0.3036317065490992), (5, 7, 0.0, 0.6218338169872197)],[(1, 2, 6), (3, 5, 7)],speed_replan
566.528,actual,[(1, 2, 0.0, 0.2963451490097533), (1, 6, 0.0, 0.3805260858359403), (2, 6, 0.0, 0.3354457592418269), (3, 5, 0.0, 0.3445305251117217), (3, 7, 0.0, 0.30251742033891565), (5, 7, 0.0, 0.6430416128095163)],[(1, 2, 6), (3, 5, 7)],speed_replan
567.024,actual,[(1, 2, 0.0, 0.2965510823292696), (1, 6, 0.0, 0.3807402444697298), (2, 6, 0.0, 0.3370756306429626), (3, 5, 0.0, 0.3808298146642572), (3, 7, 0.0, 0.30335389990610445), (5, 7, 0.0, 0.6637911383017506)],[(1, 2, 6), (3, 5, 7)],speed_replan
567.520,actual,[(1, 2, 0.0, 0.2962474380608423), (1, 6, 0.0, 0.3783350518412551), (2, 6, 0.0, 0.3398722025119261), (3, 5, 0.0, 0.43584057143220406), (3, 7, 0.0, 0.29969887583625116), (5, 7, 0.0, 0.6846398029932161)],[(1, 2, 6), (3, 5, 7)],speed_replan
568.016,actual,[(1, 2, 0.0, 0.296506429286205), (1, 6, 0.0, 0.3783492691903431), (2, 6, 0.0, 0.34078800992210206), (3, 5, 0.0, 0.4937971615867796), (3, 7, 0.0, 0.3028838563081286), (5, 7, 0.0, 0.7099246703892289)],[(1, 2, 6), (3, 5, 7)],speed_replan
568.528,actual,[(1, 2, 0.0, 0.2960111788664467), (1, 6, 0.0, 0.37749996764046717), (2, 6, 0.0, 0.34170446444131475), (3, 5, 0.0, 0.5631671982221443), (3, 7, 0.0, 0.3089910544810719), (5, 7, 0.0, 0.7402961004556493)],[(1, 2, 6), (3, 5, 7)],speed_replan
569.024,actual,[(1, 2, 0.0, 0.29588776895649416), (1, 6, 0.0, 0.37705938561799335), (2, 6, 0.0, 0.34260204514514875), (3, 5, 0.0, 0.6317337332451797), (3, 7, 0.0, 0.31822782759035273), (5, 7, 0.0, 0.7711051375303634)],[(1, 2, 6), (3, 5, 7)],speed_replan
569.520,actual,[(1, 2, 0.0, 0.29683040365556207), (1, 6, 0.0, 0.3781627440100199), (2, 6, 0.0, 0.34506483801048093), (3, 5, 0.0, 0.7026313857196549), (3, 7, 0.0, 0.3230564534282013), (5, 7, 0.0, 0.8036727867739611)],[(1, 2, 6), (3, 5, 7)],speed_replan
570.016,actual,[(1, 2, 0.0, 0.29690358866802274), (1, 6, 0.0, 0.37801925308367457), (2, 6, 0.0, 0.34582671566066836), (3, 5, 0.0, 0.7769087552298546), (3, 7, 0.0, 0.33806579466835646), (5, 7, 0.0, 0.8382948536329797)],[(1, 2, 6), (3, 5, 7)],speed_replan
570.528,actual,[(1, 2, 0.0, 0.29661457343305386), (1, 6, 0.0, 0.3779913162073406), (2, 6, 0.0, 0.3474181827428661), (3, 7, 0.0, 0.3548471652698012)],[(1, 2, 6), (3, 7)],speed_replan
571.024,actual,[(1, 2, 0.0, 0.29662033301722696), (1, 6, 0.0, 0.37802489382541254), (2, 6, 0.0, 0.3487197472637783), (3, 7, 0.0, 0.3732445443751207)],[(1, 2, 6), (3, 7)],speed_replan
571.520,actual,[(1, 2, 0.0, 0.2966910328983606), (1, 6, 0.0, 0.3769315247706435), (2, 6, 0.0, 0.3509900536397748), (3, 7, 0.0, 0.38537925925929684)],[(1, 2, 6), (3, 7)],speed_replan
572.016,actual,[(1, 2, 0.0, 0.29679352957935223), (1, 6, 0.0, 0.3771864818875496), (2, 6, 0.0, 0.3517695601476899), (3, 7, 0.0, 0.4063271080323366)],[(1, 2, 6), (3, 7)],speed_replan
572.528,actual,[(1, 2, 0.0, 0.2966455228091764), (1, 6, 0.0, 0.37695622971159537), (2, 6, 0.0, 0.3535308258193731), (3, 7, 0.0, 0.4296238045893928)],[(1, 2, 6), (3, 7)],speed_replan
573.024,actual,[(1, 2, 0.0, 0.2966717715192449), (1, 6, 0.0, 0.3770795389432412), (2, 6, 0.0, 0.35501914928409906), (3, 7, 0.0, 0.4531356984031241)],[(1, 2, 6), (3, 7)],speed_replan
573.520,actual,[(1, 2, 0.0, 0.2966514905692348), (1, 6, 0.0, 0.37606958912418087), (2, 6, 0.0, 0.35742168440550615), (3, 7, 0.0, 0.4693547692680826)],[(1, 2, 6), (3, 7)],speed_replan
574.016,actual,[(1, 2, 0.0, 0.29641686306321274), (1, 6, 0.0, 0.37568005922837305), (2, 6, 0.0, 0.35829638403278485), (3, 7, 0.0, 0.49435034507051057)],[(1, 2, 6), (3, 7)],speed_replan
574.528,actual,[(1, 2, 0.0, 0.29640049902843424), (1, 6, 0.0, 0.375245403363659), (2, 6, 0.0, 0.359273201022567), (3, 7, 0.0, 0.5204284615968368)],[(1, 2, 6), (3, 7)],speed_replan
575.024,actual,[(1, 2, 0.0, 0.2966196893322151), (1, 6, 0.0, 0.37600768164958837), (2, 6, 0.0, 0.3610417008121033), (3, 7, 0.0, 0.5464879319280116)],[(1, 2, 6), (3, 7)],speed_replan
575.520,actual,[(1, 2, 0.0, 0.29633158911642166), (1, 6, 0.0, 0.3750324280697859), (2, 6, 0.0, 0.364039738128741), (3, 7, 0.0, 0.5648521272553825)],[(1, 2, 6), (3, 7)],speed_replan
576.016,actual,[(1, 2, 0.0, 0.2966139215214037), (1, 6, 0.0, 0.37567788642309374), (2, 6, 0.0, 0.3650508446629039), (3, 7, 0.0, 0.5911125925247537)],[(1, 2, 6), (3, 7)],speed_replan
576.528,actual,[(1, 2, 0.0, 0.296521650789529), (1, 6, 0.0, 0.37509849021848907), (2, 6, 0.0, 0.3661665739219832), (3, 7, 0.0, 0.6192867292112074)],[(1, 2, 6), (3, 7)],speed_replan
577.024,actual,[(1, 2, 0.0, 0.29645042570936025), (1, 6, 0.0, 0.3745922572790894), (2, 6, 0.0, 0.3672429321259041), (3, 7, 0.0, 0.6465986170419264)],[(1, 2, 6), (3, 7)],speed_replan
577.520,actual,[(1, 2, 0.0, 0.29616781372990786), (1, 6, 0.0, 0.3745497815202512), (2, 6, 0.0, 0.3710070185834019), (3, 7, 0.0, 0.6660899319173699)],[(1, 2, 6), (3, 7)],speed_replan
578.016,actual,[(1, 2, 0.0, 0.2963147151689838), (1, 6, 0.0, 0.3748972285157894), (2, 6, 0.0, 0.37279397375533824), (3, 7, 0.0, 0.6937661397613805)],[(1, 2, 6), (3, 7)],speed_replan
578.528,actual,[(1, 2, 0.0, 0.2962630686344713), (1, 6, 0.0, 0.37532316417997186), (2, 6, 0.0, 0.37469886896718047), (3, 7, 0.0, 0.7221491636571107)],[(1, 2, 6), (3, 7)],speed_replan
579.024,actual,[(1, 2, 0.0, 0.29642999090466743), (1, 6, 0.0, 0.3755485524142233), (2, 6, 0.0, 0.3761020781274985), (3, 7, 0.0, 0.7500562369133449)],[(1, 2, 6), (3, 7)],speed_replan
579.520,actual,[(1, 2, 0.0, 0.29631520189397054), (1, 6, 0.0, 0.37487326362378576), (2, 6, 0.0, 0.37963725875024745), (3, 7, 0.0, 0.7682698258469187)],[(1, 2, 6), (3, 7)],speed_replan
580.016,actual,[(1, 2, 0.0, 0.29652301873023), (1, 6, 0.0, 0.3756372903121691), (2, 6, 0.0, 0.3811873795146588), (3, 7, 0.0, 0.7860118390956777)],[(1, 2, 6), (3, 7)],speed_replan
580.528,actual,[(1, 2, 0.0, 0.29641406812126925), (1, 6, 0.0, 0.37591517487389714), (2, 6, 0.0, 0.38363130968793263), (3, 7, 0.0, 0.8056417019179386)],[(1, 2, 6), (3, 7)],speed_replan
581.024,actual,[(1, 2, 0.0, 0.29617224051840657), (1, 6, 0.0, 0.37343723577021015), (2, 6, 0.0, 0.3830783884955403), (3, 7, 0.0, 0.8241765652309692)],[(1, 2, 6), (3, 7)],speed_replan
581.520,actual,[(1, 2, 0.0, 0.29578867274567827), (1, 6, 0.0, 0.3611107497322843), (2, 6, 0.0, 0.3776762901475667), (3, 7, 0.0, 0.8427908702748377)],[(1, 2, 6), (3, 7)],speed_replan
582.016,actual,[(1, 2, 0.0, 0.29592042833503274), (1, 6, 0.0, 0.35711892981459825), (2, 6, 0.0, 0.3758528728632569)],[(1, 2, 6)],speed_replan
582.528,actual,[(1, 2, 0.0, 0.296122481493695), (1, 6, 0.0, 0.3528331246324327), (2, 6, 0.0, 0.37379464011973484)],[(1, 2, 6)],speed_replan
583.024,actual,[(1, 2, 0.0, 0.29576147804946), (1, 6, 0.0, 0.35182418190388187), (2, 6, 0.0, 0.37460478315933676)],[(1, 2, 6)],speed_replan
583.520,actual,[(1, 2, 0.0, 0.29585201243194376), (1, 6, 0.0, 0.3504872557873244), (2, 6, 0.0, 0.377830856743324)],[(1, 2, 6)],speed_replan
584.016,actual,[(1, 2, 0.0, 0.29616987253185045), (1, 6, 0.0, 0.351697302272433), (2, 6, 0.0, 0.37984214297250485)],[(1, 2, 6)],speed_replan
584.528,actual,[(1, 2, 0.0, 0.2962703252658799), (1, 6, 0.0, 0.3516728045553612), (2, 6, 0.0, 0.38227331576523604)],[(1, 2, 6)],speed_replan
585.024,actual,[(1, 2, 0.0, 0.2960712813041066), (1, 6, 0.0, 0.35104444108874383), (2, 6, 0.0, 0.38336386494348745)],[(1, 2, 6)],speed_replan
585.520,actual,[(1, 2, 0.0, 0.29609291079624767), (1, 6, 0.0, 0.3406309344519031), (2, 6, 0.0, 0.3793631277765497)],[(1, 2, 6)],speed_replan
586.016,actual,[(1, 2, 0.0, 0.2960901650791572), (1, 6, 0.0, 0.3367529388922455), (2, 6, 0.0, 0.37803844000506137)],[(1, 2, 6)],speed_replan
586.528,actual,[(1, 2, 0.0, 0.29606482100134707), (1, 6, 0.0, 0.3325579581022819), (2, 6, 0.0, 0.376543342303227)],[(1, 2, 6)],speed_replan
587.024,actual,[(1, 2, 0.0, 0.2960150431668109), (1, 6, 0.0, 0.32865267118320884), (2, 6, 0.0, 0.37536796651487375)],[(1, 2, 6)],speed_replan
587.520,actual,[(1, 2, 0.0, 0.29610639075653356), (1, 6, 0.0, 0.3174067319423122), (2, 6, 0.0, 0.37167869458497477)],[(1, 2, 6)],speed_replan
588.016,actual,[(1, 2, 0.0, 0.29612784508119433), (1, 6, 0.0, 0.3140716707194621), (2, 6, 0.0, 0.3706151186967877)],[(1, 2, 6)],speed_replan
588.528,actual,[(1, 2, 0.0, 0.2960485234105855), (1, 6, 0.0, 0.30937852762090823), (2, 6, 0.0, 0.3696834230164179), (4, 7, 0.0, 0.8358772284166313)],[(1, 2, 6), (4, 7)],speed_replan
589.024,actual,[(1, 2, 0.0, 0.2962119592059287), (1, 6, 0.0, 0.30558442026418303), (2, 6, 0.0, 0.3689438848158987), (4, 7, 0.0, 0.8032011620339871)],[(1, 2, 6), (4, 7)],speed_replan
589.520,actual,[(1, 2, 0.0, 0.29611660286341), (1, 6, 0.0, 0.3090798039090379), (2, 6, 0.0, 0.3786640473131981), (4, 7, 0.0, 0.7720961233101544)],[(1, 2, 6), (4, 7)],speed_replan
590.016,actual,[(1, 2, 0.0, 0.2959410957679992), (1, 6, 0.0, 0.3103767941687708), (2, 6, 0.0, 0.3821212485496671), (4, 7, 0.0, 0.7410421949108591)],[(1, 2, 6), (4, 7)],speed_replan
590.528,actual,[(1, 2, 0.0, 0.2960510286820801), (1, 6, 0.0, 0.3122141096867023), (2, 6, 0.0, 0.3862138128688807), (4, 7, 0.0, 0.6993178512653951)],[(1, 2, 6), (4, 7)],speed_replan
591.024,actual,[(1, 2, 0.0, 0.2961707957500153), (1, 6, 0.0, 0.31395198984075684), (2, 6, 0.0, 0.3898683530533511), (4, 7, 0.0, 0.658619625247589)],[(1, 2, 6), (4, 7)],speed_replan
591.520,actual,[(1, 2, 0.0, 0.2959696328716434), (1, 6, 0.0, 0.31665347999136645), (2, 6, 0.0, 0.398004416342293), (4, 7, 0.0, 0.6258537267286212)],[(1, 2, 6), (4, 7)],speed_replan
592.016,actual,[(1, 2, 0.0, 0.296101727715667), (1, 6, 0.0, 0.31786755398640415), (2, 6, 0.0, 0.4005422763618255), (4, 7, 0.0, 0.5862310122472311)],[(1, 2, 6), (4, 7)],speed_replan
592.528,actual,[(1, 2, 0.0, 0.29596608252452333), (1, 6, 0.0, 0.3189284831841943), (2, 6, 0.0, 0.404048922350674), (4, 7, 0.0, 0.5436755850186253)],[(1, 2, 6), (4, 7)],speed_replan
593.024,actual,[(1, 2, 0.0, 0.29615770729213464), (1, 6, 0.0, 0.32017394071698263), (2, 6, 0.0, 0.40702808471976526), (4, 7, 0.0, 0.503165628824909)],[(1, 2, 6), (4, 7)],speed_replan
593.520,actual,[(1, 2, 0.0, 0.2961369139299558), (1, 6, 0.0, 0.3219507359793325), (2, 6, 0.0, 0.4131700670611599), (4, 7, 0.0, 0.47071073904718325)],[(1, 2, 6), (4, 7)],speed_replan
594.016,actual,[(1, 2, 0.0, 0.2959915026262603), (1, 6, 0.0, 0.3227446907801956), (2, 6, 0.0, 0.4155534322065394), (4, 7, 0.0, 0.4303907740211202)],[(1, 2, 6), (4, 7)],speed_replan
594.528,actual,[(1, 2, 0.0, 0.29615989511793406), (1, 6, 0.0, 0.32382235583343105), (2, 6, 0.0, 0.41782354359328255), (4, 7, 0.0, 0.3892234198640502)],[(1, 2, 6), (4, 7)],speed_replan
595.024,actual,[(1, 2, 0.0, 0.29611558245011155), (1, 6, 0.0, 0.3245171713289685), (2, 6, 0.0, 0.4197985483734142), (4, 7, 0.0, 0.34920666799814537)],[(1, 2, 6), (4, 7)],speed_replan
595.520,actual,[(1, 2, 0.0, 0.2961306362653157), (1, 6, 0.0, 0.32512038358572193), (2, 6, 0.0, 0.4232648489012302), (4, 7, 0.0, 0.3175179806404467)],[(1, 2, 6), (4, 7)],speed_replan
596.016,actual,[(1, 2, 0.0, 0.2962432895623767), (1, 6, 0.0, 0.32595035226218855), (2, 6, 0.0, 0.42430743809596133), (4, 7, 0.0, 0.29945221556163104)],[(1, 2, 6), (4, 7)],speed_replan
596.528,actual,[(1, 2, 0.0, 0.29615467807595247), (1, 6, 0.0, 0.3263360399078847), (2, 6, 0.0, 0.42554625938436835), (4, 7, 0.0, 0.2905962977466008)],[(1, 2, 6), (4, 7)],speed_replan
597.024,actual,[(1, 2, 0.0, 0.2961102537211232), (1, 6, 0.0, 0.3269464636212969), (2, 6, 0.0, 0.4264537025799303), (4, 7, 0.0, 0.2830919670242649)],[(1, 2, 6), (4, 7)],speed_replan
597.520,actual,[(1, 2, 0.0, 0.2963167833067521), (1, 6, 0.0, 0.33222241159018157), (2, 6, 0.0, 0.4312703787453284), (4, 7, 0.0, 0.2766419529968939)],[(1, 2, 6), (4, 7)],speed_replan
598.016,actual,[(1, 2, 0.0, 0.29637055446299976), (1, 6, 0.0, 0.33648737212055446), (2, 6, 0.0, 0.4349830624855716), (4, 7, 0.0, 0.2714530218591475)],[(1, 2, 6), (4, 7)],speed_replan
598.528,actual,[(1, 2, 0.0, 0.296446829968932), (1, 6, 0.0, 0.3407733586362515), (2, 6, 0.0, 0.43870855615191146), (4, 7, 0.0, 0.2708635668861131)],[(1, 2, 6), (4, 7)],speed_replan
599.024,actual,[(1, 2, 0.0, 0.29668439271455327), (1, 6, 0.0, 0.3439930239140058), (2, 6, 0.0, 0.4411538372502746), (4, 7, 0.0, 0.27070812079697026)],[(1, 2, 6), (4, 7)],speed_replan
599.520,actual,[(1, 2, 0.0, 0.29655642824410605), (1, 6, 0.0, 0.3453824223794582), (2, 6, 0.0, 0.44255270322541146), (4, 7, 0.0, 0.2962582370047728)],[(1, 2, 6), (4, 7)],speed_replan
