sim_time,trajectories,conflicts,components,actions
1.520,[1, 2, 3],[],,,
2.016,[1, 2, 3],[],,,
2.528,[1, 2, 3],[],,,
3.024,[1, 2, 3],[],,,
3.520,[1, 2, 3],[],,,
4.016,[1, 2, 3],[],,,
4.528,[1, 2, 3],[],,,
5.024,[1, 2, 3],[],,,
5.520,[1, 2, 3],[],,,
6.016,[1, 2, 3],[],,,
6.528,[1, 2, 3],[],,,
7.024,[1, 2, 3],[],,,
7.520,[1, 2, 3],[],,,
8.016,[1, 2, 3],[],,,
8.528,[1, 2, 3],[],,,
9.024,[1, 2, 3],[],,,
9.520,[1, 2, 3],[],,,
10.016,[1, 2, 3, 4],[],,,
10.528,[1, 2, 3, 4],[],,,
11.024,[1, 2, 3, 4],[],,,
11.520,[1, 2, 3, 4],[],,,
12.016,[1, 2, 3, 4],[],,,
12.528,[1, 2, 3, 4],[],,,
13.024,[1, 2, 3, 4],[],,,
13.520,[1, 2, 3, 4],[],,,
14.016,[1, 2, 3, 4],[],,,
14.528,[1, 2, 3, 4],[],,,
15.024,[1, 2, 3, 4],[],,,
15.520,[1, 2, 3, 4],[],,,
16.016,[1, 2, 3, 4],[],,,
16.528,[1, 2, 3, 4],[],,,
17.024,[1, 2, 3, 4],[],,,
17.520,[1, 2, 3, 4],[],,,
18.032,[1, 2, 3, 4],[],,,
18.528,[1, 2, 3, 4],[],,,
19.024,[1, 2, 3, 4],[],,,
19.520,[1, 2, 3, 4],[],,,
20.032,[1, 2, 3, 4],[],,,
20.528,[1, 2, 3, 4],[],,,
21.024,[1, 2, 3, 4],[],,,
21.520,[1, 2, 3, 4],[],,,
22.032,[1, 2, 3, 4],[],,,
22.528,[1, 2, 3, 4],[],,,
23.024,[1, 2, 3, 4],[],,,
23.520,[1, 2, 3, 4, 5, 7],[],,,
24.032,[1, 2, 3, 4, 5, 7],[],,,
24.528,[1, 2, 3, 4, 5, 7],[],,,
25.024,[1, 2, 3, 4, 5, 7],[],,,
25.520,[1, 2, 3, 4, 5, 7],[],,,
26.032,[1, 2, 3, 4, 5, 6, 7, 8],[],,,
26.528,[1, 2, 3, 4, 5, 6, 7, 8],[],,,
27.024,[1, 2, 3, 4, 5, 6, 7, 8],[],,,
27.520,[1, 2, 3, 4, 5, 6, 7, 8],[],,,
28.032,[1, 2, 3, 4, 5, 6, 7, 8],[],,,
28.528,[1, 2, 3, 4, 5, 6, 7, 8],[],,,
29.024,[1, 2, 3, 4, 5, 6, 7, 8],[],,,
29.520,[1, 2, 3, 4, 5, 6, 7, 8],[],,,
30.032,[1, 2, 3, 4, 5, 6, 7, 8],[],,,
30.528,[1, 2, 3, 4, 5, 6, 7, 8],[],,,
31.024,[1, 2, 3, 4, 5, 6, 7, 8],[],,,
31.520,[1, 2, 3, 4, 5, 6, 7, 8],[],,,
32.032,[1, 2, 3, 4, 5, 6, 7, 8],[],,,
32.528,[1, 2, 3, 4, 5, 6, 7, 8],[],,,
33.024,[1, 2, 3, 4, 5, 6, 7, 8],[],,,
33.520,[1, 2, 3, 4, 5, 6, 7, 8],[],,,
34.032,[1, 2, 3, 4, 5, 6, 7, 8],[],,,
34.528,[1, 2, 3, 4, 5, 6, 7, 8],[],,,
35.024,[1, 2, 3, 4, 5, 6, 7, 8],[],,,
35.520,[1, 2, 3, 4, 5, 6, 7, 8],[],,,
36.032,[1, 2, 3, 4, 5, 6, 7, 8],[],,,
36.528,[1, 2, 3, 4, 5, 6, 7, 8],[],,,
37.024,[1, 2, 3, 4, 5, 6, 7, 8],[],,,
37.520,[1, 2, 3, 4, 5, 6, 7, 8],[],,,
38.032,[1, 2, 3, 4, 5, 6, 7, 8],[],,,
38.528,[1, 2, 3, 4, 5, 6, 7, 8],[],,,
39.024,[1, 2, 3, 4, 5, 6, 7, 8],[],,,
39.520,[1, 2, 3, 4, 5, 6, 7, 8],[],,,
40.032,[1, 2, 3, 4, 5, 6, 7, 8],[],,,
40.528,[1, 2, 3, 4, 5, 6, 7, 8],[],,,
41.024,[1, 2, 3, 4, 5, 6, 7, 8],[],,,
41.520,[1, 2, 3, 4, 5, 6, 7, 8],[],,,
42.032,[1, 2, 3, 4, 5, 6, 7, 8],[],,,
42.528,[1, 2, 3, 4, 5, 6, 7, 8],[],,,
43.024,[1, 2, 3, 4, 5, 6, 7, 8],[],,,
43.520,[1, 2, 3, 4, 5, 6, 7, 8],[],,,
44.032,[1, 2, 3, 4, 5, 6, 7, 8],[],,,
44.528,[1, 2, 3, 4, 5, 6, 8],[],,,
45.024,[1, 2, 3, 4, 5, 6, 8],[],,,
45.520,[1, 2, 3, 4, 5, 6, 8],[],,,
46.032,[1, 2, 3, 4, 5, 6, 8],[],,,
46.528,[1, 2, 3, 4, 5, 6, 8],[],,,
47.024,[1, 2, 3, 4, 5, 6, 8],[],,,
47.520,[1, 2, 3, 4, 5, 6, 8],[],,,
48.032,[1, 2, 3, 4, 5, 6, 8],[],,,
48.528,[1, 2, 3, 4, 5, 6, 8],[],,,
49.024,[1, 2, 3, 4, 5, 6, 8],[],,,
49.520,[1, 2, 3, 4, 5, 6, 7, 8],[],,,
50.032,[1, 2, 3, 4, 5, 6, 7, 8],[],,,
50.528,[1, 2, 3, 4, 5, 6, 7, 8],[(2, 3, 2.25, 0.7129352733539693), (3, 5, 4.25, 0.7010905903323845)],,,
51.024,[1, 2, 3, 4, 5, 6, 7, 8],[(2, 5, 7.25, 0.7442500251464435)],,,
51.520,[1, 2, 3, 4, 5, 6, 7, 8],[],,,
52.032,[1, 2, 3, 4, 5, 6, 7, 8],[],,,
52.528,[1, 2, 3, 4, 5, 6, 7, 8],[],,,
53.024,[1, 2, 3, 4, 5, 6, 7, 8],[],,,
53.520,[1, 2, 3, 4, 5, 6, 7, 8],[],,,
54.032,[1, 2, 3, 4, 5, 6, 7, 8],[],,,
54.528,[1, 2, 3, 4, 5, 6, 7, 8],[],,,
55.024,[1, 2, 3, 4, 5, 6, 7, 8],[],,,
55.520,[1, 2, 3, 4, 5, 6, 7, 8],[],,,
56.032,[1, 2, 3, 4, 5, 6, 7, 8],[],,,
56.528,[1, 2, 3, 4, 5, 6, 7, 8],[],,,
57.024,[1, 2, 3, 4, 5, 6, 7, 8],[],,,
57.520,[1, 2, 3, 4, 5, 6, 7, 8],[],,,
58.032,[1, 2, 3, 4, 5, 6, 7, 8],[],,,
58.528,[1, 2, 3, 4, 5, 6, 7, 8],[],,,
59.024,[1, 2, 3, 4, 5, 6, 7, 8],[],,,
59.520,[1, 2, 3, 4, 5, 6, 7, 8],[],,,
60.032,[1, 2, 3, 4, 5, 6, 7, 8],[],,,
60.528,[1, 2, 3, 4, 5, 6, 7, 8],[],,,
61.024,[1, 2, 3, 4, 5, 6, 7, 8],[],,,
61.520,[1, 2, 3, 4, 5, 6, 7, 8],[],,,
62.032,[1, 2, 3, 4, 5, 6, 7, 8],[],,,
62.528,[1, 2, 3, 4, 5, 6, 7, 8],[],,,
63.024,[1, 2, 3, 4, 5, 6, 7, 8],[],,,
63.520,[1, 2, 3, 4, 5, 6, 7, 8],[],,,
64.032,[1, 2, 3, 4, 5, 6, 7, 8],[],,,
64.528,[1, 2, 3, 4, 5, 6, 7, 8],[],,,
65.024,[1, 2, 3, 4, 5, 6, 7, 8],[],,,
65.520,actual,[(3, 5, 0.0, 0.8457009747338032)],[(3, 5)],,
66.032,actual,[(3, 5, 0.0, 0.8305354827615331)],[(3, 5)],,
66.528,actual,[(3, 5, 0.0, 0.8392293923954164)],[(3, 5)],,
67.024,[1, 2, 3, 4, 5, 6, 7, 8],[(2, 3, 2.5, 0.7407029818105941), (3, 5, 1.25, 0.730400097443597)],,,
67.520,[1, 2, 3, 4, 5, 6, 7, 8],[(3, 5, 6.25, 0.7240050536079435)],,,
68.032,[1, 2, 3, 4, 5, 6, 7, 8],[(3, 5, 6.0, 0.7285920842236879)],,,
68.528,actual,[(3, 5, 0.0, 0.8295455411131022)],[(3, 5)],,
69.024,actual,[(3, 5, 0.0, 0.8061632594112252)],[(3, 5)],,
69.520,actual,[(3, 5, 0.0, 0.7494312079585678)],[(3, 5)],,
70.032,actual,[(3, 5, 0.0, 0.7035503513242332)],[(3, 5)],,
70.528,actual,[(3, 5, 0.0, 0.6925907578348437)],[(3, 5)],,
71.024,actual,[(3, 5, 0.0, 0.6877158468086099)],[(3, 5)],,
71.520,actual,[(3, 5, 0.0, 0.6702724056848306)],[(3, 5)],,
72.032,[1, 2, 3, 4, 6, 7, 8],[],,,
72.528,[1, 2, 3, 4, 6, 7, 8],[],,,
73.024,[1, 2, 3, 4, 6, 7, 8],[],,,
73.520,actual,[(3, 5, 0.0, 0.7803761397491518)],[(3, 5)],,
74.032,actual,[(3, 5, 0.0, 0.8238142435733943)],[(3, 5)],,
74.528,[1, 2, 3, 4, 5, 6, 7, 8],[],,,
75.024,[1, 2, 3, 4, 5, 6, 7, 8],[],,,
75.520,[1, 2, 3, 4, 5, 6, 7, 8],[],,,
76.032,[1, 2, 3, 4, 5, 6, 7, 8],[],,,
76.528,[1, 2, 3, 4, 5, 6, 7, 8],[],,,
77.024,[1, 2, 3, 4, 5, 6, 7, 8],[],,,
77.520,[1, 2, 3, 4, 5, 6, 7, 8],[(2, 4, 5.75, 0.7075283461675262)],,,
78.032,[1, 2, 3, 4, 5, 6, 7, 8],[],,,
78.528,[1, 2, 3, 4, 5, 6, 7, 8],[],,,
79.024,[1, 2, 3, 4, 5, 6, 7, 8],[],,,
79.520,[1, 2, 3, 4, 5, 6, 7, 8],[],,,
80.016,[1, 2, 3, 4, 5, 6, 7, 8],[],,,
80.528,[1, 2, 3, 4, 5, 6, 7, 8],[],,,
81.024,[1, 2, 3, 4, 5, 6, 7, 8],[],,,
81.520,[1, 2, 3, 4, 5, 6, 7, 8],[],,,
82.016,[1, 2, 3, 4, 5, 6, 7, 8],[],,,
82.528,[1, 2, 3, 4, 5, 6, 7, 8],[],,,
83.024,[1, 2, 3, 4, 5, 6, 7, 8],[],,,
83.520,[1, 2, 3, 4, 5, 6, 7, 8],[],,,
84.016,[1, 2, 3, 4, 5, 6, 7, 8],[],,,
84.528,[1, 2, 3, 4, 5, 6, 7, 8],[],,,
85.024,[1, 2, 3, 4, 5, 6, 7, 8],[],,,
85.520,[1, 2, 3, 4, 5, 6, 7, 8],[],,,
86.016,[1, 2, 3, 4, 5, 6, 7, 8],[],,,
86.528,[1, 2, 3, 4, 5, 6, 7, 8],[],,,
87.024,[1, 2, 3, 4, 5, 6, 7, 8],[],,,
87.520,[1, 2, 3, 4, 5, 6, 7, 8],[],,,
88.016,[1, 2, 3, 4, 5, 6, 7, 8],[],,,
88.528,[1, 2, 3, 4, 5, 6, 7, 8],[],,,
89.024,[1, 2, 3, 4, 5, 6, 7, 8],[],,,
89.520,[1, 2, 3, 4, 5, 6, 7, 8],[],,,
90.016,[1, 2, 3, 4, 5, 6, 7, 8],[],,,
90.528,[1, 2, 3, 4, 5, 6, 7, 8],[],,,
91.024,[1, 2, 3, 4, 5, 6, 7, 8],[],,,
91.520,[1, 2, 3, 4, 5, 6, 7, 8],[],,,
92.016,[1, 2, 3, 4, 5, 6, 7, 8],[],,,
92.528,[1, 2, 3, 4, 5, 6, 7, 8],[],,,
93.024,[1, 2, 3, 4, 5, 6, 7, 8],[],,,
93.520,[1, 2, 3, 4, 5, 6, 7, 8],[],,,
94.016,[1, 2, 3, 4, 5, 6, 7, 8],[],,,
94.528,[1, 2, 3, 4, 5, 6, 7, 8],[],,,
95.024,[1, 2, 3, 4, 5, 6, 7, 8],[],,,
95.520,[1, 2, 3, 4, 5, 6, 7, 8],[],,,
96.016,[1, 2, 3, 4, 5, 6, 7, 8],[],,,
96.528,[1, 2, 3, 4, 5, 6, 7, 8],[],,,
97.024,[1, 2, 3, 4, 5, 6, 7, 8],[],,,
97.520,[1, 2, 3, 4, 5, 6, 7, 8],[],,,
98.016,[1, 2, 3, 4, 5, 6, 7, 8],[],,,
98.528,[1, 2, 3, 4, 5, 6, 7, 8],[],,,
99.024,[1, 2, 3, 4, 5, 6, 7, 8],[],,,
99.520,[1, 2, 3, 4, 5, 6, 7, 8],[],,,
100.016,[1, 2, 3, 4, 5, 6, 7, 8],[],,,
100.528,[1, 2, 3, 4, 5, 6, 7, 8],[],,,
101.024,[1, 2, 3, 4, 5, 6, 7, 8],[],,,
101.520,[1, 2, 3, 4, 5, 6, 7, 8],[],,,
102.016,[1, 2, 3, 4, 5, 6, 7, 8],[],,,
102.528,[1, 2, 3, 4, 5, 6, 7, 8],[],,,
103.024,[1, 2, 3, 4, 5, 6, 7, 8],[],,,
103.520,[1, 2, 3, 4, 5, 6, 7, 8],[],,,
104.016,[1, 2, 3, 4, 5, 6, 7, 8],[],,,
104.528,[1, 2, 3, 4, 5, 6, 7, 8],[],,,
105.024,[1, 2, 3, 4, 5, 6, 7, 8],[],,,
105.520,[1, 2, 3, 4, 5, 6, 7, 8],[],,,
106.016,actual,[(1, 8, 0.0, 0.8393749607462208)],[(1, 8)],,
106.528,actual,[(1, 8, 0.0, 0.8420696525577621)],[(1, 8)],,
107.024,[1, 2, 3, 4, 5, 6, 7, 8],[],,,
107.520,[1, 2, 3, 4, 5, 6, 7, 8],[],,,
108.016,[1, 2, 3, 4, 5, 6, 7, 8],[],,,
108.528,[1, 2, 3, 4, 5, 6, 7, 8],[],,,
109.024,[1, 2, 3, 4, 5, 6, 7, 8],[],,,
109.520,[1, 2, 3, 4, 5, 6, 7, 8],[],,,
110.016,[1, 2, 3, 4, 5, 6, 7, 8],[],,,
110.528,[1, 2, 3, 4, 5, 6, 7, 8],[],,,
111.024,[1, 2, 3, 4, 5, 6, 7, 8],[],,,
111.520,[1, 2, 3, 4, 5, 6, 7, 8],[],,,
112.016,[1, 2, 3, 4, 5, 6, 7, 8],[],,,
112.528,[1, 2, 3, 4, 5, 6, 7, 8],[],,,
113.024,[1, 2, 3, 4, 5, 6, 7, 8],[],,,
113.520,[1, 2, 3, 4, 5, 6, 7, 8],[],,,
114.016,[1, 2, 3, 4, 5, 6, 7, 8],[],,,
114.528,[1, 2, 3, 4, 5, 6, 7, 8],[],,,
115.024,[1, 2, 3, 4, 5, 6, 7, 8],[],,,
115.520,[1, 2, 3, 4, 5, 6, 7, 8],[],,,
116.016,[1, 2, 3, 4, 5, 6, 7, 8],[],,,
116.528,[1, 2, 3, 4, 5, 6, 7, 8],[],,,
117.024,[1, 2, 3, 4, 5, 6, 7, 8],[],,,
117.520,[1, 2, 3, 4, 5, 6, 7, 8],[],,,
118.016,[1, 2, 3, 4, 5, 6, 7, 8],[],,,
118.528,[1, 2, 3, 4, 5, 6, 7, 8],[],,,
119.024,[1, 2, 3, 4, 5, 6, 7, 8],[],,,
119.520,[1, 2, 3, 4, 5, 6, 7, 8],[],,,
120.016,[1, 2, 3, 4, 5, 6, 7, 8],[],,,
120.528,[1, 2, 3, 4, 5, 6, 7, 8],[],,,
121.024,[1, 2, 3, 4, 5, 6, 7, 8],[],,,
121.520,[1, 2, 3, 4, 5, 6, 7, 8],[],,,
122.016,[1, 2, 3, 4, 5, 6, 7, 8],[],,,
122.528,[1, 2, 3, 4, 5, 6, 7, 8],[],,,
123.024,[1, 2, 3, 4, 5, 6, 7, 8],[],,,
123.520,[1, 2, 3, 4, 5, 6, 7, 8],[],,,
124.016,[1, 2, 3, 4, 5, 6, 7, 8],[],,,
124.528,[1, 2, 3, 4, 5, 6, 7, 8],[],,,
125.024,[1, 2, 3, 4, 5, 6, 7, 8],[],,,
125.520,[1, 2, 3, 4, 5, 6, 7, 8],[],,,
126.016,[1, 2, 3, 4, 5, 6, 7, 8],[],,,
126.528,[1, 2, 3, 4, 5, 6, 7, 8],[],,,
127.024,[1, 2, 3, 4, 5, 6, 7, 8],[],,,
127.520,[1, 2, 3, 4, 5, 6, 7, 8],[],,,
128.016,[1, 2, 3, 4, 5, 6, 7, 8],[],,,
128.528,[1, 2, 3, 4, 5, 6, 7, 8],[],,,
129.024,[1, 2, 3, 4, 5, 6, 7, 8],[],,,
129.520,[1, 2, 3, 4, 5, 6, 7, 8],[],,,
130.016,[1, 2, 3, 4, 5, 6, 7, 8],[],,,
130.528,[1, 2, 3, 4, 5, 6, 7, 8],[],,,
131.024,[1, 2, 3, 4, 5, 6, 7, 8],[],,,
131.520,[1, 2, 3, 4, 5, 6, 7, 8],[],,,
132.016,[1, 2, 3, 4, 5, 6, 7, 8],[],,,
132.528,[1, 2, 3, 4, 5, 6, 7, 8],[],,,
133.024,[1, 2, 3, 4, 5, 6, 7, 8],[],,,
133.520,actual,[(3, 6, 0.0, 0.8302629623638654)],[(3, 6)],,
134.016,actual,[(3, 6, 0.0, 0.79515721982453)],[(3, 6)],,
134.528,actual,[(3, 6, 0.0, 0.8049797029492952)],[(3, 6)],,
135.024,actual,[(3, 6, 0.0, 0.7723778278642436)],[(3, 6)],,
135.520,actual,[(3, 6, 0.0, 0.745963944186881)],[(3, 6)],,
136.016,actual,[(3, 6, 0.0, 0.7344332045003235)],[(3, 6)],,
136.528,actual,[(3, 6, 0.0, 0.7373507941109675)],[(3, 6)],,
137.024,actual,[(3, 6, 0.0, 0.7496353740054671)],[(3, 6)],,
137.520,actual,[(3, 6, 0.0, 0.7509238928621419)],[(3, 6)],,
138.016,actual,[(3, 6, 0.0, 0.7336019312923187)],[(3, 6)],,
138.528,actual,[(3, 6, 0.0, 0.7213061694055366)],[(3, 6)],,
139.024,actual,[(3, 6, 0.0, 0.7166688633839298)],[(3, 6)],,
139.520,actual,[(3, 6, 0.0, 0.7151432728728813)],[(3, 6)],,
140.016,actual,[(3, 6, 0.0, 0.7233053595991258)],[(3, 6)],,
140.528,actual,[(3, 6, 0.0, 0.7720966996390225)],[(3, 6)],,
141.024,actual,[(3, 6, 0.0, 0.8293782099200233)],[(3, 6)],,
141.520,[1, 2, 3, 4, 5, 6, 7, 8],[(2, 5, 1.75, 0.7478997170221183)],,,
142.016,[1, 2, 3, 4, 5, 6, 7, 8],[(2, 5, 2.75, 0.7422827218819691)],,,
142.528,[1, 2, 3, 4, 5, 6, 7, 8],[(2, 5, 8.5, 0.727539003420842)],,,
143.024,[1, 2, 3, 4, 5, 6, 7, 8],[(2, 5, 3.75, 0.7471476372781812)],,,
143.520,[1, 2, 3, 4, 5, 6, 7, 8],[],,,
144.016,[1, 2, 3, 4, 5, 6, 7, 8],[],,,
144.528,[1, 2, 3, 4, 5, 6, 7, 8],[],,,
145.024,[1, 2, 3, 4, 5, 6, 7, 8],[],,,
145.520,[1, 2, 3, 4, 5, 6, 7, 8],[],,,
146.016,[1, 2, 3, 4, 5, 6, 7, 8],[],,,
146.528,[1, 2, 3, 4, 5, 6, 7, 8],[],,,
147.024,[1, 2, 3, 4, 5, 6, 7, 8],[],,,
147.520,[1, 2, 3, 4, 5, 6, 7, 8],[],,,
148.016,[1, 2, 3, 4, 5, 6, 7, 8],[],,,
148.528,[1, 2, 3, 4, 5, 6, 7, 8],[],,,
149.024,[1, 2, 3, 4, 5, 6, 7, 8],[(1, 3, 6.5, 0.7318789320181451)],,,
149.520,[1, 2, 3, 4, 5, 6, 7, 8],[],,,
150.016,[1, 2, 3, 4, 5, 6, 7, 8],[],,,
150.528,[1, 2, 3, 4, 5, 6, 7, 8],[],,,
151.024,[1, 2, 3, 4, 5, 6, 7, 8],[],,,
151.520,[1, 2, 3, 4, 5, 6, 7, 8],[],,,
152.016,[1, 2, 3, 4, 5, 6, 7, 8],[],,,
152.528,[1, 2, 3, 4, 5, 6, 7, 8],[],,,
153.024,[1, 2, 3, 4, 5, 6, 7, 8],[],,,
153.520,[1, 2, 3, 4, 5, 6, 7, 8],[],,,
154.016,[1, 2, 3, 4, 5, 6, 7, 8],[],,,
154.528,[1, 2, 3, 4, 5, 6, 7, 8],[],,,
155.024,[1, 2, 3, 4, 5, 6, 7, 8],[],,,
155.520,[1, 2, 3, 4, 5, 6, 7, 8],[],,,
156.016,[1, 2, 3, 4, 5, 6, 7, 8],[],,,
156.528,[1, 2, 3, 4, 5, 6, 7, 8],[],,,
157.024,[1, 2, 3, 4, 5, 6, 7, 8],[],,,
157.520,[1, 2, 3, 4, 5, 6, 7, 8],[],,,
158.032,[1, 2, 3, 4, 5, 6, 7, 8],[],,,
158.528,[1, 2, 3, 4, 5, 6, 7, 8],[],,,
159.024,[1, 2, 3, 4, 5, 6, 7, 8],[],,,
159.520,[1, 2, 3, 4, 5, 6, 7, 8],[],,,
160.032,[1, 2, 3, 4, 5, 6, 7, 8],[],,,
160.528,[1, 2, 3, 4, 5, 6, 7, 8],[],,,
161.024,[1, 2, 3, 4, 5, 6, 7, 8],[],,,
161.520,[1, 2, 3, 4, 5, 6, 7, 8],[],,,
162.032,[1, 2, 3, 4, 5, 6, 7, 8],[],,,
162.528,[1, 2, 3, 4, 5, 6, 7, 8],[],,,
163.024,[1, 2, 3, 4, 5, 6, 7, 8],[],,,
163.520,[1, 2, 3, 4, 5, 6, 7, 8],[],,,
164.032,[1, 2, 3, 4, 5, 6, 7, 8],[],,,
164.528,[1, 2, 3, 4, 5, 6, 7, 8],[],,,
165.024,[1, 2, 3, 4, 5, 6, 7, 8],[],,,
165.520,[1, 2, 3, 4, 5, 6, 7, 8],[],,,
166.032,[1, 2, 3, 4, 5, 6, 7, 8],[],,,
166.528,[1, 2, 3, 4, 5, 6, 7, 8],[],,,
167.024,[1, 2, 3, 4, 5, 6, 7, 8],[],,,
167.520,[1, 2, 3, 4, 5, 6, 7, 8],[],,,
168.032,[1, 2, 3, 4, 5, 6, 7, 8],[],,,
168.528,[1, 2, 3, 4, 5, 6, 7, 8],[],,,
169.024,[1, 2, 3, 4, 5, 6, 7, 8],[],,,
169.520,[1, 2, 3, 4, 5, 6, 7, 8],[],,,
170.032,[1, 2, 3, 4, 5, 6, 7, 8],[],,,
170.528,[1, 2, 3, 4, 5, 6, 7, 8],[],,,
171.024,[1, 2, 3, 4, 5, 6, 7, 8],[],,,
171.520,[1, 2, 3, 4, 5, 6, 7, 8],[],,,
172.032,[1, 2, 3, 4, 5, 6, 7, 8],[],,,
172.528,[1, 2, 3, 4, 5, 6, 7, 8],[],,,
173.024,[1, 2, 3, 4, 5, 6, 7, 8],[],,,
173.520,[1, 2, 3, 4, 5, 6, 7, 8],[],,,
174.032,[1, 2, 3, 4, 5, 6, 7, 8],[],,,
174.528,[1, 2, 3, 4, 5, 6, 7, 8],[],,,
175.024,[1, 2, 3, 4, 5, 6, 7, 8],[],,,
175.520,[1, 2, 3, 4, 5, 6, 7, 8],[],,,
176.032,[1, 2, 3, 4, 5, 6, 7, 8],[],,,
176.528,[1, 2, 3, 4, 5, 6, 7, 8],[],,,
177.024,actual,[(1, 4, 0.0, 0.834798399839921)],[(1, 4)],,
177.520,actual,[(1, 4, 0.0, 0.8027691550351626)],[(1, 4)],,
178.032,actual,[(1, 4, 0.0, 0.799877207429677)],[(1, 4)],,
178.528,actual,[(1, 4, 0.0, 0.8060319826624698)],[(1, 4)],,
179.024,actual,[(1, 4, 0.0, 0.746732533154076)],[(1, 4)],,
179.520,actual,[(1, 4, 0.0, 0.689831554884095)],[(1, 4)],,
180.032,actual,[(1, 4, 0.0, 0.6365138793022709)],[(1, 4)],,
180.528,[1, 2, 3, 5, 6, 7, 8],[],,,
181.024,[1, 2, 3, 4, 5, 6, 7, 8],[(1, 4, 6.75, 0.7108233987337111)],,,
181.520,[1, 2, 3, 4, 5, 6, 7, 8],[],,,
182.032,[1, 2, 3, 4, 5, 6, 7, 8],[],,,
182.528,[1, 2, 3, 4, 5, 6, 7, 8],[],,,
183.024,[1, 2, 3, 4, 5, 6, 7, 8],[],,,
183.520,[1, 2, 3, 4, 5, 6, 7, 8],[],,,
184.032,[1, 2, 3, 4, 5, 6, 7, 8],[],,,
184.528,[1, 2, 3, 4, 5, 6, 7, 8],[],,,
185.024,[1, 2, 3, 4, 5, 6, 7, 8],[(1, 2, 7.0, 0.6772801116557957), (1, 4, 1.75, 0.7197670222962766), (5, 8, 3.0, 0.7273768615281239)],,,
185.520,[1, 2, 3, 4, 5, 6, 7, 8],[(1, 2, 8.25, 0.7395208455250977), (5, 8, 4.5, 0.7209542837642099)],,,
186.032,[1, 2, 3, 4, 5, 6, 7, 8],[(1, 2, 8.5, 0.7413097312090329), (5, 8, 4.75, 0.7079640543703682)],,,
186.528,[1, 2, 3, 4, 5, 6, 7, 8],[(1, 2, 8.75, 0.7420783903449972), (1, 4, 2.75, 0.7488320427798671), (5, 8, 4.5, 0.7406408015414117)],,,
187.024,[1, 2, 3, 4, 5, 6, 7, 8],[(1, 2, 8.0, 0.7158678216228603), (5, 8, 2.75, 0.7343092898696305)],,,
187.520,[1, 2, 3, 4, 5, 6, 7, 8],[(1, 2, 7.5, 0.7064082396168369), (1, 4, 2.25, 0.7441494149932621), (5, 8, 4.5, 0.7267379593734131)],,,
188.032,[1, 2, 3, 4, 5, 6, 7, 8],[(1, 2, 8.5, 0.7014309437140032), (5, 8, 4.75, 0.7179588016466515)],,,
188.528,[1, 2, 3, 4, 5, 6, 7, 8],[(1, 2, 8.75, 0.7100317043303687), (5, 8, 4.5, 0.6942950657865071)],,,
189.024,[1, 2, 3, 4, 5, 6, 7, 8],[(1, 2, 7.0, 0.7452581954740382), (5, 8, 2.25, 0.7038356214868285)],,,
189.520,[1, 2, 3, 4, 5, 6, 7, 8],[(1, 2, 5.75, 0.7087182663465862), (5, 8, 2.0, 0.7430016898007084)],,,
190.032,[1, 2, 3, 4, 5, 6, 7, 8],[(1, 2, 6.0, 0.7381568541446061), (5, 8, 2.5, 0.6802734743132139)],,,
190.528,actual,[(1, 4, 0.0, 0.8372196929326682), (5, 8, 0.0, 0.8266407254454564)],[(1, 4), (5, 8)],,
191.024,actual,[(1, 4, 0.0, 0.7951634966897067), (5, 8, 0.0, 0.7767491181409015)],[(1, 4), (5, 8)],,
191.520,actual,[(1, 4, 0.0, 0.7533797619542555), (5, 8, 0.0, 0.7288231807407363)],[(1, 4), (5, 8)],,
192.032,actual,[(1, 4, 0.0, 0.720073211191568), (5, 8, 0.0, 0.6874819059280409)],[(1, 4), (5, 8)],,
192.528,actual,[(1, 4, 0.0, 0.6947985254738611), (5, 8, 0.0, 0.6538432646560188)],[(1, 4), (5, 8)],,
193.024,actual,[(1, 4, 0.0, 0.6775296125898151)],[(1, 4)],,
193.520,actual,[(1, 4, 0.0, 0.6691730505573319)],[(1, 4)],,
194.032,actual,[(1, 4, 0.0, 0.6731119069096914)],[(1, 4)],,
194.528,[1, 2, 3, 4, 6, 7, 8],[],,,
195.024,[1, 2, 3, 4, 6, 7, 8],[],,,
195.520,[1, 2, 3, 4, 6, 7, 8],[],,,
196.032,[1, 2, 3, 4, 6, 7, 8],[],,,
196.528,[1, 2, 3, 4, 6, 7, 8],[],,,
197.024,actual,[(5, 8, 0.0, 0.25010356362443453)],[(5, 8)],,
197.520,actual,[(5, 8, 0.0, 0.7543970916730801)],[(5, 8)],,
198.032,actual,[(5, 8, 0.0, 0.7806530800870037)],[(5, 8)],,
198.528,[1, 2, 3, 4, 5, 6, 7, 8],[(1, 2, 3.75, 0.7269476932856954), (1, 5, 6.0, 0.6842948315961974), (2, 4, 6.25, 0.7408757732140857)],,,
199.024,[1, 2, 3, 4, 5, 6, 7, 8],[(1, 2, 4.5, 0.7168470316071611), (1, 5, 5.5, 0.6969033519441784), (2, 5, 7.5, 0.7486368980083427)],,,
199.520,[1, 2, 3, 4, 5, 6, 7, 8],[(1, 2, 4.5, 0.7298343105409432), (1, 5, 5.5, 0.6854592756913829), (2, 4, 7.25, 0.7393349206463006), (2, 5, 7.75, 0.7494179090667854), (4, 5, 9.5, 0.7343816910750686)],,,
200.032,[1, 2, 3, 4, 5, 6, 7, 8],[(1, 2, 5.0, 0.7058716291086745), (1, 5, 5.5, 0.6759177614100251), (2, 4, 7.75, 0.7342410191873635), (2, 5, 5.25, 0.7480399546770031), (4, 5, 8.5, 0.7382985053169919)],,,
200.528,actual,[(1, 2, 0.0, 0.7469023666164784)],[(1, 2)],,
201.024,actual,[(1, 2, 0.0, 0.7225776602726793)],[(1, 2)],,
201.520,actual,[(1, 2, 0.0, 0.6745504483054224)],[(1, 2)],,
202.032,actual,[(1, 4, 0.0, 0.7823324521897813)],[(1, 4)],,
202.528,actual,[(1, 4, 0.0, 0.7433324539895478)],[(1, 4)],,
203.024,actual,[(1, 4, 0.0, 0.710166037511022)],[(1, 4)],,
203.520,actual,[(1, 4, 0.0, 0.7014896220517629)],[(1, 4)],,
204.032,actual,[(1, 4, 0.0, 0.7014859905472723)],[(1, 4)],,
204.528,actual,[(1, 4, 0.0, 0.7014859923068273)],[(1, 4)],,
205.024,actual,[(1, 4, 0.0, 0.7014859924762057)],[(1, 4)],,
205.520,actual,[(1, 4, 0.0, 0.7014859924821779)],[(1, 4)],,
206.032,actual,[(1, 4, 0.0, 0.7014859924823406)],[(1, 4)],,
206.528,actual,[(1, 4, 0.0, 0.7014859924823419)],[(1, 4)],,
207.024,actual,[(1, 4, 0.0, 0.7014859924823419)],[(1, 4)],,
207.520,actual,[(1, 4, 0.0, 0.7014859924823417)],[(1, 4)],,
208.032,actual,[(1, 4, 0.0, 0.7014859924823417)],[(1, 4)],,
208.528,actual,[(1, 4, 0.0, 0.7014859924823417)],[(1, 4)],,
209.024,actual,[(1, 4, 0.0, 0.7014859924823417)],[(1, 4)],,
209.520,actual,[(1, 4, 0.0, 0.7014859924823417)],[(1, 4)],,
210.032,actual,[(1, 4, 0.0, 0.7014859924823417)],[(1, 4)],,
210.528,actual,[(1, 4, 0.0, 0.7014859924823417)],[(1, 4)],,
211.024,actual,[(1, 4, 0.0, 0.7014859924823409)],[(1, 4)],,
211.520,actual,[(1, 4, 0.0, 0.7014859924823417)],[(1, 4)],,
212.032,actual,[(1, 4, 0.0, 0.7014859924823409)],[(1, 4)],,
212.528,actual,[(1, 4, 0.0, 0.7014859924823417)],[(1, 4)],,
213.024,actual,[(1, 4, 0.0, 0.7014859924823417)],[(1, 4)],,
213.520,actual,[(1, 4, 0.0, 0.7014859924823417)],[(1, 4)],,
214.032,actual,[(1, 4, 0.0, 0.7014859924823417)],[(1, 4)],,
214.528,actual,[(1, 4, 0.0, 0.7014859924823417)],[(1, 4)],,
215.024,actual,[(1, 4, 0.0, 0.7014859924823409)],[(1, 4)],,
215.520,actual,[(1, 4, 0.0, 0.7014859924823417)],[(1, 4)],,
216.032,actual,[(1, 4, 0.0, 0.7014859924823409)],[(1, 4)],,
216.528,actual,[(1, 4, 0.0, 0.7014859924823417)],[(1, 4)],,
217.024,actual,[(1, 4, 0.0, 0.7014859924823417)],[(1, 4)],,
217.520,actual,[(1, 4, 0.0, 0.7014859924823417)],[(1, 4)],,
218.032,actual,[(1, 4, 0.0, 0.7014859924823417)],[(1, 4)],,
218.528,actual,[(1, 4, 0.0, 0.7014859924823417)],[(1, 4)],,
219.024,actual,[(1, 4, 0.0, 0.7014859924823417)],[(1, 4)],,
219.520,actual,[(1, 4, 0.0, 0.7014859924823409)],[(1, 4)],,
220.032,actual,[(1, 4, 0.0, 0.7014859924823417)],[(1, 4)],,
220.528,actual,[(1, 4, 0.0, 0.7014859924823409)],[(1, 4)],,
221.024,actual,[(1, 4, 0.0, 0.7014859924823417)],[(1, 4)],,
221.520,actual,[(1, 4, 0.0, 0.7014859924823417)],[(1, 4)],,
222.032,actual,[(1, 4, 0.0, 0.7014859924823417)],[(1, 4)],,
222.528,actual,[(1, 4, 0.0, 0.7014859924823417)],[(1, 4)],,
223.024,actual,[(1, 4, 0.0, 0.7014859924823417)],[(1, 4)],,
223.520,actual,[(1, 4, 0.0, 0.7014859924823409)],[(1, 4)],,
224.032,actual,[(1, 4, 0.0, 0.7014859924823417)],[(1, 4)],,
224.528,actual,[(1, 4, 0.0, 0.7014859924823409)],[(1, 4)],,
225.024,actual,[(1, 4, 0.0, 0.7014859924823417)],[(1, 4)],,
225.520,actual,[(1, 4, 0.0, 0.7014859924823417)],[(1, 4)],,
226.032,actual,[(1, 4, 0.0, 0.7014859924823417)],[(1, 4)],,
226.528,actual,[(1, 4, 0.0, 0.7014859924823417)],[(1, 4)],,
227.024,actual,[(1, 4, 0.0, 0.7014859924823417)],[(1, 4)],,
227.520,actual,[(1, 4, 0.0, 0.7014859924823417)],[(1, 4)],,
228.032,actual,[(1, 4, 0.0, 0.7014859924823417)],[(1, 4)],,
228.528,actual,[(1, 4, 0.0, 0.7014859924823417)],[(1, 4)],,
229.024,actual,[(1, 4, 0.0, 0.7014859924823409)],[(1, 4)],,
229.520,actual,[(1, 4, 0.0, 0.7014859924823417)],[(1, 4)],,
230.032,actual,[(1, 4, 0.0, 0.7014859924823409)],[(1, 4)],,
230.528,actual,[(1, 4, 0.0, 0.7014859924823417)],[(1, 4)],,
231.024,actual,[(1, 4, 0.0, 0.7014859924823417)],[(1, 4)],,
231.520,actual,[(1, 4, 0.0, 0.7014859924823417)],[(1, 4)],,
232.032,actual,[(1, 4, 0.0, 0.7014859924823417)],[(1, 4)],,
232.528,actual,[(1, 4, 0.0, 0.7014859924823417)],[(1, 4)],,
233.024,actual,[(1, 4, 0.0, 0.7014859924823409)],[(1, 4)],,
233.520,actual,[(1, 4, 0.0, 0.7014859924823417)],[(1, 4)],,
234.032,actual,[(1, 4, 0.0, 0.7014859924823409)],[(1, 4)],,
234.528,actual,[(1, 4, 0.0, 0.7014859924823417)],[(1, 4)],,
235.024,actual,[(1, 4, 0.0, 0.7014859924823417)],[(1, 4)],,
235.520,actual,[(1, 4, 0.0, 0.7014859924823417)],[(1, 4)],,
236.032,actual,[(1, 4, 0.0, 0.7014859924823417)],[(1, 4)],,
236.528,actual,[(1, 4, 0.0, 0.7014859924823417)],[(1, 4)],,
237.024,actual,[(1, 4, 0.0, 0.7014859924823417)],[(1, 4)],,
237.520,actual,[(1, 4, 0.0, 0.7014859924823409)],[(1, 4)],,
238.032,actual,[(1, 4, 0.0, 0.7014859924823417)],[(1, 4)],,
238.528,actual,[(1, 4, 0.0, 0.7014859924823409)],[(1, 4)],,
239.024,actual,[(1, 4, 0.0, 0.7014859924823417)],[(1, 4)],,
239.520,actual,[(1, 4, 0.0, 0.7014859924823417)],[(1, 4)],,
240.032,actual,[(1, 4, 0.0, 0.7014859924823417)],[(1, 4)],,
240.528,actual,[(1, 4, 0.0, 0.7014859924823417)],[(1, 4)],,
241.024,actual,[(1, 4, 0.0, 0.7014859924823417)],[(1, 4)],,
241.520,actual,[(1, 4, 0.0, 0.7014859924823409)],[(1, 4)],,
242.032,actual,[(1, 4, 0.0, 0.7014859924823417)],[(1, 4)],,
242.528,actual,[(1, 4, 0.0, 0.7014859924823409)],[(1, 4)],,
243.024,actual,[(1, 4, 0.0, 0.7014859924823417)],[(1, 4)],,
243.520,actual,[(1, 4, 0.0, 0.7014859924823417)],[(1, 4)],,
244.032,actual,[(1, 4, 0.0, 0.7014859924823417)],[(1, 4)],,
244.528,actual,[(1, 4, 0.0, 0.7014859924823417)],[(1, 4)],,
245.024,actual,[(1, 4, 0.0, 0.7014859924823417)],[(1, 4)],,
245.520,actual,[(1, 4, 0.0, 0.7014859924823417)],[(1, 4)],,
246.032,actual,[(1, 4, 0.0, 0.7014859924823417)],[(1, 4)],,
246.528,actual,[(1, 4, 0.0, 0.7014859924823417)],[(1, 4)],,
247.024,actual,[(1, 4, 0.0, 0.7014859924823409)],[(1, 4)],,
247.520,actual,[(1, 4, 0.0, 0.7014859924823417)],[(1, 4)],,
248.032,actual,[(1, 4, 0.0, 0.7014859924823409)],[(1, 4)],,
248.528,actual,[(1, 4, 0.0, 0.7014859924823417)],[(1, 4)],,
249.024,actual,[(1, 4, 0.0, 0.7014859924823417)],[(1, 4)],,
249.520,actual,[(1, 4, 0.0, 0.7014859924823417)],[(1, 4)],,
250.032,actual,[(1, 4, 0.0, 0.7014859924823417)],[(1, 4)],,
250.528,actual,[(1, 4, 0.0, 0.7014859924823417)],[(1, 4)],,
251.024,actual,[(1, 4, 0.0, 0.7014859924823417)],[(1, 4)],,
251.520,actual,[(1, 4, 0.0, 0.7014859924823409)],[(1, 4)],,
252.032,actual,[(1, 4, 0.0, 0.7014859924823417)],[(1, 4)],,
252.528,actual,[(1, 4, 0.0, 0.7014859924823409)],[(1, 4)],,
253.024,actual,[(1, 4, 0.0, 0.7014859924823417)],[(1, 4)],,
253.520,actual,[(1, 4, 0.0, 0.7014859924823417)],[(1, 4)],,
254.032,actual,[(1, 4, 0.0, 0.7014859924823417)],[(1, 4)],,
254.528,actual,[(1, 4, 0.0, 0.7014859924823417)],[(1, 4)],,
255.024,actual,[(1, 4, 0.0, 0.7014859924823417)],[(1, 4)],,
255.520,actual,[(1, 4, 0.0, 0.7014859924823409)],[(1, 4)],,
256.032,actual,[(1, 4, 0.0, 0.7014859924823417)],[(1, 4)],,
256.528,actual,[(1, 4, 0.0, 0.7014859924823409)],[(1, 4)],,
257.024,actual,[(1, 4, 0.0, 0.7014859924823417)],[(1, 4)],,
257.520,actual,[(1, 4, 0.0, 0.7014859924823417)],[(1, 4)],,
258.032,actual,[(1, 4, 0.0, 0.7014859924823417)],[(1, 4)],,
258.528,actual,[(1, 4, 0.0, 0.7014859924823417)],[(1, 4)],,
259.024,actual,[(1, 4, 0.0, 0.7014859924823417)],[(1, 4)],,
259.520,actual,[(1, 4, 0.0, 0.7014859924823417)],[(1, 4)],,
260.032,actual,[(1, 4, 0.0, 0.7014859924823417)],[(1, 4)],,
260.528,actual,[(1, 4, 0.0, 0.7014859924823417)],[(1, 4)],,
261.024,actual,[(1, 4, 0.0, 0.7014859924823409)],[(1, 4)],,
261.520,actual,[(1, 4, 0.0, 0.7014859924823417)],[(1, 4)],,
262.032,actual,[(1, 4, 0.0, 0.7014859924823409)],[(1, 4)],,
262.528,actual,[(1, 4, 0.0, 0.7014859924823417)],[(1, 4)],,
263.024,actual,[(1, 4, 0.0, 0.7014859924823417)],[(1, 4)],,
263.520,actual,[(1, 4, 0.0, 0.7014859924823417)],[(1, 4)],,
264.032,actual,[(1, 4, 0.0, 0.7014859924823417)],[(1, 4)],,
264.528,actual,[(1, 4, 0.0, 0.7014859924823417)],[(1, 4)],,
265.024,actual,[(1, 4, 0.0, 0.7014859924823409)],[(1, 4)],,
265.520,actual,[(1, 4, 0.0, 0.7014859924823417)],[(1, 4)],,
266.032,actual,[(1, 4, 0.0, 0.7014859924823409)],[(1, 4)],,
266.528,actual,[(1, 4, 0.0, 0.7014859924823417)],[(1, 4)],,
267.024,actual,[(1, 4, 0.0, 0.7014859924823417)],[(1, 4)],,
267.520,actual,[(1, 4, 0.0, 0.7014859924823417)],[(1, 4)],,
268.032,actual,[(1, 4, 0.0, 0.7014859924823417)],[(1, 4)],,
268.528,actual,[(1, 4, 0.0, 0.7014859924823417)],[(1, 4)],,
269.024,actual,[(1, 4, 0.0, 0.7014859924823417)],[(1, 4)],,
269.520,actual,[(1, 4, 0.0, 0.7014859924823409)],[(1, 4)],,
270.032,actual,[(1, 4, 0.0, 0.7014859924823417)],[(1, 4)],,
270.528,actual,[(1, 4, 0.0, 0.7014859924823409)],[(1, 4)],,
271.024,actual,[(1, 4, 0.0, 0.7014859924823417)],[(1, 4)],,
271.520,actual,[(1, 4, 0.0, 0.7014859924823417)],[(1, 4)],,
272.032,actual,[(1, 4, 0.0, 0.7014859924823417)],[(1, 4)],,
272.528,actual,[(1, 4, 0.0, 0.7014859924823417)],[(1, 4)],,
273.024,actual,[(1, 4, 0.0, 0.7014859924823417)],[(1, 4)],,
273.520,actual,[(1, 4, 0.0, 0.7014859924823409)],[(1, 4)],,
274.032,actual,[(1, 4, 0.0, 0.7014859924823417)],[(1, 4)],,
274.528,actual,[(1, 4, 0.0, 0.7014859924823409)],[(1, 4)],,
275.024,actual,[(1, 4, 0.0, 0.7014859924823417)],[(1, 4)],,
275.520,actual,[(1, 4, 0.0, 0.7014859924823417)],[(1, 4)],,
276.032,actual,[(1, 4, 0.0, 0.7014859924823417)],[(1, 4)],,
276.528,actual,[(1, 4, 0.0, 0.7014859924823417)],[(1, 4)],,
277.024,actual,[(1, 4, 0.0, 0.7014859924823417)],[(1, 4)],,
277.520,actual,[(1, 4, 0.0, 0.7014859924823417)],[(1, 4)],,
278.032,actual,[(1, 4, 0.0, 0.7014859924823417)],[(1, 4)],,
278.528,actual,[(1, 4, 0.0, 0.7014859924823417)],[(1, 4)],,
279.024,actual,[(1, 4, 0.0, 0.7014859924823409)],[(1, 4)],,
279.520,actual,[(1, 4, 0.0, 0.7014859924823417)],[(1, 4)],,
280.032,actual,[(1, 4, 0.0, 0.7014859924823409)],[(1, 4)],,
280.528,actual,[(1, 4, 0.0, 0.7014859924823417)],[(1, 4)],,
281.024,actual,[(1, 4, 0.0, 0.7014859924823417)],[(1, 4)],,
281.520,actual,[(1, 4, 0.0, 0.7014859924823417)],[(1, 4)],,
282.032,actual,[(1, 4, 0.0, 0.7014859924823417)],[(1, 4)],,
282.528,actual,[(1, 4, 0.0, 0.7014859924823417)],[(1, 4)],,
283.024,actual,[(1, 4, 0.0, 0.7014859924823409)],[(1, 4)],,
283.520,actual,[(1, 4, 0.0, 0.7014859924823417)],[(1, 4)],,
284.032,actual,[(1, 4, 0.0, 0.7014859924823409)],[(1, 4)],,
284.528,actual,[(1, 4, 0.0, 0.7014859924823417)],[(1, 4)],,
285.024,actual,[(1, 4, 0.0, 0.7014859924823417)],[(1, 4)],,
285.520,actual,[(1, 4, 0.0, 0.7014859924823417)],[(1, 4)],,
286.032,actual,[(1, 4, 0.0, 0.7014859924823417)],[(1, 4)],,
286.528,actual,[(1, 4, 0.0, 0.7014859924823417)],[(1, 4)],,
287.024,actual,[(1, 4, 0.0, 0.7014859924823417)],[(1, 4)],,
287.520,actual,[(1, 4, 0.0, 0.7014859924823409)],[(1, 4)],,
288.032,actual,[(1, 4, 0.0, 0.7014859924823417)],[(1, 4)],,
288.528,actual,[(1, 4, 0.0, 0.7014859924823409)],[(1, 4)],,
289.024,actual,[(1, 4, 0.0, 0.7014859924823417)],[(1, 4)],,
289.520,actual,[(1, 4, 0.0, 0.7014859924823417)],[(1, 4)],,
290.032,actual,[(1, 4, 0.0, 0.7014859924823417)],[(1, 4)],,
290.528,actual,[(1, 4, 0.0, 0.7014859924823417)],[(1, 4)],,
291.024,actual,[(1, 4, 0.0, 0.7014859924823417)],[(1, 4)],,
291.520,actual,[(1, 4, 0.0, 0.7014859924823409)],[(1, 4)],,
292.032,actual,[(1, 4, 0.0, 0.7014859924823417)],[(1, 4)],,
292.528,actual,[(1, 4, 0.0, 0.7014859924823409)],[(1, 4)],,
293.024,actual,[(1, 4, 0.0, 0.7014859924823417)],[(1, 4)],,
293.520,actual,[(1, 4, 0.0, 0.7014859924823417)],[(1, 4)],,
294.032,actual,[(1, 4, 0.0, 0.7014859924823417)],[(1, 4)],,
294.528,actual,[(1, 4, 0.0, 0.7014859924823417)],[(1, 4)],,
295.024,actual,[(1, 4, 0.0, 0.7014859924823417)],[(1, 4)],,
295.520,actual,[(1, 4, 0.0, 0.7014859924823417)],[(1, 4)],,
296.032,actual,[(1, 4, 0.0, 0.7014859924823417)],[(1, 4)],,
296.528,actual,[(1, 4, 0.0, 0.7014859924823417)],[(1, 4)],,
297.024,actual,[(1, 4, 0.0, 0.7014859924823409)],[(1, 4)],,
297.520,actual,[(1, 4, 0.0, 0.7014859924823417)],[(1, 4)],,
298.032,actual,[(1, 4, 0.0, 0.7014859924823409)],[(1, 4)],,
298.528,actual,[(1, 4, 0.0, 0.7014859924823417)],[(1, 4)],,
299.024,actual,[(1, 4, 0.0, 0.7014859924823417)],[(1, 4)],,
299.520,actual,[(1, 4, 0.0, 0.7014859924823417)],[(1, 4)],,
300.032,actual,[(1, 4, 0.0, 0.7014859924823417)],[(1, 4)],,
300.528,actual,[(1, 4, 0.0, 0.7014859924823417)],[(1, 4)],,
301.024,actual,[(1, 4, 0.0, 0.7014859924823409)],[(1, 4)],,
301.520,actual,[(1, 4, 0.0, 0.7014859924823417)],[(1, 4)],,
302.016,actual,[(1, 4, 0.0, 0.7014859924823417)],[(1, 4)],,
302.528,actual,[(1, 4, 0.0, 0.7014859924823417)],[(1, 4)],,
303.024,actual,[(1, 4, 0.0, 0.7014859924823417)],[(1, 4)],,
303.520,actual,[(1, 4, 0.0, 0.7014859924823417)],[(1, 4)],,
304.016,actual,[(1, 4, 0.0, 0.7015313578905245)],[(1, 4)],,
304.528,actual,[(1, 4, 0.0, 0.7014859924823417)],[(1, 4)],,
305.024,actual,[(1, 4, 0.0, 0.7014859924823417)],[(1, 4)],,
305.520,actual,[(1, 4, 0.0, 0.7014859924823409)],[(1, 4)],,
306.016,actual,[(1, 4, 0.0, 0.7014859924823417)],[(1, 4)],,
306.528,actual,[(1, 4, 0.0, 0.7014859924823409)],[(1, 4)],,
307.024,actual,[(1, 4, 0.0, 0.7014859924823417)],[(1, 4)],,
307.520,actual,[(1, 4, 0.0, 0.7014859924823417)],[(1, 4)],,
308.016,actual,[(1, 4, 0.0, 0.7015313578905245)],[(1, 4)],,
308.528,actual,[(1, 4, 0.0, 0.7014859924823417)],[(1, 4)],,
309.024,actual,[(1, 4, 0.0, 0.7014859924823417)],[(1, 4)],,
309.520,actual,[(1, 4, 0.0, 0.7014859924823409)],[(1, 4)],,
310.016,actual,[(1, 4, 0.0, 0.7014859924823417)],[(1, 4)],,
310.528,actual,[(1, 4, 0.0, 0.7014859924823409)],[(1, 4)],,
311.024,actual,[(1, 4, 0.0, 0.7014859924823417)],[(1, 4)],,
311.520,actual,[(1, 4, 0.0, 0.7014859924823417)],[(1, 4)],,
312.016,actual,[(1, 4, 0.0, 0.7015313578905236)],[(1, 4)],,
312.528,actual,[(1, 4, 0.0, 0.7014859924823417)],[(1, 4)],,
313.024,actual,[(1, 4, 0.0, 0.7014859924823417)],[(1, 4)],,
313.520,actual,[(1, 4, 0.0, 0.7014859924823417)],[(1, 4)],,
314.016,actual,[(1, 4, 0.0, 0.7014859924823409)],[(1, 4)],,
314.528,actual,[(1, 4, 0.0, 0.7014859924823417)],[(1, 4)],,
315.024,actual,[(1, 4, 0.0, 0.7014859924823409)],[(1, 4)],,
315.520,actual,[(1, 4, 0.0, 0.7014859924823417)],[(1, 4)],,
316.016,actual,[(1, 4, 0.0, 0.7015313578905236)],[(1, 4)],,
316.528,actual,[(1, 4, 0.0, 0.7014859924823417)],[(1, 4)],,
317.024,actual,[(1, 4, 0.0, 0.7014859924823417)],[(1, 4)],,
317.520,actual,[(1, 4, 0.0, 0.7014859924823417)],[(1, 4)],,
318.016,actual,[(1, 4, 0.0, 0.7014859924823409)],[(1, 4)],,
318.528,actual,[(1, 4, 0.0, 0.7014859924823417)],[(1, 4)],,
319.024,actual,[(1, 4, 0.0, 0.7014859924823409)],[(1, 4)],,
319.520,actual,[(1, 4, 0.0, 0.7014859924823417)],[(1, 4)],,
320.016,actual,[(1, 4, 0.0, 0.7015313578905245)],[(1, 4)],,
320.528,actual,[(1, 4, 0.0, 0.7014859924823417)],[(1, 4)],,
321.024,actual,[(1, 4, 0.0, 0.7014859924823417)],[(1, 4)],,
321.520,actual,[(1, 4, 0.0, 0.7014859924823417)],[(1, 4)],,
322.016,actual,[(1, 4, 0.0, 0.7014859924823417)],[(1, 4)],,
322.528,actual,[(1, 4, 0.0, 0.7014859924823417)],[(1, 4)],,
323.024,actual,[(1, 4, 0.0, 0.7014859924823417)],[(1, 4)],,
323.520,actual,[(1, 4, 0.0, 0.7014859924823409)],[(1, 4)],,
324.016,actual,[(1, 4, 0.0, 0.7015313578905245)],[(1, 4)],,
324.528,actual,[(1, 4, 0.0, 0.7014859924823409)],[(1, 4)],,
325.024,actual,[(1, 4, 0.0, 0.7014859924823417)],[(1, 4)],,
325.520,actual,[(1, 4, 0.0, 0.7014859924823417)],[(1, 4)],,
326.016,actual,[(1, 4, 0.0, 0.7014859924823417)],[(1, 4)],,
326.528,actual,[(1, 4, 0.0, 0.7014859924823417)],[(1, 4)],,
327.024,actual,[(1, 4, 0.0, 0.7014859924823417)],[(1, 4)],,
327.520,actual,[(1, 4, 0.0, 0.7014859924823417)],[(1, 4)],,
328.016,actual,[(1, 4, 0.0, 0.7015313578905245)],[(1, 4)],,
328.528,actual,[(1, 4, 0.0, 0.7014859924823417)],[(1, 4)],,
329.024,actual,[(1, 4, 0.0, 0.7014859924823409)],[(1, 4)],,
329.520,actual,[(1, 4, 0.0, 0.7014859924823417)],[(1, 4)],,
330.016,actual,[(1, 4, 0.0, 0.7014859924823417)],[(1, 4)],,
330.528,actual,[(1, 4, 0.0, 0.7014859924823417)],[(1, 4)],,
331.024,actual,[(1, 4, 0.0, 0.7014859924823417)],[(1, 4)],,
331.520,actual,[(1, 4, 0.0, 0.7014859924823417)],[(1, 4)],,
332.016,actual,[(1, 4, 0.0, 0.7015313578905245)],[(1, 4)],,
332.528,actual,[(1, 4, 0.0, 0.7014859924823417)],[(1, 4)],,
333.024,actual,[(1, 4, 0.0, 0.7014859924823409)],[(1, 4)],,
333.520,actual,[(1, 4, 0.0, 0.7014859924823417)],[(1, 4)],,
334.016,actual,[(1, 4, 0.0, 0.7014859924823417)],[(1, 4)],,
334.528,actual,[(1, 4, 0.0, 0.7014859924823417)],[(1, 4)],,
335.024,actual,[(1, 4, 0.0, 0.7014859924823417)],[(1, 4)],,
335.520,actual,[(1, 4, 0.0, 0.7014859924823417)],[(1, 4)],,
336.016,actual,[(1, 4, 0.0, 0.7015313578905245)],[(1, 4)],,
336.528,actual,[(1, 4, 0.0, 0.7014859924823417)],[(1, 4)],,
337.024,actual,[(1, 4, 0.0, 0.7014859924823417)],[(1, 4)],,
337.520,actual,[(1, 4, 0.0, 0.7014859924823409)],[(1, 4)],,
338.016,actual,[(1, 4, 0.0, 0.7014859924823417)],[(1, 4)],,
338.528,actual,[(1, 4, 0.0, 0.7014859924823409)],[(1, 4)],,
339.024,actual,[(1, 4, 0.0, 0.7014859924823417)],[(1, 4)],,
339.520,actual,[(1, 4, 0.0, 0.7014859924823417)],[(1, 4)],,
340.016,actual,[(1, 4, 0.0, 0.7015313578905245)],[(1, 4)],,
340.528,actual,[(1, 4, 0.0, 0.7014859924823417)],[(1, 4)],,
341.024,actual,[(1, 4, 0.0, 0.7014859924823417)],[(1, 4)],,
341.520,actual,[(1, 4, 0.0, 0.7014859924823409)],[(1, 4)],,
342.016,actual,[(1, 4, 0.0, 0.7014859924823417)],[(1, 4)],,
342.528,actual,[(1, 4, 0.0, 0.7014859924823409)],[(1, 4)],,
343.024,actual,[(1, 4, 0.0, 0.7014859924823417)],[(1, 4)],,
343.520,actual,[(1, 4, 0.0, 0.7014859924823417)],[(1, 4)],,
344.016,actual,[(1, 4, 0.0, 0.7015313578905236)],[(1, 4)],,
344.528,actual,[(1, 4, 0.0, 0.7014859924823417)],[(1, 4)],,
345.024,actual,[(1, 4, 0.0, 0.7014859924823417)],[(1, 4)],,
345.520,actual,[(1, 4, 0.0, 0.7014859924823417)],[(1, 4)],,
346.016,actual,[(1, 4, 0.0, 0.7014859924823409)],[(1, 4)],,
346.528,actual,[(1, 4, 0.0, 0.7014859924823417)],[(1, 4)],,
347.024,actual,[(1, 4, 0.0, 0.7014859924823409)],[(1, 4)],,
347.520,actual,[(1, 4, 0.0, 0.7014859924823417)],[(1, 4)],,
348.016,actual,[(1, 4, 0.0, 0.7015313578905236)],[(1, 4)],,
348.528,actual,[(1, 4, 0.0, 0.7014859924823417)],[(1, 4)],,
349.024,actual,[(1, 4, 0.0, 0.7014859924823417)],[(1, 4)],,
349.520,actual,[(1, 4, 0.0, 0.7014859924823417)],[(1, 4)],,
350.016,actual,[(1, 4, 0.0, 0.7014859924823409)],[(1, 4)],,
350.528,actual,[(1, 4, 0.0, 0.7014859924823417)],[(1, 4)],,
351.024,actual,[(1, 4, 0.0, 0.7014859924823409)],[(1, 4)],,
351.520,actual,[(1, 4, 0.0, 0.7014859924823417)],[(1, 4)],,
352.016,actual,[(1, 4, 0.0, 0.7015313578905245)],[(1, 4)],,
352.528,actual,[(1, 4, 0.0, 0.7014859924823417)],[(1, 4)],,
353.024,actual,[(1, 4, 0.0, 0.7014859924823417)],[(1, 4)],,
353.520,actual,[(1, 4, 0.0, 0.7014859924823417)],[(1, 4)],,
354.016,actual,[(1, 4, 0.0, 0.7014859924823417)],[(1, 4)],,
354.528,actual,[(1, 4, 0.0, 0.7014859924823417)],[(1, 4)],,
355.024,actual,[(1, 4, 0.0, 0.7014859924823417)],[(1, 4)],,
355.520,actual,[(1, 4, 0.0, 0.7014859924823409)],[(1, 4)],,
356.016,actual,[(1, 4, 0.0, 0.7015313578905245)],[(1, 4)],,
356.528,actual,[(1, 4, 0.0, 0.7014859924823409)],[(1, 4)],,
357.024,actual,[(1, 4, 0.0, 0.7014859924823417)],[(1, 4)],,
357.520,actual,[(1, 4, 0.0, 0.7014859924823417)],[(1, 4)],,
358.016,actual,[(1, 4, 0.0, 0.7014859924823417)],[(1, 4)],,
358.528,actual,[(1, 4, 0.0, 0.7014859924823417)],[(1, 4)],,
359.024,actual,[(1, 4, 0.0, 0.7014859924823417)],[(1, 4)],,
359.520,actual,[(1, 4, 0.0, 0.7014859924823417)],[(1, 4)],,
360.016,actual,[(1, 4, 0.0, 0.7015313578905245)],[(1, 4)],,
360.528,actual,[(1, 4, 0.0, 0.7014859924823417)],[(1, 4)],,
361.024,actual,[(1, 4, 0.0, 0.7014859924823409)],[(1, 4)],,
361.520,actual,[(1, 4, 0.0, 0.7014859924823417)],[(1, 4)],,
362.016,actual,[(1, 4, 0.0, 0.7014859924823417)],[(1, 4)],,
362.528,actual,[(1, 4, 0.0, 0.7014859924823417)],[(1, 4)],,
363.024,actual,[(1, 4, 0.0, 0.7014859924823417)],[(1, 4)],,
363.520,actual,[(1, 4, 0.0, 0.7014859924823417)],[(1, 4)],,
364.016,actual,[(1, 4, 0.0, 0.7015313578905245)],[(1, 4)],,
364.528,actual,[(1, 4, 0.0, 0.7014859924823417)],[(1, 4)],,
365.024,actual,[(1, 4, 0.0, 0.7014859924823409)],[(1, 4)],,
365.520,actual,[(1, 4, 0.0, 0.7014859924823417)],[(1, 4)],,
366.016,actual,[(1, 4, 0.0, 0.7014859924823417)],[(1, 4)],,
366.528,actual,[(1, 4, 0.0, 0.7014859924823417)],[(1, 4)],,
367.024,actual,[(1, 4, 0.0, 0.7014859924823417)],[(1, 4)],,
367.520,actual,[(1, 4, 0.0, 0.7014859924823417)],[(1, 4)],,
368.016,actual,[(1, 4, 0.0, 0.7015313578905245)],[(1, 4)],,
368.528,actual,[(1, 4, 0.0, 0.7014859924823417)],[(1, 4)],,
369.024,actual,[(1, 4, 0.0, 0.7014859924823417)],[(1, 4)],,
369.520,actual,[(1, 4, 0.0, 0.7014859924823409)],[(1, 4)],,
370.016,actual,[(1, 4, 0.0, 0.7014859924823417)],[(1, 4)],,
370.528,actual,[(1, 4, 0.0, 0.7014859924823409)],[(1, 4)],,
371.024,actual,[(1, 4, 0.0, 0.7014859924823417)],[(1, 4)],,
371.520,actual,[(1, 4, 0.0, 0.7014859924823417)],[(1, 4)],,
372.016,actual,[(1, 4, 0.0, 0.7015313578905236)],[(1, 4)],,
372.528,actual,[(1, 4, 0.0, 0.7014859924823417)],[(1, 4)],,
373.024,actual,[(1, 4, 0.0, 0.7014859924823417)],[(1, 4)],,
373.520,actual,[(1, 4, 0.0, 0.7014859924823417)],[(1, 4)],,
374.016,actual,[(1, 4, 0.0, 0.7014859924823409)],[(1, 4)],,
374.528,actual,[(1, 4, 0.0, 0.7014859924823417)],[(1, 4)],,
375.024,actual,[(1, 4, 0.0, 0.7014859924823409)],[(1, 4)],,
375.520,actual,[(1, 4, 0.0, 0.7014859924823417)],[(1, 4)],,
376.016,actual,[(1, 4, 0.0, 0.7015313578905236)],[(1, 4)],,
376.528,actual,[(1, 4, 0.0, 0.7014859924823417)],[(1, 4)],,
377.024,actual,[(1, 4, 0.0, 0.7014859924823417)],[(1, 4)],,
377.520,actual,[(1, 4, 0.0, 0.7014859924823417)],[(1, 4)],,
378.016,actual,[(1, 4, 0.0, 0.7014859924823409)],[(1, 4)],,
378.528,actual,[(1, 4, 0.0, 0.7014859924823417)],[(1, 4)],,
379.024,actual,[(1, 4, 0.0, 0.7014859924823409)],[(1, 4)],,
379.520,actual,[(1, 4, 0.0, 0.7014859924823417)],[(1, 4)],,
380.016,actual,[(1, 4, 0.0, 0.7015313578905245)],[(1, 4)],,
380.528,actual,[(1, 4, 0.0, 0.7014859924823417)],[(1, 4)],,
381.024,actual,[(1, 4, 0.0, 0.7014859924823417)],[(1, 4)],,
381.520,actual,[(1, 4, 0.0, 0.7014859924823417)],[(1, 4)],,
382.016,actual,[(1, 4, 0.0, 0.7014859924823417)],[(1, 4)],,
382.528,actual,[(1, 4, 0.0, 0.7014859924823417)],[(1, 4)],,
383.024,actual,[(1, 4, 0.0, 0.7014859924823417)],[(1, 4)],,
383.520,actual,[(1, 4, 0.0, 0.7014859924823409)],[(1, 4)],,
384.016,actual,[(1, 4, 0.0, 0.7015313578905245)],[(1, 4)],,
384.528,actual,[(1, 4, 0.0, 0.7014859924823409)],[(1, 4)],,
385.024,actual,[(1, 4, 0.0, 0.7014859924823417)],[(1, 4)],,
385.520,actual,[(1, 4, 0.0, 0.7014859924823417)],[(1, 4)],,
386.016,actual,[(1, 4, 0.0, 0.7014859924823417)],[(1, 4)],,
386.528,actual,[(1, 4, 0.0, 0.7014859924823417)],[(1, 4)],,
387.024,actual,[(1, 4, 0.0, 0.7014859924823417)],[(1, 4)],,
387.520,actual,[(1, 4, 0.0, 0.7014859924823409)],[(1, 4)],,
388.016,actual,[(1, 4, 0.0, 0.7015313578905245)],[(1, 4)],,
388.528,actual,[(1, 4, 0.0, 0.7014859924823409)],[(1, 4)],,
389.024,actual,[(1, 4, 0.0, 0.7014859924823417)],[(1, 4)],,
389.520,actual,[(1, 4, 0.0, 0.7014859924823417)],[(1, 4)],,
390.016,actual,[(1, 4, 0.0, 0.7014859924823417)],[(1, 4)],,
390.528,actual,[(1, 4, 0.0, 0.7014859924823417)],[(1, 4)],,
391.024,actual,[(1, 4, 0.0, 0.7014859924823417)],[(1, 4)],,
391.520,actual,[(1, 4, 0.0, 0.7014859924823417)],[(1, 4)],,
392.016,actual,[(1, 4, 0.0, 0.7015313578905245)],[(1, 4)],,
392.528,actual,[(1, 4, 0.0, 0.7014859924823417)],[(1, 4)],,
393.024,actual,[(1, 4, 0.0, 0.7014859924823409)],[(1, 4)],,
393.520,actual,[(1, 4, 0.0, 0.7014859924823417)],[(1, 4)],,
394.016,actual,[(1, 4, 0.0, 0.7014859924823417)],[(1, 4)],,
394.528,actual,[(1, 4, 0.0, 0.7014859924823417)],[(1, 4)],,
395.024,actual,[(1, 4, 0.0, 0.7014859924823417)],[(1, 4)],,
395.520,actual,[(1, 4, 0.0, 0.7014859924823417)],[(1, 4)],,
396.016,actual,[(1, 4, 0.0, 0.7015313578905245)],[(1, 4)],,
396.528,actual,[(1, 4, 0.0, 0.7014859924823417)],[(1, 4)],,
397.024,actual,[(1, 4, 0.0, 0.7014859924823409)],[(1, 4)],,
397.520,actual,[(1, 4, 0.0, 0.7014859924823417)],[(1, 4)],,
398.016,actual,[(1, 4, 0.0, 0.7014859924823417)],[(1, 4)],,
398.528,actual,[(1, 4, 0.0, 0.7014859924823417)],[(1, 4)],,
399.024,actual,[(1, 4, 0.0, 0.7014859924823417)],[(1, 4)],,
399.520,actual,[(1, 4, 0.0, 0.7014859924823417)],[(1, 4)],,
400.016,actual,[(1, 4, 0.0, 0.7015313578905245)],[(1, 4)],,
400.528,actual,[(1, 4, 0.0, 0.7014859924823417)],[(1, 4)],,
401.024,actual,[(1, 4, 0.0, 0.7014859924823417)],[(1, 4)],,
401.520,actual,[(1, 4, 0.0, 0.7014859924823409)],[(1, 4)],,
402.016,actual,[(1, 4, 0.0, 0.7014859924823417)],[(1, 4)],,
402.528,actual,[(1, 4, 0.0, 0.7014859924823409)],[(1, 4)],,
403.024,actual,[(1, 4, 0.0, 0.7014859924823417)],[(1, 4)],,
403.520,actual,[(1, 4, 0.0, 0.7014859924823417)],[(1, 4)],,
404.016,actual,[(1, 4, 0.0, 0.7015313578905245)],[(1, 4)],,
404.528,actual,[(1, 4, 0.0, 0.7014859924823417)],[(1, 4)],,
405.024,actual,[(1, 4, 0.0, 0.7014859924823417)],[(1, 4)],,
405.520,actual,[(1, 4, 0.0, 0.7014859924823409)],[(1, 4)],,
406.016,actual,[(1, 4, 0.0, 0.7014859924823417)],[(1, 4)],,
406.528,actual,[(1, 4, 0.0, 0.7014859924823409)],[(1, 4)],,
407.024,actual,[(1, 4, 0.0, 0.7014859924823417)],[(1, 4)],,
407.520,actual,[(1, 4, 0.0, 0.7014859924823417)],[(1, 4)],,
408.016,actual,[(1, 4, 0.0, 0.7015313578905236)],[(1, 4)],,
408.528,actual,[(1, 4, 0.0, 0.7014859924823417)],[(1, 4)],,
409.024,actual,[(1, 4, 0.0, 0.7014859924823417)],[(1, 4)],,
409.520,actual,[(1, 4, 0.0, 0.7014859924823417)],[(1, 4)],,
410.016,actual,[(1, 4, 0.0, 0.7014859924823409)],[(1, 4)],,
410.528,actual,[(1, 4, 0.0, 0.7014859924823417)],[(1, 4)],,
411.024,actual,[(1, 4, 0.0, 0.7014859924823409)],[(1, 4)],,
411.520,actual,[(1, 4, 0.0, 0.7014859924823417)],[(1, 4)],,
412.016,actual,[(1, 4, 0.0, 0.7015313578905236)],[(1, 4)],,
412.528,actual,[(1, 4, 0.0, 0.7014859924823417)],[(1, 4)],,
413.024,actual,[(1, 4, 0.0, 0.7014859924823417)],[(1, 4)],,
413.520,actual,[(1, 4, 0.0, 0.7014859924823417)],[(1, 4)],,
414.016,actual,[(1, 4, 0.0, 0.7014859924823409)],[(1, 4)],,
414.528,actual,[(1, 4, 0.0, 0.7014859924823417)],[(1, 4)],,
415.024,actual,[(1, 4, 0.0, 0.7014859924823409)],[(1, 4)],,
415.520,actual,[(1, 4, 0.0, 0.7014859924823417)],[(1, 4)],,
416.016,actual,[(1, 4, 0.0, 0.7015313578905245)],[(1, 4)],,
416.528,actual,[(1, 4, 0.0, 0.7014859924823417)],[(1, 4)],,
417.024,actual,[(1, 4, 0.0, 0.7014859924823417)],[(1, 4)],,
417.520,actual,[(1, 4, 0.0, 0.7014859924823417)],[(1, 4)],,
418.016,actual,[(1, 4, 0.0, 0.7014859924823417)],[(1, 4)],,
418.528,actual,[(1, 4, 0.0, 0.7014859924823417)],[(1, 4)],,
419.024,actual,[(1, 4, 0.0, 0.7014859924823417)],[(1, 4)],,
419.520,actual,[(1, 4, 0.0, 0.7014859924823409)],[(1, 4)],,
420.016,actual,[(1, 4, 0.0, 0.7015313578905245)],[(1, 4)],,
420.528,actual,[(1, 4, 0.0, 0.7014859924823409)],[(1, 4)],,
421.024,actual,[(1, 4, 0.0, 0.7014859924823417)],[(1, 4)],,
421.520,actual,[(1, 4, 0.0, 0.7014859924823417)],[(1, 4)],,
422.016,actual,[(1, 4, 0.0, 0.7014859924823417)],[(1, 4)],,
422.528,actual,[(1, 4, 0.0, 0.7014859924823417)],[(1, 4)],,
423.024,actual,[(1, 4, 0.0, 0.7014859924823417)],[(1, 4)],,
423.520,actual,[(1, 4, 0.0, 0.7014859924823409)],[(1, 4)],,
424.016,actual,[(1, 4, 0.0, 0.7015313578905245)],[(1, 4)],,
424.528,actual,[(1, 4, 0.0, 0.7014859924823409)],[(1, 4)],,
425.024,actual,[(1, 4, 0.0, 0.7014859924823417)],[(1, 4)],,
425.520,actual,[(1, 4, 0.0, 0.7014859924823417)],[(1, 4)],,
426.016,actual,[(1, 4, 0.0, 0.7014859924823417)],[(1, 4)],,
426.528,actual,[(1, 4, 0.0, 0.7014859924823417)],[(1, 4)],,
427.024,actual,[(1, 4, 0.0, 0.7014859924823417)],[(1, 4)],,
427.520,actual,[(1, 4, 0.0, 0.7014859924823417)],[(1, 4)],,
428.016,actual,[(1, 4, 0.0, 0.7015313578905245)],[(1, 4)],,
428.528,actual,[(1, 4, 0.0, 0.7014859924823417)],[(1, 4)],,
429.024,actual,[(1, 4, 0.0, 0.7014859924823409)],[(1, 4)],,
429.520,actual,[(1, 4, 0.0, 0.7014859924823417)],[(1, 4)],,
430.016,actual,[(1, 4, 0.0, 0.7014859924823417)],[(1, 4)],,
430.528,actual,[(1, 4, 0.0, 0.7014859924823417)],[(1, 4)],,
431.024,actual,[(1, 4, 0.0, 0.7014859924823417)],[(1, 4)],,
431.520,actual,[(1, 4, 0.0, 0.7014859924823417)],[(1, 4)],,
432.016,actual,[(1, 4, 0.0, 0.7015313578905245)],[(1, 4)],,
432.528,actual,[(1, 4, 0.0, 0.7014859924823417)],[(1, 4)],,
433.024,actual,[(1, 4, 0.0, 0.7014859924823417)],[(1, 4)],,
433.520,actual,[(1, 4, 0.0, 0.7014859924823409)],[(1, 4)],,
434.016,actual,[(1, 4, 0.0, 0.7014859924823417)],[(1, 4)],,
434.528,actual,[(1, 4, 0.0, 0.7014859924823409)],[(1, 4)],,
435.024,actual,[(1, 4, 0.0, 0.7014859924823417)],[(1, 4)],,
435.520,actual,[(1, 4, 0.0, 0.7014859924823417)],[(1, 4)],,
436.016,actual,[(1, 4, 0.0, 0.7015313578905245)],[(1, 4)],,
436.528,actual,[(1, 4, 0.0, 0.7014859924823417)],[(1, 4)],,
437.024,actual,[(1, 4, 0.0, 0.7014859924823417)],[(1, 4)],,
437.520,actual,[(1, 4, 0.0, 0.7014859924823409)],[(1, 4)],,
438.016,actual,[(1, 4, 0.0, 0.7014859924823417)],[(1, 4)],,
438.528,actual,[(1, 4, 0.0, 0.7014859924823409)],[(1, 4)],,
439.024,actual,[(1, 4, 0.0, 0.7014859924823417)],[(1, 4)],,
439.520,actual,[(1, 4, 0.0, 0.7014859924823417)],[(1, 4)],,
440.016,actual,[(1, 4, 0.0, 0.7015313578905236)],[(1, 4)],,
440.528,actual,[(1, 4, 0.0, 0.7014859924823417)],[(1, 4)],,
441.024,actual,[(1, 4, 0.0, 0.7014859924823417)],[(1, 4)],,
441.520,actual,[(1, 4, 0.0, 0.7014859924823417)],[(1, 4)],,
442.016,actual,[(1, 4, 0.0, 0.7014859924823409)],[(1, 4)],,
442.528,actual,[(1, 4, 0.0, 0.7014859924823417)],[(1, 4)],,
443.024,actual,[(1, 4, 0.0, 0.7014859924823409)],[(1, 4)],,
443.520,actual,[(1, 4, 0.0, 0.7014859924823417)],[(1, 4)],,
444.016,actual,[(1, 4, 0.0, 0.7015313578905245)],[(1, 4)],,
444.528,actual,[(1, 4, 0.0, 0.7014859924823417)],[(1, 4)],,
445.024,actual,[(1, 4, 0.0, 0.7014859924823417)],[(1, 4)],,
445.520,actual,[(1, 4, 0.0, 0.7014859924823417)],[(1, 4)],,
446.016,actual,[(1, 4, 0.0, 0.7014859924823417)],[(1, 4)],,
446.528,actual,[(1, 4, 0.0, 0.7014859924823417)],[(1, 4)],,
447.024,actual,[(1, 4, 0.0, 0.7014859924823417)],[(1, 4)],,
447.520,actual,[(1, 4, 0.0, 0.7014859924823417)],[(1, 4)],,
448.016,actual,[(1, 4, 0.0, 0.7015313578905245)],[(1, 4)],,
448.528,actual,[(1, 4, 0.0, 0.7014859924823417)],[(1, 4)],,
449.024,actual,[(1, 4, 0.0, 0.7014859924823409)],[(1, 4)],,
449.520,actual,[(1, 4, 0.0, 0.7014859924823417)],[(1, 4)],,
450.016,actual,[(1, 4, 0.0, 0.7014859924823417)],[(1, 4)],,
450.528,actual,[(1, 4, 0.0, 0.7014859924823417)],[(1, 4)],,
451.024,actual,[(1, 4, 0.0, 0.7014859924823417)],[(1, 4)],,
451.520,actual,[(1, 4, 0.0, 0.7014859924823417)],[(1, 4)],,
452.016,actual,[(1, 4, 0.0, 0.7015313578905245)],[(1, 4)],,
452.528,actual,[(1, 4, 0.0, 0.7014859924823417)],[(1, 4)],,
453.024,actual,[(1, 4, 0.0, 0.7014859924823417)],[(1, 4)],,
453.520,actual,[(1, 4, 0.0, 0.7014859924823409)],[(1, 4)],,
454.016,actual,[(1, 4, 0.0, 0.7014859924823417)],[(1, 4)],,
454.528,actual,[(1, 4, 0.0, 0.7014859924823409)],[(1, 4)],,
455.024,actual,[(1, 4, 0.0, 0.7014859924823417)],[(1, 4)],,
455.520,actual,[(1, 4, 0.0, 0.7014859924823417)],[(1, 4)],,
456.016,actual,[(1, 4, 0.0, 0.7015313578905236)],[(1, 4)],,
456.528,actual,[(1, 4, 0.0, 0.7014859924823417)],[(1, 4)],,
457.024,actual,[(1, 4, 0.0, 0.7014859924823417)],[(1, 4)],,
457.520,actual,[(1, 4, 0.0, 0.7014859924823417)],[(1, 4)],,
458.016,actual,[(1, 4, 0.0, 0.7014859924823409)],[(1, 4)],,
458.528,actual,[(1, 4, 0.0, 0.7014859924823417)],[(1, 4)],,
459.024,actual,[(1, 4, 0.0, 0.7014859924823409)],[(1, 4)],,
459.520,actual,[(1, 4, 0.0, 0.7014859924823417)],[(1, 4)],,
460.016,actual,[(1, 4, 0.0, 0.7015313578905236)],[(1, 4)],,
460.528,actual,[(1, 4, 0.0, 0.7014859924823417)],[(1, 4)],,
461.024,actual,[(1, 4, 0.0, 0.7014859924823417)],[(1, 4)],,
461.520,actual,[(1, 4, 0.0, 0.7014859924823417)],[(1, 4)],,
462.016,actual,[(1, 4, 0.0, 0.7014859924823409)],[(1, 4)],,
462.528,actual,[(1, 4, 0.0, 0.7014859924823417)],[(1, 4)],,
463.024,actual,[(1, 4, 0.0, 0.7014859924823409)],[(1, 4)],,
463.520,actual,[(1, 4, 0.0, 0.7014859924823417)],[(1, 4)],,
464.016,actual,[(1, 4, 0.0, 0.7015313578905245)],[(1, 4)],,
464.528,actual,[(1, 4, 0.0, 0.7014859924823417)],[(1, 4)],,
465.024,actual,[(1, 4, 0.0, 0.7014859924823417)],[(1, 4)],,
465.520,actual,[(1, 4, 0.0, 0.7014859924823417)],[(1, 4)],,
466.016,actual,[(1, 4, 0.0, 0.7014859924823417)],[(1, 4)],,
466.528,actual,[(1, 4, 0.0, 0.7014859924823417)],[(1, 4)],,
467.024,actual,[(1, 4, 0.0, 0.7014859924823417)],[(1, 4)],,
467.520,actual,[(1, 4, 0.0, 0.7014859924823409)],[(1, 4)],,
468.016,actual,[(1, 4, 0.0, 0.7015313578905245)],[(1, 4)],,
468.528,actual,[(1, 4, 0.0, 0.7014859924823409)],[(1, 4)],,
469.024,actual,[(1, 4, 0.0, 0.7014859924823417)],[(1, 4)],,
469.520,actual,[(1, 4, 0.0, 0.7014859924823417)],[(1, 4)],,
470.016,actual,[(1, 4, 0.0, 0.7014859924823417)],[(1, 4)],,
470.528,actual,[(1, 4, 0.0, 0.7014859924823417)],[(1, 4)],,
471.024,actual,[(1, 4, 0.0, 0.7014859924823417)],[(1, 4)],,
471.520,actual,[(1, 4, 0.0, 0.7014859924823417)],[(1, 4)],,
472.016,actual,[(1, 4, 0.0, 0.7015313578905245)],[(1, 4)],,
472.528,actual,[(1, 4, 0.0, 0.7014859924823417)],[(1, 4)],,
473.024,actual,[(1, 4, 0.0, 0.7014859924823417)],[(1, 4)],,
473.520,actual,[(1, 4, 0.0, 0.7014859924823417)],[(1, 4)],,
474.016,actual,[(1, 4, 0.0, 0.7014859924823417)],[(1, 4)],,
474.528,actual,[(1, 4, 0.0, 0.7014859924823417)],[(1, 4)],,
475.024,actual,[(1, 4, 0.0, 0.7014859924823417)],[(1, 4)],,
475.520,actual,[(1, 4, 0.0, 0.7014859924823417)],[(1, 4)],,
476.016,actual,[(1, 4, 0.0, 0.7015313578905245)],[(1, 4)],,
476.528,actual,[(1, 4, 0.0, 0.7014859924823417)],[(1, 4)],,
477.024,actual,[(1, 4, 0.0, 0.7014859924823417)],[(1, 4)],,
477.520,actual,[(1, 4, 0.0, 0.7014859924823417)],[(1, 4)],,
478.016,actual,[(1, 4, 0.0, 0.7014859924823417)],[(1, 4)],,
478.528,actual,[(1, 4, 0.0, 0.7014859924823417)],[(1, 4)],,
479.024,actual,[(1, 4, 0.0, 0.7014859924823417)],[(1, 4)],,
479.520,actual,[(1, 4, 0.0, 0.7014859924823417)],[(1, 4)],,
480.016,actual,[(1, 4, 0.0, 0.7015313578905245)],[(1, 4)],,
480.528,actual,[(1, 4, 0.0, 0.7014859924823417)],[(1, 4)],,
481.024,actual,[(1, 4, 0.0, 0.7014859924823417)],[(1, 4)],,
481.520,actual,[(1, 4, 0.0, 0.7014859924823417)],[(1, 4)],,
482.016,actual,[(1, 4, 0.0, 0.7014859924823417)],[(1, 4)],,
482.528,actual,[(1, 4, 0.0, 0.7014859924823417)],[(1, 4)],,
483.024,actual,[(1, 4, 0.0, 0.7014859924823417)],[(1, 4)],,
483.520,actual,[(1, 4, 0.0, 0.7014859924823417)],[(1, 4)],,
484.016,actual,[(1, 4, 0.0, 0.7015313578905245)],[(1, 4)],,
484.528,actual,[(1, 4, 0.0, 0.7014859924823417)],[(1, 4)],,
485.024,actual,[(1, 4, 0.0, 0.7014859924823417)],[(1, 4)],,
485.520,actual,[(1, 4, 0.0, 0.7014859924823417)],[(1, 4)],,
486.016,actual,[(1, 4, 0.0, 0.7014859924823417)],[(1, 4)],,
486.528,actual,[(1, 4, 0.0, 0.7014859924823417)],[(1, 4)],,
487.024,actual,[(1, 4, 0.0, 0.7014859924823417)],[(1, 4)],,
487.520,actual,[(1, 4, 0.0, 0.7014859924823417)],[(1, 4)],,
488.016,actual,[(1, 4, 0.0, 0.7015313578905245)],[(1, 4)],,
488.528,actual,[(1, 4, 0.0, 0.7014859924823417)],[(1, 4)],,
489.024,actual,[(1, 4, 0.0, 0.7014859924823417)],[(1, 4)],,
489.520,actual,[(1, 4, 0.0, 0.7014859924823417)],[(1, 4)],,
490.016,actual,[(1, 4, 0.0, 0.7014859924823417)],[(1, 4)],,
490.528,actual,[(1, 4, 0.0, 0.7014859924823417)],[(1, 4)],,
491.024,actual,[(1, 4, 0.0, 0.7014859924823417)],[(1, 4)],,
491.520,actual,[(1, 4, 0.0, 0.7014859924823417)],[(1, 4)],,
492.016,actual,[(1, 4, 0.0, 0.7015313578905245)],[(1, 4)],,
492.528,actual,[(1, 4, 0.0, 0.7014859924823417)],[(1, 4)],,
493.024,actual,[(1, 4, 0.0, 0.7014859924823417)],[(1, 4)],,
493.520,actual,[(1, 4, 0.0, 0.7014859924823417)],[(1, 4)],,
494.016,actual,[(1, 4, 0.0, 0.7014859924823417)],[(1, 4)],,
494.528,actual,[(1, 4, 0.0, 0.7014859924823417)],[(1, 4)],,
495.024,actual,[(1, 4, 0.0, 0.7014859924823417)],[(1, 4)],,
495.520,actual,[(1, 4, 0.0, 0.7014859924823417)],[(1, 4)],,
496.016,actual,[(1, 4, 0.0, 0.7015313578905245)],[(1, 4)],,
496.528,actual,[(1, 4, 0.0, 0.7014859924823417)],[(1, 4)],,
497.024,actual,[(1, 4, 0.0, 0.7014859924823417)],[(1, 4)],,
497.520,actual,[(1, 4, 0.0, 0.7014859924823417)],[(1, 4)],,
498.016,actual,[(1, 4, 0.0, 0.7014859924823417)],[(1, 4)],,
498.528,actual,[(1, 4, 0.0, 0.7014859924823417)],[(1, 4)],,
499.024,actual,[(1, 4, 0.0, 0.7014859924823417)],[(1, 4)],,
499.520,actual,[(1, 4, 0.0, 0.7014859924823417)],[(1, 4)],,
500.016,actual,[(1, 4, 0.0, 0.7015313578905245)],[(1, 4)],,
500.528,actual,[(1, 4, 0.0, 0.7014859924823417)],[(1, 4)],,
501.024,actual,[(1, 4, 0.0, 0.7014859924823417)],[(1, 4)],,
501.520,actual,[(1, 4, 0.0, 0.7014859924823417)],[(1, 4)],,
502.016,actual,[(1, 4, 0.0, 0.7014859924823417)],[(1, 4)],,
502.528,actual,[(1, 4, 0.0, 0.7014859924823417)],[(1, 4)],,
503.024,actual,[(1, 4, 0.0, 0.7014859924823417)],[(1, 4)],,
503.520,actual,[(1, 4, 0.0, 0.7014859924823417)],[(1, 4)],,
504.016,actual,[(1, 4, 0.0, 0.7015313578905245)],[(1, 4)],,
504.528,actual,[(1, 4, 0.0, 0.7014859924823417)],[(1, 4)],,
505.024,actual,[(1, 4, 0.0, 0.7014859924823417)],[(1, 4)],,
505.520,actual,[(1, 4, 0.0, 0.7014859924823417)],[(1, 4)],,
506.016,actual,[(1, 4, 0.0, 0.7014859924823417)],[(1, 4)],,
506.528,actual,[(1, 4, 0.0, 0.7014859924823417)],[(1, 4)],,
507.024,actual,[(1, 4, 0.0, 0.7014859924823417)],[(1, 4)],,
507.520,actual,[(1, 4, 0.0, 0.7014859924823417)],[(1, 4)],,
508.016,actual,[(1, 4, 0.0, 0.7015313578905245)],[(1, 4)],,
508.528,actual,[(1, 4, 0.0, 0.7014859924823417)],[(1, 4)],,
509.024,actual,[(1, 4, 0.0, 0.7014859924823417)],[(1, 4)],,
509.520,actual,[(1, 4, 0.0, 0.7014859924823417)],[(1, 4)],,
510.016,actual,[(1, 4, 0.0, 0.7014859924823417)],[(1, 4)],,
510.528,actual,[(1, 4, 0.0, 0.7014859924823417)],[(1, 4)],,
511.024,actual,[(1, 4, 0.0, 0.7014859924823417)],[(1, 4)],,
511.520,actual,[(1, 4, 0.0, 0.7014859924823417)],[(1, 4)],,
512.016,actual,[(1, 4, 0.0, 0.7015313578905245)],[(1, 4)],,
512.528,actual,[(1, 4, 0.0, 0.7014859924823417)],[(1, 4)],,
513.024,actual,[(1, 4, 0.0, 0.7014859924823417)],[(1, 4)],,
513.520,actual,[(1, 4, 0.0, 0.7014859924823417)],[(1, 4)],,
514.016,actual,[(1, 4, 0.0, 0.7014859924823417)],[(1, 4)],,
514.528,actual,[(1, 4, 0.0, 0.7014859924823417)],[(1, 4)],,
515.024,actual,[(1, 4, 0.0, 0.7014859924823417)],[(1, 4)],,
515.520,actual,[(1, 4, 0.0, 0.7014859924823417)],[(1, 4)],,
516.016,actual,[(1, 4, 0.0, 0.7015313578905245)],[(1, 4)],,
516.528,actual,[(1, 4, 0.0, 0.7144642303106831)],[(1, 4)],,
517.024,actual,[(1, 4, 0.0, 0.7263497342488455)],[(1, 4)],,
517.520,actual,[(1, 4, 0.0, 0.7338760498647373)],[(1, 4)],,
518.016,actual,[(1, 4, 0.0, 0.7361731342547272)],[(1, 4)],,
518.528,actual,[(1, 4, 0.0, 0.7353900288688975)],[(1, 4)],,
519.024,actual,[(1, 4, 0.0, 0.7398227417793372)],[(1, 4)],,
519.520,actual,[(1, 4, 0.0, 0.7532942975782291)],[(1, 4)],,
520.016,actual,[(1, 4, 0.0, 0.7750779500328389)],[(1, 4)],,
520.528,actual,[(1, 4, 0.0, 0.804819163114844)],[(1, 4)],,
521.024,actual,[(1, 4, 0.0, 0.8276326929614637)],[(1, 4)],,
521.520,actual,[(1, 4, 0.0, 0.8398683291349788)],[(1, 4)],,
522.016,actual,[(1, 4, 0.0, 0.8384826076375066)],[(1, 4)],,
522.528,[1, 3, 4, 5, 6, 7],[],,,
523.024,[1, 3, 4, 5, 6, 7],[],,,
523.520,actual,[(1, 2, 0.0, 0.6302037325088435), (2, 4, 0.0, 0.8315712706975857), (2, 5, 0.0, 0.66086473198366)],[(1, 2, 4, 5)],,
524.016,actual,[(1, 2, 0.0, 0.6771660888994938), (2, 4, 0.0, 0.7178408074253141)],[(1, 2, 4)],,
524.528,actual,[(1, 2, 0.0, 0.6530648528531912), (2, 4, 0.0, 0.7666846664536295)],[(1, 2, 4)],,
525.024,actual,[(1, 2, 0.0, 0.6498896161838031), (2, 4, 0.0, 0.8193335245872406)],[(1, 2, 4)],,
525.520,actual,[(1, 2, 0.0, 0.6498896003767989)],[(1, 2)],,
526.016,actual,[(1, 2, 0.0, 0.6498896002389739)],[(1, 2)],,
526.528,[1, 3, 4, 5, 6, 7, 8],[],,,
527.024,[1, 3, 4, 5, 6, 7, 8],[],,,
527.520,[1, 3, 4, 5, 6, 7, 8],[],,,
528.016,[1, 3, 4, 5, 6, 7, 8],[],,,
528.528,[1, 3, 4, 5, 6, 7, 8],[],,,
529.024,[1, 3, 4, 5, 6, 7, 8],[],,,
529.520,actual,[(1, 2, 0.0, 0.7261560925091062)],[(1, 2)],,
530.016,actual,[(1, 2, 0.0, 0.6929603433475513)],[(1, 2)],,
530.528,actual,[(1, 2, 0.0, 0.6922487525355947)],[(1, 2)],,
531.024,actual,[(1, 2, 0.0, 0.6890534933980313)],[(1, 2)],,
531.520,actual,[(1, 2, 0.0, 0.670002514591211)],[(1, 2)],,
532.016,[1, 3, 4, 5, 6, 7, 8],[],,,
532.528,[1, 3, 4, 5, 6, 7, 8],[],,,
533.024,[1, 3, 4, 5, 6, 7, 8],[],,,
533.520,actual,[(1, 2, 0.0, 0.7542045083198221)],[(1, 2)],,
534.016,actual,[(1, 2, 0.0, 0.8217246368411462)],[(1, 2)],,
534.528,[1, 2, 3, 4, 5, 6, 7, 8],[],,,
535.024,[1, 2, 3, 4, 5, 6, 7, 8],[],,,
535.520,[1, 2, 3, 4, 5, 6, 7, 8],[],,,
536.016,[1, 2, 3, 4, 5, 6, 7, 8],[],,,
536.528,[1, 2, 3, 4, 5, 6, 7, 8],[],,,
537.024,[1, 2, 3, 4, 5, 6, 7, 8],[],,,
537.520,[1, 2, 3, 4, 5, 6, 7, 8],[],,,
538.016,[1, 2, 3, 4, 5, 6, 7, 8],[],,,
538.528,[1, 2, 3, 4, 5, 6, 7, 8],[],,,
539.024,[1, 2, 3, 4, 5, 6, 7, 8],[],,,
539.520,[1, 2, 3, 4, 5, 6, 7, 8],[],,,
540.016,[1, 2, 3, 4, 5, 6, 7, 8],[],,,
540.528,[1, 2, 3, 4, 5, 6, 7, 8],[],,,
541.024,[1, 2, 3, 4, 5, 6, 7, 8],[],,,
541.520,[1, 2, 3, 4, 5, 6, 7, 8],[],,,
542.016,[1, 2, 3, 4, 5, 6, 7, 8],[],,,
542.528,[1, 2, 3, 4, 5, 6, 7, 8],[],,,
543.024,[1, 2, 3, 4, 5, 6, 7, 8],[],,,
543.520,[1, 2, 3, 4, 5, 6, 7, 8],[],,,
544.016,[1, 2, 3, 4, 5, 6, 7, 8],[],,,
544.528,[1, 2, 3, 4, 5, 6, 7, 8],[],,,
545.024,[1, 2, 3, 4, 5, 6, 7, 8],[],,,
545.520,[1, 2, 3, 4, 5, 6, 7, 8],[],,,
546.016,[1, 2, 3, 4, 5, 6, 7, 8],[],,,
546.528,[1, 2, 3, 4, 5, 6, 7, 8],[],,,
547.024,[1, 2, 3, 4, 5, 6, 7, 8],[],,,
547.520,[1, 2, 3, 4, 5, 6, 7, 8],[],,,
548.016,[1, 2, 3, 4, 5, 6, 7, 8],[],,,
548.528,[1, 2, 3, 4, 5, 6, 7, 8],[],,,
549.024,[1, 2, 3, 4, 5, 6, 7, 8],[(1, 5, 1.25, 0.7343732577456549)],,,
549.520,[1, 2, 3, 4, 5, 6, 7, 8],[],,,
550.016,[1, 2, 3, 4, 5, 6, 7, 8],[],,,
550.528,[1, 2, 3, 4, 5, 6, 7, 8],[],,,
551.024,[1, 2, 3, 4, 5, 6, 7, 8],[],,,
551.520,[1, 2, 3, 4, 5, 6, 7, 8],[],,,
552.016,[1, 2, 3, 4, 5, 6, 7, 8],[],,,
552.528,[1, 2, 3, 4, 5, 6, 7, 8],[],,,
553.024,[1, 2, 3, 4, 5, 6, 7, 8],[],,,
553.520,[1, 2, 3, 4, 5, 6, 7, 8],[],,,
554.016,[1, 2, 3, 4, 5, 6, 7, 8],[],,,
554.528,[1, 2, 3, 4, 5, 6, 7, 8],[],,,
555.024,[1, 2, 3, 4, 5, 6, 7, 8],[],,,
555.520,[1, 2, 3, 4, 5, 6, 7, 8],[],,,
556.016,[1, 2, 3, 4, 5, 6, 7, 8],[],,,
556.528,[1, 2, 3, 4, 5, 6, 7, 8],[],,,
557.024,[1, 2, 3, 4, 5, 6, 7, 8],[],,,
557.520,[1, 2, 3, 4, 5, 6, 7, 8],[],,,
558.016,[1, 2, 3, 4, 5, 6, 7, 8],[],,,
558.528,[1, 2, 3, 4, 5, 6, 7, 8],[],,,
559.024,[1, 2, 3, 4, 5, 6, 7, 8],[],,,
559.520,[1, 2, 3, 4, 5, 6, 7, 8],[],,,
560.016,[1, 2, 3, 4, 5, 6, 7, 8],[],,,
560.528,[1, 2, 3, 4, 5, 6, 7, 8],[],,,
561.024,[1, 2, 3, 4, 5, 6, 7, 8],[],,,
561.520,[1, 2, 3, 4, 5, 6, 7, 8],[],,,
562.016,[1, 2, 3, 4, 5, 6, 7, 8],[],,,
562.528,[1, 2, 3, 4, 5, 6, 7, 8],[],,,
563.024,[1, 2, 3, 4, 5, 6, 7, 8],[],,,
563.520,[1, 2, 3, 4, 5, 6, 7, 8],[],,,
564.016,[1, 2, 3, 4, 5, 6, 7, 8],[],,,
564.528,[1, 2, 3, 4, 5, 6, 7, 8],[],,,
565.024,[1, 2, 3, 4, 5, 6, 7, 8],[],,,
565.520,[1, 2, 3, 4, 5, 6, 7, 8],[],,,
566.016,[1, 2, 3, 4, 5, 6, 7, 8],[],,,
566.528,[1, 2, 3, 4, 5, 6, 7, 8],[(2, 4, 1.0, 0.7462303703755133)],,,
567.024,[1, 2, 3, 4, 5, 6, 7, 8],[],,,
567.520,[1, 2, 3, 4, 5, 6, 7, 8],[],,,
568.016,[1, 2, 3, 4, 5, 6, 7, 8],[],,,
568.528,[1, 3, 4, 5, 6, 7, 8],[],,,
569.024,[1, 2, 3, 4, 5, 6, 7, 8],[],,,
569.520,[1, 2, 3, 4, 5, 6, 7, 8],[],,,
570.016,[1, 2, 3, 4, 5, 6, 7, 8],[],,,
570.528,[1, 2, 3, 4, 5, 6, 7, 8],[],,,
571.024,[1, 2, 3, 4, 5, 6, 7, 8],[],,,
571.520,[1, 2, 3, 4, 5, 6, 7, 8],[],,,
572.016,[1, 2, 3, 4, 5, 6, 7, 8],[],,,
572.528,[1, 2, 3, 4, 5, 6, 7, 8],[],,,
573.024,[1, 2, 3, 4, 5, 6, 7, 8],[],,,
573.520,[1, 2, 3, 4, 5, 6, 7, 8],[],,,
574.016,[1, 2, 3, 4, 5, 6, 7, 8],[],,,
574.528,[1, 2, 3, 4, 5, 6, 7, 8],[],,,
575.024,[1, 2, 3, 4, 5, 6, 7, 8],[],,,
575.520,[1, 2, 3, 4, 5, 6, 7, 8],[],,,
576.016,[1, 2, 3, 4, 5, 6, 7, 8],[],,,
576.528,[1, 2, 3, 4, 5, 6, 7, 8],[],,,
577.024,[1, 2, 3, 4, 5, 6, 7, 8],[],,,
577.520,[1, 2, 3, 4, 5, 6, 7, 8],[],,,
578.016,[1, 2, 3, 4, 5, 6, 7, 8],[],,,
578.528,[1, 2, 3, 4, 5, 6, 7, 8],[],,,
579.024,[2, 3, 4, 5, 6, 7, 8],[],,,
579.520,[2, 3, 4, 5, 6, 7, 8],[],,,
580.016,[2, 3, 4, 5, 6, 7, 8],[],,,
580.528,[2, 3, 4, 5, 6, 7, 8],[],,,
581.024,[2, 3, 4, 5, 6, 7, 8],[],,,
581.520,[2, 3, 4, 5, 6, 7, 8],[],,,
582.016,[2, 3, 4, 5, 6, 7, 8],[],,,
582.528,[2, 3, 4, 5, 6, 7, 8],[],,,
583.024,[2, 3, 4, 5, 6, 7, 8],[],,,
583.520,[2, 3, 4, 5, 6, 7, 8],[],,,
584.016,[1, 2, 3, 4, 5, 6, 7, 8],[],,,
584.528,[1, 2, 3, 4, 5, 6, 7, 8],[],,,
585.024,[1, 2, 3, 4, 5, 6, 7, 8],[],,,
585.520,[1, 2, 3, 4, 5, 6, 7, 8],[],,,
586.016,actual,[(6, 8, 0.0, 0.8376749991930026)],[(6, 8)],,
586.528,actual,[(6, 8, 0.0, 0.7875685141322628)],[(6, 8)],,
587.024,actual,[(6, 8, 0.0, 0.7705566741565365)],[(6, 8)],,
587.520,actual,[(6, 8, 0.0, 0.7739958392888975)],[(6, 8)],,
588.016,actual,[(6, 8, 0.0, 0.7959716252735017)],[(6, 8)],,
588.528,actual,[(6, 8, 0.0, 0.8300434631436285)],[(6, 8)],,
589.024,[1, 2, 3, 4, 5, 6, 7, 8],[],,,
589.520,[1, 2, 3, 4, 5, 6, 7, 8],[],,,
590.016,[1, 2, 3, 4, 5, 6, 7, 8],[],,,
590.528,[1, 2, 3, 4, 5, 6, 7, 8],[],,,
591.024,[1, 2, 3, 4, 5, 6, 7, 8],[],,,
591.520,[1, 2, 3, 4, 5, 6, 7, 8],[],,,
592.016,[1, 2, 3, 4, 5, 6, 7, 8],[],,,
592.528,[1, 2, 3, 4, 5, 6, 7, 8],[],,,
593.024,[1, 2, 3, 4, 5, 6, 7, 8],[],,,
593.520,[1, 2, 3, 4, 5, 6, 7, 8],[],,,
594.016,[1, 2, 3, 4, 5, 6, 7, 8],[],,,
594.528,[1, 2, 3, 4, 5, 6, 7, 8],[],,,
595.024,[1, 2, 3, 4, 5, 6, 7, 8],[],,,
595.520,[1, 2, 3, 4, 5, 6, 7, 8],[],,,
596.016,[1, 2, 3, 4, 5, 6, 7, 8],[],,,
596.528,[1, 2, 3, 4, 5, 6, 7, 8],[],,,
597.024,[1, 2, 3, 4, 5, 6, 7, 8],[],,,
597.520,[1, 2, 3, 4, 5, 6, 7, 8],[],,,
598.016,[1, 2, 3, 4, 5, 6, 7, 8],[],,,
598.528,[1, 2, 3, 4, 5, 6, 7, 8],[],,,
599.024,[1, 2, 3, 4, 5, 6, 7, 8],[],,,
599.520,[1, 2, 3, 4, 5, 6, 7, 8],[],,,
