sim_time,trajectories,conflicts,components,actions
1.520,[1, 2, 3],[],,,
2.016,[1, 2, 3],[],,,
2.528,[1, 2, 3],[],,,
3.024,[1, 2, 3],[],,,
3.520,[1, 2, 3],[],,,
4.016,[1, 2, 3],[],,,
4.528,[1, 2, 3],[],,,
5.024,[1, 2, 3],[],,,
5.520,[1, 2, 3],[],,,
6.016,[1, 2, 3],[],,,
6.528,[1, 2, 3],[],,,
7.024,[1, 2, 3],[],,,
7.520,[1, 2, 3],[],,,
8.016,[1, 2, 3],[],,,
8.528,[1, 2, 3],[],,,
9.024,[1, 2, 3],[],,,
9.520,[1, 2, 3],[],,,
10.016,[1, 2, 3, 4],[],,,
10.528,[1, 2, 3, 4],[],,,
11.024,[1, 2, 3, 4],[],,,
11.520,[1, 2, 3, 4],[],,,
12.016,[1, 2, 3, 4],[],,,
12.528,[1, 2, 3, 4],[],,,
13.024,[1, 2, 3, 4],[],,,
13.520,[1, 2, 3, 4],[],,,
14.016,[1, 2, 3, 4],[],,,
14.528,[1, 2, 3, 4],[],,,
15.024,[1, 2, 3, 4],[],,,
15.520,[1, 2, 3, 4],[],,,
16.016,[1, 2, 3, 4],[],,,
16.528,[1, 2, 3, 4],[],,,
17.024,[1, 2, 3, 4],[],,,
17.520,[1, 2, 3, 4],[],,,
18.032,[1, 2, 3, 4],[],,,
18.528,[1, 2, 3, 4],[],,,
19.024,[1, 2, 3, 4],[],,,
19.520,[1, 2, 3, 4],[],,,
20.032,[1, 2, 3, 4],[],,,
20.528,[1, 2, 3, 4],[],,,
21.024,[1, 2, 3, 4],[],,,
21.520,[1, 2, 3, 4],[],,,
22.032,[1, 2, 3, 4],[],,,
22.528,[1, 2, 3, 4],[],,,
23.024,[1, 2, 3, 4],[],,,
23.520,[1, 2, 3, 4, 5, 7],[],,,
24.032,[1, 2, 3, 4, 5, 7],[],,,
24.528,[1, 2, 3, 4, 5, 7],[],,,
25.024,[1, 2, 3, 4, 5, 7],[],,,
25.520,[1, 2, 3, 4, 5, 7],[],,,
26.032,[1, 2, 3, 4, 5, 6, 7, 8],[],,,
26.528,[1, 2, 3, 4, 5, 6, 7, 8],[],,,
27.024,[1, 2, 3, 4, 5, 6, 7, 8],[],,,
27.520,[1, 2, 3, 4, 5, 6, 7, 8],[],,,
28.032,[1, 2, 3, 4, 5, 6, 7, 8],[],,,
28.528,[1, 2, 3, 4, 5, 6, 7, 8],[],,,
29.024,[1, 2, 3, 4, 5, 6, 7, 8],[],,,
29.520,[1, 2, 3, 4, 5, 6, 7, 8],[],,,
30.032,[1, 2, 3, 4, 5, 6, 7, 8],[],,,
30.528,[1, 2, 3, 4, 5, 6, 7, 8],[],,,
31.024,[1, 2, 3, 4, 5, 6, 7, 8],[],,,
31.520,[1, 2, 3, 4, 5, 6, 7, 8],[],,,
32.032,[1, 2, 3, 4, 5, 6, 7, 8],[],,,
32.528,[1, 2, 3, 4, 5, 6, 7, 8],[],,,
33.024,[1, 2, 3, 4, 5, 6, 7, 8],[],,,
33.520,[1, 2, 3, 4, 5, 6, 7, 8],[],,,
34.032,[1, 2, 3, 4, 5, 6, 7, 8],[],,,
34.528,[1, 2, 3, 4, 5, 6, 7, 8],[],,,
35.024,[1, 2, 3, 4, 5, 6, 7, 8],[],,,
35.520,[1, 2, 3, 4, 5, 6, 7, 8],[],,,
36.032,[1, 2, 3, 4, 5, 6, 7, 8],[],,,
36.528,[1, 2, 3, 4, 5, 6, 7, 8],[],,,
37.024,[1, 2, 3, 4, 5, 6, 7, 8],[],,,
37.520,[1, 2, 3, 4, 5, 6, 7, 8],[],,,
38.032,[1, 2, 3, 4, 5, 6, 7, 8],[],,,
38.528,[1, 2, 3, 4, 5, 6, 7, 8],[],,,
39.024,[1, 2, 3, 4, 5, 6, 7, 8],[],,,
39.520,[1, 2, 3, 4, 5, 6, 7, 8],[],,,
40.032,[1, 2, 3, 4, 5, 6, 7, 8],[],,,
40.528,[1, 2, 3, 4, 5, 6, 7, 8],[],,,
41.024,[1, 2, 3, 4, 5, 6, 7, 8],[],,,
41.520,[1, 2, 3, 4, 5, 6, 7, 8],[],,,
42.032,[1, 2, 3, 4, 5, 6, 7, 8],[],,,
42.528,[1, 2, 3, 4, 5, 6, 7, 8],[],,,
43.024,[1, 2, 3, 4, 5, 6, 7, 8],[],,,
43.520,[1, 2, 3, 4, 5, 6, 7, 8],[],,,
44.032,[1, 2, 3, 4, 5, 6, 7, 8],[],,,
44.528,[1, 2, 3, 4, 5, 6, 8],[],,,
45.024,[1, 2, 3, 4, 5, 6, 8],[],,,
45.520,[1, 2, 3, 4, 5, 6, 8],[],,,
46.032,[1, 2, 3, 4, 5, 6, 8],[],,,
46.528,[1, 2, 3, 4, 5, 6, 8],[],,,
47.024,[1, 2, 3, 4, 5, 6, 8],[],,,
47.520,[1, 2, 3, 4, 5, 6, 8],[],,,
48.032,[1, 2, 3, 4, 5, 6, 8],[],,,
48.528,[1, 2, 3, 4, 5, 6, 8],[],,,
49.024,[1, 2, 3, 4, 5, 6, 8],[],,,
49.520,[1, 2, 3, 4, 5, 6, 7, 8],[],,,
50.032,[1, 2, 3, 4, 5, 6, 7, 8],[],,,
50.528,[1, 2, 3, 4, 5, 6, 7, 8],[(2, 3, 2.25, 0.7129352733539693), (3, 5, 4.25, 0.7010905903323845)],,,
51.024,[1, 2, 3, 4, 5, 6, 7, 8],[(2, 5, 6.0, 0.7028024301805289)],,,
51.520,[1, 2, 3, 4, 5, 6, 7, 8],[],,,
52.032,[1, 2, 3, 4, 5, 6, 7, 8],[(2, 3, 5.75, 0.7179800409213531)],,,
52.528,[1, 2, 3, 4, 5, 6, 7, 8],[],,,
53.024,[1, 2, 3, 4, 5, 6, 7, 8],[],,,
53.520,[1, 2, 3, 4, 5, 6, 7, 8],[],,,
54.032,[1, 2, 3, 4, 5, 6, 7, 8],[],,,
54.528,[1, 2, 3, 4, 5, 6, 7, 8],[],,,
55.024,[1, 2, 3, 4, 5, 6, 7, 8],[],,,
55.520,[1, 2, 3, 4, 5, 6, 7, 8],[],,,
56.032,[1, 2, 3, 4, 5, 6, 7, 8],[],,,
56.528,[1, 2, 3, 4, 5, 6, 7, 8],[],,,
57.024,[1, 2, 3, 4, 5, 6, 7, 8],[],,,
57.520,[1, 2, 3, 4, 5, 6, 7, 8],[],,,
58.032,[1, 2, 3, 4, 5, 6, 7, 8],[],,,
58.528,[1, 2, 3, 4, 5, 6, 7, 8],[],,,
59.024,[1, 2, 3, 4, 5, 6, 7, 8],[],,,
59.520,[1, 2, 3, 4, 5, 6, 7, 8],[],,,
60.032,[1, 2, 3, 4, 5, 6, 7, 8],[],,,
60.528,[1, 2, 3, 4, 5, 6, 7, 8],[],,,
61.024,[1, 2, 3, 4, 5, 6, 7, 8],[],,,
61.520,[1, 2, 3, 4, 5, 6, 7, 8],[],,,
62.032,[1, 2, 3, 4, 5, 6, 7, 8],[],,,
62.528,[1, 2, 3, 4, 5, 6, 7, 8],[],,,
63.024,[1, 2, 3, 4, 5, 6, 7, 8],[],,,
63.520,[1, 2, 3, 4, 5, 6, 7, 8],[],,,
64.032,[1, 2, 3, 4, 5, 6, 7, 8],[],,,
64.528,[1, 2, 3, 4, 5, 6, 7, 8],[],,,
65.024,[1, 2, 3, 4, 5, 6, 7, 8],[],,,
65.520,[1, 2, 3, 4, 5, 6, 7, 8],[],,,
66.032,[1, 2, 3, 4, 5, 6, 7, 8],[],,,
66.528,[1, 2, 3, 4, 5, 6, 7, 8],[],,,
67.024,[1, 2, 3, 4, 5, 6, 7, 8],[],,,
67.520,[1, 2, 3, 4, 5, 6, 7, 8],[],,,
68.032,[1, 2, 3, 4, 5, 6, 7, 8],[],,,
68.528,[1, 2, 3, 4, 5, 6, 7, 8],[],,,
69.024,[1, 2, 3, 4, 5, 6, 7, 8],[],,,
69.520,[1, 2, 3, 4, 5, 6, 7, 8],[],,,
70.032,[1, 2, 3, 4, 5, 6, 7, 8],[],,,
70.528,[1, 2, 3, 4, 5, 6, 7, 8],[],,,
71.024,[1, 2, 3, 4, 5, 6, 7, 8],[],,,
71.520,[1, 2, 3, 4, 5, 6, 7, 8],[],,,
72.032,[1, 2, 3, 4, 5, 6, 7, 8],[],,,
72.528,[1, 2, 3, 4, 5, 6, 7, 8],[],,,
73.024,[1, 2, 3, 4, 5, 6, 7, 8],[],,,
73.520,[1, 2, 3, 4, 5, 6, 7, 8],[],,,
74.032,[1, 2, 3, 4, 5, 6, 7, 8],[],,,
74.528,[1, 2, 3, 4, 5, 6, 7, 8],[],,,
75.024,[1, 2, 3, 4, 5, 6, 7, 8],[],,,
75.520,[1, 2, 3, 4, 5, 6, 7, 8],[],,,
76.032,[1, 2, 3, 4, 5, 6, 7, 8],[],,,
76.528,[1, 2, 3, 4, 5, 6, 7, 8],[],,,
77.024,[1, 2, 3, 4, 5, 6, 7, 8],[],,,
77.520,[1, 2, 3, 4, 5, 6, 7, 8],[],,,
78.032,[1, 2, 3, 4, 5, 6, 7, 8],[],,,
78.528,[1, 2, 3, 4, 5, 6, 7, 8],[],,,
79.024,[1, 2, 3, 4, 5, 6, 7, 8],[],,,
79.520,[1, 2, 3, 4, 5, 6, 7, 8],[],,,
80.016,[1, 2, 3, 4, 5, 6, 7, 8],[],,,
80.528,[1, 2, 3, 4, 5, 6, 7, 8],[],,,
81.024,[1, 2, 3, 4, 5, 6, 7, 8],[],,,
81.520,[1, 2, 3, 4, 5, 6, 7, 8],[],,,
82.016,[1, 2, 3, 4, 5, 6, 7, 8],[],,,
82.528,[1, 2, 3, 4, 5, 6, 7, 8],[],,,
83.024,[1, 2, 3, 4, 5, 6, 7, 8],[],,,
83.520,[1, 2, 3, 4, 5, 6, 7, 8],[],,,
84.016,[1, 2, 3, 4, 5, 6, 7, 8],[],,,
84.528,[1, 2, 3, 4, 5, 6, 7, 8],[],,,
85.024,[1, 2, 3, 4, 5, 6, 7, 8],[],,,
85.520,[1, 2, 3, 4, 5, 6, 7, 8],[],,,
86.016,[1, 2, 3, 4, 5, 6, 7, 8],[],,,
86.528,[1, 2, 3, 4, 5, 6, 7, 8],[],,,
87.024,[1, 2, 3, 4, 5, 6, 7, 8],[],,,
87.520,[1, 2, 3, 4, 5, 6, 7, 8],[],,,
88.016,[1, 2, 3, 4, 5, 6, 7, 8],[],,,
88.528,[1, 2, 3, 4, 5, 6, 7, 8],[],,,
89.024,[1, 2, 3, 4, 5, 6, 7, 8],[],,,
89.520,[1, 2, 3, 4, 5, 6, 7, 8],[],,,
90.016,[1, 2, 3, 4, 5, 6, 7, 8],[],,,
90.528,[1, 2, 3, 4, 5, 6, 7, 8],[],,,
91.024,[1, 2, 3, 4, 5, 6, 7, 8],[],,,
91.520,[1, 2, 3, 4, 5, 6, 7, 8],[],,,
92.016,[1, 2, 3, 4, 5, 6, 7, 8],[],,,
92.528,[1, 2, 3, 4, 5, 6, 7, 8],[],,,
93.024,[1, 2, 3, 4, 5, 6, 7, 8],[],,,
93.520,[1, 2, 3, 4, 5, 6, 7, 8],[],,,
94.016,[1, 2, 3, 4, 5, 6, 7, 8],[],,,
94.528,[1, 2, 3, 4, 5, 6, 7, 8],[],,,
95.024,[1, 2, 3, 4, 5, 6, 7, 8],[],,,
95.520,[1, 2, 3, 4, 5, 6, 7, 8],[],,,
96.016,[1, 2, 3, 4, 5, 6, 7, 8],[],,,
96.528,[1, 2, 3, 4, 5, 6, 7, 8],[],,,
97.024,[1, 2, 3, 4, 5, 6, 7, 8],[],,,
97.520,[1, 2, 3, 4, 5, 6, 7, 8],[],,,
98.016,[1, 2, 3, 4, 5, 6, 7, 8],[],,,
98.528,[1, 2, 3, 4, 5, 6, 7, 8],[],,,
99.024,[1, 2, 3, 4, 5, 6, 7, 8],[],,,
99.520,[1, 2, 3, 4, 5, 6, 7, 8],[],,,
100.016,[1, 2, 3, 4, 5, 6, 7, 8],[],,,
100.528,actual,[(1, 6, 0.0, 0.8434206254474094)],[(1, 6)],layered
101.024,actual,[(1, 6, 0.0, 0.8403228777922391)],[(1, 6)],layered
101.520,actual,[(1, 6, 0.0, 0.8394750821111191)],[(1, 6)],layered
102.016,actual,[(1, 6, 0.0, 0.8404081824546177)],[(1, 6)],layered
102.528,actual,[(1, 6, 0.0, 0.8432975226862128)],[(1, 6)],layered
103.024,actual,[(1, 6, 0.0, 0.8480992397080591)],[(1, 6)],layered
103.520,[1, 2, 3, 4, 5, 6, 7, 8],[],,,
104.016,[1, 2, 3, 4, 5, 6, 7, 8],[],,,
104.528,[1, 2, 3, 4, 5, 6, 7, 8],[],,,
105.024,[1, 2, 3, 4, 5, 6, 7, 8],[],,,
105.520,[1, 2, 3, 4, 5, 6, 7, 8],[],,,
106.016,[1, 2, 3, 4, 5, 6, 7, 8],[],,,
106.528,[1, 2, 3, 4, 5, 6, 7, 8],[],,,
107.024,[1, 2, 3, 4, 5, 6, 7, 8],[],,,
107.520,[1, 2, 3, 4, 5, 6, 7, 8],[],,,
108.016,[1, 2, 3, 4, 5, 6, 7, 8],[],,,
108.528,[1, 2, 3, 4, 5, 6, 7, 8],[],,,
109.024,[1, 2, 3, 4, 5, 6, 7, 8],[],,,
109.520,[1, 2, 3, 4, 5, 6, 7, 8],[],,,
110.016,[1, 2, 3, 4, 5, 6, 7, 8],[],,,
110.528,[1, 2, 3, 4, 5, 6, 7, 8],[],,,
111.024,[1, 2, 3, 4, 5, 6, 7, 8],[],,,
111.520,[1, 2, 3, 4, 5, 6, 7, 8],[],,,
112.016,[1, 2, 3, 4, 5, 6, 7, 8],[],,,
112.528,[1, 2, 3, 4, 5, 6, 7, 8],[],,,
113.024,[1, 2, 3, 4, 5, 6, 7, 8],[],,,
113.520,[1, 2, 3, 4, 5, 6, 7, 8],[],,,
114.016,[1, 2, 3, 4, 5, 6, 7, 8],[],,,
114.528,[1, 2, 3, 4, 5, 6, 7, 8],[],,,
115.024,[1, 2, 3, 4, 5, 6, 7, 8],[],,,
115.520,[1, 2, 3, 4, 5, 6, 7, 8],[],,,
116.016,[1, 2, 3, 4, 5, 6, 7, 8],[],,,
116.528,[1, 2, 3, 4, 5, 6, 7, 8],[],,,
117.024,[1, 2, 3, 4, 5, 6, 7, 8],[],,,
117.520,[1, 2, 3, 4, 5, 6, 7, 8],[],,,
118.016,[1, 2, 3, 4, 5, 6, 7, 8],[],,,
118.528,[1, 2, 3, 4, 5, 6, 7, 8],[],,,
119.024,[1, 2, 3, 4, 5, 6, 7, 8],[],,,
119.520,[1, 2, 3, 4, 5, 6, 7, 8],[],,,
120.016,[1, 2, 3, 4, 5, 6, 7, 8],[],,,
120.528,[1, 2, 3, 4, 5, 6, 7, 8],[],,,
121.024,[1, 2, 3, 4, 5, 6, 7, 8],[],,,
121.520,[1, 2, 3, 4, 5, 6, 7, 8],[],,,
122.016,[1, 2, 3, 4, 5, 6, 7, 8],[],,,
122.528,[1, 2, 3, 4, 5, 6, 7, 8],[],,,
123.024,[1, 2, 3, 4, 5, 6, 7, 8],[],,,
123.520,[1, 2, 3, 4, 5, 6, 7, 8],[],,,
124.016,[1, 2, 3, 4, 5, 6, 7, 8],[],,,
124.528,[1, 2, 3, 4, 5, 6, 7, 8],[],,,
125.024,[1, 2, 3, 4, 5, 6, 7, 8],[],,,
125.520,[1, 2, 3, 4, 5, 6, 7, 8],[],,,
126.016,[1, 2, 3, 4, 5, 6, 7, 8],[],,,
126.528,[1, 2, 3, 4, 5, 6, 7, 8],[],,,
127.024,[1, 2, 3, 4, 5, 6, 7, 8],[],,,
127.520,[1, 2, 3, 4, 5, 6, 7, 8],[],,,
128.016,[1, 2, 3, 4, 5, 6, 7, 8],[],,,
128.528,[1, 2, 3, 4, 5, 6, 7, 8],[],,,
129.024,[1, 2, 3, 4, 5, 6, 7, 8],[],,,
129.520,[1, 2, 3, 4, 5, 6, 7, 8],[],,,
130.016,[1, 2, 3, 4, 5, 6, 7, 8],[],,,
130.528,[1, 2, 3, 4, 5, 6, 7, 8],[],,,
131.024,[1, 2, 3, 4, 5, 6, 7, 8],[],,,
131.520,[1, 2, 3, 4, 5, 6, 7, 8],[],,,
132.016,[1, 2, 3, 4, 5, 6, 7, 8],[],,,
132.528,[1, 2, 3, 4, 5, 6, 7, 8],[],,,
133.024,[1, 2, 3, 4, 5, 6, 7, 8],[],,,
133.520,[1, 2, 3, 4, 5, 6, 7, 8],[],,,
134.016,[1, 2, 3, 4, 5, 6, 7, 8],[],,,
134.528,[1, 2, 3, 4, 5, 6, 7, 8],[],,,
135.024,[1, 2, 3, 4, 5, 6, 7, 8],[],,,
135.520,[1, 2, 3, 4, 5, 6, 7, 8],[],,,
136.016,[1, 2, 3, 4, 5, 6, 7, 8],[],,,
136.528,[1, 2, 3, 4, 5, 6, 7, 8],[],,,
137.024,[1, 2, 3, 4, 5, 6, 7, 8],[],,,
137.520,[1, 2, 3, 4, 5, 6, 7, 8],[],,,
138.016,[1, 2, 3, 4, 5, 6, 7, 8],[],,,
138.528,[1, 2, 3, 4, 5, 6, 7, 8],[],,,
139.024,[1, 2, 3, 4, 5, 6, 7, 8],[],,,
139.520,[1, 2, 3, 4, 5, 6, 7, 8],[],,,
140.016,[1, 2, 3, 4, 5, 6, 7, 8],[],,,
140.528,[1, 2, 3, 4, 5, 6, 7, 8],[],,,
141.024,[1, 2, 3, 4, 5, 6, 7, 8],[],,,
141.520,[1, 2, 3, 4, 5, 6, 7, 8],[],,,
142.016,[1, 2, 3, 4, 5, 6, 7, 8],[],,,
142.528,[1, 2, 3, 4, 5, 6, 7, 8],[],,,
143.024,[1, 2, 4, 5, 6, 7, 8],[],,,
143.520,[1, 2, 3, 4, 5, 6, 7, 8],[],,,
144.016,[1, 2, 3, 4, 5, 6, 7, 8],[],,,
144.528,[1, 2, 3, 4, 5, 6, 7, 8],[],,,
145.024,[1, 2, 3, 4, 5, 6, 7, 8],[],,,
145.520,[1, 2, 3, 4, 5, 6, 7, 8],[],,,
146.016,[1, 2, 3, 4, 5, 6, 7, 8],[],,,
146.528,[1, 2, 3, 4, 5, 6, 7, 8],[],,,
147.024,[1, 2, 3, 4, 5, 6, 7, 8],[],,,
147.520,[1, 2, 3, 4, 5, 6, 7, 8],[],,,
148.016,[1, 2, 3, 4, 5, 6, 7, 8],[],,,
148.528,[1, 2, 3, 4, 5, 6, 7, 8],[],,,
149.024,[1, 2, 3, 4, 5, 6, 7, 8],[],,,
149.520,[1, 2, 3, 4, 5, 6, 7, 8],[],,,
150.016,[1, 2, 3, 4, 5, 6, 7, 8],[],,,
150.528,[1, 2, 3, 4, 5, 6, 7, 8],[],,,
151.024,[1, 2, 3, 4, 5, 6, 7, 8],[],,,
151.520,[1, 2, 3, 4, 5, 6, 7, 8],[],,,
152.016,[1, 2, 3, 4, 5, 6, 7, 8],[],,,
152.528,[1, 2, 3, 4, 5, 6, 7, 8],[],,,
153.024,[1, 2, 3, 4, 5, 6, 7, 8],[],,,
153.520,[1, 2, 3, 4, 5, 6, 7, 8],[],,,
154.016,[1, 2, 3, 4, 5, 6, 7, 8],[],,,
154.528,[1, 2, 3, 4, 5, 6, 7, 8],[],,,
155.024,[1, 2, 3, 4, 5, 6, 7, 8],[],,,
155.520,[1, 2, 3, 4, 5, 6, 7, 8],[],,,
156.016,[1, 2, 3, 4, 5, 6, 7, 8],[],,,
156.528,[1, 2, 3, 4, 5, 6, 7, 8],[],,,
157.024,[1, 2, 3, 4, 5, 6, 7, 8],[],,,
157.520,[1, 2, 3, 4, 5, 6, 7, 8],[],,,
158.032,[1, 2, 3, 4, 5, 6, 7, 8],[],,,
158.528,[1, 2, 3, 4, 5, 6, 7, 8],[],,,
159.024,[1, 2, 3, 4, 5, 6, 7, 8],[],,,
159.520,[1, 2, 3, 4, 5, 6, 7, 8],[],,,
160.032,[1, 2, 3, 4, 5, 6, 7, 8],[],,,
160.528,[1, 2, 3, 4, 5, 6, 7, 8],[],,,
161.024,[1, 2, 3, 4, 5, 6, 7, 8],[],,,
161.520,[1, 2, 3, 4, 5, 6, 7, 8],[],,,
162.032,[1, 2, 3, 4, 5, 6, 7, 8],[],,,
162.528,[1, 2, 3, 4, 5, 6, 7, 8],[],,,
163.024,[1, 2, 3, 4, 5, 6, 7, 8],[],,,
163.520,[1, 2, 3, 4, 5, 6, 7, 8],[],,,
164.032,[1, 2, 3, 4, 5, 6, 7, 8],[],,,
164.528,[1, 2, 3, 4, 5, 6, 7, 8],[],,,
165.024,[1, 2, 3, 4, 5, 6, 7, 8],[],,,
165.520,[1, 2, 3, 4, 5, 6, 7, 8],[],,,
166.032,[1, 2, 3, 4, 5, 6, 7, 8],[],,,
166.528,[1, 2, 3, 4, 5, 6, 7, 8],[],,,
167.024,[1, 2, 3, 4, 5, 6, 7, 8],[],,,
167.520,[1, 2, 3, 4, 5, 6, 7, 8],[],,,
168.032,[1, 2, 3, 4, 5, 6, 7, 8],[],,,
168.528,[1, 2, 3, 4, 5, 6, 7, 8],[],,,
169.024,[1, 2, 3, 4, 5, 6, 7, 8],[],,,
169.520,[1, 2, 3, 4, 5, 6, 7, 8],[],,,
170.032,[1, 2, 3, 4, 5, 6, 7, 8],[],,,
170.528,[1, 2, 3, 4, 5, 6, 7, 8],[],,,
171.024,[1, 2, 3, 4, 5, 6, 7, 8],[],,,
171.520,[1, 2, 3, 4, 5, 6, 7, 8],[],,,
172.032,[1, 2, 3, 4, 5, 6, 7, 8],[],,,
172.528,[1, 2, 3, 4, 5, 6, 7, 8],[],,,
173.024,[1, 2, 3, 4, 5, 6, 7, 8],[],,,
173.520,[1, 2, 3, 4, 5, 6, 7, 8],[],,,
174.032,actual,[(1, 5, 0.0, 0.8463096895152542)],[(1, 5)],layered
174.528,actual,[(1, 5, 0.0, 0.8440505834115998)],[(1, 5)],layered
175.024,actual,[(1, 5, 0.0, 0.8488207903973677)],[(1, 5)],layered
175.520,[1, 2, 3, 4, 5, 6, 7, 8],[],,,
176.032,[1, 2, 3, 4, 5, 6, 7, 8],[],,,
176.528,[1, 2, 3, 4, 5, 6, 7, 8],[],,,
177.024,[1, 2, 3, 4, 5, 6, 7, 8],[],,,
177.520,[1, 2, 3, 4, 5, 6, 7, 8],[],,,
178.032,[1, 2, 3, 4, 5, 6, 7, 8],[],,,
178.528,[1, 2, 3, 4, 5, 6, 7, 8],[],,,
179.024,[1, 2, 3, 4, 5, 6, 7, 8],[],,,
179.520,[1, 2, 3, 4, 5, 6, 7, 8],[],,,
180.032,[1, 2, 3, 4, 5, 6, 7, 8],[],,,
180.528,[1, 2, 3, 4, 5, 6, 7, 8],[],,,
181.024,[1, 2, 3, 4, 5, 6, 7, 8],[],,,
181.520,[1, 2, 3, 4, 5, 6, 7, 8],[],,,
182.032,[1, 2, 3, 4, 5, 6, 7, 8],[],,,
182.528,[1, 2, 3, 4, 5, 6, 7, 8],[],,,
183.024,[1, 2, 3, 4, 5, 6, 7, 8],[],,,
183.520,[1, 2, 3, 4, 5, 6, 7, 8],[],,,
184.032,[1, 2, 3, 4, 5, 6, 7, 8],[],,,
184.528,[1, 2, 3, 4, 5, 6, 7, 8],[],,,
185.024,[1, 2, 3, 4, 5, 6, 7, 8],[],,,
185.520,[1, 2, 3, 4, 5, 6, 7, 8],[],,,
186.032,[1, 2, 3, 4, 5, 6, 7, 8],[],,,
186.528,[1, 2, 3, 4, 5, 6, 7, 8],[],,,
187.024,[1, 2, 3, 4, 5, 6, 7, 8],[],,,
187.520,[1, 2, 3, 4, 5, 6, 7, 8],[],,,
188.032,[1, 2, 3, 4, 5, 6, 7, 8],[],,,
188.528,[1, 2, 3, 4, 5, 6, 7, 8],[],,,
189.024,[1, 2, 3, 4, 5, 6, 7, 8],[],,,
189.520,[1, 2, 3, 4, 5, 6, 7, 8],[],,,
190.032,[1, 2, 3, 4, 5, 6, 7, 8],[],,,
190.528,[1, 2, 3, 4, 5, 6, 7, 8],[],,,
191.024,[1, 2, 3, 4, 5, 6, 7, 8],[],,,
191.520,[1, 2, 3, 4, 5, 6, 7, 8],[],,,
192.032,[1, 2, 3, 4, 5, 6, 7, 8],[],,,
192.528,[1, 2, 3, 4, 5, 6, 7, 8],[],,,
193.024,[1, 2, 3, 4, 5, 6, 7, 8],[],,,
193.520,[1, 2, 3, 4, 5, 6, 7, 8],[],,,
194.032,[1, 2, 3, 4, 5, 6, 7, 8],[],,,
194.528,[1, 2, 3, 4, 5, 6, 7, 8],[],,,
195.024,[1, 2, 3, 4, 5, 6, 7, 8],[],,,
195.520,[1, 2, 3, 4, 5, 6, 7, 8],[],,,
196.032,[1, 2, 3, 4, 5, 6, 7, 8],[],,,
196.528,[1, 2, 3, 4, 5, 6, 7, 8],[],,,
197.024,[1, 2, 3, 4, 5, 6, 7, 8],[],,,
197.520,[1, 2, 3, 4, 5, 6, 7, 8],[],,,
198.032,[1, 2, 3, 4, 5, 6, 7, 8],[],,,
198.528,[1, 2, 3, 4, 5, 6, 7, 8],[],,,
199.024,[1, 2, 3, 4, 5, 6, 7, 8],[],,,
199.520,[1, 2, 3, 4, 5, 6, 7, 8],[],,,
200.032,[1, 2, 3, 4, 5, 6, 7, 8],[],,,
200.528,[1, 2, 3, 4, 5, 6, 7, 8],[],,,
201.024,[1, 2, 3, 4, 5, 6, 7, 8],[],,,
201.520,[1, 2, 3, 4, 5, 6, 7, 8],[],,,
202.032,[1, 2, 3, 4, 5, 6, 7, 8],[],,,
202.528,[1, 2, 3, 4, 5, 6, 7, 8],[],,,
203.024,[1, 2, 3, 4, 5, 6, 7, 8],[],,,
203.520,[1, 2, 3, 4, 5, 6, 7, 8],[],,,
204.032,[1, 2, 3, 4, 5, 6, 7, 8],[],,,
204.528,[1, 2, 3, 4, 5, 6, 7, 8],[],,,
205.024,[1, 2, 3, 4, 5, 6, 7, 8],[],,,
205.520,[1, 2, 3, 4, 5, 6, 7, 8],[],,,
206.032,[1, 2, 3, 4, 5, 6, 7, 8],[],,,
206.528,[1, 2, 3, 4, 5, 6, 7, 8],[],,,
207.024,[1, 2, 3, 4, 5, 6, 7, 8],[],,,
207.520,[1, 2, 3, 4, 5, 6, 7, 8],[],,,
208.032,[1, 2, 3, 4, 5, 6, 7, 8],[],,,
208.528,[1, 2, 3, 4, 5, 6, 7, 8],[],,,
209.024,[1, 2, 3, 4, 5, 6, 7, 8],[],,,
209.520,[1, 2, 3, 4, 5, 6, 7, 8],[],,,
210.032,[1, 2, 3, 4, 5, 6, 7, 8],[],,,
210.528,[1, 2, 3, 4, 5, 6, 7, 8],[],,,
211.024,[1, 2, 3, 4, 5, 6, 7, 8],[],,,
211.520,[1, 2, 3, 4, 5, 6, 7, 8],[],,,
212.032,[1, 2, 3, 4, 5, 6, 7, 8],[],,,
212.528,[1, 2, 3, 4, 5, 6, 7, 8],[],,,
213.024,[1, 2, 3, 4, 5, 6, 7, 8],[],,,
213.520,[1, 2, 3, 4, 5, 6, 7, 8],[],,,
214.032,[1, 2, 3, 4, 5, 6, 7, 8],[],,,
214.528,[1, 2, 3, 4, 5, 6, 7, 8],[],,,
215.024,[1, 2, 3, 4, 5, 6, 7, 8],[],,,
215.520,[1, 2, 3, 4, 5, 6, 7, 8],[],,,
216.032,[1, 2, 3, 4, 5, 6, 7, 8],[],,,
216.528,[1, 2, 3, 4, 5, 6, 7, 8],[],,,
217.024,[1, 2, 3, 4, 5, 6, 7, 8],[],,,
217.520,[1, 2, 3, 4, 5, 6, 7, 8],[],,,
218.032,[1, 2, 3, 4, 5, 6, 7, 8],[],,,
218.528,[1, 2, 3, 4, 5, 6, 7, 8],[],,,
219.024,[1, 2, 3, 4, 5, 6, 7, 8],[],,,
219.520,[1, 2, 3, 4, 5, 6, 7, 8],[],,,
220.032,[1, 2, 3, 4, 5, 6, 7, 8],[],,,
220.528,[1, 2, 3, 4, 5, 6, 7, 8],[],,,
221.024,[1, 2, 3, 4, 5, 6, 7, 8],[],,,
221.520,[1, 2, 3, 4, 5, 6, 7, 8],[],,,
222.032,[1, 2, 3, 4, 5, 6, 7, 8],[],,,
222.528,[1, 2, 3, 4, 5, 6, 7, 8],[],,,
223.024,[1, 2, 3, 4, 5, 6, 7, 8],[],,,
223.520,[1, 2, 3, 4, 5, 6, 7, 8],[],,,
224.032,[1, 2, 3, 4, 5, 6, 7, 8],[],,,
224.528,[1, 2, 3, 4, 5, 6, 7, 8],[],,,
225.024,[1, 2, 3, 4, 5, 6, 7, 8],[],,,
225.520,[1, 2, 3, 4, 5, 6, 7, 8],[],,,
226.032,[1, 2, 3, 4, 5, 6, 7, 8],[],,,
226.528,[1, 2, 3, 4, 5, 6, 7, 8],[],,,
227.024,[1, 2, 3, 4, 5, 6, 7, 8],[],,,
227.520,[1, 2, 3, 4, 5, 6, 7, 8],[],,,
228.032,[1, 2, 3, 4, 5, 6, 7, 8],[],,,
228.528,[1, 2, 3, 4, 5, 6, 7, 8],[],,,
229.024,[1, 2, 3, 4, 5, 6, 7, 8],[],,,
229.520,[1, 2, 3, 4, 5, 6, 7, 8],[],,,
230.032,[1, 2, 3, 4, 5, 6, 7, 8],[],,,
230.528,[1, 2, 3, 4, 5, 6, 7, 8],[],,,
231.024,[1, 2, 3, 4, 5, 6, 7, 8],[],,,
231.520,[1, 2, 3, 4, 5, 6, 7, 8],[],,,
232.032,[1, 2, 3, 4, 5, 6, 7, 8],[],,,
232.528,[1, 2, 3, 4, 5, 6, 7, 8],[],,,
233.024,[1, 2, 3, 4, 5, 6, 7, 8],[],,,
233.520,[1, 2, 3, 4, 5, 6, 7, 8],[],,,
234.032,[1, 2, 3, 4, 5, 6, 7, 8],[],,,
234.528,[1, 2, 3, 4, 5, 6, 7, 8],[],,,
235.024,[1, 2, 3, 4, 5, 6, 7, 8],[],,,
235.520,[1, 2, 3, 4, 5, 6, 7, 8],[],,,
236.032,[1, 2, 3, 4, 5, 6, 7, 8],[],,,
236.528,[1, 2, 3, 4, 5, 6, 7, 8],[],,,
237.024,[1, 2, 3, 4, 5, 6, 7, 8],[],,,
237.520,[1, 2, 3, 4, 5, 6, 7, 8],[],,,
238.032,[1, 2, 3, 4, 5, 6, 7, 8],[],,,
238.528,[1, 2, 3, 4, 5, 6, 7, 8],[],,,
239.024,[1, 2, 3, 4, 5, 6, 7, 8],[],,,
239.520,[1, 2, 3, 4, 5, 6, 7, 8],[],,,
240.032,[1, 2, 3, 4, 5, 6, 7, 8],[],,,
240.528,[1, 2, 3, 4, 5, 6, 7, 8],[],,,
241.024,[1, 2, 3, 4, 5, 6, 7, 8],[],,,
241.520,[1, 2, 3, 4, 5, 6, 7, 8],[],,,
242.032,[1, 2, 3, 4, 5, 6, 7, 8],[],,,
242.528,[1, 2, 3, 4, 5, 6, 7, 8],[],,,
243.024,[1, 2, 3, 4, 5, 6, 7, 8],[],,,
243.520,[1, 2, 3, 4, 5, 6, 7, 8],[],,,
244.032,[1, 2, 3, 4, 5, 6, 7, 8],[],,,
244.528,[1, 2, 3, 4, 5, 6, 7, 8],[],,,
245.024,[1, 2, 3, 4, 5, 6, 7, 8],[],,,
245.520,[1, 2, 3, 4, 5, 6, 7, 8],[],,,
246.032,[1, 2, 3, 4, 5, 6, 7, 8],[],,,
246.528,[1, 2, 3, 4, 5, 6, 7, 8],[],,,
247.024,[1, 2, 3, 4, 5, 6, 7, 8],[],,,
247.520,[1, 2, 3, 4, 5, 6, 7, 8],[],,,
248.032,[1, 2, 3, 4, 5, 6, 7, 8],[],,,
248.528,[1, 2, 3, 4, 5, 6, 7, 8],[],,,
249.024,[1, 2, 3, 4, 5, 6, 7, 8],[],,,
249.520,[1, 2, 3, 4, 5, 6, 7, 8],[],,,
250.032,[1, 2, 3, 4, 5, 6, 7, 8],[],,,
250.528,[1, 2, 3, 4, 5, 6, 7, 8],[],,,
251.024,[1, 2, 3, 4, 5, 6, 7, 8],[],,,
251.520,[1, 2, 3, 4, 5, 6, 7, 8],[],,,
252.032,[1, 2, 3, 4, 5, 6, 7, 8],[],,,
252.528,[1, 2, 3, 4, 5, 6, 7, 8],[],,,
253.024,[1, 2, 3, 4, 5, 6, 7, 8],[],,,
253.520,[1, 2, 3, 4, 5, 6, 7, 8],[],,,
254.032,[1, 2, 3, 4, 5, 6, 7, 8],[],,,
254.528,[1, 2, 3, 4, 5, 6, 7, 8],[],,,
255.024,[1, 2, 3, 4, 5, 6, 7, 8],[],,,
255.520,[1, 2, 3, 4, 5, 6, 7, 8],[],,,
256.032,[1, 2, 3, 4, 5, 6, 7, 8],[],,,
256.528,[1, 2, 3, 4, 5, 6, 7, 8],[],,,
257.024,[1, 2, 3, 4, 5, 6, 7, 8],[],,,
257.520,[1, 2, 3, 4, 5, 6, 7, 8],[],,,
258.032,[1, 2, 3, 4, 5, 6, 7, 8],[],,,
258.528,[1, 2, 3, 4, 5, 6, 7, 8],[],,,
259.024,[1, 2, 3, 4, 5, 6, 7, 8],[],,,
259.520,[1, 2, 3, 4, 5, 6, 7, 8],[],,,
260.032,[1, 2, 3, 4, 5, 6, 7, 8],[],,,
260.528,[1, 2, 3, 4, 5, 6, 7, 8],[],,,
261.024,[1, 2, 3, 4, 5, 6, 7, 8],[],,,
261.520,[1, 2, 3, 4, 5, 6, 7, 8],[],,,
262.032,[1, 2, 3, 4, 5, 6, 7, 8],[],,,
262.528,[1, 2, 3, 4, 5, 6, 7, 8],[],,,
263.024,[1, 2, 3, 4, 5, 6, 7, 8],[],,,
263.520,[1, 2, 3, 4, 5, 6, 7, 8],[],,,
264.032,[1, 2, 3, 4, 5, 6, 7, 8],[],,,
264.528,[1, 2, 3, 4, 5, 6, 7, 8],[],,,
265.024,[1, 2, 3, 4, 5, 6, 7, 8],[],,,
265.520,[1, 2, 3, 4, 5, 6, 7, 8],[],,,
266.032,[1, 2, 3, 4, 5, 6, 7, 8],[],,,
266.528,[1, 2, 3, 4, 5, 6, 7, 8],[],,,
267.024,[1, 2, 3, 4, 5, 6, 7, 8],[],,,
267.520,[1, 2, 3, 4, 5, 6, 7, 8],[],,,
268.032,[1, 2, 3, 4, 5, 6, 7, 8],[],,,
268.528,[1, 2, 3, 4, 5, 6, 7, 8],[],,,
269.024,[1, 2, 3, 4, 5, 6, 7, 8],[],,,
269.520,[1, 2, 3, 4, 5, 6, 7, 8],[],,,
270.032,[1, 2, 3, 4, 5, 6, 7, 8],[],,,
270.528,[1, 2, 3, 4, 5, 6, 7, 8],[],,,
271.024,[1, 2, 3, 4, 5, 6, 7, 8],[],,,
271.520,[1, 2, 3, 4, 5, 6, 7, 8],[],,,
272.032,[1, 2, 3, 4, 5, 6, 7, 8],[],,,
272.528,[1, 2, 3, 4, 5, 6, 7, 8],[],,,
273.024,[1, 2, 3, 4, 5, 6, 7, 8],[],,,
273.520,[1, 2, 3, 4, 5, 6, 7, 8],[],,,
274.032,[1, 2, 3, 4, 5, 6, 7, 8],[],,,
274.528,[1, 2, 3, 4, 5, 6, 7, 8],[],,,
275.024,[1, 2, 3, 4, 5, 6, 7, 8],[],,,
275.520,[1, 2, 3, 4, 5, 6, 7, 8],[],,,
276.032,[1, 2, 3, 4, 5, 6, 7, 8],[],,,
276.528,[1, 2, 3, 4, 5, 6, 7, 8],[],,,
277.024,[1, 2, 3, 4, 5, 6, 7, 8],[],,,
277.520,[1, 2, 3, 4, 5, 6, 7, 8],[],,,
278.032,[1, 2, 3, 4, 5, 6, 7, 8],[],,,
278.528,[1, 2, 3, 4, 5, 6, 7, 8],[],,,
279.024,[1, 2, 3, 4, 5, 6, 7, 8],[],,,
279.520,[2, 3, 4, 5, 6, 7, 8],[],,,
280.032,[2, 3, 4, 5, 6, 7, 8],[],,,
280.528,[2, 3, 4, 5, 6, 7, 8],[],,,
281.024,[2, 3, 4, 5, 6, 7, 8],[],,,
281.520,[2, 3, 4, 5, 6, 7, 8],[],,,
282.032,[2, 3, 4, 5, 6, 7, 8],[],,,
282.528,[2, 3, 4, 5, 6, 7, 8],[],,,
283.024,[2, 3, 4, 5, 6, 7, 8],[],,,
283.520,[2, 3, 4, 5, 6, 7, 8],[],,,
284.032,[2, 3, 4, 5, 6, 7, 8],[],,,
284.528,[1, 2, 3, 4, 5, 6, 7, 8],[],,,
285.024,[1, 2, 3, 4, 5, 6, 7, 8],[],,,
285.520,[1, 2, 3, 4, 5, 6, 7, 8],[],,,
286.032,[1, 2, 3, 4, 5, 6, 7, 8],[],,,
286.528,[1, 2, 3, 4, 5, 6, 7, 8],[],,,
287.024,[1, 2, 3, 4, 5, 6, 7, 8],[],,,
287.520,[1, 2, 3, 4, 5, 6, 7, 8],[],,,
288.032,[1, 2, 3, 4, 5, 6, 7, 8],[],,,
288.528,[1, 2, 3, 4, 5, 6, 7, 8],[],,,
289.024,[1, 2, 3, 4, 5, 6, 7, 8],[],,,
289.520,[1, 2, 3, 4, 5, 6, 7, 8],[],,,
290.032,[1, 2, 3, 4, 5, 6, 7, 8],[],,,
290.528,[1, 2, 3, 4, 5, 6, 7, 8],[],,,
291.024,[1, 2, 3, 4, 5, 6, 7, 8],[],,,
291.520,[1, 2, 3, 4, 5, 6, 7, 8],[],,,
292.032,[1, 2, 3, 4, 5, 6, 7, 8],[],,,
292.528,[1, 2, 3, 4, 5, 6, 7, 8],[],,,
293.024,[1, 2, 3, 4, 5, 6, 7, 8],[],,,
293.520,[1, 2, 3, 4, 5, 6, 7, 8],[],,,
294.032,[1, 2, 3, 4, 5, 6, 7, 8],[],,,
294.528,[1, 2, 3, 4, 5, 6, 7, 8],[],,,
295.024,[1, 2, 3, 4, 5, 6, 7, 8],[],,,
295.520,[1, 2, 3, 4, 5, 6, 7, 8],[],,,
296.032,[1, 2, 3, 4, 5, 6, 7, 8],[],,,
296.528,[1, 2, 3, 4, 5, 6, 7, 8],[],,,
297.024,[1, 2, 3, 4, 5, 6, 7, 8],[],,,
297.520,[1, 2, 3, 4, 5, 6, 7, 8],[],,,
298.032,[1, 2, 3, 4, 5, 6, 7, 8],[],,,
298.528,[1, 2, 3, 4, 5, 6, 7, 8],[],,,
299.024,[1, 2, 3, 4, 5, 6, 7, 8],[],,,
299.520,[1, 2, 3, 4, 5, 6, 7, 8],[],,,
300.032,[1, 2, 3, 4, 5, 6, 7, 8],[],,,
300.528,[1, 2, 3, 4, 5, 6, 7, 8],[],,,
301.024,[1, 2, 3, 4, 5, 6, 7, 8],[],,,
301.520,[1, 2, 3, 4, 5, 6, 7, 8],[],,,
302.016,[1, 2, 3, 4, 5, 6, 7, 8],[],,,
302.528,[1, 2, 3, 4, 5, 6, 7, 8],[],,,
303.024,[1, 2, 3, 4, 5, 6, 7, 8],[],,,
303.520,[1, 2, 3, 4, 5, 6, 7, 8],[],,,
304.016,[1, 2, 3, 4, 5, 6, 7, 8],[],,,
304.528,[1, 2, 3, 4, 5, 6, 7, 8],[],,,
305.024,[1, 2, 3, 4, 5, 6, 7, 8],[],,,
305.520,[1, 2, 3, 4, 5, 6, 7, 8],[],,,
306.016,[1, 2, 3, 4, 5, 6, 7, 8],[],,,
306.528,[1, 2, 3, 4, 5, 6, 7, 8],[],,,
307.024,[1, 2, 3, 4, 5, 6, 7, 8],[],,,
307.520,[1, 2, 3, 4, 5, 6, 7, 8],[],,,
308.016,[1, 2, 3, 4, 5, 6, 7, 8],[],,,
308.528,[1, 2, 3, 4, 5, 6, 7, 8],[],,,
309.024,[1, 2, 3, 4, 5, 6, 7, 8],[],,,
309.520,[1, 2, 3, 4, 5, 6, 7, 8],[],,,
310.016,[1, 2, 3, 4, 5, 6, 7, 8],[],,,
310.528,[1, 2, 3, 4, 5, 6, 7, 8],[],,,
311.024,[1, 2, 3, 4, 5, 6, 7, 8],[],,,
311.520,[1, 2, 3, 4, 5, 6, 7, 8],[],,,
312.016,[1, 2, 3, 4, 5, 6, 7, 8],[],,,
312.528,[1, 2, 3, 4, 5, 6, 7, 8],[],,,
313.024,[1, 2, 3, 4, 5, 6, 7, 8],[],,,
313.520,[1, 2, 3, 4, 5, 6, 7, 8],[],,,
314.016,[1, 2, 3, 4, 5, 6, 7, 8],[],,,
314.528,[1, 2, 3, 4, 5, 6, 7, 8],[],,,
315.024,[1, 2, 3, 4, 5, 6, 7, 8],[],,,
315.520,[1, 2, 3, 4, 5, 6, 7, 8],[],,,
316.016,[1, 2, 3, 4, 5, 6, 7, 8],[],,,
316.528,[1, 2, 3, 4, 5, 6, 7, 8],[(3, 5, 2.75, 0.7110072219465436)],,,
317.024,[1, 2, 3, 4, 5, 6, 7, 8],[],,,
317.520,[1, 2, 3, 4, 5, 6, 7, 8],[],,,
318.016,[1, 2, 3, 4, 5, 6, 7, 8],[],,,
318.528,[1, 2, 3, 4, 5, 6, 7, 8],[(3, 5, 1.25, 0.6590301479345025)],,,
319.024,[1, 2, 3, 4, 5, 6, 7, 8],[(3, 5, 1.5, 0.668009115895973)],,,
319.520,[1, 2, 3, 4, 5, 6, 7, 8],[],,,
320.016,[1, 2, 3, 4, 5, 6, 7, 8],[],,,
320.528,[1, 2, 3, 4, 5, 6, 7, 8],[],,,
321.024,[1, 2, 3, 4, 5, 6, 7, 8],[],,,
321.520,[1, 2, 3, 4, 5, 6, 7, 8],[],,,
322.016,[1, 2, 3, 4, 5, 6, 7, 8],[],,,
322.528,[1, 2, 3, 4, 5, 6, 7, 8],[],,,
323.024,[1, 2, 3, 4, 5, 6, 7, 8],[],,,
323.520,[1, 2, 3, 4, 5, 6, 7, 8],[],,,
324.016,actual,[(4, 8, 0.0, 0.8136079255409001)],[(4, 8)],layered
324.528,actual,[(4, 8, 0.0, 0.779679140432004)],[(4, 8)],layered
325.024,actual,[(3, 5, 0.0, 0.8401283448638562), (4, 8, 0.0, 0.7531635619527406)],[(3, 5), (4, 8)],layered
325.520,actual,[(3, 5, 0.0, 0.8248673095988817), (4, 8, 0.0, 0.7539925494017016)],[(3, 5), (4, 8)],layered
326.016,actual,[(3, 5, 0.0, 0.7986578750891116), (4, 8, 0.0, 0.7352597368821563)],[(3, 5), (4, 8)],layered
326.528,actual,[(3, 5, 0.0, 0.7545103429792605), (4, 8, 0.0, 0.6956451443647426)],[(3, 5), (4, 8)],layered
327.024,actual,[(3, 5, 0.0, 0.7123683293563179), (4, 8, 0.0, 0.6610164434741694)],[(3, 5), (4, 8)],layered
327.520,actual,[(3, 5, 0.0, 0.6718906535190183), (4, 8, 0.0, 0.6492154109856543)],[(3, 5), (4, 8)],layered
328.016,actual,[(3, 5, 0.0, 0.6670159342788732), (4, 8, 0.0, 0.6492402875753022)],[(3, 5), (4, 8)],layered
328.528,actual,[(3, 5, 0.0, 0.6595948381422845), (4, 8, 0.0, 0.6492159754872432)],[(3, 5), (4, 8)],layered
329.024,actual,[(3, 5, 0.0, 0.649438896777454), (4, 8, 0.0, 0.6492159755868304)],[(3, 5), (4, 8)],layered
329.520,actual,[(3, 5, 0.0, 0.6494390469181416), (4, 8, 0.0, 0.6492159755890183)],[(3, 5), (4, 8)],layered
330.016,actual,[(3, 5, 0.0, 0.6494390469289235), (4, 8, 0.0, 0.6492159755890666)],[(3, 5), (4, 8)],layered
330.528,actual,[(3, 5, 0.0, 0.6494390469330882), (4, 8, 0.0, 0.6492159755890669)],[(3, 5), (4, 8)],layered
331.024,actual,[(3, 5, 0.0, 0.6494390469332352), (4, 8, 0.0, 0.6492159755890674)],[(3, 5), (4, 8)],layered
331.520,actual,[(3, 5, 0.0, 0.6494390469332383), (4, 8, 0.0, 0.6492159755890669)],[(3, 5), (4, 8)],layered
332.016,actual,[(3, 5, 0.0, 0.6495118549563775), (4, 8, 0.0, 0.6492402943604947)],[(3, 5), (4, 8)],layered
332.528,actual,[(3, 5, 0.0, 0.6494390469332397), (4, 8, 0.0, 0.6492159755890669)],[(3, 5), (4, 8)],layered
333.024,actual,[(3, 5, 0.0, 0.6494390469332393), (4, 8, 0.0, 0.6492159755890669)],[(3, 5), (4, 8)],layered
333.520,actual,[(3, 5, 0.0, 0.6494390469332392), (4, 8, 0.0, 0.6492159755890669)],[(3, 5), (4, 8)],layered
334.016,actual,[(3, 5, 0.0, 0.6494390469332387), (4, 8, 0.0, 0.6492159755890669)],[(3, 5), (4, 8)],layered
334.528,actual,[(3, 5, 0.0, 0.6494390469332387), (4, 8, 0.0, 0.6492159755890669)],[(3, 5), (4, 8)],layered
335.024,actual,[(3, 5, 0.0, 0.6494390469332387), (4, 8, 0.0, 0.6492159755890669)],[(3, 5), (4, 8)],layered
335.520,actual,[(3, 5, 0.0, 0.6494390469332387), (4, 8, 0.0, 0.6492159755890669)],[(3, 5), (4, 8)],layered
336.016,actual,[(3, 5, 0.0, 0.6495118549563769), (4, 8, 0.0, 0.6492402943604947)],[(3, 5), (4, 8)],layered
336.528,actual,[(3, 5, 0.0, 0.6494390469332387), (4, 8, 0.0, 0.6492159755890669)],[(3, 5), (4, 8)],layered
337.024,actual,[(3, 5, 0.0, 0.6494390469332387), (4, 8, 0.0, 0.6492159755890669)],[(3, 5), (4, 8)],layered
337.520,actual,[(3, 5, 0.0, 0.6494390469332387), (4, 8, 0.0, 0.6492159755890669)],[(3, 5), (4, 8)],layered
338.016,actual,[(3, 5, 0.0, 0.6494390469332387), (4, 8, 0.0, 0.6492159755890669)],[(3, 5), (4, 8)],layered
338.528,actual,[(3, 5, 0.0, 0.6494390469332387), (4, 8, 0.0, 0.6492159755890669)],[(3, 5), (4, 8)],layered
339.024,actual,[(3, 5, 0.0, 0.6494390469332387), (4, 8, 0.0, 0.6492159755890669)],[(3, 5), (4, 8)],layered
339.520,actual,[(3, 5, 0.0, 0.6494390469332387), (4, 8, 0.0, 0.6492159755890669)],[(3, 5), (4, 8)],layered
340.016,actual,[(3, 5, 0.0, 0.6495118549563769), (4, 8, 0.0, 0.6492402943604947)],[(3, 5), (4, 8)],layered
340.528,actual,[(3, 5, 0.0, 0.6494390469332387), (4, 8, 0.0, 0.6492159755890669)],[(3, 5), (4, 8)],layered
341.024,actual,[(3, 5, 0.0, 0.6494390469332387), (4, 8, 0.0, 0.6492159755890669)],[(3, 5), (4, 8)],layered
341.520,actual,[(3, 5, 0.0, 0.6494390469332387), (4, 8, 0.0, 0.6492159755890669)],[(3, 5), (4, 8)],layered
342.016,actual,[(3, 5, 0.0, 0.6494390469332387), (4, 8, 0.0, 0.6492159755890669)],[(3, 5), (4, 8)],layered
342.528,actual,[(3, 5, 0.0, 0.6494390469332387), (4, 8, 0.0, 0.6492159755890669)],[(3, 5), (4, 8)],layered
343.024,actual,[(3, 5, 0.0, 0.6494390469332387), (4, 8, 0.0, 0.6492159755890669)],[(3, 5), (4, 8)],layered
343.520,actual,[(3, 5, 0.0, 0.6494390469332387), (4, 8, 0.0, 0.6492159755890669)],[(3, 5), (4, 8)],layered
344.016,actual,[(3, 5, 0.0, 0.6495118549563769), (4, 8, 0.0, 0.6492402943604947)],[(3, 5), (4, 8)],layered
344.528,actual,[(3, 5, 0.0, 0.6494390469332387), (4, 8, 0.0, 0.6492159755890669)],[(3, 5), (4, 8)],layered
345.024,actual,[(3, 5, 0.0, 0.6494390469332387), (4, 8, 0.0, 0.6492159755890669)],[(3, 5), (4, 8)],layered
345.520,actual,[(3, 5, 0.0, 0.6494390469332387), (4, 8, 0.0, 0.6492159755890669)],[(3, 5), (4, 8)],layered
346.016,actual,[(3, 5, 0.0, 0.6494390469332387), (4, 8, 0.0, 0.6492159755890669)],[(3, 5), (4, 8)],layered
346.528,actual,[(3, 5, 0.0, 0.6494390469332387), (4, 8, 0.0, 0.6492159755890669)],[(3, 5), (4, 8)],layered
347.024,actual,[(3, 5, 0.0, 0.6494390469332387), (4, 8, 0.0, 0.6492159755890669)],[(3, 5), (4, 8)],layered
347.520,actual,[(3, 5, 0.0, 0.6494390469332387), (4, 8, 0.0, 0.6492159755890669)],[(3, 5), (4, 8)],layered
348.016,actual,[(3, 5, 0.0, 0.6495118549563769), (4, 8, 0.0, 0.6492402943604947)],[(3, 5), (4, 8)],layered
348.528,actual,[(3, 5, 0.0, 0.6494390469332387), (4, 8, 0.0, 0.6492159755890669)],[(3, 5), (4, 8)],layered
349.024,actual,[(3, 5, 0.0, 0.6494390469332387), (4, 8, 0.0, 0.6492159755890669)],[(3, 5), (4, 8)],layered
349.520,actual,[(3, 5, 0.0, 0.6494390469332387), (4, 8, 0.0, 0.6492159755890669)],[(3, 5), (4, 8)],layered
350.016,actual,[(3, 5, 0.0, 0.6494390469332387), (4, 8, 0.0, 0.6492159755890669)],[(3, 5), (4, 8)],layered
350.528,actual,[(3, 5, 0.0, 0.6494390469332387), (4, 8, 0.0, 0.6492159755890669)],[(3, 5), (4, 8)],layered
351.024,actual,[(3, 5, 0.0, 0.6494390469332387), (4, 8, 0.0, 0.6492159755890669)],[(3, 5), (4, 8)],layered
351.520,actual,[(3, 5, 0.0, 0.6494390469332387), (4, 8, 0.0, 0.6492159755890669)],[(3, 5), (4, 8)],layered
352.016,actual,[(3, 5, 0.0, 0.6495118549563769), (4, 8, 0.0, 0.6492402943604947)],[(3, 5), (4, 8)],layered
352.528,actual,[(3, 5, 0.0, 0.6494390469332387), (4, 8, 0.0, 0.6492159755890669)],[(3, 5), (4, 8)],layered
353.024,actual,[(3, 5, 0.0, 0.6494390469332387), (4, 8, 0.0, 0.6492159755890669)],[(3, 5), (4, 8)],layered
353.520,actual,[(3, 5, 0.0, 0.6494390469332387), (4, 8, 0.0, 0.6492159755890669)],[(3, 5), (4, 8)],layered
354.016,actual,[(3, 5, 0.0, 0.6494390469332387), (4, 8, 0.0, 0.6492159755890669)],[(3, 5), (4, 8)],layered
354.528,actual,[(3, 5, 0.0, 0.6494390469332387), (4, 8, 0.0, 0.6492159755890669)],[(3, 5), (4, 8)],layered
355.024,actual,[(3, 5, 0.0, 0.6494390469332387), (4, 8, 0.0, 0.6492159755890669)],[(3, 5), (4, 8)],layered
355.520,actual,[(3, 5, 0.0, 0.6494390469332387), (4, 8, 0.0, 0.6492159755890669)],[(3, 5), (4, 8)],layered
356.016,actual,[(3, 5, 0.0, 0.6495118549563769), (4, 8, 0.0, 0.6492402943604947)],[(3, 5), (4, 8)],layered
356.528,actual,[(3, 5, 0.0, 0.6494390469332387), (4, 8, 0.0, 0.6492159755890669)],[(3, 5), (4, 8)],layered
357.024,actual,[(3, 5, 0.0, 0.6494390469332387), (4, 8, 0.0, 0.6492159755890669)],[(3, 5), (4, 8)],layered
357.520,actual,[(3, 5, 0.0, 0.6494390469332387), (4, 8, 0.0, 0.6492159755890669)],[(3, 5), (4, 8)],layered
358.016,actual,[(3, 5, 0.0, 0.6494390469332387), (4, 8, 0.0, 0.6492159755890669)],[(3, 5), (4, 8)],layered
358.528,actual,[(3, 5, 0.0, 0.6494390469332387), (4, 8, 0.0, 0.6492159755890669)],[(3, 5), (4, 8)],layered
359.024,actual,[(3, 5, 0.0, 0.6494390469332387), (4, 8, 0.0, 0.6492159755890669)],[(3, 5), (4, 8)],layered
359.520,actual,[(3, 5, 0.0, 0.6494390469332387), (4, 8, 0.0, 0.6492159755890669)],[(3, 5), (4, 8)],layered
360.016,actual,[(3, 5, 0.0, 0.6495118549563769), (4, 8, 0.0, 0.6492402943604947)],[(3, 5), (4, 8)],layered
360.528,actual,[(3, 5, 0.0, 0.6494390469332387), (4, 8, 0.0, 0.6492159755890669)],[(3, 5), (4, 8)],layered
361.024,actual,[(3, 5, 0.0, 0.6494390469332387), (4, 8, 0.0, 0.6492159755890669)],[(3, 5), (4, 8)],layered
361.520,actual,[(3, 5, 0.0, 0.6494390469332387), (4, 8, 0.0, 0.6492159755890669)],[(3, 5), (4, 8)],layered
362.016,actual,[(3, 5, 0.0, 0.6494390469332387), (4, 8, 0.0, 0.6492159755890669)],[(3, 5), (4, 8)],layered
362.528,actual,[(3, 5, 0.0, 0.6494390469332387), (4, 8, 0.0, 0.6492159755890669)],[(3, 5), (4, 8)],layered
363.024,actual,[(3, 5, 0.0, 0.6494390469332387), (4, 8, 0.0, 0.6492159755890669)],[(3, 5), (4, 8)],layered
363.520,actual,[(3, 5, 0.0, 0.6494390469332387), (4, 8, 0.0, 0.6492159755890669)],[(3, 5), (4, 8)],layered
364.016,actual,[(3, 5, 0.0, 0.6495118549563769), (4, 8, 0.0, 0.6492402943604947)],[(3, 5), (4, 8)],layered
364.528,actual,[(3, 5, 0.0, 0.6494390469332387), (4, 8, 0.0, 0.6492159755890669)],[(3, 5), (4, 8)],layered
365.024,actual,[(3, 5, 0.0, 0.6494390469332387), (4, 8, 0.0, 0.6492159755890669)],[(3, 5), (4, 8)],layered
365.520,actual,[(3, 5, 0.0, 0.6494390469332387), (4, 8, 0.0, 0.6492159755890669)],[(3, 5), (4, 8)],layered
366.016,actual,[(3, 5, 0.0, 0.6494390469332387), (4, 8, 0.0, 0.6492159755890669)],[(3, 5), (4, 8)],layered
366.528,actual,[(3, 5, 0.0, 0.6494390469332387), (4, 8, 0.0, 0.6492159755890669)],[(3, 5), (4, 8)],layered
367.024,actual,[(3, 5, 0.0, 0.6494390469332387), (4, 8, 0.0, 0.6492159755890669)],[(3, 5), (4, 8)],layered
367.520,actual,[(3, 5, 0.0, 0.6494390469332387), (4, 8, 0.0, 0.6492159755890669)],[(3, 5), (4, 8)],layered
368.016,actual,[(3, 5, 0.0, 0.6495118549563769), (4, 8, 0.0, 0.6492402943604947)],[(3, 5), (4, 8)],layered
368.528,actual,[(3, 5, 0.0, 0.6494390469332387), (4, 8, 0.0, 0.6492159755890669)],[(3, 5), (4, 8)],layered
369.024,actual,[(3, 5, 0.0, 0.6494390469332387), (4, 8, 0.0, 0.6492159755890669)],[(3, 5), (4, 8)],layered
369.520,actual,[(3, 5, 0.0, 0.6494390469332387), (4, 8, 0.0, 0.6492159755890669)],[(3, 5), (4, 8)],layered
370.016,actual,[(3, 5, 0.0, 0.6494390469332387), (4, 8, 0.0, 0.6492159755890669)],[(3, 5), (4, 8)],layered
370.528,actual,[(3, 5, 0.0, 0.6494390469332387), (4, 8, 0.0, 0.6492159755890669)],[(3, 5), (4, 8)],layered
371.024,actual,[(3, 5, 0.0, 0.6494390469332387), (4, 8, 0.0, 0.6492159755890669)],[(3, 5), (4, 8)],layered
371.520,actual,[(3, 5, 0.0, 0.6494390469332387), (4, 8, 0.0, 0.6492159755890669)],[(3, 5), (4, 8)],layered
372.016,actual,[(3, 5, 0.0, 0.6495118549563769), (4, 8, 0.0, 0.6492402943604947)],[(3, 5), (4, 8)],layered
372.528,actual,[(3, 5, 0.0, 0.6494390469332387), (4, 8, 0.0, 0.6492159755890669)],[(3, 5), (4, 8)],layered
373.024,actual,[(3, 5, 0.0, 0.6494390469332387), (4, 8, 0.0, 0.6492159755890669)],[(3, 5), (4, 8)],layered
373.520,actual,[(3, 5, 0.0, 0.6494390469332387), (4, 8, 0.0, 0.6492159755890669)],[(3, 5), (4, 8)],layered
374.016,actual,[(3, 5, 0.0, 0.6494390469332387), (4, 8, 0.0, 0.6492159755890669)],[(3, 5), (4, 8)],layered
374.528,actual,[(3, 5, 0.0, 0.6494390469332387), (4, 8, 0.0, 0.6492159755890669)],[(3, 5), (4, 8)],layered
375.024,actual,[(3, 5, 0.0, 0.6494390469332387), (4, 8, 0.0, 0.6492159755890669)],[(3, 5), (4, 8)],layered
375.520,actual,[(3, 5, 0.0, 0.6494390469332387), (4, 8, 0.0, 0.6492159755890669)],[(3, 5), (4, 8)],layered
376.016,actual,[(3, 5, 0.0, 0.6495118549563769), (4, 8, 0.0, 0.6492402943604947)],[(3, 5), (4, 8)],layered
376.528,actual,[(3, 5, 0.0, 0.6494390469332387), (4, 8, 0.0, 0.6492159755890669)],[(3, 5), (4, 8)],layered
377.024,actual,[(3, 5, 0.0, 0.6494390469332387), (4, 8, 0.0, 0.6492159755890669)],[(3, 5), (4, 8)],layered
377.520,actual,[(3, 5, 0.0, 0.6494390469332387), (4, 8, 0.0, 0.6492159755890669)],[(3, 5), (4, 8)],layered
378.016,actual,[(3, 5, 0.0, 0.6494390469332387), (4, 8, 0.0, 0.6492159755890669)],[(3, 5), (4, 8)],layered
378.528,actual,[(3, 5, 0.0, 0.6494390469332387), (4, 8, 0.0, 0.6492159755890669)],[(3, 5), (4, 8)],layered
379.024,actual,[(3, 5, 0.0, 0.6494390469332387), (4, 8, 0.0, 0.6492159755890669)],[(3, 5), (4, 8)],layered
379.520,actual,[(3, 5, 0.0, 0.6494390469332387), (4, 8, 0.0, 0.6492159755890669)],[(3, 5), (4, 8)],layered
380.016,actual,[(3, 5, 0.0, 0.6495118549563769), (4, 8, 0.0, 0.6492402943604947)],[(3, 5), (4, 8)],layered
380.528,actual,[(3, 5, 0.0, 0.6494390469332387), (4, 8, 0.0, 0.6492159755890669)],[(3, 5), (4, 8)],layered
381.024,actual,[(3, 5, 0.0, 0.6494390469332387), (4, 8, 0.0, 0.6492159755890669)],[(3, 5), (4, 8)],layered
381.520,actual,[(3, 5, 0.0, 0.6494390469332387), (4, 8, 0.0, 0.6492159755890669)],[(3, 5), (4, 8)],layered
382.016,actual,[(3, 5, 0.0, 0.6494390469332387), (4, 8, 0.0, 0.6492159755890669)],[(3, 5), (4, 8)],layered
382.528,actual,[(3, 5, 0.0, 0.6494390469332387), (4, 8, 0.0, 0.6492159755890669)],[(3, 5), (4, 8)],layered
383.024,actual,[(3, 5, 0.0, 0.6494390469332387), (4, 8, 0.0, 0.6492159755890669)],[(3, 5), (4, 8)],layered
383.520,actual,[(3, 5, 0.0, 0.6494390469332387), (4, 8, 0.0, 0.6492159755890669)],[(3, 5), (4, 8)],layered
384.016,actual,[(3, 5, 0.0, 0.6495118549563769), (4, 8, 0.0, 0.6492402943604947)],[(3, 5), (4, 8)],layered
384.528,actual,[(3, 5, 0.0, 0.6494390469332387), (4, 8, 0.0, 0.6492159755890669)],[(3, 5), (4, 8)],layered
385.024,actual,[(3, 5, 0.0, 0.6494390469332387), (4, 8, 0.0, 0.6492159755890669)],[(3, 5), (4, 8)],layered
385.520,actual,[(3, 5, 0.0, 0.6494390469332387), (4, 8, 0.0, 0.6492159755890669)],[(3, 5), (4, 8)],layered
386.016,actual,[(3, 5, 0.0, 0.6494390469332387), (4, 8, 0.0, 0.6492159755890669)],[(3, 5), (4, 8)],layered
386.528,actual,[(3, 5, 0.0, 0.6494390469332387), (4, 8, 0.0, 0.6492159755890669)],[(3, 5), (4, 8)],layered
387.024,actual,[(3, 5, 0.0, 0.6494390469332387), (4, 8, 0.0, 0.6492159755890669)],[(3, 5), (4, 8)],layered
387.520,actual,[(3, 5, 0.0, 0.6494390469332387), (4, 8, 0.0, 0.6492159755890669)],[(3, 5), (4, 8)],layered
388.016,actual,[(3, 5, 0.0, 0.6495118549563769), (4, 8, 0.0, 0.6492402943604947)],[(3, 5), (4, 8)],layered
388.528,actual,[(3, 5, 0.0, 0.6494390469332387), (4, 8, 0.0, 0.6492159755890669)],[(3, 5), (4, 8)],layered
389.024,actual,[(3, 5, 0.0, 0.6494390469332387), (4, 8, 0.0, 0.6492159755890669)],[(3, 5), (4, 8)],layered
389.520,actual,[(3, 5, 0.0, 0.6494390469332387), (4, 8, 0.0, 0.6492159755890669)],[(3, 5), (4, 8)],layered
390.016,actual,[(3, 5, 0.0, 0.6494390469332387), (4, 8, 0.0, 0.6492159755890669)],[(3, 5), (4, 8)],layered
390.528,actual,[(3, 5, 0.0, 0.6494390469332387), (4, 8, 0.0, 0.6492159755890669)],[(3, 5), (4, 8)],layered
391.024,actual,[(3, 5, 0.0, 0.6494390469332387), (4, 8, 0.0, 0.6492159755890669)],[(3, 5), (4, 8)],layered
391.520,actual,[(3, 5, 0.0, 0.6494390469332387), (4, 8, 0.0, 0.6492159755890669)],[(3, 5), (4, 8)],layered
392.016,actual,[(3, 5, 0.0, 0.6495118549563769), (4, 8, 0.0, 0.6492402943604947)],[(3, 5), (4, 8)],layered
392.528,actual,[(3, 5, 0.0, 0.6494390469332387), (4, 8, 0.0, 0.6492159755890669)],[(3, 5), (4, 8)],layered
393.024,actual,[(3, 5, 0.0, 0.6494390469332387), (4, 8, 0.0, 0.6492159755890669)],[(3, 5), (4, 8)],layered
393.520,actual,[(3, 5, 0.0, 0.6494390469332387), (4, 8, 0.0, 0.6492159755890669)],[(3, 5), (4, 8)],layered
394.016,actual,[(3, 5, 0.0, 0.6494390469332387), (4, 8, 0.0, 0.6492159755890669)],[(3, 5), (4, 8)],layered
394.528,actual,[(3, 5, 0.0, 0.6494390469332387), (4, 8, 0.0, 0.6492159755890669)],[(3, 5), (4, 8)],layered
395.024,actual,[(3, 5, 0.0, 0.6494390469332387), (4, 8, 0.0, 0.6492159755890669)],[(3, 5), (4, 8)],layered
395.520,actual,[(3, 5, 0.0, 0.6494390469332387), (4, 8, 0.0, 0.6492159755890669)],[(3, 5), (4, 8)],layered
396.016,actual,[(3, 5, 0.0, 0.6495118549563769), (4, 8, 0.0, 0.6492402943604947)],[(3, 5), (4, 8)],layered
396.528,actual,[(3, 5, 0.0, 0.6494390469332387), (4, 8, 0.0, 0.6492159755890669)],[(3, 5), (4, 8)],layered
397.024,actual,[(3, 5, 0.0, 0.6494390469332387), (4, 8, 0.0, 0.6492159755890669)],[(3, 5), (4, 8)],layered
397.520,actual,[(3, 5, 0.0, 0.6494390469332387), (4, 8, 0.0, 0.6492159755890669)],[(3, 5), (4, 8)],layered
398.016,actual,[(3, 5, 0.0, 0.6494390469332387), (4, 8, 0.0, 0.6492159755890669)],[(3, 5), (4, 8)],layered
398.528,actual,[(3, 5, 0.0, 0.6494390469332387), (4, 8, 0.0, 0.6492159755890669)],[(3, 5), (4, 8)],layered
399.024,actual,[(3, 5, 0.0, 0.6494390469332387), (4, 8, 0.0, 0.6492159755890669)],[(3, 5), (4, 8)],layered
399.520,actual,[(3, 5, 0.0, 0.6494390469332387), (4, 8, 0.0, 0.6492159755890669)],[(3, 5), (4, 8)],layered
400.016,actual,[(3, 5, 0.0, 0.6495118549563769), (4, 8, 0.0, 0.6492402943604947)],[(3, 5), (4, 8)],layered
400.528,actual,[(3, 5, 0.0, 0.6494390469332387), (4, 8, 0.0, 0.6492159755890669)],[(3, 5), (4, 8)],layered
401.024,actual,[(3, 5, 0.0, 0.6494390469332387), (4, 8, 0.0, 0.6492159755890669)],[(3, 5), (4, 8)],layered
401.520,actual,[(3, 5, 0.0, 0.6494390469332387), (4, 8, 0.0, 0.6492159755890669)],[(3, 5), (4, 8)],layered
402.016,actual,[(3, 5, 0.0, 0.6494390469332387), (4, 8, 0.0, 0.6492159755890669)],[(3, 5), (4, 8)],layered
402.528,actual,[(3, 5, 0.0, 0.6494390469332387), (4, 8, 0.0, 0.6492159755890669)],[(3, 5), (4, 8)],layered
403.024,actual,[(3, 5, 0.0, 0.6494390469332387), (4, 8, 0.0, 0.6492159755890669)],[(3, 5), (4, 8)],layered
403.520,actual,[(3, 5, 0.0, 0.6494390469332387), (4, 8, 0.0, 0.6492159755890669)],[(3, 5), (4, 8)],layered
404.016,actual,[(3, 5, 0.0, 0.6495118549563769), (4, 8, 0.0, 0.6492402943604947)],[(3, 5), (4, 8)],layered
404.528,actual,[(3, 5, 0.0, 0.6494390469332387), (4, 8, 0.0, 0.6492159755890669)],[(3, 5), (4, 8)],layered
405.024,actual,[(3, 5, 0.0, 0.6494390469332387), (4, 8, 0.0, 0.6492159755890669)],[(3, 5), (4, 8)],layered
405.520,actual,[(3, 5, 0.0, 0.6494390469332387), (4, 8, 0.0, 0.6492159755890669)],[(3, 5), (4, 8)],layered
406.016,actual,[(3, 5, 0.0, 0.6494390469332387), (4, 8, 0.0, 0.6492159755890669)],[(3, 5), (4, 8)],layered
406.528,actual,[(3, 5, 0.0, 0.6494390469332387), (4, 8, 0.0, 0.6492159755890669)],[(3, 5), (4, 8)],layered
407.024,actual,[(3, 5, 0.0, 0.6494390469332387), (4, 8, 0.0, 0.6492159755890669)],[(3, 5), (4, 8)],layered
407.520,actual,[(3, 5, 0.0, 0.6494390469332387), (4, 8, 0.0, 0.6492159755890669)],[(3, 5), (4, 8)],layered
408.016,actual,[(3, 5, 0.0, 0.6495118549563769), (4, 8, 0.0, 0.6492402943604947)],[(3, 5), (4, 8)],layered
408.528,actual,[(3, 5, 0.0, 0.6494390469332387), (4, 8, 0.0, 0.6492159755890669)],[(3, 5), (4, 8)],layered
409.024,actual,[(3, 5, 0.0, 0.6494390469332387), (4, 8, 0.0, 0.6492159755890669)],[(3, 5), (4, 8)],layered
409.520,actual,[(3, 5, 0.0, 0.6494390469332387), (4, 8, 0.0, 0.6492159755890669)],[(3, 5), (4, 8)],layered
410.016,actual,[(3, 5, 0.0, 0.6494390469332387), (4, 8, 0.0, 0.6492159755890669)],[(3, 5), (4, 8)],layered
410.528,actual,[(3, 5, 0.0, 0.6494390469332387), (4, 8, 0.0, 0.6492159755890669)],[(3, 5), (4, 8)],layered
411.024,actual,[(3, 5, 0.0, 0.6494390469332387), (4, 8, 0.0, 0.6492159755890669)],[(3, 5), (4, 8)],layered
411.520,actual,[(3, 5, 0.0, 0.6494390469332387), (4, 8, 0.0, 0.6492159755890669)],[(3, 5), (4, 8)],layered
412.016,actual,[(3, 5, 0.0, 0.6495118549563769), (4, 8, 0.0, 0.6492402943604947)],[(3, 5), (4, 8)],layered
412.528,actual,[(3, 5, 0.0, 0.6494390469332387), (4, 8, 0.0, 0.6492159755890669)],[(3, 5), (4, 8)],layered
413.024,actual,[(3, 5, 0.0, 0.6494390469332387), (4, 8, 0.0, 0.6492159755890669)],[(3, 5), (4, 8)],layered
413.520,actual,[(3, 5, 0.0, 0.6494390469332387), (4, 8, 0.0, 0.6492159755890669)],[(3, 5), (4, 8)],layered
414.016,actual,[(3, 5, 0.0, 0.6494390469332387), (4, 8, 0.0, 0.6492159755890669)],[(3, 5), (4, 8)],layered
414.528,actual,[(3, 5, 0.0, 0.6494390469332387), (4, 8, 0.0, 0.6492159755890669)],[(3, 5), (4, 8)],layered
415.024,actual,[(3, 5, 0.0, 0.6494390469332387), (4, 8, 0.0, 0.6492159755890669)],[(3, 5), (4, 8)],layered
415.520,actual,[(3, 5, 0.0, 0.6494390469332387), (4, 8, 0.0, 0.6492159755890669)],[(3, 5), (4, 8)],layered
416.016,actual,[(3, 5, 0.0, 0.6495118549563769), (4, 8, 0.0, 0.6492402943604947)],[(3, 5), (4, 8)],layered
416.528,actual,[(3, 5, 0.0, 0.6494390469332387), (4, 8, 0.0, 0.6492159755890669)],[(3, 5), (4, 8)],layered
417.024,actual,[(3, 5, 0.0, 0.6494390469332387), (4, 8, 0.0, 0.6492159755890669)],[(3, 5), (4, 8)],layered
417.520,actual,[(3, 5, 0.0, 0.6494390469332387), (4, 8, 0.0, 0.6492159755890669)],[(3, 5), (4, 8)],layered
418.016,actual,[(3, 5, 0.0, 0.6494390469332387), (4, 8, 0.0, 0.6492159755890669)],[(3, 5), (4, 8)],layered
418.528,actual,[(3, 5, 0.0, 0.6494390469332387), (4, 8, 0.0, 0.6492159755890669)],[(3, 5), (4, 8)],layered
419.024,actual,[(3, 5, 0.0, 0.6494390469332387), (4, 8, 0.0, 0.6492159755890669)],[(3, 5), (4, 8)],layered
419.520,actual,[(3, 5, 0.0, 0.6494390469332387), (4, 8, 0.0, 0.6492159755890669)],[(3, 5), (4, 8)],layered
420.016,actual,[(3, 5, 0.0, 0.6495118549563769), (4, 8, 0.0, 0.6492402943604947)],[(3, 5), (4, 8)],layered
420.528,actual,[(3, 5, 0.0, 0.6494390469332387), (4, 8, 0.0, 0.6492159755890669)],[(3, 5), (4, 8)],layered
421.024,actual,[(3, 5, 0.0, 0.6494390469332387), (4, 8, 0.0, 0.6492159755890669)],[(3, 5), (4, 8)],layered
421.520,actual,[(3, 5, 0.0, 0.6494390469332387), (4, 8, 0.0, 0.6492159755890669)],[(3, 5), (4, 8)],layered
422.016,actual,[(3, 5, 0.0, 0.6494390469332387), (4, 8, 0.0, 0.6492159755890669)],[(3, 5), (4, 8)],layered
422.528,actual,[(3, 5, 0.0, 0.6494390469332387), (4, 8, 0.0, 0.6492159755890669)],[(3, 5), (4, 8)],layered
423.024,actual,[(3, 5, 0.0, 0.6494390469332387), (4, 8, 0.0, 0.6492159755890669)],[(3, 5), (4, 8)],layered
423.520,actual,[(3, 5, 0.0, 0.6494390469332387), (4, 8, 0.0, 0.6492159755890669)],[(3, 5), (4, 8)],layered
424.016,actual,[(3, 5, 0.0, 0.6495118549563769), (4, 8, 0.0, 0.6492402943604947)],[(3, 5), (4, 8)],layered
424.528,actual,[(3, 5, 0.0, 0.6494390469332387), (4, 8, 0.0, 0.6492159755890669)],[(3, 5), (4, 8)],layered
425.024,actual,[(3, 5, 0.0, 0.6494390469332387), (4, 8, 0.0, 0.6492159755890669)],[(3, 5), (4, 8)],layered
425.520,actual,[(3, 5, 0.0, 0.6494390469332387), (4, 8, 0.0, 0.6492159755890669)],[(3, 5), (4, 8)],layered
426.016,actual,[(3, 5, 0.0, 0.6494390469332387), (4, 8, 0.0, 0.6492159755890669)],[(3, 5), (4, 8)],layered
426.528,actual,[(3, 5, 0.0, 0.6494390469332387), (4, 8, 0.0, 0.6492159755890669)],[(3, 5), (4, 8)],layered
427.024,actual,[(3, 5, 0.0, 0.6494390469332387), (4, 8, 0.0, 0.6492159755890669)],[(3, 5), (4, 8)],layered
427.520,actual,[(3, 5, 0.0, 0.6494390469332387), (4, 8, 0.0, 0.6492159755890669)],[(3, 5), (4, 8)],layered
428.016,actual,[(3, 5, 0.0, 0.6495118549563769), (4, 8, 0.0, 0.6492402943604947)],[(3, 5), (4, 8)],layered
428.528,actual,[(3, 5, 0.0, 0.6494390469332387), (4, 8, 0.0, 0.6492159755890669)],[(3, 5), (4, 8)],layered
429.024,actual,[(3, 5, 0.0, 0.6494390469332387), (4, 8, 0.0, 0.6492159755890669)],[(3, 5), (4, 8)],layered
429.520,actual,[(3, 5, 0.0, 0.6494390469332387), (4, 8, 0.0, 0.6492159755890669)],[(3, 5), (4, 8)],layered
430.016,actual,[(3, 5, 0.0, 0.6494390469332387), (4, 8, 0.0, 0.6492159755890669)],[(3, 5), (4, 8)],layered
430.528,actual,[(3, 5, 0.0, 0.6494390469332387), (4, 8, 0.0, 0.6492159755890669)],[(3, 5), (4, 8)],layered
431.024,actual,[(3, 5, 0.0, 0.6494390469332387), (4, 8, 0.0, 0.6492159755890669)],[(3, 5), (4, 8)],layered
431.520,actual,[(3, 5, 0.0, 0.6494390469332387), (4, 8, 0.0, 0.6492159755890669)],[(3, 5), (4, 8)],layered
432.016,actual,[(3, 5, 0.0, 0.6495118549563769), (4, 8, 0.0, 0.6492402943604947)],[(3, 5), (4, 8)],layered
432.528,actual,[(3, 5, 0.0, 0.6494390469332387), (4, 8, 0.0, 0.6492159755890669)],[(3, 5), (4, 8)],layered
433.024,actual,[(3, 5, 0.0, 0.6494390469332387), (4, 8, 0.0, 0.6492159755890669)],[(3, 5), (4, 8)],layered
433.520,actual,[(3, 5, 0.0, 0.6494390469332387), (4, 8, 0.0, 0.6492159755890669)],[(3, 5), (4, 8)],layered
434.016,actual,[(3, 5, 0.0, 0.6494390469332387), (4, 8, 0.0, 0.6492159755890669)],[(3, 5), (4, 8)],layered
434.528,actual,[(3, 5, 0.0, 0.6494390469332387), (4, 8, 0.0, 0.6492159755890669)],[(3, 5), (4, 8)],layered
435.024,actual,[(3, 5, 0.0, 0.6494390469332387), (4, 8, 0.0, 0.6492159755890669)],[(3, 5), (4, 8)],layered
435.520,actual,[(3, 5, 0.0, 0.6494390469332387), (4, 8, 0.0, 0.6492159755890669)],[(3, 5), (4, 8)],layered
436.016,actual,[(3, 5, 0.0, 0.6495118549563769), (4, 8, 0.0, 0.6492402943604947)],[(3, 5), (4, 8)],layered
436.528,actual,[(3, 5, 0.0, 0.6494390469332387), (4, 8, 0.0, 0.6492159755890669)],[(3, 5), (4, 8)],layered
437.024,actual,[(3, 5, 0.0, 0.6494390469332387), (4, 8, 0.0, 0.6492159755890669)],[(3, 5), (4, 8)],layered
437.520,actual,[(3, 5, 0.0, 0.6494390469332387), (4, 8, 0.0, 0.6492159755890669)],[(3, 5), (4, 8)],layered
438.016,actual,[(3, 5, 0.0, 0.6494390469332387), (4, 8, 0.0, 0.6492159755890669)],[(3, 5), (4, 8)],layered
438.528,actual,[(3, 5, 0.0, 0.6494390469332387), (4, 8, 0.0, 0.6492159755890669)],[(3, 5), (4, 8)],layered
439.024,actual,[(3, 5, 0.0, 0.6494390469332387), (4, 8, 0.0, 0.6492159755890669)],[(3, 5), (4, 8)],layered
439.520,actual,[(3, 5, 0.0, 0.6494390469332387), (4, 8, 0.0, 0.6492159755890669)],[(3, 5), (4, 8)],layered
440.016,actual,[(3, 5, 0.0, 0.6495118549563769), (4, 8, 0.0, 0.6492402943604947)],[(3, 5), (4, 8)],layered
440.528,actual,[(3, 5, 0.0, 0.6494390469332387), (4, 8, 0.0, 0.6492159755890669)],[(3, 5), (4, 8)],layered
441.024,actual,[(3, 5, 0.0, 0.6494390469332387), (4, 8, 0.0, 0.6492159755890669)],[(3, 5), (4, 8)],layered
441.520,actual,[(3, 5, 0.0, 0.6494390469332387), (4, 8, 0.0, 0.6492159755890669)],[(3, 5), (4, 8)],layered
442.016,actual,[(3, 5, 0.0, 0.6494390469332387), (4, 8, 0.0, 0.6492159755890669)],[(3, 5), (4, 8)],layered
442.528,actual,[(3, 5, 0.0, 0.6494390469332387), (4, 8, 0.0, 0.6492159755890669)],[(3, 5), (4, 8)],layered
443.024,actual,[(3, 5, 0.0, 0.6494390469332387), (4, 8, 0.0, 0.6492159755890669)],[(3, 5), (4, 8)],layered
443.520,actual,[(3, 5, 0.0, 0.6494390469332387), (4, 8, 0.0, 0.6492159755890669)],[(3, 5), (4, 8)],layered
444.016,actual,[(3, 5, 0.0, 0.6495118549563769), (4, 8, 0.0, 0.6492402943604947)],[(3, 5), (4, 8)],layered
444.528,actual,[(3, 5, 0.0, 0.6494390469332387), (4, 8, 0.0, 0.6492159755890669)],[(3, 5), (4, 8)],layered
445.024,actual,[(3, 5, 0.0, 0.6494390469332387), (4, 8, 0.0, 0.6492159755890669)],[(3, 5), (4, 8)],layered
445.520,actual,[(3, 5, 0.0, 0.6494390469332387), (4, 8, 0.0, 0.6492159755890669)],[(3, 5), (4, 8)],layered
446.016,actual,[(3, 5, 0.0, 0.6494390469332387), (4, 8, 0.0, 0.6492159755890669)],[(3, 5), (4, 8)],layered
446.528,actual,[(3, 5, 0.0, 0.6494390469332387), (4, 8, 0.0, 0.6492159755890669)],[(3, 5), (4, 8)],layered
447.024,actual,[(3, 5, 0.0, 0.6494390469332387), (4, 8, 0.0, 0.6492159755890669)],[(3, 5), (4, 8)],layered
447.520,actual,[(3, 5, 0.0, 0.6494390469332387), (4, 8, 0.0, 0.6492159755890669)],[(3, 5), (4, 8)],layered
448.016,actual,[(3, 5, 0.0, 0.6495118549563769), (4, 8, 0.0, 0.6492402943604947)],[(3, 5), (4, 8)],layered
448.528,actual,[(3, 5, 0.0, 0.6494390469332387), (4, 8, 0.0, 0.6492159755890669)],[(3, 5), (4, 8)],layered
449.024,actual,[(3, 5, 0.0, 0.6494390469332387), (4, 8, 0.0, 0.6492159755890669)],[(3, 5), (4, 8)],layered
449.520,actual,[(3, 5, 0.0, 0.6494390469332387), (4, 8, 0.0, 0.6492159755890669)],[(3, 5), (4, 8)],layered
450.016,actual,[(3, 5, 0.0, 0.6494390469332387), (4, 8, 0.0, 0.6492159755890669)],[(3, 5), (4, 8)],layered
450.528,actual,[(3, 5, 0.0, 0.6494390469332387), (4, 8, 0.0, 0.6492159755890669)],[(3, 5), (4, 8)],layered
451.024,actual,[(3, 5, 0.0, 0.6494390469332387), (4, 8, 0.0, 0.6492159755890669)],[(3, 5), (4, 8)],layered
451.520,actual,[(3, 5, 0.0, 0.6494390469332387), (4, 8, 0.0, 0.6492159755890669)],[(3, 5), (4, 8)],layered
452.016,actual,[(3, 5, 0.0, 0.6495118549563769), (4, 8, 0.0, 0.6492402943604947)],[(3, 5), (4, 8)],layered
452.528,actual,[(3, 5, 0.0, 0.6494390469332387), (4, 8, 0.0, 0.6492159755890669)],[(3, 5), (4, 8)],layered
453.024,actual,[(3, 5, 0.0, 0.6494390469332387), (4, 8, 0.0, 0.6492159755890669)],[(3, 5), (4, 8)],layered
453.520,actual,[(3, 5, 0.0, 0.6494390469332387), (4, 8, 0.0, 0.6492159755890669)],[(3, 5), (4, 8)],layered
454.016,actual,[(3, 5, 0.0, 0.6494390469332387), (4, 8, 0.0, 0.6492159755890669)],[(3, 5), (4, 8)],layered
454.528,actual,[(3, 5, 0.0, 0.6494390469332387), (4, 8, 0.0, 0.6492159755890669)],[(3, 5), (4, 8)],layered
455.024,actual,[(3, 5, 0.0, 0.6494390469332387), (4, 8, 0.0, 0.6492159755890669)],[(3, 5), (4, 8)],layered
455.520,actual,[(3, 5, 0.0, 0.6494390469332387), (4, 8, 0.0, 0.6492159755890669)],[(3, 5), (4, 8)],layered
456.016,actual,[(3, 5, 0.0, 0.6495118549563769), (4, 8, 0.0, 0.6492402943604947)],[(3, 5), (4, 8)],layered
456.528,actual,[(3, 5, 0.0, 0.6494390469332387), (4, 8, 0.0, 0.6492159755890669)],[(3, 5), (4, 8)],layered
457.024,actual,[(3, 5, 0.0, 0.6494390469332387), (4, 8, 0.0, 0.6492159755890669)],[(3, 5), (4, 8)],layered
457.520,actual,[(3, 5, 0.0, 0.6494390469332387), (4, 8, 0.0, 0.6492159755890669)],[(3, 5), (4, 8)],layered
458.016,actual,[(3, 5, 0.0, 0.6494390469332387), (4, 8, 0.0, 0.6492159755890669)],[(3, 5), (4, 8)],layered
458.528,actual,[(3, 5, 0.0, 0.6494390469332387), (4, 8, 0.0, 0.6492159755890669)],[(3, 5), (4, 8)],layered
459.024,actual,[(3, 5, 0.0, 0.6494390469332387), (4, 8, 0.0, 0.6492159755890669)],[(3, 5), (4, 8)],layered
459.520,actual,[(3, 5, 0.0, 0.6494390469332387), (4, 8, 0.0, 0.6492159755890669)],[(3, 5), (4, 8)],layered
460.016,actual,[(3, 5, 0.0, 0.6495118549563769), (4, 8, 0.0, 0.6492402943604947)],[(3, 5), (4, 8)],layered
460.528,actual,[(3, 5, 0.0, 0.6494390469332387), (4, 8, 0.0, 0.6492159755890669)],[(3, 5), (4, 8)],layered
461.024,actual,[(3, 5, 0.0, 0.6494390469332387), (4, 8, 0.0, 0.6492159755890669)],[(3, 5), (4, 8)],layered
461.520,actual,[(3, 5, 0.0, 0.6494390469332387), (4, 8, 0.0, 0.6492159755890669)],[(3, 5), (4, 8)],layered
462.016,actual,[(3, 5, 0.0, 0.6494390469332387), (4, 8, 0.0, 0.6492159755890669)],[(3, 5), (4, 8)],layered
462.528,actual,[(3, 5, 0.0, 0.6494390469332387), (4, 8, 0.0, 0.6492159755890669)],[(3, 5), (4, 8)],layered
463.024,actual,[(3, 5, 0.0, 0.6494390469332387), (4, 8, 0.0, 0.6492159755890669)],[(3, 5), (4, 8)],layered
463.520,actual,[(3, 5, 0.0, 0.6494390469332387), (4, 8, 0.0, 0.6492159755890669)],[(3, 5), (4, 8)],layered
464.016,actual,[(3, 5, 0.0, 0.6495118549563769), (4, 8, 0.0, 0.6492402943604947)],[(3, 5), (4, 8)],layered
464.528,actual,[(3, 5, 0.0, 0.6494390469332387), (4, 8, 0.0, 0.6492159755890669)],[(3, 5), (4, 8)],layered
465.024,actual,[(3, 5, 0.0, 0.6494390469332387), (4, 8, 0.0, 0.6492159755890669)],[(3, 5), (4, 8)],layered
465.520,actual,[(3, 5, 0.0, 0.6494390469332387), (4, 8, 0.0, 0.6492159755890669)],[(3, 5), (4, 8)],layered
466.016,actual,[(3, 5, 0.0, 0.6494390469332387), (4, 8, 0.0, 0.6492159755890669)],[(3, 5), (4, 8)],layered
466.528,actual,[(3, 5, 0.0, 0.6494390469332387), (4, 8, 0.0, 0.6492159755890669)],[(3, 5), (4, 8)],layered
467.024,actual,[(3, 5, 0.0, 0.6494390469332387), (4, 8, 0.0, 0.6492159755890669)],[(3, 5), (4, 8)],layered
467.520,actual,[(3, 5, 0.0, 0.6494390469332387), (4, 8, 0.0, 0.6492159755890669)],[(3, 5), (4, 8)],layered
468.016,actual,[(3, 5, 0.0, 0.6495118549563769), (4, 8, 0.0, 0.6492402943604947)],[(3, 5), (4, 8)],layered
468.528,actual,[(3, 5, 0.0, 0.6494390469332387), (4, 8, 0.0, 0.6492159755890669)],[(3, 5), (4, 8)],layered
469.024,actual,[(3, 5, 0.0, 0.6494390469332387), (4, 8, 0.0, 0.6492159755890669)],[(3, 5), (4, 8)],layered
469.520,actual,[(3, 5, 0.0, 0.6494390469332387), (4, 8, 0.0, 0.6492159755890669)],[(3, 5), (4, 8)],layered
470.016,actual,[(3, 5, 0.0, 0.6494390469332387), (4, 8, 0.0, 0.6492159755890669)],[(3, 5), (4, 8)],layered
470.528,actual,[(3, 5, 0.0, 0.6494390469332387), (4, 8, 0.0, 0.6492159755890669)],[(3, 5), (4, 8)],layered
471.024,actual,[(3, 5, 0.0, 0.6494390469332387), (4, 8, 0.0, 0.6492159755890669)],[(3, 5), (4, 8)],layered
471.520,actual,[(3, 5, 0.0, 0.6494390469332387), (4, 8, 0.0, 0.6492159755890669)],[(3, 5), (4, 8)],layered
472.016,actual,[(3, 5, 0.0, 0.6495118549563769), (4, 8, 0.0, 0.6492402943604947)],[(3, 5), (4, 8)],layered
472.528,actual,[(3, 5, 0.0, 0.6494390469332387), (4, 8, 0.0, 0.6492159755890669)],[(3, 5), (4, 8)],layered
473.024,actual,[(3, 5, 0.0, 0.6494390469332387), (4, 8, 0.0, 0.6492159755890669)],[(3, 5), (4, 8)],layered
473.520,actual,[(3, 5, 0.0, 0.6494390469332387), (4, 8, 0.0, 0.6492159755890669)],[(3, 5), (4, 8)],layered
474.016,actual,[(3, 5, 0.0, 0.6494390469332387), (4, 8, 0.0, 0.6492159755890669)],[(3, 5), (4, 8)],layered
474.528,actual,[(3, 5, 0.0, 0.6494390469332387), (4, 8, 0.0, 0.6492159755890669)],[(3, 5), (4, 8)],layered
475.024,actual,[(3, 5, 0.0, 0.6494390469332387), (4, 8, 0.0, 0.6492159755890669)],[(3, 5), (4, 8)],layered
475.520,actual,[(3, 5, 0.0, 0.6494390469332387), (4, 8, 0.0, 0.6492159755890669)],[(3, 5), (4, 8)],layered
476.016,actual,[(3, 5, 0.0, 0.6495118549563769), (4, 8, 0.0, 0.6492402943604947)],[(3, 5), (4, 8)],layered
476.528,actual,[(3, 5, 0.0, 0.6494390469332387), (4, 8, 0.0, 0.6492159755890669)],[(3, 5), (4, 8)],layered
477.024,actual,[(3, 5, 0.0, 0.6494390469332387), (4, 8, 0.0, 0.6492159755890669)],[(3, 5), (4, 8)],layered
477.520,actual,[(3, 5, 0.0, 0.6494390469332387), (4, 8, 0.0, 0.6492159755890669)],[(3, 5), (4, 8)],layered
478.016,actual,[(3, 5, 0.0, 0.6494390469332387), (4, 8, 0.0, 0.6492159755890669)],[(3, 5), (4, 8)],layered
478.528,actual,[(3, 5, 0.0, 0.6494390469332387), (4, 8, 0.0, 0.6492159755890669)],[(3, 5), (4, 8)],layered
479.024,actual,[(3, 5, 0.0, 0.6494390469332387), (4, 8, 0.0, 0.6492159755890669)],[(3, 5), (4, 8)],layered
479.520,actual,[(3, 5, 0.0, 0.6494390469332387), (4, 8, 0.0, 0.6492159755890669)],[(3, 5), (4, 8)],layered
480.016,actual,[(3, 5, 0.0, 0.6495118549563769), (4, 8, 0.0, 0.6492402943604947)],[(3, 5), (4, 8)],layered
480.528,actual,[(3, 5, 0.0, 0.6494390469332387), (4, 8, 0.0, 0.6492159755890669)],[(3, 5), (4, 8)],layered
481.024,actual,[(3, 5, 0.0, 0.6494390469332387), (4, 8, 0.0, 0.6492159755890669)],[(3, 5), (4, 8)],layered
481.520,actual,[(3, 5, 0.0, 0.6494390469332387), (4, 8, 0.0, 0.6492159755890669)],[(3, 5), (4, 8)],layered
482.016,actual,[(3, 5, 0.0, 0.6494390469332387), (4, 8, 0.0, 0.6492159755890669)],[(3, 5), (4, 8)],layered
482.528,actual,[(3, 5, 0.0, 0.6494390469332387), (4, 8, 0.0, 0.6492159755890669)],[(3, 5), (4, 8)],layered
483.024,actual,[(3, 5, 0.0, 0.6494390469332387), (4, 8, 0.0, 0.6492159755890669)],[(3, 5), (4, 8)],layered
483.520,actual,[(3, 5, 0.0, 0.6494390469332387), (4, 8, 0.0, 0.6492159755890669)],[(3, 5), (4, 8)],layered
484.016,actual,[(3, 5, 0.0, 0.6495118549563769), (4, 8, 0.0, 0.6492402943604947)],[(3, 5), (4, 8)],layered
484.528,actual,[(3, 5, 0.0, 0.6494390469332387), (4, 8, 0.0, 0.6492159755890669)],[(3, 5), (4, 8)],layered
485.024,actual,[(3, 5, 0.0, 0.6494390469332387), (4, 8, 0.0, 0.6492159755890669)],[(3, 5), (4, 8)],layered
485.520,actual,[(3, 5, 0.0, 0.6494390469332387), (4, 8, 0.0, 0.6492159755890669)],[(3, 5), (4, 8)],layered
486.016,actual,[(3, 5, 0.0, 0.6494390469332387), (4, 8, 0.0, 0.6492159755890669)],[(3, 5), (4, 8)],layered
486.528,actual,[(3, 5, 0.0, 0.6494390469332387), (4, 8, 0.0, 0.6492159755890669)],[(3, 5), (4, 8)],layered
487.024,actual,[(3, 5, 0.0, 0.6494390469332387), (4, 8, 0.0, 0.6492159755890669)],[(3, 5), (4, 8)],layered
487.520,actual,[(3, 5, 0.0, 0.6494390469332387), (4, 8, 0.0, 0.6492159755890669)],[(3, 5), (4, 8)],layered
488.016,actual,[(3, 5, 0.0, 0.6495118549563769), (4, 8, 0.0, 0.6492402943604947)],[(3, 5), (4, 8)],layered
488.528,actual,[(3, 5, 0.0, 0.6494390469332387), (4, 8, 0.0, 0.6492159755890669)],[(3, 5), (4, 8)],layered
489.024,actual,[(3, 5, 0.0, 0.6494390469332387), (4, 8, 0.0, 0.6492159755890669)],[(3, 5), (4, 8)],layered
489.520,actual,[(3, 5, 0.0, 0.6494390469332387), (4, 8, 0.0, 0.6492159755890669)],[(3, 5), (4, 8)],layered
490.016,actual,[(3, 5, 0.0, 0.6494390469332387), (4, 8, 0.0, 0.6492159755890669)],[(3, 5), (4, 8)],layered
490.528,actual,[(3, 5, 0.0, 0.6494390469332387), (4, 8, 0.0, 0.6492159755890669)],[(3, 5), (4, 8)],layered
491.024,actual,[(3, 5, 0.0, 0.6494390469332387), (4, 8, 0.0, 0.6492159755890669)],[(3, 5), (4, 8)],layered
491.520,actual,[(3, 5, 0.0, 0.6494390469332387), (4, 8, 0.0, 0.6492159755890669)],[(3, 5), (4, 8)],layered
492.016,actual,[(3, 5, 0.0, 0.6495118549563769), (4, 8, 0.0, 0.6492402943604947)],[(3, 5), (4, 8)],layered
492.528,actual,[(3, 5, 0.0, 0.6494390469332387), (4, 8, 0.0, 0.6492159755890669)],[(3, 5), (4, 8)],layered
493.024,actual,[(3, 5, 0.0, 0.6494390469332387), (4, 8, 0.0, 0.6492159755890669)],[(3, 5), (4, 8)],layered
493.520,actual,[(3, 5, 0.0, 0.6494390469332387), (4, 8, 0.0, 0.6492159755890669)],[(3, 5), (4, 8)],layered
494.016,actual,[(3, 5, 0.0, 0.6494390469332387), (4, 8, 0.0, 0.6492159755890669)],[(3, 5), (4, 8)],layered
494.528,actual,[(3, 5, 0.0, 0.6494390469332387), (4, 8, 0.0, 0.6492159755890669)],[(3, 5), (4, 8)],layered
495.024,actual,[(3, 5, 0.0, 0.6494390469332387), (4, 8, 0.0, 0.6492159755890669)],[(3, 5), (4, 8)],layered
495.520,actual,[(3, 5, 0.0, 0.6494390469332387), (4, 8, 0.0, 0.6492159755890669)],[(3, 5), (4, 8)],layered
496.016,actual,[(3, 5, 0.0, 0.6495118549563769), (4, 8, 0.0, 0.6492402943604947)],[(3, 5), (4, 8)],layered
496.528,actual,[(3, 5, 0.0, 0.6494390469332387), (4, 8, 0.0, 0.6492159755890669)],[(3, 5), (4, 8)],layered
497.024,actual,[(3, 5, 0.0, 0.6494390469332387), (4, 8, 0.0, 0.6492159755890669)],[(3, 5), (4, 8)],layered
497.520,actual,[(3, 5, 0.0, 0.6494390469332387), (4, 8, 0.0, 0.6492159755890669)],[(3, 5), (4, 8)],layered
498.016,actual,[(3, 5, 0.0, 0.6494390469332387), (4, 8, 0.0, 0.6492159755890669)],[(3, 5), (4, 8)],layered
498.528,actual,[(3, 5, 0.0, 0.6494390469332387), (4, 8, 0.0, 0.6492159755890669)],[(3, 5), (4, 8)],layered
499.024,actual,[(3, 5, 0.0, 0.6494390469332387), (4, 8, 0.0, 0.6492159755890669)],[(3, 5), (4, 8)],layered
499.520,actual,[(3, 5, 0.0, 0.6494390469332387), (4, 8, 0.0, 0.6492159755890669)],[(3, 5), (4, 8)],layered
500.016,actual,[(3, 5, 0.0, 0.6495118549563769), (4, 8, 0.0, 0.6492402943604947)],[(3, 5), (4, 8)],layered
500.528,actual,[(3, 5, 0.0, 0.6494390469332387), (4, 8, 0.0, 0.6492159755890669)],[(3, 5), (4, 8)],layered
501.024,actual,[(3, 5, 0.0, 0.6494390469332387), (4, 8, 0.0, 0.6492159755890669)],[(3, 5), (4, 8)],layered
501.520,actual,[(3, 5, 0.0, 0.6494390469332387), (4, 8, 0.0, 0.6492159755890669)],[(3, 5), (4, 8)],layered
502.016,actual,[(3, 5, 0.0, 0.6494390469332387), (4, 8, 0.0, 0.6492159755890669)],[(3, 5), (4, 8)],layered
502.528,actual,[(3, 5, 0.0, 0.6494390469332387), (4, 8, 0.0, 0.6492159755890669)],[(3, 5), (4, 8)],layered
503.024,actual,[(3, 5, 0.0, 0.6494390469332387), (4, 8, 0.0, 0.6492159755890669)],[(3, 5), (4, 8)],layered
503.520,actual,[(3, 5, 0.0, 0.6494390469332387), (4, 8, 0.0, 0.6492159755890669)],[(3, 5), (4, 8)],layered
504.016,actual,[(3, 5, 0.0, 0.6495118549563769), (4, 8, 0.0, 0.6492402943604947)],[(3, 5), (4, 8)],layered
504.528,actual,[(3, 5, 0.0, 0.6494390469332387), (4, 8, 0.0, 0.6492159755890669)],[(3, 5), (4, 8)],layered
505.024,actual,[(3, 5, 0.0, 0.6494390469332387), (4, 8, 0.0, 0.6492159755890669)],[(3, 5), (4, 8)],layered
505.520,actual,[(3, 5, 0.0, 0.6494390469332387), (4, 8, 0.0, 0.6492159755890669)],[(3, 5), (4, 8)],layered
506.016,actual,[(3, 5, 0.0, 0.6494390469332387), (4, 8, 0.0, 0.6492159755890669)],[(3, 5), (4, 8)],layered
506.528,actual,[(3, 5, 0.0, 0.6494390469332387), (4, 8, 0.0, 0.6492159755890669)],[(3, 5), (4, 8)],layered
507.024,actual,[(3, 5, 0.0, 0.6494390469332387), (4, 8, 0.0, 0.6492159755890669)],[(3, 5), (4, 8)],layered
507.520,actual,[(3, 5, 0.0, 0.6494390469332387), (4, 8, 0.0, 0.6492159755890669)],[(3, 5), (4, 8)],layered
508.016,actual,[(3, 5, 0.0, 0.6495118549563769), (4, 8, 0.0, 0.6492402943604947)],[(3, 5), (4, 8)],layered
508.528,actual,[(3, 5, 0.0, 0.6494390469332387), (4, 8, 0.0, 0.6492159755890669)],[(3, 5), (4, 8)],layered
509.024,actual,[(3, 5, 0.0, 0.6494390469332387), (4, 8, 0.0, 0.6492159755890669)],[(3, 5), (4, 8)],layered
509.520,actual,[(3, 5, 0.0, 0.6494390469332387), (4, 8, 0.0, 0.6492159755890669)],[(3, 5), (4, 8)],layered
510.016,actual,[(3, 5, 0.0, 0.6494390469332387), (4, 8, 0.0, 0.6492159755890669)],[(3, 5), (4, 8)],layered
510.528,actual,[(3, 5, 0.0, 0.6494390469332387), (4, 8, 0.0, 0.6492159755890669)],[(3, 5), (4, 8)],layered
511.024,actual,[(3, 5, 0.0, 0.6494390469332387), (4, 8, 0.0, 0.6492159755890669)],[(3, 5), (4, 8)],layered
511.520,actual,[(3, 5, 0.0, 0.6494390469332387), (4, 8, 0.0, 0.6492159755890669)],[(3, 5), (4, 8)],layered
512.016,actual,[(3, 5, 0.0, 0.6495118549563769), (4, 8, 0.0, 0.6492402943604947)],[(3, 5), (4, 8)],layered
512.528,actual,[(3, 5, 0.0, 0.6494390469332387), (4, 8, 0.0, 0.6492159755890669)],[(3, 5), (4, 8)],layered
513.024,actual,[(3, 5, 0.0, 0.6494390469332387), (4, 8, 0.0, 0.6492159755890669)],[(3, 5), (4, 8)],layered
513.520,actual,[(3, 5, 0.0, 0.6494390469332387), (4, 8, 0.0, 0.6492159755890669)],[(3, 5), (4, 8)],layered
514.016,actual,[(3, 5, 0.0, 0.6494390469332387), (4, 8, 0.0, 0.6492159755890669)],[(3, 5), (4, 8)],layered
514.528,actual,[(3, 5, 0.0, 0.6494390469332387), (4, 8, 0.0, 0.6492159755890669)],[(3, 5), (4, 8)],layered
515.024,actual,[(3, 5, 0.0, 0.6494390469332387), (4, 8, 0.0, 0.6492159755890669)],[(3, 5), (4, 8)],layered
515.520,actual,[(3, 5, 0.0, 0.6494390469332387), (4, 8, 0.0, 0.6492159755890669)],[(3, 5), (4, 8)],layered
516.016,actual,[(3, 5, 0.0, 0.6495118549563769), (4, 8, 0.0, 0.6492402943604947)],[(3, 5), (4, 8)],layered
516.528,actual,[(3, 5, 0.0, 0.6494390469332387), (4, 8, 0.0, 0.6492159755890669)],[(3, 5), (4, 8)],layered
517.024,actual,[(3, 5, 0.0, 0.6494390469332387), (4, 8, 0.0, 0.651201393428543)],[(3, 5), (4, 8)],layered
517.520,actual,[(3, 5, 0.0, 0.6494390469332387), (4, 8, 0.0, 0.6491650358861868)],[(3, 5), (4, 8)],layered
518.016,actual,[(3, 5, 0.0, 0.6494390469332387), (4, 8, 0.0, 0.6435689986158726)],[(3, 5), (4, 8)],layered
518.528,actual,[(3, 5, 0.0, 0.6494390469332387), (4, 8, 0.0, 0.6378915664383995)],[(3, 5), (4, 8)],layered
519.024,actual,[(3, 5, 0.0, 0.6494390469332387), (4, 8, 0.0, 0.6344301328901414)],[(3, 5), (4, 8)],layered
519.520,actual,[(3, 5, 0.0, 0.6494390469332387), (4, 8, 0.0, 0.6696473168361253)],[(3, 5), (4, 8)],layered
520.016,actual,[(3, 5, 0.0, 0.6495118549563769), (4, 8, 0.0, 0.6980258228222621)],[(3, 5), (4, 8)],layered
520.528,actual,[(3, 5, 0.0, 0.6494390469332387), (4, 8, 0.0, 0.7256179943424782)],[(3, 5), (4, 8)],layered
521.024,actual,[(3, 5, 0.0, 0.6494390469332387), (4, 8, 0.0, 0.7486047197409254)],[(3, 5), (4, 8)],layered
521.520,actual,[(3, 5, 0.0, 0.6494390469332387), (4, 8, 0.0, 0.7692075768052071)],[(3, 5), (4, 8)],layered
522.016,actual,[(3, 5, 0.0, 0.6494390469332387), (4, 8, 0.0, 0.7878091237589528)],[(3, 5), (4, 8)],layered
522.528,actual,[(3, 5, 0.0, 0.6494390469332387), (4, 8, 0.0, 0.8052621219158822)],[(3, 5), (4, 8)],layered
523.024,actual,[(3, 5, 0.0, 0.6494390469332387), (4, 8, 0.0, 0.8207691448271338)],[(3, 5), (4, 8)],layered
523.520,actual,[(3, 5, 0.0, 0.6494390469332387), (4, 8, 0.0, 0.8351466184217005)],[(3, 5), (4, 8)],layered
524.016,actual,[(3, 5, 0.0, 0.6495118549563769), (4, 8, 0.0, 0.8481768319272412)],[(3, 5), (4, 8)],layered
524.528,actual,[(3, 5, 0.0, 0.6494390469332387)],[(3, 5)],layered
525.024,actual,[(3, 5, 0.0, 0.6494390469332387), (4, 8, 0.0, 0.8419320455123782)],[(3, 5), (4, 8)],layered
525.520,actual,[(3, 5, 0.0, 0.6494390469332387), (4, 8, 0.0, 0.8205621750019553)],[(3, 5), (4, 8)],layered
526.016,actual,[(3, 5, 0.0, 0.6494390469332387)],[(3, 5)],layered
526.528,actual,[(3, 5, 0.0, 0.6494390469332387)],[(3, 5)],layered
527.024,actual,[(3, 5, 0.0, 0.6494390469332387)],[(3, 5)],layered
527.520,actual,[(3, 5, 0.0, 0.6494390469332387)],[(3, 5)],layered
528.016,actual,[(3, 5, 0.0, 0.6495118549563769)],[(3, 5)],layered
528.528,actual,[(3, 5, 0.0, 0.6494390469332387)],[(3, 5)],layered
529.024,actual,[(3, 5, 0.0, 0.6494390469332387)],[(3, 5)],layered
529.520,actual,[(3, 5, 0.0, 0.6494390469332387)],[(3, 5)],layered
530.016,actual,[(3, 5, 0.0, 0.6494390469332387)],[(3, 5)],layered
530.528,actual,[(3, 5, 0.0, 0.6494390469332387)],[(3, 5)],layered
531.024,actual,[(3, 5, 0.0, 0.6494390469332387)],[(3, 5)],layered
531.520,actual,[(3, 5, 0.0, 0.6494390469332387)],[(3, 5)],layered
532.016,actual,[(3, 5, 0.0, 0.6495118549563769)],[(3, 5)],layered
532.528,actual,[(3, 5, 0.0, 0.6494390469332387)],[(3, 5)],layered
533.024,actual,[(3, 5, 0.0, 0.6494390469332387)],[(3, 5)],layered
533.520,actual,[(3, 5, 0.0, 0.6494390469332387)],[(3, 5)],layered
534.016,actual,[(3, 5, 0.0, 0.6494390469332387)],[(3, 5)],layered
534.528,actual,[(3, 5, 0.0, 0.6494390469332387)],[(3, 5)],layered
535.024,actual,[(3, 5, 0.0, 0.6494390469332387)],[(3, 5)],layered
535.520,actual,[(3, 5, 0.0, 0.6494390469332387)],[(3, 5)],layered
536.016,actual,[(3, 5, 0.0, 0.6495118549563769)],[(3, 5)],layered
536.528,actual,[(3, 5, 0.0, 0.6494390469332387)],[(3, 5)],layered
537.024,actual,[(3, 5, 0.0, 0.6494390469332387)],[(3, 5)],layered
537.520,actual,[(3, 5, 0.0, 0.6494390469332387)],[(3, 5)],layered
538.016,actual,[(3, 5, 0.0, 0.6494390469332387)],[(3, 5)],layered
538.528,actual,[(3, 5, 0.0, 0.6494390469332387)],[(3, 5)],layered
539.024,actual,[(3, 5, 0.0, 0.6494390469332387)],[(3, 5)],layered
539.520,actual,[(3, 5, 0.0, 0.6494390469332387)],[(3, 5)],layered
540.016,actual,[(3, 5, 0.0, 0.6495118549563769)],[(3, 5)],layered
540.528,actual,[(3, 5, 0.0, 0.6494390469332387)],[(3, 5)],layered
541.024,actual,[(3, 5, 0.0, 0.6494390469332387)],[(3, 5)],layered
541.520,actual,[(3, 5, 0.0, 0.6494390469332387)],[(3, 5)],layered
542.016,actual,[(3, 5, 0.0, 0.6494390469332387)],[(3, 5)],layered
542.528,actual,[(3, 5, 0.0, 0.6494390469332387)],[(3, 5)],layered
543.024,actual,[(3, 5, 0.0, 0.6494390469332387)],[(3, 5)],layered
543.520,actual,[(3, 5, 0.0, 0.6494390469332387)],[(3, 5)],layered
544.016,actual,[(3, 5, 0.0, 0.6495118549563769)],[(3, 5)],layered
544.528,actual,[(3, 5, 0.0, 0.6494390469332387)],[(3, 5)],layered
545.024,actual,[(3, 5, 0.0, 0.6494390469332387)],[(3, 5)],layered
545.520,actual,[(3, 5, 0.0, 0.6494390469332387)],[(3, 5)],layered
546.016,actual,[(3, 5, 0.0, 0.6494390469332387)],[(3, 5)],layered
546.528,actual,[(3, 5, 0.0, 0.6494390469332387)],[(3, 5)],layered
547.024,actual,[(3, 5, 0.0, 0.6494390469332387)],[(3, 5)],layered
547.520,actual,[(3, 5, 0.0, 0.6494390469332387)],[(3, 5)],layered
548.016,actual,[(3, 5, 0.0, 0.6495118549563769)],[(3, 5)],layered
548.528,actual,[(3, 5, 0.0, 0.6494390469332387)],[(3, 5)],layered
549.024,actual,[(3, 5, 0.0, 0.6494390469332387)],[(3, 5)],layered
549.520,actual,[(3, 5, 0.0, 0.6494390469332387)],[(3, 5)],layered
550.016,actual,[(3, 5, 0.0, 0.6494390469332387)],[(3, 5)],layered
550.528,actual,[(3, 5, 0.0, 0.6494390469332387)],[(3, 5)],layered
551.024,actual,[(3, 5, 0.0, 0.6494390469332387)],[(3, 5)],layered
551.520,actual,[(3, 5, 0.0, 0.6494390469332387)],[(3, 5)],layered
552.016,actual,[(3, 5, 0.0, 0.6495118549563769)],[(3, 5)],layered
552.528,actual,[(3, 5, 0.0, 0.6494390469332387)],[(3, 5)],layered
553.024,actual,[(3, 5, 0.0, 0.6494390469332387)],[(3, 5)],layered
553.520,actual,[(3, 5, 0.0, 0.6494390469332387)],[(3, 5)],layered
554.016,actual,[(3, 5, 0.0, 0.6494390469332387)],[(3, 5)],layered
554.528,actual,[(3, 5, 0.0, 0.6494390469332387)],[(3, 5)],layered
555.024,actual,[(3, 5, 0.0, 0.6494390469332387)],[(3, 5)],layered
555.520,actual,[(3, 5, 0.0, 0.6494390469332387)],[(3, 5)],layered
556.016,actual,[(3, 5, 0.0, 0.6495118549563769)],[(3, 5)],layered
556.528,actual,[(3, 5, 0.0, 0.6494390469332387)],[(3, 5)],layered
557.024,actual,[(3, 5, 0.0, 0.6494390469332387)],[(3, 5)],layered
557.520,actual,[(3, 5, 0.0, 0.6494390469332387)],[(3, 5)],layered
558.016,actual,[(3, 5, 0.0, 0.6494390469332387)],[(3, 5)],layered
558.528,actual,[(3, 5, 0.0, 0.6494390469332387)],[(3, 5)],layered
559.024,actual,[(3, 5, 0.0, 0.6494390469332387)],[(3, 5)],layered
559.520,actual,[(3, 5, 0.0, 0.6494390469332387)],[(3, 5)],layered
560.016,actual,[(3, 5, 0.0, 0.6495118549563769)],[(3, 5)],layered
560.528,actual,[(3, 5, 0.0, 0.6494390469332387)],[(3, 5)],layered
561.024,actual,[(3, 5, 0.0, 0.6494390469332387)],[(3, 5)],layered
561.520,actual,[(3, 5, 0.0, 0.6494390469332387)],[(3, 5)],layered
562.016,actual,[(3, 5, 0.0, 0.6494390469332387)],[(3, 5)],layered
562.528,actual,[(3, 5, 0.0, 0.6494390469332387)],[(3, 5)],layered
563.024,actual,[(3, 5, 0.0, 0.6494390469332387)],[(3, 5)],layered
563.520,actual,[(3, 5, 0.0, 0.6494390469332387)],[(3, 5)],layered
564.016,actual,[(3, 5, 0.0, 0.6495118549563769)],[(3, 5)],layered
564.528,actual,[(3, 5, 0.0, 0.6494390469332387)],[(3, 5)],layered
565.024,actual,[(3, 5, 0.0, 0.6494390469332387)],[(3, 5)],layered
565.520,actual,[(3, 5, 0.0, 0.6494390469332387)],[(3, 5)],layered
566.016,actual,[(3, 5, 0.0, 0.6494390469332387)],[(3, 5)],layered
566.528,actual,[(3, 5, 0.0, 0.6494390469332387)],[(3, 5)],layered
567.024,actual,[(3, 5, 0.0, 0.6494390469332387)],[(3, 5)],layered
567.520,actual,[(3, 5, 0.0, 0.6494390469332387)],[(3, 5)],layered
568.016,actual,[(3, 5, 0.0, 0.6495118549563769)],[(3, 5)],layered
568.528,actual,[(3, 5, 0.0, 0.6494390469332387)],[(3, 5)],layered
569.024,actual,[(3, 5, 0.0, 0.6494390469332387)],[(3, 5)],layered
569.520,actual,[(3, 5, 0.0, 0.6494390469332387)],[(3, 5)],layered
570.016,actual,[(3, 5, 0.0, 0.6494390469332387)],[(3, 5)],layered
570.528,actual,[(3, 5, 0.0, 0.6494390469332387)],[(3, 5)],layered
571.024,actual,[(3, 5, 0.0, 0.6494390469332387)],[(3, 5)],layered
571.520,actual,[(3, 5, 0.0, 0.6494390469332387)],[(3, 5)],layered
572.016,actual,[(3, 5, 0.0, 0.6495118549563769)],[(3, 5)],layered
572.528,actual,[(3, 5, 0.0, 0.6494390469332387)],[(3, 5)],layered
573.024,actual,[(3, 5, 0.0, 0.6494390469332387)],[(3, 5)],layered
573.520,actual,[(3, 5, 0.0, 0.6494390469332387)],[(3, 5)],layered
574.016,actual,[(3, 5, 0.0, 0.6494390469332387)],[(3, 5)],layered
574.528,actual,[(3, 5, 0.0, 0.6494390469332387)],[(3, 5)],layered
575.024,actual,[(3, 5, 0.0, 0.6494390469332387)],[(3, 5)],layered
575.520,actual,[(3, 5, 0.0, 0.6494390469332387)],[(3, 5)],layered
576.016,actual,[(3, 5, 0.0, 0.6495118549563769)],[(3, 5)],layered
576.528,actual,[(3, 5, 0.0, 0.6494390469332387)],[(3, 5)],layered
577.024,actual,[(3, 5, 0.0, 0.6494390469332387)],[(3, 5)],layered
577.520,actual,[(3, 5, 0.0, 0.6494390469332387)],[(3, 5)],layered
578.016,actual,[(3, 5, 0.0, 0.6494390469332387)],[(3, 5)],layered
578.528,actual,[(3, 5, 0.0, 0.6494390469332387)],[(3, 5)],layered
579.024,actual,[(3, 5, 0.0, 0.6494390469332387)],[(3, 5)],layered
579.520,actual,[(3, 5, 0.0, 0.6494390469332387)],[(3, 5)],layered
580.016,actual,[(3, 5, 0.0, 0.6495118549563769)],[(3, 5)],layered
580.528,actual,[(3, 5, 0.0, 0.6494390469332387)],[(3, 5)],layered
581.024,actual,[(3, 5, 0.0, 0.6494390469332387)],[(3, 5)],layered
581.520,actual,[(3, 5, 0.0, 0.6494390469332387)],[(3, 5)],layered
582.016,actual,[(3, 5, 0.0, 0.6494390469332387)],[(3, 5)],layered
582.528,actual,[(3, 5, 0.0, 0.6494390469332387)],[(3, 5)],layered
583.024,actual,[(3, 5, 0.0, 0.6494390469332387)],[(3, 5)],layered
583.520,actual,[(3, 5, 0.0, 0.6494390469332387)],[(3, 5)],layered
584.016,actual,[(3, 5, 0.0, 0.6495118549563769)],[(3, 5)],layered
584.528,actual,[(3, 5, 0.0, 0.6494390469332387)],[(3, 5)],layered
585.024,actual,[(3, 5, 0.0, 0.6494390469332387)],[(3, 5)],layered
585.520,actual,[(3, 5, 0.0, 0.6494390469332387)],[(3, 5)],layered
586.016,actual,[(3, 5, 0.0, 0.6494390469332387)],[(3, 5)],layered
586.528,actual,[(3, 5, 0.0, 0.6494390469332387)],[(3, 5)],layered
587.024,actual,[(3, 5, 0.0, 0.6494390469332387)],[(3, 5)],layered
587.520,actual,[(3, 5, 0.0, 0.6494390469332387)],[(3, 5)],layered
588.016,actual,[(3, 5, 0.0, 0.6495118549563769)],[(3, 5)],layered
588.528,actual,[(3, 5, 0.0, 0.6494390469332387)],[(3, 5)],layered
589.024,actual,[(3, 5, 0.0, 0.6494390469332387)],[(3, 5)],layered
589.520,actual,[(3, 5, 0.0, 0.6494390469332387)],[(3, 5)],layered
590.016,actual,[(3, 5, 0.0, 0.6494390469332387)],[(3, 5)],layered
590.528,actual,[(3, 5, 0.0, 0.6494390469332387)],[(3, 5)],layered
591.024,actual,[(3, 5, 0.0, 0.6494390469332387)],[(3, 5)],layered
591.520,actual,[(3, 5, 0.0, 0.6494390469332387)],[(3, 5)],layered
592.016,actual,[(3, 5, 0.0, 0.6495118549563769)],[(3, 5)],layered
592.528,actual,[(3, 5, 0.0, 0.6494390469332387)],[(3, 5)],layered
593.024,actual,[(3, 5, 0.0, 0.6494390469332387)],[(3, 5)],layered
593.520,actual,[(3, 5, 0.0, 0.6494390469332387)],[(3, 5)],layered
594.016,actual,[(3, 5, 0.0, 0.6494390469332387)],[(3, 5)],layered
594.528,actual,[(3, 5, 0.0, 0.6494390469332387)],[(3, 5)],layered
595.024,actual,[(3, 5, 0.0, 0.6494390469332387)],[(3, 5)],layered
595.520,actual,[(3, 5, 0.0, 0.6494390469332387)],[(3, 5)],layered
596.016,actual,[(3, 5, 0.0, 0.6495118549563769)],[(3, 5)],layered
596.528,actual,[(3, 5, 0.0, 0.6494390469332387)],[(3, 5)],layered
597.024,actual,[(3, 5, 0.0, 0.6494390469332387)],[(3, 5)],layered
597.520,actual,[(3, 5, 0.0, 0.6494390469332387)],[(3, 5)],layered
598.016,actual,[(3, 5, 0.0, 0.6494390469332387)],[(3, 5)],layered
598.528,actual,[(3, 5, 0.0, 0.6494390469332387)],[(3, 5)],layered
599.024,actual,[(3, 5, 0.0, 0.6494390469332387)],[(3, 5)],layered
599.520,actual,[(3, 5, 0.0, 0.6494390469332387)],[(3, 5)],layered
