sim_time,trajectories,conflicts,components,actions
1.520,[1, 2, 3],[],,,
2.016,[1, 2, 3],[],,,
2.528,[1, 2, 3],[],,,
3.024,[1, 2, 3],[],,,
3.520,[1, 2, 3],[],,,
4.016,[1, 2, 3],[],,,
4.528,[1, 2, 3],[],,,
5.024,[1, 2, 3],[],,,
5.520,[1, 2, 3],[],,,
6.016,[1, 2, 3],[],,,
6.528,[1, 2, 3],[],,,
7.024,[1, 2, 3],[],,,
7.520,[1, 2, 3],[],,,
8.016,[1, 2, 3],[],,,
8.528,[1, 2, 3],[],,,
9.024,[1, 2, 3],[],,,
9.520,[1, 2, 3],[],,,
10.016,[1, 2, 3, 4],[],,,
10.528,[1, 2, 3, 4],[],,,
11.024,[1, 2, 3, 4],[],,,
11.520,[1, 2, 3, 4],[],,,
12.016,[1, 2, 3, 4],[],,,
12.528,[1, 2, 3, 4],[],,,
13.024,[1, 2, 3, 4],[],,,
13.520,[1, 2, 3, 4],[],,,
14.016,[1, 2, 3, 4],[],,,
14.528,[1, 2, 3, 4],[],,,
15.024,[1, 2, 3, 4],[],,,
15.520,[1, 2, 3, 4],[],,,
16.016,[1, 2, 3, 4],[],,,
16.528,[1, 2, 3, 4],[],,,
17.024,[1, 2, 3, 4],[],,,
17.520,[1, 2, 3, 4],[],,,
18.032,[1, 2, 3, 4],[],,,
18.528,[1, 2, 3, 4],[],,,
19.024,[1, 2, 3, 4],[],,,
19.520,[1, 2, 3, 4],[],,,
20.032,[1, 2, 3, 4],[],,,
20.528,[1, 2, 3, 4],[],,,
21.024,[1, 2, 3, 4],[],,,
21.520,[1, 2, 3, 4],[],,,
22.032,[1, 2, 3, 4],[],,,
22.528,[1, 2, 3, 4],[],,,
23.024,[1, 2, 3, 4],[],,,
23.520,[1, 2, 3, 4, 5, 7],[],,,
24.032,[1, 2, 3, 4, 5, 7],[],,,
24.528,[1, 2, 3, 4, 5, 7],[],,,
25.024,[1, 2, 3, 4, 5, 7],[],,,
25.520,[1, 2, 3, 4, 5, 7],[],,,
26.032,[1, 2, 3, 4, 5, 6, 7, 8],[],,,
26.528,[1, 2, 3, 4, 5, 6, 7, 8],[],,,
27.024,[1, 2, 3, 4, 5, 6, 7, 8],[],,,
27.520,[1, 2, 3, 4, 5, 6, 7, 8],[],,,
28.032,[1, 2, 3, 4, 5, 6, 7, 8],[],,,
28.528,[1, 2, 3, 4, 5, 6, 7, 8],[],,,
29.024,[1, 2, 3, 4, 5, 6, 7, 8],[],,,
29.520,[1, 2, 3, 4, 5, 6, 7, 8],[],,,
30.032,[1, 2, 3, 4, 5, 6, 7, 8],[],,,
30.528,[1, 2, 3, 4, 5, 6, 7, 8],[],,,
31.024,[1, 2, 3, 4, 5, 6, 7, 8],[],,,
31.520,[1, 2, 3, 4, 5, 6, 7, 8],[],,,
32.032,[1, 2, 3, 4, 5, 6, 7, 8],[],,,
32.528,[1, 2, 3, 4, 5, 6, 7, 8],[],,,
33.024,[1, 2, 3, 4, 5, 6, 7, 8],[],,,
33.520,[1, 2, 3, 4, 5, 6, 7, 8],[],,,
34.032,[1, 2, 3, 4, 5, 6, 7, 8],[],,,
34.528,[1, 2, 3, 4, 5, 6, 7, 8],[],,,
35.024,[1, 2, 3, 4, 5, 6, 7, 8],[],,,
35.520,[1, 2, 3, 4, 5, 6, 7, 8],[],,,
36.032,[1, 2, 3, 4, 5, 6, 7, 8],[],,,
36.528,[1, 2, 3, 4, 5, 6, 7, 8],[],,,
37.024,[1, 2, 3, 4, 5, 6, 7, 8],[],,,
37.520,[1, 2, 3, 4, 5, 6, 7, 8],[],,,
38.032,[1, 2, 3, 4, 5, 6, 7, 8],[],,,
38.528,[1, 2, 3, 4, 5, 6, 7, 8],[],,,
39.024,[1, 2, 3, 4, 5, 6, 7, 8],[],,,
39.520,[1, 2, 3, 4, 5, 6, 7, 8],[],,,
40.032,[1, 2, 3, 4, 5, 6, 7, 8],[],,,
40.528,[1, 2, 3, 4, 5, 6, 7, 8],[],,,
41.024,[1, 2, 3, 4, 5, 6, 7, 8],[],,,
41.520,[1, 2, 3, 4, 5, 6, 7, 8],[],,,
42.032,[1, 2, 3, 4, 5, 6, 7, 8],[],,,
42.528,[1, 2, 3, 4, 5, 6, 7, 8],[],,,
43.024,[1, 2, 3, 4, 5, 6, 7, 8],[],,,
43.520,[1, 2, 3, 4, 5, 6, 7, 8],[],,,
44.032,[1, 2, 3, 4, 5, 6, 7, 8],[],,,
44.528,[1, 2, 3, 4, 5, 6, 8],[],,,
45.024,[1, 2, 3, 4, 5, 6, 8],[],,,
45.520,[1, 2, 3, 4, 5, 6, 8],[],,,
46.032,[1, 2, 3, 4, 5, 6, 8],[],,,
46.528,[1, 2, 3, 4, 5, 6, 8],[],,,
47.024,[1, 2, 3, 4, 5, 6, 8],[],,,
47.520,[1, 2, 3, 4, 5, 6, 8],[],,,
48.032,[1, 2, 3, 4, 5, 6, 8],[],,,
48.528,[1, 2, 3, 4, 5, 6, 8],[],,,
49.024,[1, 2, 3, 4, 5, 6, 8],[],,,
49.520,[1, 2, 3, 4, 5, 6, 7, 8],[],,,
50.032,[1, 2, 3, 4, 5, 6, 7, 8],[],,,
50.528,[1, 2, 3, 4, 5, 6, 7, 8],[(2, 3, 2.25, 0.7129352733539693), (3, 5, 4.25, 0.7010905903323916)],,,
51.024,[1, 2, 3, 4, 5, 6, 7, 8],[],,,
51.520,[1, 2, 3, 4, 5, 6, 7, 8],[],,,
52.032,[1, 2, 3, 4, 5, 6, 7, 8],[],,,
52.528,[1, 2, 3, 4, 5, 6, 7, 8],[],,,
53.024,[1, 2, 3, 4, 5, 6, 7, 8],[],,,
53.520,[1, 2, 3, 4, 5, 6, 7, 8],[],,,
54.032,[1, 2, 3, 4, 5, 6, 7, 8],[],,,
54.528,[1, 2, 3, 4, 5, 6, 7, 8],[],,,
55.024,[1, 2, 3, 4, 5, 6, 7, 8],[],,,
55.520,[1, 2, 3, 4, 5, 6, 7, 8],[],,,
56.032,[1, 2, 3, 4, 5, 6, 7, 8],[],,,
56.528,[1, 2, 3, 4, 5, 6, 7, 8],[],,,
57.024,[1, 2, 3, 4, 5, 6, 7, 8],[],,,
57.520,[1, 2, 3, 4, 5, 6, 7, 8],[],,,
58.032,[1, 2, 3, 4, 5, 6, 7, 8],[],,,
58.528,[1, 2, 3, 4, 5, 6, 7, 8],[],,,
59.024,[1, 2, 3, 4, 5, 6, 7, 8],[],,,
59.520,[1, 2, 3, 4, 5, 6, 7, 8],[],,,
60.032,[1, 2, 3, 4, 5, 6, 7, 8],[(2, 3, 4.25, 0.771423639682329)],,,
60.528,[1, 2, 3, 4, 5, 6, 7, 8],[(2, 3, 4.5, 0.7713082055613857)],,,
61.024,[1, 2, 3, 4, 5, 6, 7, 8],[(2, 3, 4.75, 0.7776843386286638)],,,
61.520,[1, 2, 3, 4, 5, 6, 7, 8],[],,,
62.032,[1, 2, 3, 4, 5, 6, 7, 8],[],,,
62.528,[1, 2, 3, 4, 5, 6, 7, 8],[],,,
63.024,[1, 2, 3, 4, 5, 6, 7, 8],[(2, 3, 2.0, 0.77703392781842), (3, 5, 5.5, 0.7609082309387747)],,,
63.520,actual,[(2, 3, 0.0, 0.8435932559728725)],[(2, 3)],,
64.032,actual,[(2, 3, 0.0, 0.7994168544503082)],[(2, 3)],,
64.528,actual,[(2, 3, 0.0, 0.7436913980745026)],[(2, 3)],,
65.024,actual,[(2, 3, 0.0, 0.6856649679620863)],[(2, 3)],,
65.520,[1, 3, 4, 5, 6, 7, 8],[(3, 5, 5.5, 0.7660887406036971)],,,
66.032,[1, 3, 4, 5, 6, 7, 8],[(3, 5, 8.75, 0.7488346002249676)],,,
66.528,[1, 3, 4, 5, 6, 7, 8],[(3, 5, 8.25, 0.7651173762700868)],,,
67.024,[1, 3, 4, 5, 6, 7, 8],[(3, 5, 8.0, 0.7385564377507187)],,,
67.520,[1, 3, 4, 5, 6, 7, 8],[(3, 5, 7.75, 0.7369753735590103)],,,
68.032,[1, 3, 4, 5, 6, 7, 8],[(3, 5, 7.5, 0.7411712604261299)],,,
68.528,[1, 3, 4, 5, 6, 7, 8],[(3, 5, 7.25, 0.7453627714068956)],,,
69.024,actual,[(2, 3, 0.0, 0.7129486528407896)],[(2, 3)],,
69.520,actual,[(2, 3, 0.0, 0.7236731976614587)],[(2, 3)],,
70.032,actual,[(2, 3, 0.0, 0.7417367491822117)],[(2, 3)],,
70.528,actual,[(2, 3, 0.0, 0.7595765594895414)],[(2, 3)],,
71.024,actual,[(2, 3, 0.0, 0.7784016219378448)],[(2, 3)],,
71.520,actual,[(2, 3, 0.0, 0.7982697663207268)],[(2, 3)],,
72.032,actual,[(2, 3, 0.0, 0.8205998583000077), (3, 5, 0.0, 0.8424815577919399)],[(2, 3, 5)],,
72.528,actual,[(2, 3, 0.0, 0.8403695120856874), (3, 5, 0.0, 0.8254051034674718)],[(2, 3, 5)],,
73.024,actual,[(3, 5, 0.0, 0.8107598194672084)],[(3, 5)],,
73.520,actual,[(3, 5, 0.0, 0.8049645296833117)],[(3, 5)],,
74.032,actual,[(3, 5, 0.0, 0.8062152237645827)],[(3, 5)],,
74.528,actual,[(3, 5, 0.0, 0.8065129485269636)],[(3, 5)],,
75.024,actual,[(3, 5, 0.0, 0.7830788519800308)],[(3, 5)],,
75.520,actual,[(3, 5, 0.0, 0.7556458724671253)],[(3, 5)],,
76.032,actual,[(3, 5, 0.0, 0.7529024791674951)],[(3, 5)],,
76.528,actual,[(3, 5, 0.0, 0.7600625850210637)],[(3, 5)],,
77.024,actual,[(2, 3, 0.0, 0.829071715126436), (3, 5, 0.0, 0.7606209124958766)],[(2, 3, 5)],,
77.520,actual,[(2, 3, 0.0, 0.7995471908875049), (3, 5, 0.0, 0.7649103479767618)],[(2, 3, 5)],,
78.032,actual,[(2, 3, 0.0, 0.7673160331452837), (3, 5, 0.0, 0.7752960618270606)],[(2, 3, 5)],,
78.528,actual,[(2, 3, 0.0, 0.7402709235864458), (3, 5, 0.0, 0.7903830089086876)],[(2, 3, 5)],,
79.024,actual,[(2, 3, 0.0, 0.7339493508268559), (3, 5, 0.0, 0.7967967862895347)],[(2, 3, 5)],,
79.520,actual,[(2, 3, 0.0, 0.7276926557785491), (3, 5, 0.0, 0.7990590760013893)],[(2, 3, 5)],,
80.016,actual,[(2, 3, 0.0, 0.6993606393373019), (3, 5, 0.0, 0.8017475010486423)],[(2, 3, 5)],,
80.528,actual,[(2, 3, 0.0, 0.8052318240857763)],[(2, 3)],,
81.024,actual,[(2, 3, 0.0, 0.8457516889849713)],[(2, 3)],,
81.520,[1, 2, 3, 4, 6, 7, 8],[],,,
82.016,actual,[(3, 5, 0.0, 0.71304154194351)],[(3, 5)],,
82.528,actual,[(3, 5, 0.0, 0.6904121651173573)],[(3, 5)],,
83.024,[1, 2, 3, 4, 6, 7, 8],[(1, 6, 10.0, 0.7298767890318588)],,,
83.520,actual,[(3, 5, 0.0, 0.7416310639348138)],[(3, 5)],,
84.016,actual,[(3, 5, 0.0, 0.7085793202313078)],[(3, 5)],,
84.528,actual,[(3, 5, 0.0, 0.6890521530363768)],[(3, 5)],,
85.024,actual,[(2, 3, 0.0, 0.8266199046013843)],[(2, 3)],,
85.520,actual,[(3, 5, 0.0, 0.7559334234405094)],[(3, 5)],,
86.016,actual,[(3, 5, 0.0, 0.7034125027057978)],[(3, 5)],,
86.528,actual,[(3, 5, 0.0, 0.6631025728363035)],[(3, 5)],,
87.024,[1, 2, 3, 4, 6, 7, 8],[(1, 6, 8.75, 0.7777331446187861), (2, 3, 1.5, 0.740173336906965)],,,
87.520,actual,[(3, 5, 0.0, 0.7309530098248137)],[(3, 5)],,
88.016,actual,[(3, 5, 0.0, 0.6838740052136986)],[(3, 5)],,
88.528,actual,[(3, 5, 0.0, 0.7012975544619319)],[(3, 5)],,
89.024,actual,[(3, 5, 0.0, 0.7129311379953417)],[(3, 5)],,
89.520,actual,[(3, 5, 0.0, 0.7086543801093971)],[(3, 5)],,
90.016,actual,[(3, 5, 0.0, 0.6934547127594646)],[(3, 5)],,
90.528,actual,[(3, 5, 0.0, 0.6898929475773472)],[(3, 5)],,
91.024,[1, 2, 3, 4, 6, 7, 8],[(1, 6, 9.25, 0.7636785385826518)],,,
91.520,actual,[(2, 5, 0.0, 0.6696700666593143)],[(2, 5)],,
92.016,actual,[(2, 5, 0.0, 0.6872049727538265)],[(2, 5)],,
92.528,actual,[(2, 5, 0.0, 0.6958955196900494)],[(2, 5)],,
93.024,[1, 3, 4, 5, 6, 7, 8],[],,,
93.520,[1, 3, 4, 5, 6, 7, 8],[],,,
94.016,[1, 3, 4, 5, 6, 7, 8],[],,,
94.528,[1, 3, 4, 5, 6, 7, 8],[],,,
95.024,[1, 3, 4, 5, 6, 7, 8],[],,,
95.520,[1, 3, 4, 5, 6, 7, 8],[],,,
96.016,[1, 3, 4, 5, 6, 7, 8],[],,,
96.528,[1, 3, 4, 5, 6, 7, 8],[],,,
97.024,[1, 3, 4, 5, 6, 7, 8],[],,,
97.520,[1, 2, 3, 4, 5, 6, 7, 8],[(1, 6, 1.75, 0.7692521664439612), (1, 8, 4.75, 0.7616748660202004)],,,
98.016,[1, 2, 3, 4, 5, 6, 7, 8],[],,,
98.528,[1, 2, 3, 4, 5, 6, 7, 8],[],,,
99.024,[1, 2, 3, 4, 5, 6, 7, 8],[],,,
99.520,[1, 2, 3, 4, 5, 6, 7, 8],[],,,
100.016,[1, 2, 3, 4, 5, 6, 7, 8],[],,,
100.528,[1, 2, 3, 4, 5, 6, 7, 8],[],,,
101.024,[1, 2, 3, 4, 5, 6, 7, 8],[],,,
101.520,[1, 2, 3, 4, 5, 6, 7, 8],[],,,
102.016,[1, 2, 3, 4, 5, 6, 7, 8],[],,,
102.528,[1, 2, 3, 4, 5, 6, 7, 8],[],,,
103.024,[1, 2, 3, 4, 5, 6, 7, 8],[],,,
103.520,[1, 2, 3, 4, 5, 6, 7, 8],[],,,
104.016,[1, 2, 3, 4, 5, 6, 7, 8],[],,,
104.528,[1, 2, 3, 4, 5, 6, 7, 8],[],,,
105.024,[1, 2, 3, 4, 5, 6, 7, 8],[],,,
105.520,[1, 2, 3, 4, 5, 6, 7, 8],[],,,
106.016,[1, 2, 3, 4, 5, 6, 7, 8],[],,,
106.528,actual,[(1, 6, 0.0, 0.8452171119713588)],[(1, 6)],,
107.024,actual,[(1, 6, 0.0, 0.8010953261715347)],[(1, 6)],,
107.520,actual,[(1, 6, 0.0, 0.7814921938131093)],[(1, 6)],,
108.016,actual,[(1, 6, 0.0, 0.7640307375940424)],[(1, 6)],,
108.528,actual,[(1, 6, 0.0, 0.7464804830540255)],[(1, 6)],,
109.024,actual,[(1, 6, 0.0, 0.7332794591534645)],[(1, 6)],,
109.520,actual,[(1, 6, 0.0, 0.7227714360990688)],[(1, 6)],,
110.016,actual,[(1, 6, 0.0, 0.7157158181743014)],[(1, 6)],,
110.528,actual,[(1, 6, 0.0, 0.7112680040717952)],[(1, 6)],,
111.024,actual,[(1, 6, 0.0, 0.709010001284504)],[(1, 6)],,
111.520,actual,[(1, 6, 0.0, 0.709085922877775)],[(1, 6)],,
112.016,actual,[(1, 6, 0.0, 0.7113507293132469)],[(1, 6)],,
112.528,actual,[(1, 6, 0.0, 0.6962394209092286)],[(1, 6)],,
113.024,[1, 2, 3, 4, 5, 7, 8],[],,,
113.520,[1, 2, 3, 4, 5, 6, 7, 8],[],,,
114.016,[1, 2, 3, 4, 5, 6, 7, 8],[],,,
114.528,[1, 2, 3, 4, 5, 6, 7, 8],[],,,
115.024,[1, 2, 3, 4, 5, 6, 7, 8],[],,,
115.520,[1, 2, 3, 4, 5, 6, 7, 8],[],,,
116.016,[1, 2, 3, 4, 5, 6, 7, 8],[],,,
116.528,[1, 2, 3, 4, 5, 6, 7, 8],[],,,
117.024,[1, 2, 3, 4, 5, 6, 7, 8],[],,,
117.520,[1, 2, 3, 4, 5, 6, 7, 8],[],,,
118.016,[1, 2, 3, 4, 5, 6, 7, 8],[],,,
118.528,[1, 2, 3, 4, 5, 6, 7, 8],[],,,
119.024,[1, 2, 3, 4, 5, 6, 7, 8],[],,,
119.520,[1, 2, 3, 4, 5, 6, 7, 8],[],,,
120.016,[1, 2, 3, 4, 5, 6, 7, 8],[],,,
120.528,[1, 2, 3, 4, 5, 6, 7, 8],[],,,
121.024,[1, 2, 3, 4, 5, 6, 7, 8],[],,,
121.520,[1, 2, 3, 4, 5, 6, 7, 8],[],,,
122.016,[1, 2, 3, 4, 5, 6, 7, 8],[],,,
122.528,[1, 2, 3, 4, 5, 6, 7, 8],[],,,
123.024,[1, 2, 3, 4, 5, 6, 7, 8],[],,,
123.520,[1, 2, 3, 4, 5, 6, 7, 8],[],,,
124.016,[1, 2, 3, 4, 5, 6, 7, 8],[],,,
124.528,[1, 2, 3, 4, 5, 6, 7, 8],[],,,
125.024,[1, 2, 3, 4, 5, 6, 7, 8],[],,,
125.520,[1, 2, 3, 4, 5, 6, 7, 8],[],,,
126.016,[1, 2, 3, 4, 5, 6, 7, 8],[],,,
126.528,[1, 2, 3, 4, 5, 6, 7, 8],[],,,
127.024,[1, 2, 3, 4, 5, 6, 7, 8],[],,,
127.520,[1, 2, 3, 4, 5, 6, 7, 8],[],,,
128.016,[1, 2, 3, 4, 5, 6, 7, 8],[],,,
128.528,[1, 2, 3, 4, 5, 6, 7, 8],[],,,
129.024,[1, 2, 3, 4, 5, 6, 7, 8],[],,,
129.520,[1, 2, 3, 4, 5, 6, 7, 8],[],,,
130.016,[1, 2, 3, 4, 5, 6, 7, 8],[],,,
130.528,[1, 2, 3, 4, 5, 6, 7, 8],[],,,
131.024,[1, 2, 3, 4, 5, 6, 7, 8],[],,,
131.520,[1, 2, 3, 4, 5, 6, 7, 8],[],,,
132.016,[1, 2, 3, 4, 5, 6, 7, 8],[],,,
132.528,[1, 2, 3, 4, 5, 6, 7, 8],[],,,
133.024,[1, 2, 3, 4, 5, 6, 7, 8],[],,,
133.520,[1, 2, 3, 4, 5, 6, 7, 8],[],,,
134.016,[1, 2, 3, 4, 5, 6, 7, 8],[],,,
134.528,[1, 2, 3, 4, 5, 6, 7, 8],[],,,
135.024,[1, 2, 3, 4, 5, 6, 7, 8],[],,,
135.520,[1, 2, 3, 4, 5, 6, 7, 8],[],,,
136.016,[1, 2, 3, 4, 5, 6, 7, 8],[],,,
136.528,[1, 2, 3, 4, 5, 6, 7, 8],[],,,
137.024,[1, 2, 3, 4, 5, 6, 7, 8],[],,,
137.520,[1, 2, 3, 4, 5, 6, 7, 8],[],,,
138.016,[1, 2, 3, 4, 5, 6, 7, 8],[],,,
138.528,[1, 2, 3, 4, 5, 6, 7, 8],[(1, 4, 8.0, 0.7764455636442749)],,,
139.024,[1, 2, 3, 4, 5, 6, 7, 8],[(1, 4, 8.25, 0.76985135119619)],,,
139.520,[1, 2, 3, 4, 5, 6, 7, 8],[],,,
140.016,[1, 2, 3, 4, 5, 6, 7, 8],[],,,
140.528,[1, 2, 3, 4, 5, 6, 7, 8],[],,,
141.024,[1, 2, 3, 4, 5, 6, 7, 8],[],,,
141.520,[1, 2, 3, 4, 5, 6, 7, 8],[],,,
142.016,[1, 2, 3, 4, 5, 6, 7, 8],[],,,
142.528,[1, 2, 3, 4, 5, 6, 7, 8],[],,,
143.024,[1, 2, 3, 4, 5, 6, 7, 8],[],,,
143.520,[1, 2, 3, 4, 5, 6, 7, 8],[],,,
144.016,[1, 2, 3, 4, 5, 6, 7, 8],[],,,
144.528,[1, 2, 3, 4, 5, 6, 7, 8],[],,,
145.024,[1, 2, 3, 4, 5, 6, 7, 8],[],,,
145.520,[1, 2, 3, 4, 5, 6, 7, 8],[],,,
146.016,[1, 2, 3, 4, 5, 6, 7, 8],[],,,
146.528,[1, 2, 3, 4, 5, 6, 7, 8],[],,,
147.024,[1, 2, 3, 4, 5, 6, 7, 8],[],,,
147.520,[1, 2, 3, 4, 5, 6, 7, 8],[],,,
148.016,[1, 2, 3, 4, 5, 6, 7, 8],[],,,
148.528,[1, 2, 3, 4, 5, 6, 7, 8],[],,,
149.024,[1, 2, 3, 4, 5, 6, 7, 8],[],,,
149.520,[1, 2, 3, 4, 5, 6, 7, 8],[],,,
150.016,[1, 2, 3, 4, 5, 6, 7, 8],[],,,
150.528,[1, 2, 3, 4, 5, 6, 7, 8],[(1, 4, 1.75, 0.7760418910207212)],,,
151.024,[1, 2, 3, 4, 5, 6, 7, 8],[],,,
151.520,[1, 2, 3, 4, 5, 6, 7, 8],[(3, 7, 8.0, 0.7689824345571017)],,,
152.016,[1, 2, 3, 4, 5, 6, 7, 8],[],,,
152.528,[1, 2, 3, 4, 5, 6, 7, 8],[(3, 7, 8.0, 0.7667170724780703)],,,
153.024,[1, 2, 3, 4, 5, 6, 7, 8],[(3, 7, 8.0, 0.7567038819671382)],,,
153.520,[1, 2, 3, 4, 5, 6, 7, 8],[(3, 7, 8.0, 0.771852447184396)],,,
154.016,[1, 2, 3, 4, 5, 6, 7, 8],[(3, 7, 8.25, 0.7779379615832209)],,,
154.528,[1, 2, 3, 4, 5, 6, 7, 8],[(3, 7, 8.75, 0.7700810839308495)],,,
155.024,[1, 2, 3, 4, 5, 6, 7, 8],[(3, 7, 9.0, 0.7747967889813907)],,,
155.520,[1, 2, 3, 4, 5, 6, 7, 8],[(1, 8, 3.75, 0.7481375605359689)],,,
156.016,[1, 2, 3, 4, 5, 6, 7, 8],[],,,
156.528,[1, 2, 3, 4, 5, 6, 7, 8],[],,,
157.024,[1, 2, 3, 4, 5, 6, 7, 8],[],,,
157.520,[1, 2, 3, 4, 5, 6, 7, 8],[],,,
158.032,[1, 2, 3, 4, 5, 6, 7, 8],[],,,
158.528,[1, 2, 3, 4, 5, 6, 7, 8],[],,,
159.024,[1, 2, 3, 4, 5, 6, 7, 8],[],,,
159.520,[1, 2, 3, 4, 5, 6, 7, 8],[],,,
160.032,[1, 2, 3, 4, 5, 6, 7, 8],[],,,
160.528,[1, 2, 3, 4, 5, 6, 7, 8],[(3, 7, 6.5, 0.7633121544021265)],,,
161.024,[1, 2, 3, 4, 5, 6, 7, 8],[],,,
161.520,[1, 2, 3, 4, 5, 6, 7, 8],[],,,
162.032,[1, 2, 3, 4, 5, 6, 7, 8],[(3, 7, 1.75, 0.7781354034628964)],,,
162.528,[1, 2, 3, 4, 5, 6, 7, 8],[(3, 7, 1.25, 0.7742412658826963)],,,
163.024,[1, 2, 3, 4, 5, 6, 7, 8],[],,,
163.520,[1, 2, 3, 4, 5, 6, 7, 8],[(3, 7, 1.5, 0.7423245671986792)],,,
164.032,[1, 2, 3, 4, 5, 6, 7, 8],[(3, 7, 2.0, 0.7393790874321091)],,,
164.528,[1, 2, 3, 4, 5, 6, 7, 8],[(3, 7, 4.75, 0.7613129108469783)],,,
165.024,[1, 2, 3, 4, 5, 6, 7, 8],[(3, 7, 4.0, 0.7423386997551761)],,,
165.520,[1, 2, 3, 4, 5, 6, 7, 8],[(3, 7, 3.5, 0.7548114485159911)],,,
166.032,[1, 2, 3, 4, 5, 6, 7, 8],[(3, 7, 2.75, 0.7634070319666368)],,,
166.528,[1, 2, 3, 4, 5, 6, 7, 8],[(3, 7, 2.0, 0.7343518007587638)],,,
167.024,[1, 2, 3, 4, 5, 6, 7, 8],[(1, 5, 6.75, 0.7763843312958224)],,,
167.520,[1, 2, 3, 4, 5, 6, 7, 8],[(1, 5, 7.0, 0.7684493096539875)],,,
168.032,[1, 2, 3, 4, 5, 6, 7, 8],[(1, 5, 7.25, 0.7673897414038304)],,,
168.528,[1, 2, 3, 4, 5, 6, 7, 8],[(1, 5, 7.5, 0.7595626015069183)],,,
169.024,[1, 2, 3, 4, 5, 6, 7, 8],[],,,
169.520,[1, 2, 3, 4, 5, 6, 7, 8],[],,,
170.032,[1, 2, 3, 4, 5, 6, 7, 8],[],,,
170.528,[1, 2, 3, 4, 5, 6, 7, 8],[],,,
171.024,[1, 2, 3, 4, 5, 6, 7, 8],[],,,
171.520,[1, 2, 3, 4, 5, 6, 7, 8],[],,,
172.032,[1, 2, 3, 4, 5, 6, 7, 8],[],,,
172.528,[1, 2, 3, 4, 5, 6, 7, 8],[],,,
173.024,[1, 2, 3, 4, 5, 6, 7, 8],[],,,
173.520,[1, 2, 3, 4, 5, 6, 7, 8],[],,,
174.032,[1, 2, 3, 4, 5, 6, 7, 8],[],,,
174.528,[1, 2, 3, 4, 5, 6, 7, 8],[],,,
175.024,[1, 2, 3, 4, 5, 6, 7, 8],[],,,
175.520,[1, 2, 3, 4, 5, 6, 7, 8],[],,,
176.032,[1, 2, 3, 4, 5, 6, 7, 8],[],,,
176.528,[1, 2, 3, 4, 5, 6, 7, 8],[],,,
177.024,[1, 2, 3, 4, 5, 6, 7, 8],[],,,
177.520,[1, 2, 3, 4, 5, 6, 7, 8],[],,,
178.032,[1, 2, 3, 4, 5, 6, 7, 8],[],,,
178.528,[1, 2, 3, 4, 5, 6, 7, 8],[],,,
179.024,[1, 2, 3, 4, 5, 6, 7, 8],[],,,
179.520,[1, 2, 3, 4, 5, 6, 7, 8],[],,,
180.032,[1, 2, 3, 4, 5, 6, 7, 8],[],,,
180.528,[1, 2, 3, 4, 5, 6, 7, 8],[],,,
181.024,[1, 2, 3, 4, 5, 6, 7, 8],[],,,
181.520,[1, 2, 3, 4, 5, 6, 7, 8],[],,,
182.032,[1, 2, 3, 4, 5, 6, 7, 8],[],,,
182.528,[1, 2, 3, 4, 5, 6, 7, 8],[],,,
183.024,[1, 2, 3, 4, 5, 6, 7, 8],[],,,
183.520,[1, 2, 3, 4, 5, 6, 7, 8],[],,,
184.032,[1, 2, 3, 4, 5, 6, 7, 8],[],,,
184.528,[1, 2, 3, 4, 5, 6, 7, 8],[],,,
185.024,[1, 2, 3, 4, 5, 6, 7, 8],[],,,
185.520,[1, 2, 3, 4, 5, 6, 7, 8],[],,,
186.032,[1, 2, 3, 4, 5, 6, 7, 8],[],,,
186.528,[1, 2, 3, 4, 5, 6, 7, 8],[],,,
187.024,[1, 2, 3, 4, 5, 6, 7, 8],[],,,
187.520,[1, 2, 3, 4, 5, 6, 7, 8],[],,,
188.032,[1, 2, 3, 4, 5, 6, 7, 8],[],,,
188.528,[1, 2, 3, 4, 5, 6, 7, 8],[],,,
189.024,[1, 2, 3, 4, 5, 6, 7, 8],[],,,
189.520,[1, 2, 3, 4, 5, 6, 7, 8],[],,,
190.032,[1, 2, 3, 4, 5, 6, 7, 8],[],,,
190.528,[1, 2, 3, 4, 5, 6, 7, 8],[],,,
191.024,[1, 2, 3, 4, 5, 6, 7, 8],[],,,
191.520,[1, 2, 3, 4, 5, 6, 7, 8],[],,,
192.032,[1, 2, 3, 4, 5, 6, 7, 8],[],,,
192.528,[1, 2, 3, 4, 5, 6, 7, 8],[],,,
193.024,[1, 2, 3, 4, 5, 6, 7, 8],[],,,
193.520,[1, 2, 3, 4, 5, 6, 7, 8],[],,,
194.032,[1, 2, 3, 4, 5, 6, 7, 8],[],,,
194.528,[1, 2, 3, 4, 5, 6, 7, 8],[],,,
195.024,[1, 2, 3, 4, 5, 6, 7, 8],[],,,
195.520,[1, 2, 3, 4, 5, 6, 7, 8],[],,,
196.032,[1, 2, 3, 4, 5, 6, 7, 8],[],,,
196.528,[1, 2, 3, 4, 5, 6, 7, 8],[],,,
197.024,[1, 2, 3, 4, 5, 6, 7, 8],[],,,
197.520,[1, 2, 3, 4, 5, 6, 7, 8],[],,,
198.032,[1, 2, 3, 4, 5, 6, 7, 8],[],,,
198.528,[1, 2, 3, 4, 5, 6, 7, 8],[],,,
199.024,[1, 2, 3, 4, 5, 6, 7, 8],[],,,
199.520,[1, 2, 3, 4, 5, 6, 7, 8],[],,,
200.032,[1, 2, 3, 4, 5, 6, 7, 8],[],,,
200.528,[1, 2, 3, 4, 5, 6, 7, 8],[],,,
201.024,[1, 2, 3, 4, 5, 6, 7, 8],[],,,
201.520,[1, 2, 3, 4, 5, 6, 7, 8],[],,,
202.032,[1, 2, 3, 4, 5, 6, 7, 8],[],,,
202.528,[2, 3, 4, 5, 6, 7, 8],[],,,
203.024,[1, 2, 3, 4, 5, 6, 7, 8],[],,,
203.520,[1, 2, 3, 4, 5, 6, 7, 8],[],,,
204.032,[1, 2, 3, 4, 5, 6, 7, 8],[],,,
204.528,[1, 2, 3, 4, 5, 6, 7, 8],[],,,
205.024,[1, 2, 3, 4, 5, 6, 7, 8],[],,,
205.520,[1, 2, 3, 4, 5, 6, 7, 8],[],,,
206.032,[1, 2, 3, 4, 5, 6, 7, 8],[],,,
206.528,[1, 2, 3, 4, 5, 6, 7, 8],[],,,
207.024,actual,[(2, 4, 0.0, 0.8124250546480359)],[(2, 4)],,
207.520,actual,[(2, 4, 0.0, 0.7844295696925279)],[(2, 4)],,
208.032,actual,[(2, 4, 0.0, 0.7476940330385481)],[(2, 4)],,
208.528,actual,[(2, 4, 0.0, 0.7133602784434477)],[(2, 4)],,
209.024,actual,[(2, 4, 0.0, 0.6820901658764223)],[(2, 4)],,
209.520,[1, 2, 3, 5, 6, 7, 8],[(6, 7, 7.75, 0.7504987119582895)],,,
210.032,[1, 2, 3, 5, 6, 7, 8],[(6, 7, 8.25, 0.7760645190965286)],,,
210.528,[1, 2, 3, 5, 6, 7, 8],[(6, 7, 8.5, 0.7651197220186372)],,,
211.024,[1, 2, 3, 5, 6, 7, 8],[(6, 7, 9.0, 0.7596841906882988)],,,
211.520,[1, 2, 3, 4, 5, 6, 7, 8],[],,,
212.032,[1, 2, 3, 4, 5, 6, 7, 8],[],,,
212.528,[1, 2, 3, 4, 5, 6, 7, 8],[],,,
213.024,[1, 2, 3, 4, 5, 6, 7, 8],[],,,
213.520,[1, 2, 3, 4, 5, 6, 7, 8],[],,,
214.032,[1, 2, 3, 4, 5, 6, 7, 8],[],,,
214.528,[1, 2, 3, 4, 5, 6, 7, 8],[(6, 7, 5.25, 0.7612135633422001)],,,
215.024,[1, 2, 3, 4, 5, 6, 7, 8],[],,,
215.520,[1, 2, 3, 4, 5, 6, 7, 8],[],,,
216.032,[1, 2, 3, 4, 5, 6, 7, 8],[],,,
216.528,[1, 2, 3, 4, 5, 6, 7, 8],[],,,
217.024,[1, 2, 3, 4, 5, 6, 7, 8],[],,,
217.520,[1, 2, 3, 4, 5, 6, 7, 8],[],,,
218.032,[1, 2, 3, 4, 5, 6, 7, 8],[],,,
218.528,[1, 2, 3, 4, 5, 6, 7, 8],[],,,
219.024,[1, 2, 3, 4, 5, 6, 7, 8],[],,,
219.520,[1, 2, 3, 4, 5, 6, 7, 8],[],,,
220.032,[1, 2, 3, 4, 5, 6, 7, 8],[],,,
220.528,[1, 2, 3, 4, 5, 6, 7, 8],[],,,
221.024,[1, 2, 3, 4, 5, 6, 7, 8],[],,,
221.520,[1, 2, 3, 4, 5, 6, 7, 8],[],,,
222.032,[1, 2, 3, 4, 5, 6, 7, 8],[],,,
222.528,[1, 2, 3, 4, 5, 6, 7, 8],[],,,
223.024,[1, 2, 3, 4, 5, 6, 7, 8],[],,,
223.520,[1, 2, 3, 4, 5, 6, 7, 8],[],,,
224.032,[1, 2, 3, 4, 5, 6, 7, 8],[],,,
224.528,[1, 2, 3, 4, 5, 6, 7, 8],[],,,
225.024,[1, 2, 3, 4, 5, 6, 7, 8],[],,,
225.520,[1, 2, 3, 4, 5, 6, 7, 8],[],,,
226.032,[1, 2, 3, 4, 5, 6, 7, 8],[],,,
226.528,[1, 2, 3, 4, 5, 6, 7, 8],[],,,
227.024,[1, 2, 3, 4, 5, 6, 7, 8],[],,,
227.520,[1, 2, 3, 4, 5, 6, 7, 8],[],,,
228.032,[1, 2, 3, 4, 5, 6, 7, 8],[],,,
228.528,[1, 2, 3, 4, 5, 6, 7, 8],[],,,
229.024,[1, 2, 3, 4, 5, 6, 7, 8],[],,,
229.520,[1, 2, 3, 4, 5, 6, 7, 8],[(2, 3, 9.5, 0.7645099117344755)],,,
230.032,[1, 2, 3, 4, 5, 6, 7, 8],[(2, 3, 9.25, 0.7768137213924833)],,,
230.528,[1, 2, 3, 4, 5, 6, 7, 8],[(2, 3, 9.25, 0.765564216780554)],,,
231.024,[1, 2, 3, 4, 5, 6, 7, 8],[],,,
231.520,[1, 2, 3, 4, 5, 6, 7, 8],[],,,
232.032,[1, 2, 3, 4, 5, 6, 7, 8],[],,,
232.528,[1, 2, 3, 4, 5, 6, 7, 8],[],,,
233.024,[1, 2, 3, 4, 5, 6, 7, 8],[],,,
233.520,[1, 2, 3, 4, 5, 6, 7, 8],[],,,
234.032,[1, 2, 3, 4, 5, 6, 7, 8],[],,,
234.528,[1, 2, 3, 4, 5, 6, 7, 8],[],,,
235.024,[1, 2, 3, 4, 5, 6, 7, 8],[],,,
235.520,[1, 2, 3, 4, 5, 6, 7, 8],[],,,
236.032,[1, 2, 3, 4, 5, 6, 7, 8],[],,,
236.528,[1, 2, 3, 4, 5, 6, 7, 8],[],,,
237.024,[1, 2, 3, 4, 5, 6, 7, 8],[],,,
237.520,[1, 2, 3, 4, 5, 6, 7, 8],[],,,
238.032,[1, 2, 3, 4, 5, 6, 7, 8],[],,,
238.528,[1, 2, 3, 4, 5, 6, 7, 8],[],,,
239.024,[1, 2, 3, 4, 5, 6, 7, 8],[(4, 6, 2.75, 0.7461981120483454)],,,
239.520,[1, 2, 3, 4, 5, 6, 7, 8],[],,,
240.032,[1, 2, 3, 4, 5, 6, 7, 8],[],,,
240.528,[1, 2, 3, 4, 5, 6, 7, 8],[],,,
241.024,[1, 2, 3, 4, 5, 6, 7, 8],[],,,
241.520,[1, 2, 3, 4, 5, 6, 7, 8],[],,,
242.032,[1, 2, 3, 4, 5, 6, 7, 8],[],,,
242.528,[1, 2, 3, 4, 5, 6, 7, 8],[],,,
243.024,[1, 2, 3, 4, 5, 6, 7, 8],[],,,
243.520,[1, 2, 3, 4, 5, 6, 7, 8],[],,,
244.032,[1, 2, 3, 4, 5, 6, 7, 8],[],,,
244.528,[1, 2, 3, 4, 5, 6, 7, 8],[],,,
245.024,[1, 2, 3, 4, 5, 6, 7, 8],[],,,
245.520,[1, 2, 3, 4, 5, 6, 7, 8],[],,,
246.032,[1, 2, 3, 4, 5, 6, 7, 8],[],,,
246.528,[1, 2, 3, 4, 5, 6, 7, 8],[],,,
247.024,[1, 2, 3, 4, 5, 6, 7, 8],[],,,
247.520,[1, 2, 3, 4, 5, 6, 7, 8],[],,,
248.032,[1, 2, 3, 4, 5, 6, 7, 8],[],,,
248.528,[1, 2, 3, 4, 5, 6, 7, 8],[],,,
249.024,[1, 2, 3, 4, 5, 6, 7, 8],[],,,
249.520,[1, 2, 3, 4, 5, 6, 7, 8],[],,,
250.032,[1, 2, 3, 4, 5, 6, 7, 8],[],,,
250.528,[1, 2, 3, 4, 5, 6, 7, 8],[],,,
251.024,[1, 2, 3, 4, 5, 6, 7, 8],[(6, 7, 7.5, 0.7790694833203018)],,,
251.520,[1, 2, 3, 4, 5, 6, 7, 8],[],,,
252.032,[1, 2, 3, 4, 5, 6, 7, 8],[],,,
252.528,[1, 2, 3, 4, 5, 6, 7, 8],[],,,
253.024,[1, 2, 3, 4, 5, 6, 7, 8],[(2, 6, 9.25, 0.762677129229205), (4, 6, 1.5, 0.7782074625743078), (6, 7, 9.0, 0.7636634362533975)],,,
253.520,[1, 2, 3, 4, 5, 6, 7, 8],[(4, 6, 2.0, 0.7652089602534635)],,,
254.032,[1, 2, 3, 4, 5, 6, 7, 8],[],,,
254.528,[1, 2, 3, 4, 5, 6, 7, 8],[],,,
255.024,[1, 2, 3, 4, 5, 6, 7, 8],[],,,
255.520,[1, 2, 3, 4, 5, 6, 7, 8],[],,,
256.032,[1, 2, 3, 4, 5, 6, 7, 8],[],,,
256.528,[1, 2, 3, 4, 5, 6, 7, 8],[(6, 7, 7.25, 0.7249757343597054)],,,
257.024,[1, 2, 3, 4, 5, 6, 7, 8],[],,,
257.520,[1, 2, 3, 4, 5, 6, 7, 8],[],,,
258.032,[1, 2, 3, 4, 5, 6, 7, 8],[],,,
258.528,[1, 2, 3, 4, 5, 6, 7, 8],[],,,
259.024,[1, 2, 3, 4, 5, 6, 7, 8],[],,,
259.520,[1, 2, 3, 4, 5, 6, 7, 8],[],,,
260.032,[1, 2, 3, 4, 5, 6, 7, 8],[],,,
260.528,[1, 2, 3, 4, 5, 6, 7, 8],[],,,
261.024,[1, 2, 3, 4, 5, 6, 7, 8],[],,,
261.520,[1, 2, 3, 4, 5, 6, 7, 8],[],,,
262.032,[1, 2, 3, 4, 5, 6, 7, 8],[],,,
262.528,[1, 2, 3, 4, 5, 6, 7, 8],[],,,
263.024,[1, 2, 3, 4, 5, 6, 7, 8],[],,,
263.520,[1, 2, 3, 4, 5, 6, 7, 8],[],,,
264.032,[1, 2, 3, 4, 5, 6, 7, 8],[],,,
264.528,[1, 2, 3, 4, 5, 6, 7, 8],[],,,
265.024,[1, 2, 3, 4, 5, 6, 7, 8],[],,,
265.520,[1, 2, 3, 4, 5, 6, 7, 8],[],,,
266.032,[1, 2, 3, 4, 5, 6, 7, 8],[],,,
266.528,[1, 2, 3, 4, 5, 6, 7, 8],[],,,
267.024,[1, 2, 3, 4, 5, 6, 7, 8],[],,,
267.520,[1, 2, 3, 4, 5, 6, 7, 8],[],,,
268.032,[1, 2, 3, 4, 5, 6, 7, 8],[],,,
268.528,[1, 2, 3, 4, 5, 6, 7, 8],[],,,
269.024,[1, 2, 3, 4, 5, 6, 7, 8],[],,,
269.520,[1, 2, 3, 4, 5, 6, 7, 8],[],,,
270.032,[1, 2, 3, 4, 5, 6, 7, 8],[],,,
270.528,[1, 2, 3, 4, 5, 6, 7, 8],[],,,
271.024,[1, 2, 3, 4, 5, 6, 7, 8],[],,,
271.520,[1, 2, 3, 4, 5, 6, 7, 8],[],,,
272.032,[1, 2, 3, 4, 5, 6, 7, 8],[],,,
272.528,[1, 2, 3, 4, 5, 6, 7, 8],[],,,
273.024,[1, 2, 3, 4, 5, 6, 7, 8],[],,,
273.520,[1, 2, 3, 4, 5, 6, 7, 8],[],,,
274.032,[1, 2, 3, 4, 5, 6, 7, 8],[],,,
274.528,actual,[(2, 6, 0.0, 0.839136092226719)],[(2, 6)],,
275.024,actual,[(2, 6, 0.0, 0.8340392457492583)],[(2, 6)],,
275.520,[1, 2, 3, 4, 5, 6, 7, 8],[(2, 6, 9.5, 0.7725433549043221), (6, 7, 6.25, 0.7568760174636556)],,,
276.032,[1, 2, 3, 4, 5, 6, 7, 8],[],,,
276.528,actual,[(2, 6, 0.0, 0.8347237456690483)],[(2, 6)],,
277.024,actual,[(2, 6, 0.0, 0.8252127549928381)],[(2, 6)],,
277.520,actual,[(2, 6, 0.0, 0.8249118328087008)],[(2, 6)],,
278.032,[1, 2, 3, 4, 5, 6, 7, 8],[(2, 6, 9.0, 0.7396034918162793), (6, 7, 8.0, 0.7686099298442772)],,,
278.528,[1, 2, 3, 4, 5, 6, 7, 8],[],,,
279.024,[1, 2, 3, 4, 5, 6, 7, 8],[],,,
279.520,[1, 2, 3, 4, 5, 6, 7, 8],[],,,
280.032,[1, 2, 3, 4, 5, 6, 7, 8],[],,,
280.528,[1, 2, 3, 4, 5, 6, 7, 8],[],,,
281.024,[1, 2, 3, 4, 5, 6, 7, 8],[(2, 7, 8.5, 0.7575316923547516)],,,
281.520,[1, 2, 3, 4, 5, 6, 7, 8],[(2, 7, 8.5, 0.769942322772322), (6, 7, 1.0, 0.7646276276849074)],,,
282.032,[1, 2, 3, 4, 5, 6, 7, 8],[],,,
282.528,[1, 2, 3, 4, 5, 6, 7, 8],[],,,
283.024,[1, 2, 3, 4, 5, 6, 7, 8],[],,,
283.520,[1, 2, 3, 4, 5, 6, 7, 8],[],,,
284.032,[1, 2, 3, 4, 5, 6, 7, 8],[],,,
284.528,actual,[(2, 6, 0.0, 0.8369471127787402)],[(2, 6)],,
285.024,[1, 2, 3, 4, 5, 6, 7, 8],[(2, 6, 8.0, 0.7542698719240817)],,,
285.520,actual,[(2, 6, 0.0, 0.8264201285100418)],[(2, 6)],,
286.032,actual,[(2, 6, 0.0, 0.8198504455355528)],[(2, 6)],,
286.528,actual,[(2, 6, 0.0, 0.8267022138749723)],[(2, 6)],,
287.024,actual,[(2, 6, 0.0, 0.830506115335313)],[(2, 6)],,
287.520,actual,[(2, 6, 0.0, 0.8181283094795527)],[(2, 6)],,
288.032,actual,[(2, 6, 0.0, 0.7974541757275774)],[(2, 6)],,
288.528,actual,[(2, 6, 0.0, 0.7865518464946136)],[(2, 6)],,
289.024,actual,[(2, 6, 0.0, 0.7665598679837299)],[(2, 6)],,
289.520,actual,[(2, 6, 0.0, 0.7213529538980755)],[(2, 6)],,
290.032,actual,[(2, 6, 0.0, 0.6746573903672807)],[(2, 6)],,
290.528,[2, 3, 4, 5, 7, 8],[(2, 3, 8.0, 0.7732174469207944)],,,
291.024,actual,[(3, 6, 0.0, 0.6675254597620381)],[(3, 6)],,
291.520,actual,[(3, 6, 0.0, 0.6690031344283707)],[(3, 6)],,
292.032,[2, 4, 5, 6, 7, 8],[(2, 6, 2.0, 0.7627912377623338)],,,
292.528,[2, 4, 5, 6, 7, 8],[(2, 6, 5.0, 0.7727397365142241)],,,
293.024,[2, 4, 5, 6, 7, 8],[(2, 6, 5.25, 0.7644668784358737)],,,
293.520,[2, 4, 5, 6, 7, 8],[(2, 6, 5.25, 0.7724982588136315)],,,
294.032,[1, 2, 4, 6, 7, 8],[(2, 6, 5.5, 0.7642685663075389)],,,
294.528,[1, 2, 4, 5, 6, 7, 8],[(2, 6, 5.5, 0.7720580482962113)],,,
295.024,[1, 2, 4, 5, 6, 7, 8],[(2, 6, 5.5, 0.7797739534549455)],,,
295.520,actual,[(2, 3, 0.0, 0.7146494973378696), (3, 6, 0.0, 0.25929716094524996)],[(2, 3, 6)],,
296.032,[1, 2, 3, 4, 5, 6, 7, 8],[(2, 3, 0.75, 0.7544718974614699), (3, 6, 1.5, 0.7700695069105223)],,,
296.528,[1, 2, 3, 4, 5, 6, 7, 8],[(2, 3, 0.5, 0.7515134287857276), (3, 6, 1.5, 0.760120915216048)],,,
297.024,[1, 2, 3, 4, 5, 6, 7, 8],[(2, 3, 8.5, 0.7658824442712927)],,,
297.520,actual,[(2, 3, 0.0, 0.8490225685322776)],[(2, 3)],,
298.032,[1, 2, 3, 4, 5, 6, 7, 8],[],,,
298.528,[1, 2, 3, 4, 5, 6, 7, 8],[],,,
299.024,[1, 2, 3, 4, 5, 6, 7, 8],[],,,
299.520,[1, 2, 3, 4, 5, 6, 7, 8],[],,,
300.032,[1, 2, 3, 4, 5, 6, 7, 8],[],,,
300.528,[1, 2, 3, 4, 5, 6, 7, 8],[],,,
301.024,[1, 2, 3, 4, 5, 6, 7, 8],[],,,
301.520,[1, 2, 3, 4, 5, 6, 7, 8],[],,,
302.016,[1, 2, 3, 4, 5, 6, 7, 8],[],,,
302.528,[1, 2, 3, 4, 5, 6, 7, 8],[],,,
303.024,[1, 2, 3, 4, 5, 6, 7, 8],[],,,
303.520,[1, 2, 3, 4, 5, 6, 7, 8],[],,,
304.016,[1, 2, 3, 4, 5, 6, 7, 8],[],,,
304.528,[1, 2, 3, 4, 5, 6, 7, 8],[],,,
305.024,[1, 2, 3, 4, 5, 6, 7, 8],[],,,
305.520,[1, 2, 3, 4, 5, 6, 7, 8],[],,,
306.016,[1, 2, 3, 4, 5, 6, 7, 8],[],,,
306.528,[1, 2, 3, 4, 5, 6, 7, 8],[],,,
307.024,[1, 2, 3, 4, 5, 6, 7, 8],[],,,
307.520,[1, 2, 3, 4, 5, 6, 7, 8],[(2, 3, 1.5, 0.7640535467240961), (3, 6, 1.5, 0.7742300035780713)],,,
308.016,[1, 2, 3, 4, 5, 6, 7, 8],[(2, 3, 4.5, 0.7794645089093638), (3, 6, 4.0, 0.7790490173129645)],,,
308.528,[1, 2, 3, 4, 5, 6, 7, 8],[(2, 3, 2.25, 0.7700031473450496), (3, 6, 5.0, 0.7760911278810795)],,,
309.024,[1, 2, 3, 4, 5, 6, 7, 8],[(2, 3, 4.75, 0.7615964589308747), (3, 6, 4.25, 0.7679541465884729)],,,
309.520,[1, 2, 3, 4, 5, 6, 7, 8],[(2, 3, 4.25, 0.7727410766678909), (3, 6, 3.75, 0.7783533117893736)],,,
310.016,[1, 2, 3, 4, 5, 6, 7, 8],[(2, 3, 1.5, 0.7585862459812932), (3, 6, 2.5, 0.7518157473471914), (4, 8, 7.5, 0.682399888265095)],,,
310.528,[1, 2, 3, 4, 5, 6, 7, 8],[(2, 3, 1.5, 0.74791198225727), (2, 6, 4.25, 0.775431796661388), (2, 7, 9.75, 0.7760957754446257), (3, 6, 2.25, 0.757403150986786), (4, 8, 7.5, 0.6991450435605854)],,,
311.024,actual,[(2, 3, 0.0, 0.8269224800936454)],[(2, 3)],,
311.520,actual,[(2, 3, 0.0, 0.8142453049729792)],[(2, 3)],,
312.016,actual,[(2, 3, 0.0, 0.8055932064744517)],[(2, 3)],,
312.528,actual,[(2, 3, 0.0, 0.7996706133848882)],[(2, 3)],,
313.024,actual,[(2, 3, 0.0, 0.7977604821246395)],[(2, 3)],,
313.520,actual,[(2, 3, 0.0, 0.7882919264684234), (2, 6, 0.0, 0.8336644697098116)],[(2, 3, 6)],,
314.016,actual,[(2, 3, 0.0, 0.7549442503211851), (2, 6, 0.0, 0.7884047084558103)],[(2, 3, 6)],,
314.528,actual,[(2, 3, 0.0, 0.7170904351315337), (2, 6, 0.0, 0.7437307603541313)],[(2, 3, 6)],,
315.024,actual,[(2, 3, 0.0, 0.6794990971889612), (2, 6, 0.0, 0.701424717132505), (3, 6, 0.0, 0.806284586585474)],[(2, 3, 6)],,
315.520,[1, 2, 3, 4, 5, 7, 8],[(4, 8, 7.5, 0.6960229462252832)],,,
316.016,[1, 2, 3, 4, 5, 7, 8],[(4, 8, 7.75, 0.753789597341259)],,,
316.528,[1, 2, 3, 4, 5, 7, 8],[(4, 8, 8.25, 0.7197754435201548)],,,
317.024,[1, 2, 3, 4, 5, 7, 8],[(4, 8, 8.75, 0.6744149732380413)],,,
317.520,[1, 2, 3, 4, 5, 6, 7, 8],[(3, 6, 3.25, 0.7599375487761604), (4, 8, 4.0, 0.7705228701445106)],,,
318.016,[1, 2, 3, 4, 5, 6, 7, 8],[(2, 3, 7.75, 0.7690886549636853), (4, 8, 1.5, 0.7113883484563049)],,,
318.528,[1, 2, 3, 4, 5, 6, 7, 8],[(2, 3, 7.5, 0.7581392867623556), (2, 7, 9.5, 0.751845491822599), (4, 8, 1.75, 0.7798737947109129)],,,
319.024,[1, 2, 3, 4, 5, 6, 7, 8],[(2, 3, 7.75, 0.7788312328333876), (2, 7, 9.25, 0.7652165300562725), (4, 8, 1.75, 0.7771697459448391)],,,
319.520,[1, 2, 3, 4, 5, 6, 7, 8],[(2, 3, 1.25, 0.7757122515206072), (2, 7, 9.25, 0.7507289062102585), (4, 8, 1.0, 0.7739015224177705)],,,
320.016,[1, 2, 3, 4, 5, 6, 7, 8],[(2, 3, 8.25, 0.748533475453799), (4, 8, 0.75, 0.7461660990913445)],,,
320.528,actual,[(4, 8, 0.0, 0.8076353174808332)],[(4, 8)],,
321.024,actual,[(4, 8, 0.0, 0.7634555871213067)],[(4, 8)],,
321.520,actual,[(4, 8, 0.0, 0.730180182631986)],[(4, 8)],,
322.016,actual,[(4, 8, 0.0, 0.6969525562198984)],[(4, 8)],,
322.528,[1, 2, 3, 4, 5, 6, 7],[(2, 3, 9.5, 0.7613814363987583), (3, 6, 4.75, 0.7764521906292816)],,,
323.024,[1, 2, 3, 4, 5, 6, 7],[(2, 3, 10.0, 0.7774294569223815)],,,
323.520,actual,[(2, 3, 0.0, 0.834415349782212), (4, 8, 0.0, 0.6155765799828519)],[(2, 3), (4, 8)],,
324.016,actual,[(2, 3, 0.0, 0.8184346748910278)],[(2, 3)],,
324.528,actual,[(2, 3, 0.0, 0.8051107934424839)],[(2, 3)],,
325.024,actual,[(2, 3, 0.0, 0.7892987560440097)],[(2, 3)],,
325.520,actual,[(2, 3, 0.0, 0.786243444690725)],[(2, 3)],,
326.016,actual,[(2, 3, 0.0, 0.7863744671645213)],[(2, 3)],,
326.528,actual,[(2, 3, 0.0, 0.7876077431793005)],[(2, 3)],,
327.024,actual,[(2, 3, 0.0, 0.7805980319991462)],[(2, 3)],,
327.520,actual,[(2, 3, 0.0, 0.7738394383537027)],[(2, 3)],,
328.016,actual,[(2, 3, 0.0, 0.7752764905885109)],[(2, 3)],,
328.528,actual,[(2, 3, 0.0, 0.7799588708836829)],[(2, 3)],,
329.024,actual,[(2, 3, 0.0, 0.7879018416812728)],[(2, 3)],,
329.520,actual,[(2, 3, 0.0, 0.7861884824957778)],[(2, 3)],,
330.016,actual,[(2, 3, 0.0, 0.7840397675378981)],[(2, 3)],,
330.528,actual,[(2, 3, 0.0, 0.7822004834092288)],[(2, 3)],,
331.024,actual,[(2, 3, 0.0, 0.7799299790539193)],[(2, 3)],,
331.520,actual,[(2, 3, 0.0, 0.7789481056730243)],[(2, 3)],,
332.016,actual,[(2, 3, 0.0, 0.7772751936056241)],[(2, 3)],,
332.528,actual,[(2, 3, 0.0, 0.7743574123371975)],[(2, 3)],,
333.024,actual,[(2, 3, 0.0, 0.7702058827455408)],[(2, 3)],,
333.520,actual,[(2, 3, 0.0, 0.7641512970479597)],[(2, 3)],,
334.016,actual,[(2, 3, 0.0, 0.7648856857267895)],[(2, 3)],,
334.528,actual,[(2, 3, 0.0, 0.7657693811469544)],[(2, 3)],,
335.024,actual,[(2, 3, 0.0, 0.7657418900200976)],[(2, 3)],,
335.520,actual,[(2, 3, 0.0, 0.7647527113624396)],[(2, 3)],,
336.016,actual,[(2, 3, 0.0, 0.7628439712521353)],[(2, 3)],,
336.528,actual,[(2, 3, 0.0, 0.7584523733050065)],[(2, 3)],,
337.024,actual,[(2, 3, 0.0, 0.7530314802317252)],[(2, 3)],,
337.520,actual,[(2, 3, 0.0, 0.7489561221331682)],[(2, 3)],,
338.016,actual,[(2, 3, 0.0, 0.7541212768406065)],[(2, 3)],,
338.528,actual,[(2, 3, 0.0, 0.764282267113741)],[(2, 3)],,
339.024,actual,[(2, 3, 0.0, 0.7738493580812215), (2, 7, 0.0, 0.8336680951879107)],[(2, 3, 7)],,
339.520,actual,[(2, 3, 0.0, 0.7687506777880267), (2, 7, 0.0, 0.8031501572270177)],[(2, 3, 7)],,
340.016,actual,[(2, 3, 0.0, 0.7656140410263399), (2, 7, 0.0, 0.7749645313906006)],[(2, 3, 7)],,
340.528,actual,[(2, 3, 0.0, 0.765011621708518), (2, 7, 0.0, 0.7452982519263243)],[(2, 3, 7)],,
341.024,actual,[(2, 3, 0.0, 0.7715276700093174), (2, 7, 0.0, 0.7148570145168677)],[(2, 3, 7)],,
341.520,actual,[(2, 3, 0.0, 0.7657337809683701), (2, 7, 0.0, 0.6886663300150876)],[(2, 3, 7)],,
342.016,[1, 2, 3, 4, 5, 6, 7, 8],[],,,
342.528,[1, 2, 3, 4, 5, 6, 7, 8],[],,,
343.024,[1, 2, 3, 4, 5, 6, 7, 8],[],,,
343.520,[1, 2, 3, 4, 5, 6, 7, 8],[],,,
344.016,[1, 2, 3, 4, 5, 6, 7, 8],[],,,
344.528,[1, 2, 3, 4, 5, 6, 7, 8],[],,,
345.024,[1, 2, 3, 4, 5, 6, 7, 8],[],,,
345.520,[1, 2, 3, 4, 5, 6, 7, 8],[],,,
346.016,[1, 2, 3, 4, 5, 6, 7, 8],[],,,
346.528,[1, 2, 3, 4, 5, 6, 7, 8],[],,,
347.024,[1, 2, 3, 4, 5, 6, 7, 8],[],,,
347.520,[1, 2, 3, 4, 5, 6, 7, 8],[(2, 7, 4.25, 0.75)],,,
348.016,[1, 2, 3, 4, 5, 6, 7, 8],[(2, 7, 4.5, 0.75)],,,
348.528,[1, 2, 3, 4, 5, 6, 7, 8],[(2, 7, 4.75, 0.75)],,,
349.024,[1, 2, 3, 4, 5, 6, 7, 8],[(2, 7, 5.0, 0.75)],,,
349.520,[1, 2, 3, 4, 5, 6, 7, 8],[],,,
350.016,[1, 2, 3, 4, 5, 6, 7, 8],[],,,
350.528,[1, 2, 3, 4, 5, 6, 7, 8],[],,,
351.024,[1, 2, 3, 4, 5, 6, 7, 8],[],,,
351.520,[1, 2, 3, 4, 5, 6, 7, 8],[],,,
352.016,[1, 2, 3, 4, 5, 6, 7, 8],[],,,
352.528,[1, 2, 3, 4, 5, 6, 7, 8],[],,,
353.024,[1, 2, 3, 4, 5, 6, 7, 8],[],,,
353.520,[1, 2, 3, 4, 5, 6, 7, 8],[],,,
354.016,[1, 2, 3, 4, 5, 6, 7, 8],[],,,
354.528,[1, 2, 3, 4, 5, 6, 7, 8],[],,,
355.024,[1, 2, 3, 4, 5, 6, 7, 8],[],,,
355.520,[1, 2, 3, 4, 5, 6, 7, 8],[],,,
356.016,[1, 2, 3, 4, 5, 6, 7, 8],[],,,
356.528,[1, 2, 3, 4, 5, 6, 7, 8],[],,,
357.024,[1, 2, 3, 4, 5, 6, 7, 8],[],,,
357.520,[1, 2, 3, 4, 5, 6, 7, 8],[],,,
358.016,[1, 2, 3, 4, 5, 6, 7, 8],[],,,
358.528,[1, 2, 3, 4, 5, 6, 7, 8],[],,,
359.024,[1, 2, 3, 4, 5, 6, 7, 8],[],,,
359.520,[1, 2, 3, 4, 5, 6, 7, 8],[],,,
360.016,[1, 2, 3, 4, 5, 6, 7, 8],[],,,
360.528,[1, 2, 3, 4, 5, 6, 7, 8],[],,,
361.024,[1, 2, 3, 4, 5, 6, 7, 8],[],,,
361.520,[1, 2, 3, 4, 5, 6, 7, 8],[],,,
362.016,[1, 2, 3, 4, 5, 6, 7, 8],[],,,
362.528,[1, 2, 3, 4, 5, 6, 7, 8],[],,,
363.024,[1, 2, 3, 4, 5, 6, 7, 8],[(2, 7, 9.5, 0.7704434153314362)],,,
363.520,[1, 2, 3, 4, 5, 6, 7, 8],[(2, 7, 7.5, 0.7770256092929257)],,,
364.016,[1, 2, 3, 4, 5, 6, 7, 8],[(2, 7, 7.75, 0.7608608404868574)],,,
364.528,[1, 2, 3, 4, 5, 6, 7, 8],[(2, 7, 9.75, 0.7764785677997754)],,,
365.024,[1, 2, 3, 4, 5, 6, 7, 8],[(2, 7, 8.25, 0.7733877269960184)],,,
365.520,[1, 2, 3, 4, 5, 6, 7, 8],[(2, 7, 8.0, 0.7552356259235596)],,,
366.016,[1, 2, 3, 4, 5, 6, 7, 8],[(2, 7, 6.75, 0.7764217838985911)],,,
366.528,[1, 2, 3, 4, 5, 6, 7, 8],[(2, 7, 5.75, 0.7708023233752811)],,,
367.024,[1, 2, 3, 4, 5, 6, 7, 8],[(2, 7, 5.75, 0.7613299147808026)],,,
367.520,[1, 2, 3, 4, 5, 6, 7, 8],[(2, 7, 1.25, 0.7078297206690731)],,,
368.016,[1, 2, 3, 4, 5, 6, 7, 8],[(2, 7, 1.5, 0.7345714955978238)],,,
368.528,actual,[(2, 7, 0.0, 0.8293074287243071)],[(2, 7)],,
369.024,actual,[(2, 7, 0.0, 0.7729027867291268)],[(2, 7)],,
369.520,actual,[(2, 7, 0.0, 0.7274814949485836)],[(2, 7)],,
370.016,actual,[(2, 7, 0.0, 0.685637174487253)],[(2, 7)],,
370.528,[1, 2, 3, 4, 5, 6, 8],[],,,
371.024,[1, 2, 3, 4, 5, 6, 8],[],,,
371.520,[1, 2, 3, 4, 5, 6, 7, 8],[(2, 7, 8.0, 0.7717536548507434)],,,
372.016,[1, 2, 3, 4, 5, 6, 7, 8],[],,,
372.528,[1, 2, 3, 4, 5, 6, 7, 8],[],,,
373.024,[1, 2, 3, 4, 5, 6, 7, 8],[(2, 7, 8.0, 0.7780586323614411)],,,
373.520,[1, 2, 3, 4, 5, 6, 7, 8],[],,,
374.016,[1, 2, 3, 4, 5, 6, 7, 8],[],,,
374.528,[1, 2, 3, 4, 5, 6, 7, 8],[],,,
375.024,[1, 2, 3, 4, 5, 6, 7, 8],[],,,
375.520,[1, 2, 3, 4, 5, 6, 7, 8],[(2, 7, 6.5, 0.7709127768895895)],,,
376.016,[1, 2, 3, 4, 5, 6, 7, 8],[(2, 7, 6.75, 0.7763281630163712)],,,
376.528,[1, 2, 3, 4, 5, 6, 7, 8],[],,,
377.024,[1, 2, 3, 4, 5, 6, 7, 8],[],,,
377.520,[1, 2, 3, 4, 5, 6, 7, 8],[],,,
378.016,[1, 2, 3, 4, 5, 6, 7, 8],[],,,
378.528,[1, 2, 3, 4, 5, 6, 7, 8],[],,,
379.024,[1, 2, 3, 4, 5, 6, 7, 8],[(7, 8, 7.25, 0.7771718764895144)],,,
379.520,[1, 2, 3, 4, 5, 6, 7, 8],[],,,
380.016,[1, 2, 3, 4, 5, 6, 7, 8],[],,,
380.528,[1, 2, 3, 4, 5, 6, 7, 8],[(2, 7, 5.0, 0.7713604925801443)],,,
381.024,[1, 2, 3, 4, 5, 6, 7, 8],[(2, 7, 5.0, 0.7618310722925938)],,,
381.520,[1, 2, 3, 4, 5, 6, 7, 8],[],,,
382.016,[1, 2, 3, 4, 5, 6, 7, 8],[],,,
382.528,[1, 2, 3, 4, 5, 6, 7, 8],[],,,
383.024,[1, 2, 3, 4, 5, 6, 7, 8],[],,,
383.520,[1, 2, 3, 4, 5, 6, 7, 8],[],,,
384.016,[1, 2, 3, 4, 5, 6, 7, 8],[],,,
384.528,[1, 2, 3, 4, 5, 6, 7, 8],[],,,
385.024,[1, 2, 3, 4, 5, 6, 7, 8],[],,,
385.520,[1, 2, 3, 5, 6, 7, 8],[(2, 7, 3.5, 0.7698931310983734)],,,
386.016,[1, 2, 3, 5, 6, 7, 8],[],,,
386.528,[1, 2, 3, 4, 5, 6, 7, 8],[(2, 7, 4.0, 0.7799143559002001)],,,
387.024,[1, 2, 3, 4, 5, 6, 7, 8],[],,,
387.520,[1, 2, 3, 4, 5, 6, 7, 8],[],,,
388.016,[1, 2, 3, 4, 5, 6, 7, 8],[],,,
388.528,[1, 2, 3, 4, 5, 6, 7, 8],[],,,
389.024,[1, 2, 3, 4, 5, 6, 7, 8],[],,,
389.520,[1, 2, 3, 4, 5, 6, 7, 8],[],,,
390.016,[1, 2, 3, 4, 5, 6, 7, 8],[],,,
390.528,[1, 2, 3, 4, 5, 6, 7, 8],[],,,
391.024,[1, 2, 3, 4, 5, 6, 7, 8],[],,,
391.520,[1, 2, 3, 4, 5, 6, 7, 8],[],,,
392.016,[1, 2, 3, 4, 5, 6, 7, 8],[],,,
392.528,[1, 2, 3, 4, 5, 6, 7, 8],[],,,
393.024,[1, 2, 3, 4, 5, 6, 7, 8],[],,,
393.520,[1, 2, 3, 4, 5, 6, 7, 8],[(1, 5, 6.25, 0.7174266795628049)],,,
394.016,[1, 2, 3, 4, 5, 6, 7, 8],[],,,
394.528,[1, 2, 3, 4, 5, 6, 7, 8],[],,,
395.024,[1, 2, 3, 4, 5, 6, 7, 8],[],,,
395.520,[1, 2, 3, 4, 5, 6, 7, 8],[],,,
396.016,[1, 2, 3, 4, 5, 6, 7, 8],[],,,
396.528,[1, 2, 3, 4, 5, 6, 7, 8],[(4, 5, 5.0, 0.7685541542312384)],,,
397.024,[1, 2, 3, 4, 5, 6, 7, 8],[(4, 5, 5.25, 0.7663455979262026)],,,
397.520,[1, 2, 3, 4, 5, 6, 7, 8],[],,,
398.016,[1, 2, 3, 4, 5, 6, 7, 8],[],,,
398.528,[1, 2, 3, 4, 5, 6, 7, 8],[],,,
399.024,[1, 2, 3, 4, 5, 6, 7, 8],[],,,
399.520,[1, 2, 3, 4, 5, 6, 7, 8],[],,,
400.016,[1, 2, 3, 4, 5, 6, 7, 8],[],,,
400.528,[1, 2, 3, 4, 5, 6, 7, 8],[],,,
401.024,[1, 2, 3, 4, 5, 6, 7, 8],[],,,
401.520,[1, 2, 3, 4, 5, 6, 7, 8],[],,,
402.016,[1, 2, 3, 4, 5, 6, 7, 8],[],,,
402.528,[1, 2, 3, 4, 5, 6, 7, 8],[],,,
403.024,[1, 2, 3, 4, 5, 6, 7, 8],[],,,
403.520,[1, 2, 3, 4, 5, 6, 7, 8],[],,,
404.016,[1, 2, 3, 4, 5, 6, 7, 8],[],,,
404.528,[1, 2, 3, 4, 5, 6, 7, 8],[],,,
405.024,[1, 2, 3, 4, 5, 6, 7, 8],[],,,
405.520,[1, 2, 3, 4, 5, 6, 7, 8],[],,,
406.016,[1, 2, 3, 4, 5, 6, 7, 8],[],,,
406.528,[1, 2, 3, 4, 5, 6, 7, 8],[],,,
407.024,[1, 2, 3, 4, 5, 6, 7, 8],[],,,
407.520,[1, 2, 3, 4, 5, 6, 7, 8],[],,,
408.016,[1, 2, 3, 4, 5, 6, 7, 8],[],,,
408.528,[1, 2, 3, 4, 5, 6, 7, 8],[],,,
409.024,[1, 2, 3, 4, 5, 6, 7, 8],[],,,
409.520,[1, 2, 3, 4, 5, 6, 7, 8],[],,,
410.016,[1, 2, 3, 4, 5, 6, 7, 8],[],,,
410.528,[1, 2, 3, 4, 5, 6, 7, 8],[],,,
411.024,[1, 2, 3, 4, 5, 6, 7, 8],[],,,
411.520,[1, 2, 3, 4, 5, 6, 7, 8],[],,,
412.016,[1, 2, 3, 4, 5, 6, 7, 8],[],,,
412.528,[1, 2, 3, 4, 5, 6, 7, 8],[],,,
413.024,[1, 2, 3, 4, 5, 6, 7, 8],[],,,
413.520,[1, 2, 3, 4, 5, 6, 7, 8],[],,,
414.016,[1, 2, 3, 4, 5, 6, 7, 8],[],,,
414.528,[1, 2, 3, 4, 5, 6, 7, 8],[],,,
415.024,[1, 2, 3, 4, 5, 6, 7, 8],[],,,
415.520,[1, 2, 3, 4, 5, 6, 7, 8],[(2, 8, 7.75, 0.7544442407209585)],,,
416.016,[1, 2, 3, 4, 5, 6, 7, 8],[],,,
416.528,[1, 2, 3, 4, 5, 6, 7, 8],[],,,
417.024,[1, 2, 3, 4, 5, 6, 7, 8],[],,,
417.520,[1, 2, 3, 4, 5, 6, 7, 8],[(1, 5, 1.5, 0.7731452274054825), (2, 8, 5.5, 0.76956961260507)],,,
418.016,[1, 2, 3, 4, 5, 6, 7, 8],[(2, 8, 5.5, 0.7667482128188229)],,,
418.528,[1, 2, 3, 4, 5, 6, 7, 8],[(2, 8, 5.25, 0.7778585364718603)],,,
419.024,[1, 2, 3, 4, 5, 6, 7, 8],[(2, 8, 5.75, 0.7639612604331903)],,,
419.520,[1, 2, 3, 4, 5, 6, 7, 8],[(2, 8, 6.0, 0.759357975543663)],,,
420.016,[1, 2, 3, 4, 5, 6, 7, 8],[(2, 8, 6.25, 0.7664068292717702)],,,
420.528,[1, 2, 3, 4, 5, 6, 7, 8],[(2, 8, 6.75, 0.7581129236807186)],,,
421.024,[1, 2, 3, 4, 5, 6, 7, 8],[(2, 8, 7.0, 0.766593660004968), (4, 5, 3.0, 0.7583212468348669)],,,
421.520,[1, 2, 3, 5, 6, 7, 8],[(2, 8, 7.25, 0.7744556968471831)],,,
422.016,[1, 2, 3, 4, 5, 6, 7, 8],[(1, 5, 3.75, 0.7731741773586659)],,,
422.528,[1, 2, 3, 4, 5, 6, 7, 8],[(1, 5, 1.75, 0.7664746185110357)],,,
423.024,[1, 2, 3, 4, 5, 6, 7, 8],[(1, 5, 1.0, 0.7705192380101075)],,,
423.520,[1, 2, 3, 4, 5, 6, 7, 8],[(1, 5, 1.0, 0.7193785565656643)],,,
424.016,[1, 2, 3, 4, 5, 6, 7, 8],[(1, 5, 0.75, 0.771592304813632)],,,
424.528,actual,[(1, 5, 0.0, 0.8248870144945794)],[(1, 5)],,
425.024,actual,[(1, 5, 0.0, 0.7793204545026167)],[(1, 5)],,
425.520,actual,[(1, 5, 0.0, 0.7565738395903873)],[(1, 5)],,
426.016,actual,[(1, 5, 0.0, 0.7333270535094087)],[(1, 5)],,
426.528,actual,[(1, 5, 0.0, 0.706586106721236)],[(1, 5)],,
427.024,actual,[(1, 5, 0.0, 0.6789941281168342)],[(1, 5)],,
427.520,[1, 2, 3, 4, 6, 7, 8],[],,,
428.016,[1, 2, 3, 4, 6, 7, 8],[],,,
428.528,[1, 2, 3, 4, 6, 7, 8],[],,,
429.024,[1, 2, 3, 4, 6, 7, 8],[],,,
429.520,[1, 2, 3, 4, 5, 6, 7, 8],[(1, 5, 4.25, 0.7726244407642153)],,,
430.016,actual,[(2, 8, 0.0, 0.8198900977528322)],[(2, 8)],,
430.528,actual,[(2, 8, 0.0, 0.8190799676988242)],[(2, 8)],,
431.024,actual,[(2, 8, 0.0, 0.8238838181862027)],[(2, 8)],,
431.520,actual,[(2, 8, 0.0, 0.8211149007809347)],[(2, 8)],,
432.016,actual,[(2, 8, 0.0, 0.8069406188913542)],[(2, 8)],,
432.528,actual,[(2, 8, 0.0, 0.7941846063578473)],[(2, 8)],,
433.024,actual,[(2, 8, 0.0, 0.7802005039794787)],[(2, 8)],,
433.520,actual,[(2, 8, 0.0, 0.7585732372294699)],[(2, 8)],,
434.016,actual,[(2, 8, 0.0, 0.7515941308397444)],[(2, 8)],,
434.528,actual,[(2, 8, 0.0, 0.7464212009490716)],[(2, 8)],,
435.024,actual,[(2, 8, 0.0, 0.7511331736408675)],[(2, 8)],,
435.520,actual,[(2, 8, 0.0, 0.7499064449400255)],[(2, 8)],,
436.016,actual,[(2, 8, 0.0, 0.7467220986943642)],[(2, 8)],,
436.528,actual,[(2, 8, 0.0, 0.7326658520590154)],[(2, 8)],,
437.024,actual,[(2, 8, 0.0, 0.7231368256343225)],[(2, 8)],,
437.520,actual,[(2, 8, 0.0, 0.6867095326842877)],[(2, 8)],,
438.016,actual,[(2, 8, 0.0, 0.710992202561257)],[(2, 8)],,
438.528,actual,[(2, 8, 0.0, 0.7318565956219013)],[(2, 8)],,
439.024,actual,[(2, 8, 0.0, 0.731314143870079)],[(2, 8)],,
439.520,actual,[(2, 8, 0.0, 0.7327757750702899)],[(2, 8)],,
440.016,actual,[(2, 8, 0.0, 0.7732123455994585)],[(2, 8)],,
440.528,actual,[(2, 8, 0.0, 0.7957474753984215)],[(2, 8)],,
441.024,actual,[(2, 8, 0.0, 0.8084417912080353)],[(2, 8)],,
441.520,actual,[(2, 8, 0.0, 0.8226749874851399)],[(2, 8)],,
442.016,actual,[(2, 8, 0.0, 0.8383283431807133)],[(2, 8)],,
442.528,[1, 2, 3, 4, 5, 6, 7, 8],[],,,
443.024,[1, 2, 3, 4, 5, 6, 7, 8],[],,,
443.520,[1, 2, 3, 4, 5, 6, 7, 8],[(1, 5, 1.25, 0.7647992760268078), (3, 8, 9.25, 0.7631232716714491)],,,
444.016,[1, 2, 3, 4, 5, 6, 7, 8],[(1, 5, 1.25, 0.7613424092605291), (2, 8, 5.75, 0.7788384843184668)],,,
444.528,[1, 2, 3, 4, 5, 6, 7, 8],[],,,
445.024,[1, 2, 3, 4, 5, 6, 7, 8],[],,,
445.520,[1, 2, 3, 4, 5, 6, 7, 8],[(2, 8, 9.0, 0.7712196350799323)],,,
446.016,[1, 2, 3, 4, 5, 6, 7, 8],[(2, 8, 9.0, 0.7695634281629925)],,,
446.528,[1, 2, 3, 4, 5, 6, 7, 8],[(2, 8, 9.25, 0.7533152415487744)],,,
447.024,[1, 2, 3, 4, 5, 6, 7, 8],[(2, 8, 9.5, 0.7518913811407522)],,,
447.520,[1, 2, 3, 4, 5, 6, 7, 8],[],,,
448.016,[1, 2, 3, 4, 5, 6, 7, 8],[],,,
448.528,[1, 2, 3, 4, 5, 6, 7, 8],[],,,
449.024,[1, 2, 3, 4, 5, 6, 7, 8],[],,,
449.520,[1, 2, 3, 4, 5, 6, 7, 8],[],,,
450.016,[1, 2, 3, 4, 5, 6, 7, 8],[],,,
450.528,[1, 2, 3, 4, 5, 6, 7, 8],[],,,
451.024,[1, 2, 3, 4, 5, 6, 7, 8],[],,,
451.520,[1, 2, 3, 4, 5, 6, 7, 8],[],,,
452.016,[1, 2, 3, 4, 5, 6, 7, 8],[],,,
452.528,[1, 2, 3, 4, 5, 6, 7, 8],[],,,
453.024,[1, 2, 3, 4, 5, 6, 7, 8],[],,,
453.520,[1, 2, 3, 4, 5, 6, 7, 8],[],,,
454.016,[1, 2, 3, 4, 5, 6, 7, 8],[],,,
454.528,[1, 2, 3, 4, 5, 6, 7, 8],[],,,
455.024,[1, 2, 3, 4, 5, 6, 7, 8],[],,,
455.520,[1, 2, 3, 4, 5, 6, 7, 8],[],,,
456.016,[1, 2, 3, 4, 5, 6, 7, 8],[],,,
456.528,[1, 2, 3, 4, 5, 6, 7, 8],[],,,
457.024,[1, 2, 3, 4, 5, 6, 7, 8],[],,,
457.520,[1, 2, 3, 4, 5, 6, 7, 8],[],,,
458.016,[1, 2, 3, 4, 5, 6, 7, 8],[],,,
458.528,[1, 2, 3, 4, 5, 6, 7, 8],[],,,
459.024,[1, 2, 3, 5, 6, 7, 8],[],,,
459.520,[1, 2, 3, 5, 6, 7, 8],[(2, 5, 6.5, 0.7602095030179802)],,,
460.016,[1, 2, 3, 5, 6, 7, 8],[],,,
460.528,[1, 2, 3, 5, 6, 7, 8],[],,,
461.024,[1, 2, 3, 5, 6, 7, 8],[],,,
461.520,[1, 2, 3, 5, 6, 7, 8],[],,,
462.016,[1, 2, 3, 5, 6, 7, 8],[],,,
462.528,[1, 2, 3, 5, 6, 7, 8],[],,,
463.024,[1, 2, 3, 5, 6, 7, 8],[],,,
463.520,[1, 2, 3, 5, 6, 7, 8],[],,,
464.016,[1, 2, 3, 4, 5, 6, 7, 8],[],,,
464.528,[1, 2, 3, 4, 5, 6, 7, 8],[],,,
465.024,[1, 2, 3, 4, 5, 6, 7, 8],[],,,
465.520,[1, 2, 3, 4, 5, 6, 7, 8],[],,,
466.016,[1, 2, 3, 4, 5, 6, 7, 8],[],,,
466.528,[1, 2, 3, 4, 5, 6, 7, 8],[],,,
467.024,[1, 2, 3, 4, 5, 6, 7, 8],[],,,
467.520,[1, 2, 3, 4, 5, 6, 7, 8],[],,,
468.016,[1, 2, 3, 4, 5, 6, 7, 8],[],,,
468.528,[1, 2, 3, 4, 5, 6, 7, 8],[],,,
469.024,[1, 2, 3, 4, 5, 6, 7, 8],[],,,
469.520,[1, 2, 3, 4, 5, 6, 7, 8],[(3, 5, 4.25, 0.7652841567305669), (5, 8, 4.75, 0.75)],,,
470.016,[1, 2, 3, 4, 5, 6, 7, 8],[(3, 5, 4.25, 0.7696377392408955), (5, 8, 5.0, 0.7732193870591555)],,,
470.528,[1, 2, 3, 4, 5, 6, 7, 8],[(3, 5, 4.5, 0.7527963521199454), (5, 8, 5.5, 0.7573370308151444)],,,
471.024,[1, 2, 3, 4, 5, 6, 7, 8],[(3, 5, 4.75, 0.7597427307025959), (5, 8, 6.0, 0.75)],,,
471.520,[1, 2, 3, 4, 5, 6, 7, 8],[],,,
472.016,[1, 2, 3, 4, 5, 6, 7, 8],[],,,
472.528,[1, 2, 3, 4, 5, 6, 7, 8],[],,,
473.024,[1, 2, 3, 4, 5, 6, 7, 8],[],,,
473.520,[1, 2, 3, 4, 5, 6, 7, 8],[],,,
474.016,[1, 2, 3, 4, 5, 6, 7, 8],[],,,
474.528,[1, 2, 3, 4, 5, 6, 7, 8],[],,,
475.024,[1, 2, 3, 4, 5, 6, 7, 8],[],,,
475.520,[1, 2, 3, 4, 5, 6, 7, 8],[],,,
476.016,[1, 2, 3, 4, 5, 6, 7, 8],[],,,
476.528,[1, 2, 3, 4, 5, 6, 7, 8],[],,,
477.024,[1, 2, 3, 4, 5, 6, 7, 8],[],,,
477.520,[1, 2, 3, 4, 5, 6, 7, 8],[],,,
478.016,[1, 2, 3, 4, 5, 6, 7, 8],[],,,
478.528,[1, 2, 3, 4, 5, 6, 7, 8],[],,,
479.024,[1, 2, 3, 4, 5, 6, 7, 8],[],,,
479.520,[1, 2, 3, 4, 5, 6, 7, 8],[],,,
480.016,[1, 2, 3, 4, 5, 6, 7, 8],[],,,
480.528,[1, 2, 3, 4, 5, 6, 7, 8],[],,,
481.024,[1, 2, 3, 4, 5, 6, 7, 8],[],,,
481.520,[1, 2, 3, 4, 5, 6, 7, 8],[],,,
482.016,[1, 2, 3, 4, 5, 6, 7, 8],[],,,
482.528,[1, 2, 3, 4, 5, 6, 7, 8],[],,,
483.024,[1, 2, 3, 4, 5, 6, 7, 8],[],,,
483.520,actual,[(3, 8, 0.0, 0.8358519751283496)],[(3, 8)],,
484.016,actual,[(3, 8, 0.0, 0.823657897137789)],[(3, 8)],,
484.528,actual,[(3, 8, 0.0, 0.8129667554139933)],[(3, 8)],,
485.024,actual,[(3, 8, 0.0, 0.8040707413183513)],[(3, 8)],,
485.520,actual,[(3, 8, 0.0, 0.7977124282457788)],[(3, 8)],,
486.016,actual,[(3, 8, 0.0, 0.7941151039614704)],[(3, 8)],,
486.528,actual,[(3, 8, 0.0, 0.7932260285668259)],[(3, 8)],,
487.024,actual,[(3, 8, 0.0, 0.794528079099196)],[(3, 8)],,
487.520,actual,[(3, 5, 0.0, 0.8184316711551337), (3, 8, 0.0, 0.7983645949075195)],[(3, 5, 8)],,
488.016,actual,[(3, 5, 0.0, 0.8195984342354059), (3, 8, 0.0, 0.8063759733613894)],[(3, 5, 8)],,
488.528,actual,[(3, 5, 0.0, 0.8205390370846382), (3, 8, 0.0, 0.8184351178440399)],[(3, 5, 8)],,
489.024,actual,[(3, 5, 0.0, 0.8046087405566785), (3, 8, 0.0, 0.8330313956294275)],[(3, 5, 8)],,
489.520,actual,[(3, 5, 0.0, 0.7917359245056621)],[(3, 5)],,
490.016,actual,[(3, 5, 0.0, 0.7806505398302828)],[(3, 5)],,
490.528,actual,[(3, 5, 0.0, 0.7623294769354408)],[(3, 5)],,
491.024,actual,[(3, 5, 0.0, 0.7495414129937497)],[(3, 5)],,
491.520,actual,[(3, 5, 0.0, 0.7399077815220821)],[(3, 5)],,
492.016,actual,[(3, 5, 0.0, 0.7197674413077922)],[(3, 5)],,
492.528,actual,[(3, 5, 0.0, 0.695174251657483)],[(3, 5)],,
493.024,actual,[(1, 7, 0.0, 0.8422285496340338), (3, 5, 0.0, 0.6754542393002856)],[(1, 7), (3, 5)],,
493.520,actual,[(1, 7, 0.0, 0.8041067531348474)],[(1, 7)],,
494.016,actual,[(1, 7, 0.0, 0.8024383255822854)],[(1, 7)],,
494.528,actual,[(1, 7, 0.0, 0.81699382344432)],[(1, 7)],,
495.024,actual,[(1, 7, 0.0, 0.8383189370657762)],[(1, 7)],,
495.520,[1, 2, 4, 5, 6, 7, 8],[(5, 8, 6.25, 0.7353350757078828)],,,
496.016,[1, 2, 4, 5, 6, 7, 8],[(5, 8, 5.75, 0.7507086045743881)],,,
496.528,[1, 2, 4, 5, 6, 7, 8],[(5, 8, 5.75, 0.7702174587272003)],,,
497.024,[1, 2, 4, 5, 6, 7, 8],[(5, 8, 6.0, 0.7713676526197023)],,,
497.520,[1, 2, 4, 5, 6, 7, 8],[(5, 8, 4.25, 0.7680870894226638)],,,
498.016,[1, 2, 4, 5, 6, 7, 8],[(5, 8, 4.5, 0.7215629191036399)],,,
498.528,[1, 2, 4, 5, 6, 7, 8],[(5, 8, 4.5, 0.7515476464192624)],,,
499.024,actual,[(3, 5, 0.0, 0.7951650104849957)],[(3, 5)],,
499.520,actual,[(3, 5, 0.0, 0.7586327617270404)],[(3, 5)],,
500.016,actual,[(3, 5, 0.0, 0.7331621598796387)],[(3, 5)],,
500.528,actual,[(3, 5, 0.0, 0.7152260980845208)],[(3, 5)],,
501.024,actual,[(3, 5, 0.0, 0.7013299203951902)],[(3, 5)],,
501.520,actual,[(3, 5, 0.0, 0.6884211543008821)],[(3, 5)],,
502.016,actual,[(3, 5, 0.0, 0.6774575306436753)],[(3, 5)],,
502.528,actual,[(3, 8, 0.0, 0.8034210220443451)],[(3, 8)],,
503.024,actual,[(3, 8, 0.0, 0.7997350329479603)],[(3, 8)],,
503.520,actual,[(3, 8, 0.0, 0.8140282360770384)],[(3, 8)],,
504.016,actual,[(3, 8, 0.0, 0.8165734521988406)],[(3, 8)],,
504.528,actual,[(3, 8, 0.0, 0.8361876545164677)],[(3, 8)],,
505.024,[1, 2, 3, 4, 5, 6, 7, 8],[(2, 7, 3.25, 0.770707479141122), (3, 5, 1.75, 0.7799779722830321)],,,
505.520,actual,[(3, 5, 0.0, 0.8294376650322903)],[(3, 5)],,
506.016,actual,[(3, 5, 0.0, 0.8128371644071831)],[(3, 5)],,
506.528,actual,[(3, 5, 0.0, 0.7999260249663147)],[(3, 5)],,
507.024,actual,[(3, 5, 0.0, 0.7848255640106129)],[(3, 5)],,
507.520,actual,[(2, 7, 0.0, 0.8474751309484383), (3, 5, 0.0, 0.7657836191458631)],[(2, 7), (3, 5)],,
508.016,actual,[(2, 7, 0.0, 0.8377041677865155), (3, 5, 0.0, 0.7401070484914626)],[(2, 7), (3, 5)],,
508.528,actual,[(2, 7, 0.0, 0.8282900160085266), (3, 5, 0.0, 0.7162946880574416)],[(2, 7), (3, 5)],,
509.024,actual,[(2, 7, 0.0, 0.8205231051189731), (3, 5, 0.0, 0.680232912779387)],[(2, 7), (3, 5)],,
509.520,actual,[(2, 7, 0.0, 0.804063209563191), (3, 8, 0.0, 0.7943231181474589)],[(2, 7), (3, 8)],,
510.016,actual,[(1, 2, 0.0, 0.8265638561571398), (2, 7, 0.0, 0.785294930971026), (3, 8, 0.0, 0.8118093124689291)],[(1, 2, 7), (3, 8)],,
510.528,actual,[(1, 2, 0.0, 0.7996879978868922), (2, 7, 0.0, 0.7657219769221632), (3, 8, 0.0, 0.837225491713821)],[(1, 2, 7), (3, 8)],,
511.024,actual,[(1, 2, 0.0, 0.7750450739971769), (2, 7, 0.0, 0.736586047663979)],[(1, 2, 7)],,
511.520,actual,[(1, 2, 0.0, 0.7523678646218177), (2, 7, 0.0, 0.7066723398066045)],[(1, 2, 7)],,
512.016,actual,[(1, 2, 0.0, 0.730634988414881), (2, 7, 0.0, 0.6845931893466983)],[(1, 2, 7)],,
512.528,[1, 2, 3, 4, 6, 8],[(1, 2, 1.5, 0.7738138092399018)],,,
513.024,[1, 2, 3, 4, 6, 8],[(1, 2, 1.0, 0.7675405223636479)],,,
513.520,actual,[(1, 2, 0.0, 0.8078673920575878), (2, 7, 0.0, 0.69825966563715), (3, 5, 0.0, 0.6481127685083576), (5, 8, 0.0, 0.8007081766137104)],[(1, 2, 7), (3, 5, 8)],,
514.016,actual,[(1, 2, 0.0, 0.8111658076356001), (2, 7, 0.0, 0.679074920728427), (5, 8, 0.0, 0.7829760412241391)],[(1, 2, 7), (5, 8)],,
514.528,actual,[(5, 8, 0.0, 0.7736481788107196)],[(5, 8)],,
515.024,actual,[(5, 8, 0.0, 0.7698001340805517)],[(5, 8)],,
515.520,actual,[(5, 8, 0.0, 0.7662261301309459)],[(5, 8)],,
516.016,actual,[(2, 4, 0.0, 0.8269719883122294), (5, 8, 0.0, 0.7393936646070524)],[(2, 4), (5, 8)],,
516.528,actual,[(2, 4, 0.0, 0.763357998441191), (5, 8, 0.0, 0.7141143197025154)],[(2, 4), (5, 8)],,
517.024,actual,[(2, 4, 0.0, 0.6927538695195024), (3, 8, 0.0, 0.8486683366806845), (5, 8, 0.0, 0.6941867998903042)],[(2, 4), (3, 5, 8)],,
517.520,actual,[(1, 2, 0.0, 0.7757619177011248), (3, 8, 0.0, 0.8357796741944489), (5, 8, 0.0, 0.6767557617962306)],[(1, 2), (3, 5, 8)],,
518.016,actual,[(1, 2, 0.0, 0.7657067465649342), (3, 5, 0.0, 0.7699195324985778)],[(1, 2), (3, 5)],,
518.528,actual,[(1, 2, 0.0, 0.7677904567715365), (3, 5, 0.0, 0.7910958873020442)],[(1, 2), (3, 5)],,
519.024,actual,[(1, 2, 0.0, 0.7668960399348589), (3, 5, 0.0, 0.8381666226899928)],[(1, 2), (3, 5)],,
519.520,actual,[(1, 2, 0.0, 0.7784531737391756)],[(1, 2)],,
520.016,actual,[(1, 2, 0.0, 0.7846027744047172)],[(1, 2)],,
520.528,actual,[(1, 2, 0.0, 0.8005698108508309)],[(1, 2)],,
521.024,actual,[(1, 2, 0.0, 0.7949481397841605)],[(1, 2)],,
521.520,actual,[(1, 2, 0.0, 0.7873611722142683)],[(1, 2)],,
522.016,actual,[(1, 2, 0.0, 0.8242557877538715)],[(1, 2)],,
522.528,[1, 2, 3, 5, 6],[(1, 6, 5.5, 0.7172170748383926)],,,
523.024,[1, 2, 3, 5, 6],[(1, 6, 4.75, 0.7234019927735865)],,,
523.520,actual,[(3, 8, 0.0, 0.7853770565511436), (4, 7, 0.0, 0.7851701950959936)],[(3, 8), (4, 7)],,
524.016,actual,[(3, 8, 0.0, 0.7908375881413038), (4, 7, 0.0, 0.7811779201682053)],[(3, 8), (4, 7)],,
524.528,actual,[(3, 8, 0.0, 0.7945232947721881), (4, 7, 0.0, 0.7529104338960112)],[(3, 8), (4, 7)],,
525.024,actual,[(3, 8, 0.0, 0.7996983940914593), (4, 7, 0.0, 0.729237359824263)],[(3, 8), (4, 7)],,
525.520,actual,[(3, 8, 0.0, 0.8058454578155285), (4, 7, 0.0, 0.7186093135366686)],[(3, 8), (4, 7)],,
526.016,actual,[(3, 8, 0.0, 0.8137952041488571), (4, 7, 0.0, 0.7144131167674896)],[(3, 8), (4, 7)],,
526.528,actual,[(3, 8, 0.0, 0.8267746537711244), (4, 7, 0.0, 0.7181739546134619)],[(3, 8), (4, 7)],,
527.024,actual,[(3, 8, 0.0, 0.8410346798076365), (4, 7, 0.0, 0.7287398645408779)],[(3, 8), (4, 7)],,
527.520,actual,[(4, 7, 0.0, 0.7441981937937651)],[(4, 7)],,
528.016,actual,[(4, 7, 0.0, 0.7652198234668268)],[(4, 7)],,
528.528,actual,[(4, 7, 0.0, 0.7941632914354364)],[(4, 7)],,
529.024,actual,[(4, 7, 0.0, 0.8260981043658695)],[(4, 7)],,
529.520,[1, 2, 3, 4, 5, 6, 7, 8],[(1, 2, 4.0, 0.7436490276921373), (1, 6, 8.0, 0.755329463652461)],,,
530.016,[1, 2, 3, 4, 5, 6, 7, 8],[(1, 2, 5.0, 0.7401176220573024), (4, 6, 7.5, 0.7660751222492591)],,,
530.528,[1, 2, 3, 4, 5, 6, 7, 8],[(1, 2, 4.5, 0.7445858585454102), (1, 4, 6.75, 0.7338726711961213), (4, 6, 6.25, 0.7558083375691007)],,,
531.024,[1, 2, 3, 4, 5, 6, 7, 8],[(1, 2, 4.75, 0.7359215878997738), (1, 4, 7.0, 0.7481494628519583), (4, 6, 6.5, 0.7023913666059005)],,,
531.520,[1, 2, 3, 4, 5, 6, 7, 8],[(1, 2, 4.5, 0.749967051056374), (4, 6, 6.5, 0.7434187339274563)],,,
532.016,[1, 2, 3, 4, 5, 6, 7, 8],[(1, 2, 4.5, 0.6985965025489387), (4, 6, 6.5, 0.7775043682602673)],,,
532.528,[1, 2, 3, 4, 5, 6, 7, 8],[(1, 2, 4.75, 0.7035547372996318), (4, 6, 6.75, 0.7747556218310121)],,,
533.024,[1, 2, 3, 4, 5, 6, 7, 8],[(1, 2, 4.5, 0.7529807843032235), (4, 6, 7.25, 0.7798839104153915)],,,
533.520,[1, 2, 3, 4, 5, 6, 7, 8],[],,,
534.016,[1, 2, 3, 4, 5, 6, 7, 8],[],,,
534.528,[1, 2, 3, 4, 5, 6, 7, 8],[],,,
535.024,[1, 2, 3, 4, 5, 6, 7, 8],[(1, 6, 2.0, 0.7766586267992416)],,,
535.520,[1, 2, 3, 4, 5, 6, 7, 8],[],,,
536.016,[1, 2, 3, 4, 5, 6, 7, 8],[],,,
536.528,[1, 2, 3, 4, 5, 6, 7, 8],[],,,
537.024,[1, 2, 3, 4, 5, 6, 7, 8],[],,,
537.520,[1, 2, 3, 4, 5, 6, 7, 8],[(4, 6, 5.75, 0.772624278149187)],,,
538.016,[1, 2, 3, 4, 5, 6, 7, 8],[],,,
538.528,[1, 2, 3, 4, 5, 6, 7, 8],[],,,
539.024,[1, 2, 3, 4, 5, 6, 7, 8],[],,,
539.520,[1, 2, 3, 4, 5, 6, 7, 8],[(2, 4, 1.25, 0.751342752456916)],,,
540.016,[1, 2, 3, 4, 5, 6, 7, 8],[(2, 4, 2.25, 0.768528839636197), (2, 6, 9.5, 0.7710005355107372)],,,
540.528,actual,[(2, 4, 0.0, 0.8489697935731834)],[(2, 4)],,
541.024,actual,[(2, 4, 0.0, 0.8327490458592351)],[(2, 4)],,
541.520,actual,[(2, 4, 0.0, 0.8157071651251123)],[(2, 4)],,
542.016,actual,[(2, 4, 0.0, 0.7994085633010346)],[(2, 4)],,
542.528,actual,[(2, 4, 0.0, 0.7846857108176504)],[(2, 4)],,
543.024,actual,[(2, 4, 0.0, 0.773181664509977)],[(2, 4)],,
543.520,actual,[(2, 4, 0.0, 0.7789715848337017)],[(2, 4)],,
544.016,actual,[(2, 4, 0.0, 0.8001494193762559), (3, 8, 0.0, 0.8451817541797126)],[(2, 4), (3, 8)],,
544.528,actual,[(2, 4, 0.0, 0.8375246329964291)],[(2, 4)],,
545.024,[1, 2, 3, 4, 5, 6, 7, 8],[(2, 6, 1.25, 0.7098969390546868)],,,
545.520,[1, 2, 3, 4, 5, 6, 7, 8],[(2, 6, 1.0, 0.7441848798329523)],,,
546.016,[1, 2, 3, 4, 5, 6, 7, 8],[(2, 6, 0.75, 0.7382965058211309)],,,
546.528,[1, 2, 3, 4, 5, 6, 7, 8],[(2, 6, 0.5, 0.7473871172193304)],,,
547.024,actual,[(2, 6, 0.0, 0.8462005957678849)],[(2, 6)],,
547.520,actual,[(2, 6, 0.0, 0.8371079200673467)],[(2, 6)],,
548.016,actual,[(2, 6, 0.0, 0.8355344037331113)],[(2, 6)],,
548.528,actual,[(2, 6, 0.0, 0.8403726085043656)],[(2, 6)],,
549.024,actual,[(2, 6, 0.0, 0.8291217705814278)],[(2, 6)],,
549.520,actual,[(2, 6, 0.0, 0.818095625822094)],[(2, 6)],,
550.016,actual,[(2, 6, 0.0, 0.807645792707704)],[(2, 6)],,
550.528,actual,[(2, 6, 0.0, 0.7955781677464834)],[(2, 6)],,
551.024,actual,[(2, 6, 0.0, 0.7826676923046243)],[(2, 6)],,
551.520,actual,[(2, 6, 0.0, 0.7601674248115503)],[(2, 6)],,
552.016,actual,[(2, 6, 0.0, 0.7250359737595217)],[(2, 6)],,
552.528,actual,[(2, 6, 0.0, 0.6742606693269415)],[(2, 6)],,
553.024,actual,[(2, 4, 0.0, 0.7821829082606317)],[(2, 4)],,
553.520,actual,[(2, 4, 0.0, 0.8229654223224768)],[(2, 4)],,
554.016,[1, 2, 3, 4, 5, 6, 7, 8],[(2, 6, 6.0, 0.7659425447582868)],,,
554.528,[1, 2, 3, 4, 5, 6, 7, 8],[],,,
555.024,[1, 2, 3, 4, 5, 6, 7, 8],[],,,
555.520,[1, 2, 3, 4, 5, 6, 7, 8],[(4, 6, 8.75, 0.7614812463615348)],,,
556.016,[1, 2, 3, 4, 5, 6, 7, 8],[],,,
556.528,[1, 2, 3, 4, 5, 6, 7, 8],[],,,
557.024,[1, 2, 3, 4, 5, 6, 7, 8],[],,,
557.520,[1, 2, 3, 4, 5, 6, 7, 8],[],,,
558.016,[1, 2, 3, 4, 5, 6, 7, 8],[],,,
558.528,[1, 2, 3, 4, 5, 6, 7, 8],[],,,
559.024,[1, 2, 3, 4, 5, 6, 7, 8],[],,,
559.520,[1, 2, 3, 4, 5, 6, 7, 8],[],,,
560.016,[1, 2, 3, 4, 5, 6, 7, 8],[],,,
560.528,[1, 2, 3, 4, 5, 6, 7, 8],[],,,
561.024,[1, 2, 3, 4, 5, 6, 7, 8],[],,,
561.520,[1, 2, 3, 4, 5, 6, 7, 8],[],,,
562.016,[1, 2, 3, 4, 5, 6, 7, 8],[],,,
562.528,[1, 2, 3, 4, 5, 6, 7, 8],[],,,
563.024,[1, 2, 3, 4, 5, 6, 7, 8],[],,,
563.520,[1, 2, 3, 4, 5, 6, 7, 8],[],,,
564.016,[1, 2, 3, 4, 5, 6, 7, 8],[],,,
564.528,[1, 2, 3, 4, 5, 6, 7, 8],[],,,
565.024,[1, 2, 3, 4, 5, 6, 7, 8],[],,,
565.520,[1, 2, 3, 4, 5, 6, 7, 8],[],,,
566.016,[1, 2, 3, 4, 5, 6, 7, 8],[],,,
566.528,[1, 2, 3, 4, 5, 6, 7, 8],[],,,
567.024,[1, 2, 3, 4, 5, 6, 7, 8],[],,,
567.520,[1, 2, 3, 4, 5, 6, 7, 8],[],,,
568.016,[1, 2, 3, 4, 5, 6, 7, 8],[],,,
568.528,[1, 2, 3, 4, 5, 6, 7, 8],[],,,
569.024,[1, 2, 3, 4, 5, 6, 7, 8],[],,,
569.520,[1, 2, 3, 4, 5, 6, 7, 8],[],,,
570.016,[1, 2, 3, 4, 5, 6, 7, 8],[],,,
570.528,[1, 2, 3, 4, 5, 6, 7, 8],[],,,
571.024,[1, 2, 3, 4, 5, 6, 7, 8],[],,,
571.520,[1, 2, 3, 4, 5, 6, 7, 8],[],,,
572.016,[1, 2, 3, 4, 5, 6, 7, 8],[],,,
572.528,[1, 2, 3, 4, 5, 6, 7, 8],[],,,
573.024,[1, 2, 3, 4, 5, 6, 7, 8],[],,,
573.520,[1, 2, 3, 4, 5, 6, 7, 8],[],,,
574.016,[1, 2, 3, 4, 5, 6, 7, 8],[],,,
574.528,[1, 2, 3, 4, 5, 6, 7, 8],[],,,
575.024,[1, 2, 3, 4, 5, 6, 7, 8],[],,,
575.520,[1, 2, 3, 4, 5, 6, 7, 8],[],,,
576.016,[1, 2, 3, 4, 5, 6, 7, 8],[],,,
576.528,[1, 2, 3, 4, 5, 6, 7, 8],[],,,
577.024,[1, 2, 3, 4, 5, 6, 7, 8],[],,,
577.520,[1, 2, 3, 4, 5, 6, 7, 8],[],,,
578.016,[1, 2, 3, 4, 5, 6, 7, 8],[],,,
578.528,[1, 2, 3, 4, 5, 6, 7, 8],[],,,
579.024,[1, 2, 3, 4, 5, 6, 7, 8],[],,,
579.520,[1, 2, 3, 4, 5, 6, 7, 8],[],,,
580.016,[1, 2, 3, 4, 5, 6, 7, 8],[],,,
580.528,[1, 2, 3, 4, 5, 6, 7, 8],[],,,
581.024,[1, 2, 4, 5, 6, 7, 8],[],,,
581.520,[1, 2, 4, 5, 6, 7, 8],[],,,
582.016,[1, 2, 4, 5, 6, 7, 8],[],,,
582.528,[1, 2, 4, 5, 6, 7, 8],[],,,
583.024,[1, 2, 4, 5, 6, 7, 8],[],,,
583.520,[1, 2, 4, 5, 6, 7, 8],[],,,
584.016,[1, 2, 4, 5, 6, 7, 8],[],,,
584.528,[1, 2, 4, 5, 6, 7, 8],[],,,
585.024,[1, 2, 4, 5, 6, 7, 8],[],,,
585.520,[1, 2, 4, 5, 6, 7, 8],[],,,
586.016,[1, 2, 3, 4, 5, 6, 7, 8],[(3, 8, 5.25, 0.755545892927909)],,,
586.528,[1, 2, 3, 4, 5, 6, 7, 8],[(3, 8, 5.25, 0.7653561395665688)],,,
587.024,[1, 2, 3, 4, 5, 6, 7, 8],[(3, 8, 5.5, 0.7636657825789124)],,,
587.520,[1, 2, 3, 4, 5, 6, 7, 8],[],,,
588.016,[1, 2, 3, 4, 5, 6, 7, 8],[],,,
588.528,[1, 2, 3, 4, 5, 6, 7, 8],[],,,
589.024,[1, 2, 3, 4, 5, 6, 7, 8],[],,,
589.520,[1, 2, 3, 4, 5, 6, 7, 8],[],,,
590.016,[1, 2, 3, 4, 5, 6, 7, 8],[],,,
590.528,[1, 2, 3, 4, 5, 6, 7, 8],[],,,
591.024,[1, 2, 3, 4, 5, 6, 7, 8],[],,,
591.520,[1, 2, 3, 4, 5, 6, 7, 8],[(1, 5, 5.5, 0.7721129110346435), (3, 8, 4.0, 0.7601352142690364), (4, 6, 3.0, 0.750225342790731)],,,
592.016,[1, 2, 3, 4, 5, 6, 7, 8],[(1, 5, 6.0, 0.7783545069321237), (4, 6, 4.75, 0.7550974739921172)],,,
592.528,[1, 2, 3, 4, 5, 6, 7, 8],[(1, 5, 6.0, 0.7649358121281911), (4, 6, 5.0, 0.7659814820863867)],,,
593.024,[1, 2, 3, 4, 5, 6, 7, 8],[(1, 5, 6.25, 0.7762240349368921), (4, 6, 5.0, 0.7533264227911096)],,,
593.520,[1, 2, 3, 4, 5, 6, 7, 8],[(1, 5, 6.75, 0.7622460036463846), (4, 6, 5.25, 0.7672332299097484)],,,
594.016,[1, 2, 3, 4, 5, 6, 7, 8],[(1, 5, 7.0, 0.770343118704308), (4, 6, 4.25, 0.7781457463303992)],,,
594.528,[1, 2, 3, 4, 5, 6, 7, 8],[(1, 5, 7.25, 0.7777487019173052), (4, 6, 4.5, 0.7777123898935077)],,,
595.024,[1, 2, 3, 4, 5, 6, 7, 8],[(1, 5, 7.75, 0.761238089239489), (4, 6, 4.75, 0.7699853454363541)],,,
595.520,[1, 2, 3, 4, 5, 6, 7, 8],[(1, 5, 1.75, 0.7762413869440062), (3, 8, 2.25, 0.7496248932194068), (4, 6, 1.0, 0.7536068081104226)],,,
596.016,[1, 2, 3, 4, 5, 6, 7, 8],[(3, 8, 4.5, 0.764908092919115), (4, 6, 1.5, 0.7686040888333908)],,,
596.528,[1, 2, 3, 4, 5, 6, 7, 8],[(3, 8, 4.5, 0.7708380954089761), (4, 6, 0.75, 0.7603634613067294)],,,
597.024,[1, 2, 3, 4, 5, 6, 7, 8],[(3, 8, 4.5, 0.7761207774435412), (4, 6, 0.5, 0.7678566043474387)],,,
597.520,actual,[(4, 6, 0.0, 0.8425008883929355)],[(4, 6)],,
598.016,actual,[(4, 6, 0.0, 0.8204551443299097)],[(4, 6)],,
598.528,actual,[(4, 6, 0.0, 0.8215097174280435)],[(4, 6)],,
599.024,actual,[(4, 6, 0.0, 0.8189347060836432)],[(4, 6)],,
599.520,actual,[(4, 6, 0.0, 0.7804758931946717)],[(4, 6)],,
