sim_time,trajectories,conflicts,components,actions
1.520,[1, 2, 3],[],,,
2.016,[1, 2, 3],[],,,
2.528,[1, 2, 3],[],,,
3.024,[1, 2, 3],[],,,
3.520,[1, 2, 3],[],,,
4.016,[1, 2, 3],[],,,
4.528,[1, 2, 3],[],,,
5.024,[1, 2, 3],[],,,
5.520,[1, 2, 3],[],,,
6.016,[1, 2, 3],[],,,
6.528,[1, 2, 3],[],,,
7.024,[1, 2, 3],[],,,
7.520,[1, 2, 3],[],,,
8.016,[1, 2, 3],[],,,
8.528,[1, 2, 3],[],,,
9.024,[1, 2, 3],[],,,
9.520,[1, 2, 3],[],,,
10.016,[1, 2, 3, 4],[],,,
10.528,[1, 2, 3, 4],[],,,
11.024,[1, 2, 3, 4],[],,,
11.520,[1, 2, 3, 4],[],,,
12.016,[1, 2, 3, 4],[],,,
12.528,[1, 2, 3, 4],[],,,
13.024,[1, 2, 3, 4],[],,,
13.520,[1, 2, 3, 4],[],,,
14.016,[1, 2, 3, 4],[],,,
14.528,[1, 2, 3, 4],[],,,
15.024,[1, 2, 3, 4],[],,,
15.520,[1, 2, 3, 4],[],,,
16.016,[1, 2, 3, 4],[],,,
16.528,[1, 2, 3, 4],[],,,
17.024,[1, 2, 3, 4],[],,,
17.520,[1, 2, 3, 4],[],,,
18.032,[1, 2, 3, 4],[],,,
18.528,[1, 2, 3, 4],[],,,
19.024,[1, 2, 3, 4],[],,,
19.520,[1, 2, 3, 4],[],,,
20.032,[1, 2, 3, 4],[],,,
20.528,[1, 2, 3, 4],[],,,
21.024,[1, 2, 3, 4],[],,,
21.520,[1, 2, 3, 4],[],,,
22.032,[1, 2, 3, 4],[],,,
22.528,[1, 2, 3, 4],[],,,
23.024,[1, 2, 3, 4],[],,,
23.520,[1, 2, 3, 4, 5, 7],[],,,
24.032,[1, 2, 3, 4, 5, 7],[],,,
24.528,[1, 2, 3, 4, 5, 7],[],,,
25.024,[1, 2, 3, 4, 5, 7],[],,,
25.520,[1, 2, 3, 4, 5, 7],[],,,
26.032,[1, 2, 3, 4, 5, 6, 7, 8],[],,,
26.528,[1, 2, 3, 4, 5, 6, 7, 8],[],,,
27.024,[1, 2, 3, 4, 5, 6, 7, 8],[],,,
27.520,[1, 2, 3, 4, 5, 6, 7, 8],[],,,
28.032,[1, 2, 3, 4, 5, 6, 7, 8],[],,,
28.528,[1, 2, 3, 4, 5, 6, 7, 8],[],,,
29.024,[1, 2, 3, 4, 5, 6, 7, 8],[],,,
29.520,[1, 2, 3, 4, 5, 6, 7, 8],[],,,
30.032,[1, 2, 3, 4, 5, 6, 7, 8],[],,,
30.528,[1, 2, 3, 4, 5, 6, 7, 8],[],,,
31.024,[1, 2, 3, 4, 5, 6, 7, 8],[],,,
31.520,[1, 2, 3, 4, 5, 6, 7, 8],[],,,
32.032,[1, 2, 3, 4, 5, 6, 7, 8],[],,,
32.528,[1, 2, 3, 4, 5, 6, 7, 8],[],,,
33.024,[1, 2, 3, 4, 5, 6, 7, 8],[],,,
33.520,[1, 2, 3, 4, 5, 6, 7, 8],[],,,
34.032,[1, 2, 3, 4, 5, 6, 7, 8],[],,,
34.528,[1, 2, 3, 4, 5, 6, 7, 8],[],,,
35.024,[1, 2, 3, 4, 5, 6, 7, 8],[],,,
35.520,[1, 2, 3, 4, 5, 6, 7, 8],[],,,
36.032,[1, 2, 3, 4, 5, 6, 7, 8],[],,,
36.528,[1, 2, 3, 4, 5, 6, 7, 8],[],,,
37.024,[1, 2, 3, 4, 5, 6, 7, 8],[],,,
37.520,[1, 2, 3, 4, 5, 6, 7, 8],[],,,
38.032,[1, 2, 3, 4, 5, 6, 7, 8],[],,,
38.528,[1, 2, 3, 4, 5, 6, 7, 8],[],,,
39.024,[1, 2, 3, 4, 5, 6, 7, 8],[],,,
39.520,[1, 2, 3, 4, 5, 6, 7, 8],[],,,
40.032,[1, 2, 3, 4, 5, 6, 7, 8],[],,,
40.528,[1, 2, 3, 4, 5, 6, 7, 8],[],,,
41.024,[1, 2, 3, 4, 5, 6, 7, 8],[],,,
41.520,[1, 2, 3, 4, 5, 6, 7, 8],[],,,
42.032,[1, 2, 3, 4, 5, 6, 7, 8],[],,,
42.528,[1, 2, 3, 4, 5, 6, 7, 8],[],,,
43.024,[1, 2, 3, 4, 5, 6, 7, 8],[],,,
43.520,[1, 2, 3, 4, 5, 6, 7, 8],[],,,
44.032,[1, 2, 3, 4, 5, 6, 7, 8],[],,,
44.528,[1, 2, 3, 4, 5, 6, 8],[],,,
45.024,[1, 2, 3, 4, 5, 6, 8],[],,,
45.520,[1, 2, 3, 4, 5, 6, 8],[],,,
46.032,[1, 2, 3, 4, 5, 6, 8],[],,,
46.528,[1, 2, 3, 4, 5, 6, 8],[],,,
47.024,[1, 2, 3, 4, 5, 6, 8],[],,,
47.520,[1, 2, 3, 4, 5, 6, 8],[],,,
48.032,[1, 2, 3, 4, 5, 6, 8],[],,,
48.528,[1, 2, 3, 4, 5, 6, 8],[],,,
49.024,[1, 2, 3, 4, 5, 6, 8],[],,,
49.520,[1, 2, 3, 4, 5, 6, 7, 8],[],,,
50.032,[1, 2, 3, 4, 5, 6, 7, 8],[],,,
50.528,[1, 2, 3, 4, 5, 6, 7, 8],[(2, 3, 2.25, 0.7129352733539693), (3, 5, 4.25, 0.7010905903323845)],,,
51.024,[1, 2, 3, 4, 5, 6, 7, 8],[(2, 5, 6.0, 0.7028024301805289)],,,
51.520,[1, 2, 3, 4, 5, 6, 7, 8],[],,,
52.032,[1, 2, 3, 4, 5, 6, 7, 8],[(2, 3, 5.75, 0.7179800409213531)],,,
52.528,[1, 2, 3, 4, 5, 6, 7, 8],[],,,
53.024,[1, 2, 3, 4, 5, 6, 7, 8],[],,,
53.520,[1, 2, 3, 4, 5, 6, 7, 8],[],,,
54.032,[1, 2, 3, 4, 5, 6, 7, 8],[],,,
54.528,[1, 2, 3, 4, 5, 6, 7, 8],[],,,
55.024,[1, 2, 3, 4, 5, 6, 7, 8],[],,,
55.520,[1, 2, 3, 4, 5, 6, 7, 8],[],,,
56.032,[1, 2, 3, 4, 5, 6, 7, 8],[],,,
56.528,[1, 2, 3, 4, 5, 6, 7, 8],[],,,
57.024,[1, 2, 3, 4, 5, 6, 7, 8],[],,,
57.520,[1, 2, 3, 4, 5, 6, 7, 8],[],,,
58.032,[1, 2, 3, 4, 5, 6, 7, 8],[],,,
58.528,[1, 2, 3, 4, 5, 6, 7, 8],[],,,
59.024,[1, 2, 3, 4, 5, 6, 7, 8],[],,,
59.520,[1, 2, 3, 4, 5, 6, 7, 8],[],,,
60.032,[1, 2, 3, 4, 5, 6, 7, 8],[],,,
60.528,[1, 2, 3, 4, 5, 6, 7, 8],[],,,
61.024,[1, 2, 3, 4, 5, 6, 7, 8],[],,,
61.520,[1, 2, 3, 4, 5, 6, 7, 8],[],,,
62.032,[1, 2, 3, 4, 5, 6, 7, 8],[],,,
62.528,[1, 2, 3, 4, 5, 6, 7, 8],[],,,
63.024,[1, 2, 3, 4, 5, 6, 7, 8],[],,,
63.520,[1, 2, 3, 4, 5, 6, 7, 8],[],,,
64.032,[1, 2, 3, 4, 5, 6, 7, 8],[],,,
64.528,[1, 2, 3, 4, 5, 6, 7, 8],[],,,
65.024,[1, 2, 3, 4, 5, 6, 7, 8],[],,,
65.520,[1, 2, 3, 4, 5, 6, 7, 8],[],,,
66.032,[1, 2, 3, 4, 5, 6, 7, 8],[],,,
66.528,[1, 2, 3, 4, 5, 6, 7, 8],[],,,
67.024,[1, 2, 3, 4, 5, 6, 7, 8],[],,,
67.520,[1, 2, 3, 4, 5, 6, 7, 8],[],,,
68.032,[1, 2, 3, 4, 5, 6, 7, 8],[],,,
68.528,[1, 2, 3, 4, 5, 6, 7, 8],[],,,
69.024,[1, 2, 3, 4, 5, 6, 7, 8],[],,,
69.520,[1, 2, 3, 4, 5, 6, 7, 8],[],,,
70.032,[1, 2, 3, 4, 5, 6, 7, 8],[],,,
70.528,[1, 2, 3, 4, 5, 6, 7, 8],[],,,
71.024,[1, 2, 3, 4, 5, 6, 7, 8],[],,,
71.520,[1, 2, 3, 4, 5, 6, 7, 8],[],,,
72.032,[1, 2, 3, 4, 5, 6, 7, 8],[],,,
72.528,[1, 2, 3, 4, 5, 6, 7, 8],[],,,
73.024,[1, 2, 3, 4, 5, 6, 7, 8],[],,,
73.520,[1, 2, 3, 4, 5, 6, 7, 8],[],,,
74.032,[1, 2, 3, 4, 5, 6, 7, 8],[],,,
74.528,[1, 2, 3, 4, 5, 6, 7, 8],[],,,
75.024,[1, 2, 3, 4, 5, 6, 7, 8],[],,,
75.520,[1, 2, 3, 4, 5, 6, 7, 8],[],,,
76.032,[1, 2, 3, 4, 5, 6, 7, 8],[],,,
76.528,[1, 2, 3, 4, 5, 6, 7, 8],[],,,
77.024,[1, 2, 3, 4, 5, 6, 7, 8],[],,,
77.520,[1, 2, 3, 4, 5, 6, 7, 8],[],,,
78.032,[1, 2, 3, 4, 5, 6, 7, 8],[],,,
78.528,[1, 2, 3, 4, 5, 6, 7, 8],[],,,
79.024,[1, 2, 3, 4, 5, 6, 7, 8],[],,,
79.520,[1, 2, 3, 4, 5, 6, 7, 8],[],,,
80.016,[1, 2, 3, 4, 5, 6, 7, 8],[],,,
80.528,[1, 2, 3, 4, 5, 6, 7, 8],[],,,
81.024,[1, 2, 3, 4, 5, 6, 7, 8],[],,,
81.520,[1, 2, 3, 4, 5, 6, 7, 8],[],,,
82.016,[1, 2, 3, 4, 5, 6, 7, 8],[],,,
82.528,[1, 2, 3, 4, 5, 6, 7, 8],[],,,
83.024,[1, 2, 3, 4, 5, 6, 7, 8],[],,,
83.520,[1, 2, 3, 4, 5, 6, 7, 8],[],,,
84.016,[1, 2, 3, 4, 5, 6, 7, 8],[],,,
84.528,[1, 2, 3, 4, 5, 6, 7, 8],[],,,
85.024,[1, 2, 3, 4, 5, 6, 7, 8],[],,,
85.520,[1, 2, 3, 4, 5, 6, 7, 8],[],,,
86.016,[1, 2, 3, 4, 5, 6, 7, 8],[],,,
86.528,[1, 2, 3, 4, 5, 6, 7, 8],[],,,
87.024,[1, 2, 3, 4, 5, 6, 7, 8],[],,,
87.520,[1, 2, 3, 4, 5, 6, 7, 8],[],,,
88.016,[1, 2, 3, 4, 5, 6, 7, 8],[],,,
88.528,[1, 2, 3, 4, 5, 6, 7, 8],[],,,
89.024,[1, 2, 3, 4, 5, 6, 7, 8],[],,,
89.520,[1, 2, 3, 4, 5, 6, 7, 8],[],,,
90.016,[1, 2, 3, 4, 5, 6, 7, 8],[],,,
90.528,[1, 2, 3, 4, 5, 6, 7, 8],[],,,
91.024,[1, 2, 3, 4, 5, 6, 7, 8],[],,,
91.520,[1, 2, 3, 4, 5, 6, 7, 8],[],,,
92.016,[1, 2, 3, 4, 5, 6, 7, 8],[],,,
92.528,[1, 2, 3, 4, 5, 6, 7, 8],[],,,
93.024,[1, 2, 3, 4, 5, 6, 7, 8],[],,,
93.520,[1, 2, 3, 4, 5, 6, 7, 8],[],,,
94.016,[1, 2, 3, 4, 5, 6, 7, 8],[],,,
94.528,[1, 2, 3, 4, 5, 6, 7, 8],[],,,
95.024,[1, 2, 3, 4, 5, 6, 7, 8],[],,,
95.520,[1, 2, 3, 4, 5, 6, 7, 8],[],,,
96.016,[1, 2, 3, 4, 5, 6, 7, 8],[],,,
96.528,[1, 2, 3, 4, 5, 6, 7, 8],[],,,
97.024,[1, 2, 3, 4, 5, 6, 7, 8],[],,,
97.520,[1, 2, 3, 4, 5, 6, 7, 8],[],,,
98.016,[1, 2, 3, 4, 5, 6, 7, 8],[],,,
98.528,[1, 2, 3, 4, 5, 6, 7, 8],[],,,
99.024,[1, 2, 3, 4, 5, 6, 7, 8],[],,,
99.520,[1, 2, 3, 4, 5, 6, 7, 8],[],,,
100.016,[1, 2, 3, 4, 5, 6, 7, 8],[],,,
100.528,actual,[(1, 6, 0.0, 0.8434206254474076)],[(1, 6)],layered_low_only
101.024,actual,[(1, 6, 0.0, 0.8406305229987856)],[(1, 6)],layered_low_only
101.520,actual,[(1, 6, 0.0, 0.8407988564546829)],[(1, 6)],layered_low_only
102.016,actual,[(1, 6, 0.0, 0.8434540824267145)],[(1, 6)],layered_low_only
102.528,actual,[(1, 6, 0.0, 0.8489052056911465)],[(1, 6)],layered_low_only
103.024,[1, 2, 3, 4, 5, 6, 7, 8],[],,,
103.520,[1, 2, 3, 4, 5, 6, 7, 8],[],,,
104.016,[1, 2, 3, 4, 5, 6, 7, 8],[],,,
104.528,[1, 2, 3, 4, 5, 6, 7, 8],[],,,
105.024,[1, 2, 3, 4, 5, 6, 7, 8],[],,,
105.520,[1, 2, 3, 4, 5, 6, 7, 8],[],,,
106.016,[1, 2, 3, 4, 5, 6, 7, 8],[],,,
106.528,[1, 2, 3, 4, 5, 6, 7, 8],[],,,
107.024,[1, 2, 3, 4, 5, 6, 7, 8],[],,,
107.520,[1, 2, 3, 4, 5, 6, 7, 8],[],,,
108.016,[1, 2, 3, 4, 5, 6, 7, 8],[],,,
108.528,[1, 2, 3, 4, 5, 6, 7, 8],[],,,
109.024,[1, 2, 3, 4, 5, 6, 7, 8],[],,,
109.520,[1, 2, 3, 4, 5, 6, 7, 8],[],,,
110.016,[1, 2, 3, 4, 5, 6, 7, 8],[],,,
110.528,[1, 2, 3, 4, 5, 6, 7, 8],[],,,
111.024,[1, 2, 3, 4, 5, 6, 7, 8],[],,,
111.520,[1, 2, 3, 4, 5, 6, 7, 8],[],,,
112.016,[1, 2, 3, 4, 5, 6, 7, 8],[],,,
112.528,[1, 2, 3, 4, 5, 6, 7, 8],[],,,
113.024,[1, 2, 3, 4, 5, 6, 7, 8],[],,,
113.520,[1, 2, 3, 4, 5, 6, 7, 8],[],,,
114.016,[1, 2, 3, 4, 5, 6, 7, 8],[],,,
114.528,[1, 2, 3, 4, 5, 6, 7, 8],[],,,
115.024,[1, 2, 3, 4, 5, 6, 7, 8],[],,,
115.520,[1, 2, 3, 4, 5, 6, 7, 8],[],,,
116.016,[1, 2, 3, 4, 5, 6, 7, 8],[],,,
116.528,[1, 2, 3, 4, 5, 6, 7, 8],[],,,
117.024,[1, 2, 3, 4, 5, 6, 7, 8],[],,,
117.520,[1, 2, 3, 4, 5, 6, 7, 8],[],,,
118.016,[1, 2, 3, 4, 5, 6, 7, 8],[],,,
118.528,[1, 2, 3, 4, 5, 6, 7, 8],[],,,
119.024,[1, 2, 3, 4, 5, 6, 7, 8],[],,,
119.520,[1, 2, 3, 4, 5, 6, 7, 8],[],,,
120.016,[1, 2, 3, 4, 5, 6, 7, 8],[],,,
120.528,[1, 2, 3, 4, 5, 6, 7, 8],[],,,
121.024,[1, 2, 3, 4, 5, 6, 7, 8],[],,,
121.520,[1, 2, 3, 4, 5, 6, 7, 8],[],,,
122.016,[1, 2, 3, 4, 5, 6, 7, 8],[],,,
122.528,[1, 2, 3, 4, 5, 6, 7, 8],[],,,
123.024,[1, 2, 3, 4, 5, 6, 7, 8],[],,,
123.520,[1, 2, 3, 4, 5, 6, 7, 8],[],,,
124.016,[1, 2, 3, 4, 5, 6, 7, 8],[],,,
124.528,[1, 2, 3, 4, 5, 6, 7, 8],[],,,
125.024,[1, 2, 3, 4, 5, 6, 7, 8],[],,,
125.520,[1, 2, 3, 4, 5, 6, 7, 8],[],,,
126.016,[1, 2, 3, 4, 5, 6, 7, 8],[],,,
126.528,[1, 2, 3, 4, 5, 6, 7, 8],[],,,
127.024,[1, 2, 3, 4, 5, 6, 7, 8],[],,,
127.520,[1, 2, 3, 4, 5, 6, 7, 8],[],,,
128.016,[1, 2, 3, 4, 5, 6, 7, 8],[],,,
128.528,[1, 2, 3, 4, 5, 6, 7, 8],[],,,
129.024,[1, 2, 3, 4, 5, 6, 7, 8],[],,,
129.520,[1, 2, 3, 4, 5, 6, 7, 8],[],,,
130.016,[1, 2, 3, 4, 5, 6, 7, 8],[],,,
130.528,[1, 2, 3, 4, 5, 6, 7, 8],[],,,
131.024,[1, 2, 3, 4, 5, 6, 7, 8],[],,,
131.520,[1, 2, 3, 4, 5, 6, 7, 8],[],,,
132.016,[1, 2, 3, 4, 5, 6, 7, 8],[],,,
132.528,[1, 2, 3, 4, 5, 6, 7, 8],[],,,
133.024,[1, 2, 3, 4, 5, 6, 7, 8],[],,,
133.520,[1, 2, 3, 4, 5, 6, 7, 8],[],,,
134.016,[1, 2, 3, 4, 5, 6, 7, 8],[],,,
134.528,[1, 2, 3, 4, 5, 6, 7, 8],[],,,
135.024,[1, 2, 3, 4, 5, 6, 7, 8],[],,,
135.520,[1, 2, 3, 4, 5, 6, 7, 8],[],,,
136.016,[1, 2, 3, 4, 5, 6, 7, 8],[],,,
136.528,[1, 2, 3, 4, 5, 6, 7, 8],[],,,
137.024,[1, 2, 3, 4, 5, 6, 7, 8],[],,,
137.520,[1, 2, 3, 4, 5, 6, 7, 8],[],,,
138.016,[1, 2, 3, 4, 5, 6, 7, 8],[],,,
138.528,[1, 2, 3, 4, 5, 6, 7, 8],[],,,
139.024,[1, 2, 3, 4, 5, 6, 7, 8],[],,,
139.520,[1, 2, 3, 4, 5, 6, 7, 8],[],,,
140.016,[1, 2, 3, 4, 5, 6, 7, 8],[],,,
140.528,[1, 2, 3, 4, 5, 6, 7, 8],[],,,
141.024,[1, 2, 3, 4, 5, 6, 7, 8],[],,,
141.520,[1, 2, 3, 4, 5, 6, 7, 8],[],,,
142.016,[1, 2, 3, 4, 5, 6, 7, 8],[],,,
142.528,[1, 2, 3, 4, 5, 6, 7, 8],[],,,
143.024,[1, 2, 4, 5, 6, 7, 8],[],,,
143.520,[1, 2, 3, 4, 5, 6, 7, 8],[],,,
144.016,[1, 2, 3, 4, 5, 6, 7, 8],[],,,
144.528,[1, 2, 3, 4, 5, 6, 7, 8],[],,,
145.024,[1, 2, 3, 4, 5, 6, 7, 8],[],,,
145.520,[1, 2, 3, 4, 5, 6, 7, 8],[],,,
146.016,[1, 2, 3, 4, 5, 6, 7, 8],[],,,
146.528,[1, 2, 3, 4, 5, 6, 7, 8],[],,,
147.024,[1, 2, 3, 4, 5, 6, 7, 8],[],,,
147.520,[1, 2, 3, 4, 5, 6, 7, 8],[],,,
148.016,[1, 2, 3, 4, 5, 6, 7, 8],[],,,
148.528,[1, 2, 3, 4, 5, 6, 7, 8],[],,,
149.024,[1, 2, 3, 4, 5, 6, 7, 8],[],,,
149.520,[1, 2, 3, 4, 5, 6, 7, 8],[],,,
150.016,[1, 2, 3, 4, 5, 6, 7, 8],[],,,
150.528,[1, 2, 3, 4, 5, 6, 7, 8],[],,,
151.024,[1, 2, 3, 4, 5, 6, 7, 8],[],,,
151.520,[1, 2, 3, 4, 5, 6, 7, 8],[],,,
152.016,[1, 2, 3, 4, 5, 6, 7, 8],[],,,
152.528,[1, 2, 3, 4, 5, 6, 7, 8],[],,,
153.024,[1, 2, 3, 4, 5, 6, 7, 8],[],,,
153.520,[1, 2, 3, 4, 5, 6, 7, 8],[],,,
154.016,[1, 2, 3, 4, 5, 6, 7, 8],[],,,
154.528,[1, 2, 3, 4, 5, 6, 7, 8],[],,,
155.024,[1, 2, 3, 4, 5, 6, 7, 8],[],,,
155.520,[1, 2, 3, 4, 5, 6, 7, 8],[],,,
156.016,[1, 2, 3, 4, 5, 6, 7, 8],[],,,
156.528,[1, 2, 3, 4, 5, 6, 7, 8],[],,,
157.024,[1, 2, 3, 4, 5, 6, 7, 8],[],,,
157.520,[1, 2, 3, 4, 5, 6, 7, 8],[],,,
158.032,[1, 2, 3, 4, 5, 6, 7, 8],[],,,
158.528,[1, 2, 3, 4, 5, 6, 7, 8],[],,,
159.024,[1, 2, 3, 4, 5, 6, 7, 8],[],,,
159.520,[1, 2, 3, 4, 5, 6, 7, 8],[],,,
160.032,[1, 2, 3, 4, 5, 6, 7, 8],[],,,
160.528,[1, 2, 3, 4, 5, 6, 7, 8],[],,,
161.024,[1, 2, 3, 4, 5, 6, 7, 8],[],,,
161.520,[1, 2, 3, 4, 5, 6, 7, 8],[],,,
162.032,[1, 2, 3, 4, 5, 6, 7, 8],[],,,
162.528,[1, 2, 3, 4, 5, 6, 7, 8],[],,,
163.024,[1, 2, 3, 4, 5, 6, 7, 8],[],,,
163.520,[1, 2, 3, 4, 5, 6, 7, 8],[],,,
164.032,[1, 2, 3, 4, 5, 6, 7, 8],[],,,
164.528,[1, 2, 3, 4, 5, 6, 7, 8],[],,,
165.024,[1, 2, 3, 4, 5, 6, 7, 8],[],,,
165.520,[1, 2, 3, 4, 5, 6, 7, 8],[],,,
166.032,[1, 2, 3, 4, 5, 6, 7, 8],[],,,
166.528,[1, 2, 3, 4, 5, 6, 7, 8],[],,,
167.024,[1, 2, 3, 4, 5, 6, 7, 8],[],,,
167.520,[1, 2, 3, 4, 5, 6, 7, 8],[],,,
168.032,[1, 2, 3, 4, 5, 6, 7, 8],[],,,
168.528,[1, 2, 3, 4, 5, 6, 7, 8],[],,,
169.024,[1, 2, 3, 4, 5, 6, 7, 8],[],,,
169.520,[1, 2, 3, 4, 5, 6, 7, 8],[],,,
170.032,[1, 2, 3, 4, 5, 6, 7, 8],[],,,
170.528,[1, 2, 3, 4, 5, 6, 7, 8],[],,,
171.024,[1, 2, 3, 4, 5, 6, 7, 8],[],,,
171.520,[1, 2, 3, 4, 5, 6, 7, 8],[],,,
172.032,[1, 2, 3, 4, 5, 6, 7, 8],[],,,
172.528,[1, 2, 3, 4, 5, 6, 7, 8],[],,,
173.024,[1, 2, 3, 4, 5, 6, 7, 8],[],,,
173.520,[1, 2, 3, 4, 5, 6, 7, 8],[],,,
174.032,[1, 2, 3, 4, 5, 6, 7, 8],[],,,
174.528,[1, 2, 3, 4, 5, 6, 7, 8],[],,,
175.024,[1, 2, 3, 4, 5, 6, 7, 8],[],,,
175.520,[1, 2, 3, 4, 5, 6, 7, 8],[],,,
176.032,[1, 2, 3, 4, 5, 6, 7, 8],[],,,
176.528,[1, 2, 3, 4, 5, 6, 7, 8],[],,,
177.024,[1, 2, 3, 4, 5, 6, 7, 8],[],,,
177.520,[1, 2, 3, 4, 5, 6, 7, 8],[],,,
178.032,[1, 2, 3, 4, 5, 6, 7, 8],[],,,
178.528,[1, 2, 3, 4, 5, 6, 7, 8],[],,,
179.024,[1, 2, 3, 4, 5, 6, 7, 8],[],,,
179.520,[1, 2, 3, 4, 5, 6, 7, 8],[],,,
180.032,[1, 2, 3, 4, 5, 6, 7, 8],[],,,
180.528,[1, 2, 3, 4, 5, 6, 7, 8],[],,,
181.024,[1, 2, 3, 4, 5, 6, 7, 8],[],,,
181.520,[1, 2, 3, 4, 5, 6, 7, 8],[],,,
182.032,[1, 2, 3, 4, 5, 6, 7, 8],[],,,
182.528,[1, 2, 3, 4, 5, 6, 7, 8],[],,,
183.024,[1, 2, 3, 4, 5, 6, 7, 8],[],,,
183.520,[1, 2, 3, 4, 5, 6, 7, 8],[],,,
184.032,[1, 2, 3, 4, 5, 6, 7, 8],[],,,
184.528,[1, 2, 3, 4, 5, 6, 7, 8],[],,,
185.024,[1, 2, 3, 4, 5, 6, 7, 8],[],,,
185.520,[1, 2, 3, 4, 5, 6, 7, 8],[],,,
186.032,[1, 2, 3, 4, 5, 6, 7, 8],[],,,
186.528,[1, 2, 3, 4, 5, 6, 7, 8],[],,,
187.024,[1, 2, 3, 4, 5, 6, 7, 8],[],,,
187.520,[1, 2, 3, 4, 5, 6, 7, 8],[],,,
188.032,[1, 2, 3, 4, 5, 6, 7, 8],[],,,
188.528,[1, 2, 3, 4, 5, 6, 7, 8],[],,,
189.024,[1, 2, 3, 4, 5, 6, 7, 8],[],,,
189.520,[1, 2, 3, 4, 5, 6, 7, 8],[],,,
190.032,[1, 2, 3, 4, 5, 6, 7, 8],[],,,
190.528,[1, 2, 3, 4, 5, 6, 7, 8],[],,,
191.024,[1, 2, 3, 4, 5, 6, 7, 8],[],,,
191.520,[1, 2, 3, 4, 5, 6, 7, 8],[],,,
192.032,[1, 2, 3, 4, 5, 6, 7, 8],[],,,
192.528,[1, 2, 3, 4, 5, 6, 7, 8],[],,,
193.024,[1, 2, 3, 4, 5, 6, 7, 8],[],,,
193.520,[1, 2, 3, 4, 5, 6, 7, 8],[],,,
194.032,[1, 2, 3, 4, 5, 6, 7, 8],[],,,
194.528,[1, 2, 3, 4, 5, 6, 7, 8],[],,,
195.024,[1, 2, 3, 4, 5, 6, 7, 8],[],,,
195.520,[1, 2, 3, 4, 5, 6, 7, 8],[],,,
196.032,[1, 2, 3, 4, 5, 6, 7, 8],[],,,
196.528,[1, 2, 3, 4, 5, 6, 7, 8],[],,,
197.024,[1, 2, 3, 4, 5, 6, 7, 8],[],,,
197.520,[1, 2, 3, 4, 5, 6, 7, 8],[],,,
198.032,[1, 2, 3, 4, 5, 6, 7, 8],[],,,
198.528,[1, 2, 3, 4, 5, 6, 7, 8],[],,,
199.024,[1, 2, 3, 4, 5, 6, 7, 8],[],,,
199.520,[1, 2, 3, 4, 5, 6, 7, 8],[],,,
200.032,[1, 2, 3, 4, 5, 6, 7, 8],[],,,
200.528,[1, 2, 3, 4, 5, 6, 7, 8],[],,,
201.024,[1, 2, 3, 4, 5, 6, 7, 8],[],,,
201.520,[1, 2, 3, 4, 5, 6, 7, 8],[],,,
202.032,[1, 2, 3, 4, 5, 6, 7, 8],[],,,
202.528,[1, 2, 3, 4, 5, 6, 7, 8],[],,,
203.024,[1, 2, 3, 4, 5, 6, 7, 8],[],,,
203.520,[1, 2, 3, 4, 5, 6, 7, 8],[],,,
204.032,[1, 2, 3, 4, 5, 6, 7, 8],[],,,
204.528,[1, 2, 3, 4, 5, 6, 7, 8],[],,,
205.024,[1, 2, 3, 4, 5, 6, 7, 8],[],,,
205.520,[1, 2, 3, 4, 5, 6, 7, 8],[],,,
206.032,[1, 2, 3, 4, 5, 6, 7, 8],[],,,
206.528,[1, 2, 3, 4, 5, 6, 7, 8],[],,,
207.024,[1, 2, 3, 4, 5, 6, 7, 8],[],,,
207.520,[1, 2, 3, 4, 5, 6, 7, 8],[],,,
208.032,[1, 2, 3, 4, 5, 6, 7, 8],[],,,
208.528,[1, 2, 3, 4, 5, 6, 7, 8],[],,,
209.024,[1, 2, 3, 4, 5, 6, 7, 8],[],,,
209.520,[1, 2, 3, 4, 5, 6, 7, 8],[],,,
210.032,[1, 2, 3, 4, 5, 6, 7, 8],[],,,
210.528,[1, 2, 3, 4, 5, 6, 7, 8],[],,,
211.024,[1, 2, 3, 4, 5, 6, 7, 8],[],,,
211.520,[1, 2, 3, 4, 5, 6, 7, 8],[],,,
212.032,[1, 2, 3, 4, 5, 6, 7, 8],[],,,
212.528,[1, 2, 3, 4, 5, 6, 7, 8],[],,,
213.024,[1, 2, 3, 4, 5, 6, 7, 8],[],,,
213.520,[1, 2, 3, 4, 5, 6, 7, 8],[],,,
214.032,[1, 2, 3, 4, 5, 6, 7, 8],[],,,
214.528,[1, 2, 3, 4, 5, 6, 7, 8],[],,,
215.024,[1, 2, 3, 4, 5, 6, 7, 8],[],,,
215.520,[1, 2, 3, 4, 5, 6, 7, 8],[],,,
216.032,[1, 2, 3, 4, 5, 6, 7, 8],[],,,
216.528,[1, 2, 3, 4, 5, 6, 7, 8],[],,,
217.024,[1, 2, 3, 4, 5, 6, 7, 8],[],,,
217.520,[1, 2, 3, 4, 5, 6, 7, 8],[],,,
218.032,[1, 2, 3, 4, 5, 6, 7, 8],[],,,
218.528,[1, 2, 3, 4, 5, 6, 7, 8],[],,,
219.024,[1, 2, 3, 4, 5, 6, 7, 8],[],,,
219.520,[1, 2, 3, 4, 5, 6, 7, 8],[],,,
220.032,[1, 2, 3, 4, 5, 6, 7, 8],[],,,
220.528,[1, 2, 3, 4, 5, 6, 7, 8],[],,,
221.024,[1, 2, 3, 4, 5, 6, 7, 8],[],,,
221.520,[1, 2, 3, 4, 5, 6, 7, 8],[],,,
222.032,[1, 2, 3, 4, 5, 6, 7, 8],[],,,
222.528,[1, 2, 3, 4, 5, 6, 7, 8],[],,,
223.024,[1, 2, 3, 4, 5, 6, 7, 8],[],,,
223.520,[1, 2, 3, 4, 5, 6, 7, 8],[],,,
224.032,[1, 2, 3, 4, 5, 6, 7, 8],[],,,
224.528,[1, 2, 3, 4, 5, 6, 7, 8],[],,,
225.024,[1, 2, 3, 4, 5, 6, 7, 8],[],,,
225.520,[1, 2, 3, 4, 5, 6, 7, 8],[],,,
226.032,[1, 2, 3, 4, 5, 6, 7, 8],[],,,
226.528,[1, 2, 3, 4, 5, 6, 7, 8],[],,,
227.024,[1, 2, 3, 4, 5, 6, 7, 8],[],,,
227.520,[1, 2, 3, 4, 5, 6, 7, 8],[],,,
228.032,[1, 2, 3, 4, 5, 6, 7, 8],[],,,
228.528,[1, 2, 3, 4, 5, 6, 7, 8],[],,,
229.024,[1, 2, 3, 4, 5, 6, 7, 8],[],,,
229.520,[1, 2, 3, 4, 5, 6, 7, 8],[],,,
230.032,[1, 2, 3, 4, 5, 6, 7, 8],[],,,
230.528,[1, 2, 3, 4, 5, 6, 7, 8],[],,,
231.024,[1, 2, 3, 4, 5, 6, 7, 8],[],,,
231.520,[1, 2, 3, 4, 5, 6, 7, 8],[],,,
232.032,[1, 2, 3, 4, 5, 6, 7, 8],[],,,
232.528,[1, 2, 3, 4, 5, 6, 7, 8],[],,,
233.024,[1, 2, 3, 4, 5, 6, 7, 8],[],,,
233.520,[1, 2, 3, 4, 5, 6, 7, 8],[],,,
234.032,[1, 2, 3, 4, 5, 6, 7, 8],[],,,
234.528,[1, 2, 3, 4, 5, 6, 7, 8],[],,,
235.024,[1, 2, 3, 4, 5, 6, 7, 8],[],,,
235.520,[1, 2, 3, 4, 5, 6, 7, 8],[],,,
236.032,[1, 2, 3, 4, 5, 6, 7, 8],[],,,
236.528,[1, 2, 3, 4, 5, 6, 7, 8],[],,,
237.024,[1, 2, 3, 4, 5, 6, 7, 8],[],,,
237.520,[1, 2, 3, 4, 5, 6, 7, 8],[],,,
238.032,[1, 2, 3, 4, 5, 6, 7, 8],[],,,
238.528,[1, 2, 3, 4, 5, 6, 7, 8],[],,,
239.024,[1, 2, 3, 4, 5, 6, 7, 8],[],,,
239.520,[1, 2, 3, 4, 5, 6, 7, 8],[],,,
240.032,[1, 2, 3, 4, 5, 6, 7, 8],[],,,
240.528,[1, 2, 3, 4, 5, 6, 7, 8],[],,,
241.024,[1, 2, 3, 4, 5, 6, 7, 8],[],,,
241.520,[1, 2, 3, 4, 5, 6, 7, 8],[],,,
242.032,[1, 2, 3, 4, 5, 6, 7, 8],[],,,
242.528,[1, 2, 3, 4, 5, 6, 7, 8],[],,,
243.024,[1, 2, 3, 4, 5, 6, 7, 8],[],,,
243.520,[1, 2, 3, 4, 5, 6, 7, 8],[],,,
244.032,[1, 2, 3, 4, 5, 6, 7, 8],[],,,
244.528,[1, 2, 3, 4, 5, 6, 7, 8],[],,,
245.024,[1, 2, 3, 4, 5, 6, 7, 8],[],,,
245.520,[1, 2, 3, 4, 5, 6, 7, 8],[],,,
246.032,[1, 2, 3, 4, 5, 6, 7, 8],[],,,
246.528,[1, 2, 3, 4, 5, 6, 7, 8],[],,,
247.024,[1, 2, 3, 4, 5, 6, 7, 8],[],,,
247.520,[1, 2, 3, 4, 5, 6, 7, 8],[],,,
248.032,[1, 2, 3, 4, 5, 6, 7, 8],[],,,
248.528,[1, 2, 3, 4, 5, 6, 7, 8],[],,,
249.024,[1, 2, 3, 4, 5, 6, 7, 8],[],,,
249.520,[1, 2, 3, 4, 5, 6, 7, 8],[],,,
250.032,[1, 2, 3, 4, 5, 6, 7, 8],[],,,
250.528,[1, 2, 3, 4, 5, 6, 7, 8],[],,,
251.024,[1, 2, 3, 4, 5, 6, 7, 8],[(2, 6, 6.0, 0.7170028099725125)],,,
251.520,[1, 2, 3, 4, 5, 6, 7, 8],[],,,
252.032,[1, 2, 3, 4, 5, 6, 7, 8],[],,,
252.528,[1, 2, 3, 4, 5, 6, 7, 8],[],,,
253.024,[1, 2, 3, 4, 5, 6, 7, 8],[],,,
253.520,[1, 2, 3, 4, 5, 6, 7, 8],[],,,
254.032,[1, 2, 3, 4, 5, 6, 7, 8],[],,,
254.528,[1, 2, 3, 4, 5, 6, 7, 8],[],,,
255.024,[1, 2, 3, 4, 5, 6, 7, 8],[],,,
255.520,[1, 2, 3, 4, 5, 6, 7, 8],[],,,
256.032,[1, 2, 3, 4, 5, 6, 7, 8],[],,,
256.528,[1, 2, 3, 4, 5, 6, 7, 8],[],,,
257.024,[1, 2, 3, 4, 5, 6, 7, 8],[],,,
257.520,[1, 2, 3, 4, 5, 6, 7, 8],[],,,
258.032,[1, 2, 3, 4, 5, 6, 7, 8],[],,,
258.528,[1, 2, 3, 4, 5, 6, 7, 8],[],,,
259.024,[1, 2, 3, 4, 5, 6, 7, 8],[],,,
259.520,[1, 2, 3, 4, 5, 6, 7, 8],[],,,
260.032,[1, 2, 3, 4, 5, 6, 7, 8],[],,,
260.528,[1, 2, 3, 4, 5, 6, 7, 8],[],,,
261.024,[1, 2, 3, 4, 5, 6, 7, 8],[],,,
261.520,[1, 2, 3, 4, 5, 6, 7, 8],[],,,
262.032,[1, 2, 3, 4, 5, 6, 7, 8],[],,,
262.528,[1, 2, 3, 4, 5, 6, 7, 8],[],,,
263.024,[1, 2, 3, 4, 5, 6, 7, 8],[],,,
263.520,[1, 2, 3, 4, 5, 6, 7, 8],[],,,
264.032,[1, 2, 3, 4, 5, 6, 7, 8],[],,,
264.528,[1, 2, 3, 4, 5, 6, 7, 8],[],,,
265.024,[1, 2, 3, 4, 5, 6, 7, 8],[],,,
265.520,[1, 2, 3, 4, 5, 6, 7, 8],[],,,
266.032,[1, 2, 3, 4, 5, 6, 7, 8],[],,,
266.528,[1, 2, 3, 4, 5, 6, 7, 8],[],,,
267.024,[1, 2, 3, 4, 5, 6, 7, 8],[],,,
267.520,[1, 2, 3, 4, 5, 6, 7, 8],[],,,
268.032,[1, 2, 3, 4, 5, 6, 7, 8],[],,,
268.528,[1, 2, 3, 4, 5, 6, 7, 8],[],,,
269.024,[1, 2, 3, 4, 5, 6, 7, 8],[],,,
269.520,[1, 2, 3, 4, 5, 6, 7, 8],[],,,
270.032,[1, 2, 3, 4, 5, 6, 7, 8],[],,,
270.528,[1, 2, 3, 4, 5, 6, 7, 8],[],,,
271.024,[1, 2, 3, 4, 5, 6, 7, 8],[],,,
271.520,[1, 2, 3, 4, 5, 6, 7, 8],[],,,
272.032,[1, 2, 3, 4, 5, 6, 7, 8],[],,,
272.528,[1, 2, 3, 4, 5, 6, 7, 8],[],,,
273.024,[1, 2, 3, 4, 5, 6, 7, 8],[],,,
273.520,[1, 2, 3, 4, 5, 6, 7, 8],[],,,
274.032,[1, 2, 3, 4, 5, 6, 7, 8],[],,,
274.528,[1, 2, 3, 4, 5, 6, 7, 8],[],,,
275.024,[1, 2, 3, 4, 5, 6, 7, 8],[],,,
275.520,[1, 2, 3, 4, 5, 6, 7, 8],[],,,
276.032,[1, 2, 3, 4, 5, 6, 7, 8],[],,,
276.528,[1, 2, 3, 4, 5, 6, 7, 8],[],,,
277.024,[1, 2, 3, 4, 5, 6, 7, 8],[],,,
277.520,[1, 2, 3, 4, 5, 6, 7, 8],[],,,
278.032,[1, 2, 3, 4, 5, 6, 7, 8],[],,,
278.528,[1, 2, 3, 4, 5, 6, 7, 8],[],,,
279.024,[1, 2, 3, 4, 5, 6, 7, 8],[],,,
279.520,[1, 2, 3, 4, 5, 6, 7, 8],[],,,
280.032,[1, 2, 3, 4, 5, 6, 7, 8],[],,,
280.528,[1, 2, 3, 4, 5, 6, 7, 8],[],,,
281.024,[1, 2, 3, 4, 5, 6, 7, 8],[],,,
281.520,[1, 2, 3, 4, 5, 6, 7, 8],[],,,
282.032,[1, 2, 3, 4, 5, 6, 7, 8],[],,,
282.528,[1, 2, 3, 4, 5, 6, 7, 8],[],,,
283.024,[1, 2, 3, 4, 5, 6, 7, 8],[],,,
283.520,[1, 2, 3, 4, 5, 6, 7, 8],[],,,
284.032,[2, 3, 4, 5, 6, 7, 8],[],,,
284.528,[2, 3, 4, 5, 6, 7, 8],[],,,
285.024,[2, 3, 4, 5, 6, 7, 8],[],,,
285.520,[2, 3, 4, 5, 6, 7, 8],[(2, 4, 5.75, 0.7025210093759727)],,,
286.032,[2, 3, 4, 5, 6, 7, 8],[],,,
286.528,[2, 3, 4, 5, 6, 7, 8],[],,,
287.024,[2, 3, 4, 5, 6, 7, 8],[],,,
287.520,[2, 3, 4, 5, 6, 7, 8],[],,,
288.032,[2, 3, 4, 5, 6, 7, 8],[],,,
288.528,[2, 3, 4, 5, 6, 7, 8],[],,,
289.024,[1, 2, 3, 4, 5, 6, 7, 8],[],,,
289.520,[1, 2, 3, 4, 5, 6, 7, 8],[],,,
290.032,[1, 2, 3, 4, 5, 6, 7, 8],[],,,
290.528,[1, 2, 3, 4, 5, 6, 7, 8],[],,,
291.024,[1, 2, 3, 4, 5, 6, 7, 8],[],,,
291.520,[1, 2, 3, 4, 5, 6, 7, 8],[],,,
292.032,[1, 2, 3, 4, 5, 6, 7, 8],[],,,
292.528,[1, 2, 3, 4, 5, 6, 7, 8],[],,,
293.024,[1, 2, 3, 4, 5, 6, 7, 8],[],,,
293.520,[1, 2, 3, 4, 5, 6, 7, 8],[],,,
294.032,[1, 2, 3, 4, 5, 6, 7, 8],[],,,
294.528,[1, 2, 3, 4, 5, 6, 7, 8],[],,,
295.024,[1, 2, 3, 4, 5, 6, 7, 8],[],,,
295.520,[1, 2, 3, 4, 5, 6, 7, 8],[],,,
296.032,[1, 2, 3, 4, 5, 6, 7, 8],[],,,
296.528,[1, 2, 3, 4, 5, 6, 7, 8],[],,,
297.024,[1, 2, 3, 4, 5, 6, 7, 8],[],,,
297.520,[1, 2, 3, 4, 5, 6, 7, 8],[],,,
298.032,[1, 2, 3, 4, 5, 6, 7, 8],[],,,
298.528,[1, 2, 3, 4, 5, 6, 7, 8],[],,,
299.024,[1, 2, 3, 4, 5, 6, 7, 8],[],,,
299.520,[1, 2, 3, 4, 5, 6, 7, 8],[],,,
300.032,[1, 2, 3, 4, 5, 6, 7, 8],[],,,
300.528,[1, 2, 3, 4, 5, 6, 7, 8],[],,,
301.024,[1, 2, 3, 4, 5, 6, 7, 8],[],,,
301.520,[1, 2, 3, 4, 5, 6, 7, 8],[],,,
302.016,[1, 2, 3, 4, 5, 6, 7, 8],[],,,
302.528,[1, 2, 3, 4, 5, 6, 7, 8],[],,,
303.024,[1, 2, 3, 4, 5, 6, 7, 8],[(7, 8, 3.75, 0.6444579262184713)],,,
303.520,[1, 2, 3, 4, 5, 6, 7, 8],[],,,
304.016,[1, 2, 3, 4, 5, 6, 7, 8],[],,,
304.528,[1, 2, 3, 4, 5, 6, 7, 8],[],,,
305.024,[1, 2, 3, 4, 5, 6, 7, 8],[],,,
305.520,[1, 2, 3, 4, 5, 6, 7, 8],[],,,
306.016,[1, 2, 3, 4, 5, 6, 7, 8],[],,,
306.528,[1, 2, 3, 4, 5, 6, 7, 8],[],,,
307.024,[1, 2, 3, 4, 5, 6, 7, 8],[],,,
307.520,[1, 2, 3, 4, 5, 6, 7, 8],[],,,
308.016,[1, 2, 3, 4, 5, 6, 7, 8],[],,,
308.528,[1, 2, 3, 4, 5, 6, 7, 8],[],,,
309.024,[1, 2, 3, 4, 5, 6, 7, 8],[],,,
309.520,[1, 2, 3, 4, 5, 6, 7, 8],[],,,
310.016,[1, 2, 3, 4, 5, 6, 7, 8],[],,,
310.528,[1, 2, 3, 4, 5, 6, 7, 8],[],,,
311.024,[1, 2, 3, 4, 5, 6, 7, 8],[],,,
311.520,[1, 2, 3, 4, 5, 6, 7, 8],[],,,
312.016,[1, 2, 3, 4, 5, 6, 7, 8],[],,,
312.528,[1, 2, 3, 4, 5, 6, 7, 8],[],,,
313.024,[1, 2, 3, 4, 5, 6, 7, 8],[],,,
313.520,[1, 2, 3, 4, 5, 6, 7, 8],[],,,
314.016,[1, 2, 3, 4, 5, 6, 7, 8],[],,,
314.528,[1, 2, 3, 4, 5, 6, 7, 8],[],,,
315.024,[1, 2, 3, 4, 5, 6, 7, 8],[],,,
315.520,[1, 2, 3, 4, 5, 6, 7, 8],[],,,
316.016,[1, 2, 3, 4, 5, 6, 7, 8],[],,,
316.528,[1, 2, 3, 4, 5, 6, 7, 8],[],,,
317.024,[1, 2, 3, 4, 5, 6, 7, 8],[],,,
317.520,[1, 2, 3, 4, 5, 6, 7, 8],[],,,
318.016,[1, 2, 3, 4, 5, 6, 7, 8],[],,,
318.528,[1, 2, 3, 4, 5, 6, 7, 8],[],,,
319.024,[1, 2, 3, 4, 5, 6, 7, 8],[],,,
319.520,[1, 2, 3, 4, 5, 6, 7, 8],[],,,
320.016,[1, 2, 3, 4, 5, 6, 7, 8],[],,,
320.528,[1, 2, 3, 4, 5, 6, 7, 8],[],,,
321.024,[1, 2, 3, 4, 5, 6, 7, 8],[],,,
321.520,[1, 2, 3, 4, 5, 6, 7, 8],[],,,
322.016,[1, 2, 3, 4, 5, 6, 7, 8],[],,,
322.528,[1, 2, 3, 4, 5, 6, 7, 8],[],,,
323.024,[1, 2, 3, 4, 5, 6, 7, 8],[],,,
323.520,[1, 2, 3, 4, 5, 6, 7, 8],[],,,
324.016,[1, 2, 3, 4, 5, 6, 7, 8],[],,,
324.528,[1, 2, 3, 4, 5, 6, 7, 8],[],,,
325.024,[1, 2, 3, 4, 5, 6, 7, 8],[],,,
325.520,[1, 2, 3, 4, 5, 6, 7, 8],[],,,
326.016,[1, 2, 3, 4, 5, 6, 7, 8],[],,,
326.528,[1, 2, 3, 4, 5, 6, 7, 8],[],,,
327.024,[1, 2, 3, 4, 5, 6, 7, 8],[],,,
327.520,[1, 2, 3, 4, 5, 6, 7, 8],[],,,
328.016,[1, 2, 3, 4, 5, 6, 7, 8],[],,,
328.528,[1, 2, 3, 4, 5, 6, 7, 8],[],,,
329.024,[1, 2, 3, 4, 5, 6, 7, 8],[],,,
329.520,[1, 2, 3, 4, 5, 6, 7, 8],[],,,
330.016,[1, 2, 3, 4, 5, 6, 7, 8],[],,,
330.528,[1, 2, 3, 4, 5, 6, 7, 8],[],,,
331.024,[1, 2, 3, 4, 5, 6, 7, 8],[],,,
331.520,[1, 2, 3, 4, 5, 6, 7, 8],[],,,
332.016,[1, 2, 3, 4, 5, 6, 7, 8],[],,,
332.528,[1, 2, 3, 4, 5, 6, 7, 8],[],,,
333.024,[1, 2, 3, 4, 5, 6, 7, 8],[],,,
333.520,[1, 2, 3, 4, 5, 6, 7, 8],[],,,
334.016,[1, 2, 3, 4, 5, 6, 7, 8],[],,,
334.528,[1, 2, 3, 4, 5, 6, 7, 8],[],,,
335.024,[1, 2, 3, 4, 5, 6, 7, 8],[],,,
335.520,[1, 2, 3, 4, 5, 6, 7, 8],[],,,
336.016,[1, 2, 3, 4, 5, 6, 7, 8],[],,,
336.528,[1, 2, 3, 4, 5, 6, 7, 8],[],,,
337.024,[1, 2, 3, 4, 5, 6, 7, 8],[],,,
337.520,[1, 2, 3, 4, 5, 6, 7, 8],[],,,
338.016,[1, 2, 3, 4, 5, 6, 7, 8],[],,,
338.528,[1, 2, 3, 4, 5, 6, 7, 8],[],,,
339.024,[1, 2, 3, 4, 5, 6, 7, 8],[],,,
339.520,[1, 2, 3, 4, 5, 6, 7, 8],[],,,
340.016,[1, 2, 3, 4, 5, 6, 7, 8],[],,,
340.528,[1, 2, 3, 4, 5, 6, 7, 8],[],,,
341.024,[1, 2, 3, 4, 5, 6, 7, 8],[],,,
341.520,[1, 2, 3, 4, 5, 6, 7, 8],[],,,
342.016,[1, 2, 3, 4, 5, 6, 7, 8],[],,,
342.528,[1, 2, 3, 4, 5, 6, 7, 8],[(1, 7, 2.0, 0.7114009793088053)],,,
343.024,[1, 2, 3, 4, 5, 6, 7, 8],[(1, 7, 2.5, 0.718048658540684)],,,
343.520,[1, 2, 3, 4, 5, 6, 7, 8],[],,,
344.016,[1, 2, 3, 4, 5, 6, 7, 8],[],,,
344.528,[1, 2, 3, 4, 5, 6, 7, 8],[],,,
345.024,[1, 2, 3, 4, 5, 6, 7, 8],[],,,
345.520,[1, 2, 3, 4, 5, 6, 7, 8],[],,,
346.016,[1, 2, 3, 4, 5, 6, 7, 8],[],,,
346.528,[1, 2, 3, 4, 5, 6, 7, 8],[],,,
347.024,[1, 2, 3, 4, 5, 6, 7, 8],[],,,
347.520,[1, 2, 3, 4, 5, 6, 7, 8],[],,,
348.016,[1, 2, 3, 4, 5, 6, 7, 8],[],,,
348.528,[1, 2, 3, 4, 5, 6, 7, 8],[],,,
349.024,[1, 2, 3, 4, 5, 6, 7, 8],[],,,
349.520,[1, 2, 3, 4, 5, 6, 7, 8],[],,,
350.016,[1, 2, 3, 4, 5, 6, 7, 8],[],,,
350.528,[1, 2, 3, 4, 5, 6, 7, 8],[],,,
351.024,[1, 2, 3, 4, 5, 6, 7, 8],[],,,
351.520,[1, 2, 3, 4, 5, 6, 7, 8],[],,,
352.016,[1, 2, 3, 4, 5, 6, 7, 8],[],,,
352.528,[1, 2, 3, 4, 5, 6, 7, 8],[],,,
353.024,[1, 2, 3, 4, 5, 6, 7, 8],[],,,
353.520,[1, 2, 3, 4, 5, 6, 7, 8],[],,,
354.016,[1, 2, 3, 4, 5, 6, 7, 8],[],,,
354.528,[1, 2, 3, 4, 5, 6, 7, 8],[],,,
355.024,[1, 2, 3, 4, 5, 6, 7, 8],[],,,
355.520,[1, 2, 3, 4, 5, 6, 7, 8],[],,,
356.016,[1, 2, 3, 4, 5, 6, 7, 8],[],,,
356.528,[1, 2, 3, 4, 5, 6, 7, 8],[],,,
357.024,[1, 2, 3, 4, 5, 6, 7, 8],[],,,
357.520,[1, 2, 3, 4, 5, 6, 7, 8],[],,,
358.016,[1, 2, 3, 4, 5, 6, 7, 8],[],,,
358.528,[1, 2, 3, 4, 5, 6, 7, 8],[],,,
359.024,[1, 2, 3, 4, 5, 6, 7, 8],[],,,
359.520,[1, 2, 3, 4, 5, 6, 7, 8],[],,,
360.016,[1, 2, 3, 4, 5, 6, 7, 8],[],,,
360.528,[1, 2, 3, 4, 5, 6, 7, 8],[],,,
361.024,[1, 2, 3, 4, 5, 6, 7, 8],[],,,
361.520,[1, 2, 3, 4, 5, 6, 7, 8],[],,,
362.016,[1, 2, 3, 4, 5, 6, 7, 8],[],,,
362.528,[1, 2, 3, 4, 5, 6, 7, 8],[],,,
363.024,[1, 2, 3, 4, 5, 6, 7, 8],[],,,
363.520,[1, 2, 3, 4, 5, 6, 7, 8],[],,,
364.016,[1, 2, 3, 4, 5, 6, 7, 8],[],,,
364.528,[1, 2, 3, 4, 5, 6, 7, 8],[],,,
365.024,[1, 2, 3, 4, 5, 6, 7, 8],[],,,
365.520,[1, 2, 3, 4, 5, 6, 7, 8],[],,,
366.016,[1, 2, 3, 4, 5, 6, 7, 8],[],,,
366.528,[1, 2, 3, 4, 5, 6, 7, 8],[],,,
367.024,[1, 2, 3, 4, 5, 6, 7, 8],[],,,
367.520,[1, 2, 3, 4, 5, 6, 7, 8],[],,,
368.016,[1, 2, 3, 4, 5, 6, 7, 8],[],,,
368.528,[1, 2, 3, 4, 5, 6, 7, 8],[],,,
369.024,[1, 2, 3, 4, 5, 6, 7, 8],[],,,
369.520,[1, 2, 3, 4, 5, 6, 7, 8],[],,,
370.016,[1, 2, 3, 4, 5, 6, 7, 8],[],,,
370.528,[1, 2, 3, 4, 5, 6, 7, 8],[],,,
371.024,[1, 2, 3, 4, 5, 6, 7, 8],[],,,
371.520,[1, 2, 3, 4, 5, 6, 7, 8],[],,,
372.016,[1, 2, 3, 4, 5, 6, 7, 8],[],,,
372.528,[1, 2, 3, 4, 5, 6, 7, 8],[],,,
373.024,[1, 2, 3, 4, 5, 6, 7, 8],[],,,
373.520,[1, 2, 3, 4, 5, 6, 7, 8],[],,,
374.016,[1, 2, 3, 4, 5, 6, 7, 8],[],,,
374.528,[1, 2, 3, 4, 5, 6, 7, 8],[],,,
375.024,[1, 2, 3, 4, 5, 6, 7, 8],[],,,
375.520,[1, 2, 3, 4, 5, 6, 7, 8],[],,,
376.016,[1, 2, 3, 4, 5, 6, 7, 8],[],,,
376.528,[1, 2, 3, 4, 5, 6, 7, 8],[],,,
377.024,[1, 2, 3, 4, 5, 6, 7, 8],[],,,
377.520,[1, 2, 3, 4, 5, 6, 7, 8],[],,,
378.016,[1, 2, 3, 4, 5, 6, 7, 8],[],,,
378.528,[1, 2, 3, 4, 5, 6, 7, 8],[],,,
379.024,[1, 2, 3, 4, 5, 6, 7, 8],[],,,
379.520,[1, 2, 3, 4, 5, 6, 7, 8],[],,,
380.016,[1, 2, 3, 4, 5, 6, 7, 8],[],,,
380.528,[1, 2, 3, 4, 5, 6, 7, 8],[],,,
381.024,[1, 2, 3, 4, 5, 6, 7, 8],[],,,
381.520,[1, 2, 3, 4, 5, 6, 7, 8],[],,,
382.016,[1, 2, 3, 4, 5, 6, 7, 8],[],,,
382.528,[1, 2, 3, 4, 5, 6, 7, 8],[],,,
383.024,[1, 2, 3, 4, 5, 6, 7, 8],[],,,
383.520,[1, 2, 3, 4, 5, 6, 7, 8],[],,,
384.016,[1, 2, 3, 4, 5, 6, 7, 8],[],,,
384.528,[1, 2, 3, 4, 5, 6, 7, 8],[],,,
385.024,[1, 2, 3, 4, 5, 6, 7, 8],[],,,
385.520,[1, 2, 3, 4, 5, 6, 7, 8],[],,,
386.016,[1, 2, 3, 4, 5, 6, 7, 8],[],,,
386.528,[1, 2, 3, 4, 5, 6, 7, 8],[],,,
387.024,[1, 2, 3, 4, 5, 6, 7, 8],[],,,
387.520,[1, 2, 3, 4, 5, 6, 7, 8],[],,,
388.016,[1, 2, 3, 4, 5, 6, 7, 8],[],,,
388.528,[1, 2, 3, 4, 5, 6, 7, 8],[],,,
389.024,[1, 2, 3, 4, 5, 6, 7, 8],[],,,
389.520,[1, 2, 3, 4, 5, 6, 7, 8],[],,,
390.016,[1, 2, 3, 4, 5, 6, 7, 8],[],,,
390.528,[1, 2, 3, 4, 5, 6, 7, 8],[],,,
391.024,[1, 2, 3, 4, 5, 6, 7, 8],[],,,
391.520,[1, 2, 3, 4, 5, 6, 7, 8],[],,,
392.016,[1, 2, 3, 4, 5, 6, 7, 8],[],,,
392.528,[1, 2, 3, 4, 5, 6, 7, 8],[],,,
393.024,[1, 2, 3, 4, 5, 6, 7, 8],[],,,
393.520,[1, 2, 3, 4, 5, 6, 7, 8],[],,,
394.016,[1, 2, 3, 4, 5, 6, 7, 8],[],,,
394.528,[1, 2, 3, 4, 5, 6, 7, 8],[],,,
395.024,[1, 2, 3, 4, 5, 6, 7, 8],[],,,
395.520,[1, 2, 3, 4, 5, 6, 7, 8],[],,,
396.016,[1, 2, 3, 4, 5, 6, 7, 8],[],,,
396.528,[1, 2, 3, 4, 5, 6, 7, 8],[],,,
397.024,[1, 2, 3, 4, 5, 6, 7, 8],[],,,
397.520,[1, 2, 3, 4, 5, 6, 7, 8],[],,,
398.016,[1, 2, 3, 4, 5, 6, 7, 8],[],,,
398.528,[1, 2, 3, 4, 5, 6, 7, 8],[],,,
399.024,[1, 2, 3, 4, 5, 6, 7, 8],[],,,
399.520,[1, 2, 3, 4, 5, 6, 7, 8],[],,,
400.016,[1, 2, 3, 4, 5, 6, 7, 8],[],,,
400.528,[1, 2, 3, 4, 5, 6, 7, 8],[],,,
401.024,[1, 2, 3, 4, 5, 6, 7, 8],[],,,
401.520,[1, 2, 3, 4, 5, 6, 7, 8],[],,,
402.016,[1, 2, 3, 4, 5, 6, 7, 8],[],,,
402.528,[1, 2, 3, 4, 5, 6, 7, 8],[],,,
403.024,[1, 2, 3, 4, 5, 6, 7, 8],[],,,
403.520,[1, 2, 3, 4, 5, 6, 7, 8],[],,,
404.016,[1, 2, 3, 4, 5, 6, 7, 8],[],,,
404.528,[1, 2, 3, 4, 5, 6, 7, 8],[],,,
405.024,[1, 2, 3, 4, 5, 6, 7, 8],[],,,
405.520,[1, 2, 3, 4, 5, 6, 7, 8],[],,,
406.016,[1, 2, 3, 4, 5, 6, 7, 8],[],,,
406.528,[1, 2, 3, 4, 5, 6, 7, 8],[],,,
407.024,[1, 2, 3, 4, 5, 6, 7, 8],[],,,
407.520,[1, 2, 3, 4, 5, 6, 7, 8],[],,,
408.016,[1, 2, 3, 4, 5, 6, 7, 8],[],,,
408.528,[1, 2, 3, 4, 5, 6, 7, 8],[],,,
409.024,[1, 2, 3, 4, 5, 6, 7, 8],[],,,
409.520,[1, 2, 3, 4, 5, 6, 7, 8],[],,,
410.016,[1, 2, 3, 4, 5, 6, 7, 8],[],,,
410.528,[1, 2, 3, 4, 5, 6, 7, 8],[],,,
411.024,[1, 2, 3, 4, 5, 6, 7, 8],[],,,
411.520,[1, 2, 3, 4, 5, 6, 7, 8],[],,,
412.016,[1, 2, 3, 4, 5, 6, 7, 8],[],,,
412.528,[1, 2, 3, 4, 5, 6, 7, 8],[],,,
413.024,[1, 2, 3, 4, 5, 6, 7, 8],[],,,
413.520,[1, 2, 3, 4, 5, 6, 7, 8],[],,,
414.016,[1, 2, 3, 4, 5, 6, 7, 8],[],,,
414.528,[1, 2, 3, 4, 5, 6, 7, 8],[],,,
415.024,[1, 2, 3, 4, 5, 6, 7, 8],[],,,
415.520,[1, 2, 3, 4, 5, 6, 7, 8],[],,,
416.016,[1, 2, 3, 4, 5, 6, 7, 8],[],,,
416.528,[1, 2, 3, 4, 5, 6, 7, 8],[],,,
417.024,[1, 2, 3, 4, 5, 6, 7, 8],[],,,
417.520,[1, 2, 3, 4, 5, 6, 7, 8],[],,,
418.016,[1, 2, 3, 4, 5, 6, 7, 8],[],,,
418.528,[1, 2, 3, 4, 5, 6, 7, 8],[],,,
419.024,[1, 2, 3, 4, 5, 6, 7, 8],[],,,
419.520,[1, 2, 3, 4, 5, 6, 7, 8],[],,,
420.016,[1, 2, 3, 4, 5, 6, 7, 8],[],,,
420.528,[1, 2, 3, 4, 5, 6, 7, 8],[],,,
421.024,[1, 2, 3, 4, 5, 6, 7, 8],[],,,
421.520,[1, 2, 3, 4, 5, 6, 7, 8],[],,,
422.016,[1, 2, 3, 4, 5, 6, 7, 8],[],,,
422.528,[1, 2, 3, 4, 5, 6, 7, 8],[],,,
423.024,[1, 2, 3, 4, 5, 6, 7, 8],[],,,
423.520,[1, 2, 3, 4, 5, 6, 7, 8],[],,,
424.016,[1, 2, 3, 4, 5, 6, 7, 8],[],,,
424.528,[1, 2, 3, 4, 5, 6, 7, 8],[],,,
425.024,[1, 2, 3, 4, 5, 6, 7, 8],[],,,
425.520,[1, 2, 3, 4, 5, 6, 7, 8],[],,,
426.016,[1, 2, 3, 4, 5, 6, 7, 8],[],,,
426.528,[1, 2, 3, 4, 5, 6, 7, 8],[],,,
427.024,[1, 2, 3, 4, 5, 6, 7, 8],[],,,
427.520,[1, 2, 3, 4, 5, 6, 7, 8],[],,,
428.016,[1, 2, 3, 4, 5, 6, 7, 8],[],,,
428.528,[1, 2, 3, 4, 5, 6, 7, 8],[],,,
429.024,[1, 2, 3, 4, 5, 6, 7, 8],[],,,
429.520,[1, 2, 3, 4, 5, 6, 7, 8],[],,,
430.016,[1, 2, 3, 4, 5, 6, 7, 8],[],,,
430.528,[1, 2, 3, 4, 5, 6, 7, 8],[],,,
431.024,[1, 2, 3, 4, 5, 6, 7, 8],[],,,
431.520,[1, 2, 3, 4, 5, 6, 7, 8],[],,,
432.016,[1, 2, 3, 4, 5, 6, 7, 8],[],,,
432.528,[1, 2, 3, 4, 5, 6, 7, 8],[],,,
433.024,[1, 2, 3, 4, 5, 6, 7, 8],[],,,
433.520,[1, 2, 3, 4, 5, 6, 7, 8],[],,,
434.016,[1, 2, 3, 4, 5, 6, 7, 8],[],,,
434.528,[1, 2, 3, 4, 5, 6, 7, 8],[],,,
435.024,[1, 2, 3, 4, 5, 6, 7, 8],[],,,
435.520,[1, 2, 3, 4, 5, 6, 7, 8],[],,,
436.016,[1, 2, 3, 4, 5, 6, 7, 8],[],,,
436.528,[1, 2, 3, 4, 5, 6, 7, 8],[],,,
437.024,[1, 2, 3, 4, 5, 6, 7, 8],[],,,
437.520,[1, 2, 3, 4, 5, 6, 7, 8],[],,,
438.016,[1, 2, 3, 4, 5, 6, 7, 8],[],,,
438.528,[1, 2, 3, 4, 5, 6, 7, 8],[],,,
439.024,[1, 2, 3, 4, 5, 6, 7, 8],[],,,
439.520,[1, 2, 3, 4, 5, 6, 7, 8],[],,,
440.016,[1, 2, 3, 4, 5, 6, 7, 8],[],,,
440.528,[1, 2, 3, 4, 5, 6, 7, 8],[],,,
441.024,[1, 2, 3, 4, 5, 6, 7, 8],[],,,
441.520,[1, 2, 3, 4, 5, 6, 7, 8],[],,,
442.016,[1, 2, 3, 4, 5, 6, 7, 8],[],,,
442.528,[1, 2, 3, 4, 5, 6, 7, 8],[],,,
443.024,[1, 2, 3, 4, 5, 6, 7, 8],[],,,
443.520,[1, 2, 3, 4, 5, 6, 7, 8],[],,,
444.016,[1, 2, 3, 4, 5, 6, 7, 8],[],,,
444.528,[1, 2, 3, 4, 5, 6, 7, 8],[],,,
445.024,[1, 2, 3, 4, 5, 6, 7, 8],[],,,
445.520,[1, 2, 3, 4, 5, 6, 7, 8],[],,,
446.016,[1, 2, 3, 4, 5, 6, 7, 8],[],,,
446.528,[1, 2, 3, 4, 5, 6, 7, 8],[],,,
447.024,[1, 2, 3, 4, 5, 6, 7, 8],[],,,
447.520,[1, 2, 3, 4, 5, 6, 7, 8],[],,,
448.016,[1, 2, 3, 4, 5, 6, 7, 8],[],,,
448.528,[1, 2, 3, 4, 5, 6, 7, 8],[],,,
449.024,[1, 2, 3, 4, 5, 6, 7, 8],[],,,
449.520,[1, 2, 3, 4, 5, 6, 7, 8],[],,,
450.016,[1, 2, 3, 4, 5, 6, 7, 8],[],,,
450.528,[1, 2, 3, 4, 5, 6, 7, 8],[],,,
451.024,[1, 2, 3, 4, 5, 6, 7, 8],[],,,
451.520,[1, 2, 3, 4, 5, 6, 7, 8],[],,,
452.016,[1, 2, 3, 4, 5, 6, 7, 8],[],,,
452.528,[1, 2, 3, 4, 5, 6, 7, 8],[],,,
453.024,[1, 2, 3, 4, 5, 6, 7, 8],[],,,
453.520,[1, 2, 3, 4, 5, 6, 7, 8],[],,,
454.016,[1, 2, 3, 4, 5, 6, 7, 8],[],,,
454.528,[1, 2, 3, 4, 5, 6, 7, 8],[],,,
455.024,[1, 2, 3, 4, 5, 6, 7, 8],[],,,
455.520,[1, 2, 3, 4, 5, 6, 7, 8],[],,,
456.016,[1, 2, 3, 4, 5, 6, 7, 8],[],,,
456.528,[1, 2, 3, 4, 5, 6, 7, 8],[],,,
457.024,[1, 2, 3, 4, 5, 6, 7, 8],[],,,
457.520,[1, 2, 3, 4, 5, 6, 7, 8],[],,,
458.016,[1, 2, 3, 4, 5, 6, 7, 8],[],,,
458.528,[1, 2, 3, 4, 5, 6, 7, 8],[],,,
459.024,[1, 2, 3, 4, 5, 6, 7, 8],[],,,
459.520,[1, 2, 3, 4, 5, 6, 7, 8],[],,,
460.016,[1, 2, 3, 4, 5, 6, 7, 8],[],,,
460.528,[1, 2, 3, 4, 5, 6, 7, 8],[],,,
461.024,[1, 2, 3, 4, 5, 6, 7, 8],[(5, 6, 4.5, 0.6942519760080403)],,,
461.520,[1, 2, 3, 4, 5, 6, 7, 8],[(5, 6, 4.75, 0.7122284575613177)],,,
462.016,[1, 2, 3, 4, 5, 6, 7, 8],[],,,
462.528,[1, 2, 3, 4, 5, 6, 7, 8],[],,,
463.024,[1, 2, 3, 4, 5, 6, 7, 8],[],,,
463.520,[1, 2, 3, 4, 5, 6, 7, 8],[],,,
464.016,[1, 2, 3, 4, 5, 6, 7, 8],[],,,
464.528,[1, 2, 3, 4, 5, 6, 7, 8],[],,,
465.024,[1, 2, 3, 4, 5, 6, 7, 8],[],,,
465.520,[1, 2, 3, 4, 5, 6, 7, 8],[],,,
466.016,[1, 2, 3, 4, 5, 6, 7, 8],[],,,
466.528,[1, 2, 3, 4, 5, 6, 7, 8],[],,,
467.024,[1, 2, 3, 4, 5, 6, 7, 8],[],,,
467.520,[1, 2, 3, 4, 5, 6, 7, 8],[(5, 6, 3.0, 0.7074215992858798)],,,
468.016,[1, 2, 3, 4, 5, 6, 7, 8],[(5, 6, 5.75, 0.7071270869208346)],,,
468.528,[1, 2, 3, 4, 5, 6, 7, 8],[(5, 6, 6.0, 0.708746426247273)],,,
469.024,[1, 2, 3, 4, 5, 6, 7, 8],[],,,
469.520,[1, 2, 3, 4, 5, 6, 7, 8],[],,,
470.016,[1, 2, 3, 4, 5, 6, 7, 8],[],,,
470.528,[1, 2, 3, 4, 5, 6, 7, 8],[],,,
471.024,[1, 2, 3, 4, 5, 6, 7, 8],[],,,
471.520,[1, 2, 3, 4, 5, 6, 7, 8],[],,,
472.016,[1, 2, 3, 4, 5, 6, 7, 8],[],,,
472.528,[1, 2, 3, 4, 5, 6, 7, 8],[],,,
473.024,[1, 2, 3, 4, 5, 6, 7, 8],[],,,
473.520,[1, 2, 3, 4, 5, 6, 7, 8],[],,,
474.016,[1, 2, 3, 4, 5, 6, 7, 8],[],,,
474.528,[1, 2, 3, 4, 5, 6, 7, 8],[],,,
475.024,[1, 2, 3, 4, 5, 6, 7, 8],[],,,
475.520,[1, 2, 3, 4, 5, 6, 7, 8],[],,,
476.016,[1, 2, 3, 4, 5, 6, 7, 8],[],,,
476.528,[1, 2, 3, 4, 5, 6, 7, 8],[],,,
477.024,[1, 2, 3, 4, 5, 6, 7, 8],[],,,
477.520,[1, 2, 3, 4, 5, 6, 7, 8],[],,,
478.016,[1, 2, 3, 4, 5, 6, 7, 8],[],,,
478.528,[1, 2, 3, 4, 5, 6, 7, 8],[],,,
479.024,[1, 2, 3, 4, 5, 6, 7, 8],[],,,
479.520,[1, 2, 3, 4, 5, 6, 7, 8],[],,,
480.016,[1, 2, 3, 4, 5, 6, 7, 8],[],,,
480.528,[1, 2, 3, 4, 5, 6, 7, 8],[],,,
481.024,[1, 2, 3, 4, 5, 6, 7, 8],[],,,
481.520,[1, 2, 3, 4, 5, 6, 7, 8],[],,,
482.016,[1, 2, 3, 4, 5, 6, 7, 8],[],,,
482.528,[1, 2, 3, 4, 5, 6, 7, 8],[],,,
483.024,[1, 2, 3, 4, 5, 6, 7, 8],[],,,
483.520,[1, 2, 3, 4, 5, 6, 7, 8],[],,,
484.016,[1, 2, 3, 4, 5, 6, 7, 8],[],,,
484.528,[1, 2, 3, 4, 5, 6, 7, 8],[],,,
485.024,[1, 2, 3, 4, 5, 6, 7, 8],[],,,
485.520,[1, 2, 3, 4, 5, 6, 7, 8],[],,,
486.016,[1, 2, 3, 4, 5, 6, 7, 8],[],,,
486.528,[1, 2, 3, 4, 5, 6, 7, 8],[],,,
487.024,[1, 2, 3, 4, 5, 6, 7, 8],[],,,
487.520,[1, 2, 3, 4, 5, 6, 7, 8],[],,,
488.016,[1, 2, 3, 4, 5, 6, 7, 8],[],,,
488.528,[1, 2, 3, 4, 5, 6, 7, 8],[],,,
489.024,[1, 2, 3, 4, 5, 6, 7, 8],[],,,
489.520,[1, 2, 3, 4, 5, 6, 7, 8],[],,,
490.016,[1, 2, 3, 4, 5, 6, 7, 8],[],,,
490.528,[1, 2, 3, 4, 5, 6, 7, 8],[],,,
491.024,[1, 2, 3, 4, 5, 6, 7, 8],[],,,
491.520,[1, 2, 3, 4, 5, 6, 7, 8],[],,,
492.016,[1, 2, 3, 4, 5, 6, 7, 8],[],,,
492.528,[1, 2, 3, 4, 5, 6, 7, 8],[],,,
493.024,[1, 2, 3, 4, 5, 6, 7, 8],[],,,
493.520,[1, 2, 3, 5, 6, 7, 8],[],,,
494.016,[1, 2, 3, 5, 6, 7, 8],[],,,
494.528,[1, 2, 3, 4, 5, 6, 7, 8],[],,,
495.024,[1, 2, 3, 4, 5, 6, 7, 8],[],,,
495.520,[1, 2, 3, 4, 5, 6, 7, 8],[],,,
496.016,[1, 2, 3, 4, 5, 6, 7, 8],[],,,
496.528,[1, 2, 3, 4, 5, 6, 7, 8],[],,,
497.024,[1, 2, 3, 4, 5, 6, 7, 8],[],,,
497.520,[1, 2, 3, 4, 5, 6, 7, 8],[],,,
498.016,[1, 2, 3, 4, 5, 6, 7, 8],[],,,
498.528,[1, 2, 3, 4, 5, 6, 7, 8],[],,,
499.024,[1, 2, 3, 4, 5, 6, 7, 8],[],,,
499.520,[1, 2, 3, 4, 5, 6, 7, 8],[],,,
500.016,[1, 2, 3, 4, 5, 6, 7, 8],[],,,
500.528,[1, 2, 3, 4, 5, 6, 7, 8],[],,,
501.024,[1, 2, 3, 4, 5, 6, 7, 8],[],,,
501.520,[1, 2, 3, 4, 5, 6, 7, 8],[],,,
502.016,[1, 2, 3, 4, 5, 6, 7, 8],[],,,
502.528,[1, 2, 3, 4, 5, 6, 7, 8],[],,,
503.024,[1, 2, 3, 4, 5, 6, 7, 8],[],,,
503.520,[1, 2, 3, 4, 5, 6, 7, 8],[],,,
504.016,[1, 2, 3, 4, 5, 6, 7, 8],[],,,
504.528,[1, 2, 3, 4, 5, 6, 7, 8],[],,,
505.024,[1, 2, 3, 4, 5, 6, 7, 8],[],,,
505.520,[1, 2, 3, 4, 5, 6, 7, 8],[],,,
506.016,[1, 2, 3, 4, 5, 6, 7, 8],[],,,
506.528,[1, 2, 3, 4, 5, 6, 7, 8],[],,,
507.024,[1, 2, 3, 4, 5, 6, 7, 8],[],,,
507.520,[1, 2, 3, 4, 5, 6, 7, 8],[],,,
508.016,[1, 2, 3, 4, 5, 6, 7, 8],[],,,
508.528,[1, 2, 3, 4, 5, 6, 7, 8],[],,,
509.024,[1, 2, 3, 4, 5, 6, 7, 8],[],,,
509.520,[1, 2, 3, 4, 5, 6, 7, 8],[],,,
510.016,[1, 2, 3, 4, 5, 6, 7, 8],[],,,
510.528,[1, 2, 3, 4, 5, 6, 7, 8],[],,,
511.024,[1, 2, 3, 4, 5, 6, 7, 8],[],,,
511.520,[1, 2, 3, 4, 5, 6, 7, 8],[],,,
512.016,[1, 2, 3, 4, 5, 6, 7, 8],[],,,
512.528,[1, 2, 3, 4, 5, 6, 7, 8],[],,,
513.024,[1, 2, 3, 4, 5, 6, 7, 8],[],,,
513.520,[1, 2, 3, 4, 5, 6, 7, 8],[],,,
514.016,[1, 2, 3, 4, 5, 6, 7, 8],[],,,
514.528,[1, 2, 3, 4, 5, 6, 7, 8],[],,,
515.024,[1, 2, 3, 4, 5, 6, 8],[],,,
515.520,[1, 2, 3, 4, 5, 6, 8],[],,,
516.016,[1, 2, 3, 4, 5, 6, 8],[],,,
516.528,[1, 2, 3, 4, 5, 6, 8],[],,,
517.024,[1, 2, 3, 4, 5, 6, 8],[],,,
517.520,[1, 2, 3, 4, 5, 6, 8],[],,,
518.016,[1, 2, 3, 4, 5, 6, 8],[],,,
518.528,[1, 2, 3, 4, 5, 6, 8],[],,,
519.024,[1, 2, 3, 4, 5, 6, 8],[],,,
519.520,[1, 2, 3, 4, 5, 6, 8],[],,,
520.016,[1, 2, 3, 4, 5, 6, 7, 8],[],,,
520.528,[1, 2, 3, 4, 5, 6, 7, 8],[],,,
521.024,[1, 2, 3, 4, 5, 6, 7, 8],[],,,
521.520,[1, 2, 3, 4, 5, 6, 7, 8],[],,,
522.016,[1, 2, 3, 4, 5, 6, 7, 8],[],,,
522.528,[1, 2, 3, 4, 5, 6, 7, 8],[],,,
523.024,[1, 2, 3, 4, 5, 6, 7, 8],[],,,
523.520,[1, 2, 3, 4, 5, 6, 7, 8],[],,,
524.016,[1, 2, 3, 4, 5, 6, 7, 8],[],,,
524.528,[1, 2, 3, 4, 5, 6, 7, 8],[],,,
525.024,[1, 2, 3, 4, 5, 6, 7, 8],[],,,
525.520,[1, 2, 3, 4, 5, 6, 7, 8],[],,,
526.016,[1, 2, 3, 4, 5, 6, 7, 8],[],,,
526.528,[1, 2, 3, 4, 5, 6, 7, 8],[],,,
527.024,[1, 2, 3, 4, 5, 6, 7, 8],[],,,
527.520,[1, 2, 3, 4, 5, 6, 7, 8],[],,,
528.016,[1, 2, 3, 4, 5, 6, 7, 8],[],,,
528.528,[1, 2, 3, 4, 5, 6, 7, 8],[],,,
529.024,[1, 2, 3, 4, 5, 6, 7, 8],[],,,
529.520,[1, 2, 3, 4, 5, 6, 7, 8],[],,,
530.016,[1, 2, 3, 4, 5, 6, 7, 8],[],,,
530.528,[1, 2, 3, 4, 5, 6, 7, 8],[],,,
531.024,[1, 2, 3, 4, 5, 6, 7, 8],[],,,
531.520,[1, 2, 3, 4, 5, 6, 7, 8],[],,,
532.016,[1, 2, 3, 4, 5, 6, 7, 8],[],,,
532.528,[1, 2, 3, 4, 5, 6, 7, 8],[],,,
533.024,[1, 2, 3, 4, 5, 6, 7, 8],[],,,
533.520,[1, 2, 3, 4, 5, 6, 7, 8],[],,,
534.016,[1, 2, 3, 4, 5, 6, 7, 8],[],,,
534.528,[1, 2, 3, 4, 5, 6, 7, 8],[],,,
535.024,[1, 2, 3, 4, 5, 6, 7, 8],[],,,
535.520,[1, 2, 3, 4, 5, 6, 7, 8],[],,,
536.016,[1, 2, 3, 4, 5, 6, 7, 8],[],,,
536.528,[1, 2, 3, 4, 5, 6, 7, 8],[],,,
537.024,[1, 2, 3, 4, 5, 6, 7, 8],[],,,
537.520,[1, 2, 3, 4, 5, 6, 7, 8],[],,,
538.016,[1, 2, 3, 4, 5, 6, 7, 8],[],,,
538.528,[1, 2, 3, 4, 5, 6, 7, 8],[],,,
539.024,[1, 2, 3, 4, 5, 6, 7, 8],[],,,
539.520,[1, 2, 3, 4, 5, 6, 7, 8],[],,,
540.016,[1, 2, 3, 4, 5, 6, 7, 8],[],,,
540.528,[1, 2, 3, 4, 5, 6, 7, 8],[],,,
541.024,[1, 2, 3, 4, 5, 6, 7, 8],[],,,
541.520,[1, 2, 3, 4, 5, 6, 7, 8],[],,,
542.016,[1, 2, 3, 4, 5, 6, 7, 8],[],,,
542.528,[1, 2, 3, 4, 5, 6, 7, 8],[],,,
543.024,[1, 2, 3, 4, 5, 6, 7, 8],[],,,
543.520,[1, 2, 3, 4, 5, 6, 7, 8],[],,,
544.016,[1, 2, 3, 4, 5, 6, 7, 8],[],,,
544.528,[1, 2, 3, 4, 5, 6, 7, 8],[],,,
545.024,[1, 2, 3, 4, 5, 6, 7, 8],[],,,
545.520,[1, 2, 3, 4, 5, 6, 7, 8],[],,,
546.016,[1, 2, 3, 4, 5, 6, 7, 8],[],,,
546.528,[1, 2, 3, 4, 5, 6, 7, 8],[],,,
547.024,[1, 2, 3, 4, 5, 6, 7, 8],[],,,
547.520,[1, 2, 3, 4, 5, 6, 7, 8],[],,,
548.016,[1, 2, 3, 4, 5, 6, 7, 8],[],,,
548.528,[1, 2, 3, 4, 5, 6, 7, 8],[],,,
549.024,[1, 2, 3, 4, 5, 6, 7],[],,,
549.520,[1, 2, 3, 4, 5, 6, 7],[],,,
550.016,[1, 2, 3, 4, 5, 6, 7],[],,,
550.528,[1, 2, 3, 4, 5, 6, 7],[],,,
551.024,[1, 2, 3, 4, 5, 6, 7],[],,,
551.520,[1, 2, 3, 4, 5, 6, 7],[],,,
552.016,[1, 2, 3, 4, 5, 6, 7],[],,,
552.528,[1, 2, 3, 4, 5, 6, 7],[],,,
553.024,[1, 2, 3, 4, 5, 6, 7],[],,,
553.520,[1, 2, 3, 4, 5, 6, 7],[],,,
554.016,[1, 2, 3, 4, 5, 6, 7, 8],[],,,
554.528,[1, 2, 3, 4, 5, 6, 7, 8],[],,,
555.024,[1, 2, 3, 4, 5, 6, 7, 8],[],,,
555.520,[1, 2, 3, 4, 5, 6, 7, 8],[],,,
556.016,[1, 2, 3, 4, 5, 6, 7, 8],[],,,
556.528,[1, 2, 3, 4, 5, 6, 7, 8],[],,,
557.024,[1, 2, 3, 4, 5, 6, 7, 8],[],,,
557.520,[1, 2, 3, 4, 5, 6, 7, 8],[],,,
558.016,[1, 2, 3, 4, 5, 6, 7, 8],[],,,
558.528,[1, 2, 3, 4, 5, 6, 7, 8],[],,,
559.024,[1, 2, 3, 4, 5, 6, 7, 8],[],,,
559.520,[1, 2, 3, 4, 5, 6, 7, 8],[],,,
560.016,[1, 2, 3, 4, 5, 6, 7, 8],[],,,
560.528,[1, 2, 3, 4, 5, 6, 7, 8],[],,,
561.024,[1, 2, 3, 4, 5, 6, 7, 8],[],,,
561.520,[1, 2, 3, 4, 5, 6, 7, 8],[],,,
562.016,[1, 2, 3, 4, 5, 6, 7, 8],[],,,
562.528,[1, 2, 3, 4, 5, 6, 7, 8],[],,,
563.024,[1, 2, 3, 4, 5, 6, 7, 8],[],,,
563.520,[1, 2, 3, 4, 5, 6, 7, 8],[],,,
564.016,[1, 2, 3, 4, 5, 6, 7, 8],[],,,
564.528,[1, 2, 3, 4, 5, 6, 7, 8],[],,,
565.024,[1, 2, 3, 4, 5, 6, 7, 8],[],,,
565.520,[1, 2, 3, 4, 5, 6, 7, 8],[],,,
566.016,[1, 2, 3, 4, 5, 6, 7, 8],[],,,
566.528,[1, 2, 3, 4, 5, 6, 7, 8],[],,,
567.024,[1, 2, 3, 4, 5, 6, 7, 8],[],,,
567.520,[1, 2, 3, 4, 5, 6, 7, 8],[],,,
568.016,[1, 2, 3, 4, 5, 6, 7, 8],[],,,
568.528,[1, 2, 3, 4, 5, 6, 7, 8],[],,,
569.024,[1, 2, 3, 4, 5, 6, 7, 8],[],,,
569.520,[1, 2, 3, 4, 5, 6, 7, 8],[],,,
570.016,[1, 2, 3, 4, 5, 6, 7, 8],[],,,
570.528,[1, 2, 3, 4, 5, 6, 7, 8],[],,,
571.024,[1, 2, 3, 4, 5, 6, 7, 8],[],,,
571.520,[1, 2, 3, 4, 5, 6, 7, 8],[],,,
572.016,[1, 2, 3, 4, 5, 6, 7, 8],[],,,
572.528,[1, 2, 3, 4, 5, 6, 7, 8],[],,,
573.024,[1, 2, 3, 4, 5, 6, 7, 8],[],,,
573.520,[1, 2, 3, 4, 5, 6, 7, 8],[],,,
574.016,[1, 2, 3, 4, 5, 6, 7, 8],[],,,
574.528,[1, 2, 3, 4, 5, 6, 7, 8],[],,,
575.024,[1, 2, 3, 4, 5, 6, 7, 8],[],,,
575.520,[1, 2, 3, 4, 5, 6, 7, 8],[],,,
576.016,[1, 2, 3, 4, 5, 6, 7, 8],[],,,
576.528,[1, 2, 3, 4, 5, 6, 7, 8],[],,,
577.024,[1, 2, 3, 4, 5, 6, 7, 8],[],,,
577.520,[1, 2, 3, 4, 5, 6, 7, 8],[],,,
578.016,actual,[(4, 8, 0.0, 0.8126073945149013)],[(4, 8)],layered_low_only
578.528,actual,[(4, 8, 0.0, 0.7737426548896446)],[(4, 8)],layered_low_only
579.024,actual,[(4, 8, 0.0, 0.7423619338155332)],[(4, 8)],layered_low_only
579.520,actual,[(4, 8, 0.0, 0.7456223024689681)],[(4, 8)],layered_low_only
580.016,actual,[(4, 8, 0.0, 0.7701167311081282)],[(4, 8)],layered_low_only
580.528,actual,[(4, 8, 0.0, 0.7986987413508593)],[(4, 8)],layered_low_only
581.024,actual,[(4, 8, 0.0, 0.8106136822558642)],[(4, 8)],layered_low_only
581.520,actual,[(4, 8, 0.0, 0.8060413224533856)],[(4, 8)],layered_low_only
582.016,actual,[(4, 8, 0.0, 0.8054956224165074)],[(4, 8)],layered_low_only
582.528,actual,[(4, 8, 0.0, 0.800399450182999)],[(4, 8)],layered_low_only
583.024,actual,[(4, 8, 0.0, 0.7978370306738376)],[(4, 8)],layered_low_only
583.520,actual,[(4, 8, 0.0, 0.7962816531243536)],[(4, 8)],layered_low_only
584.016,actual,[(4, 8, 0.0, 0.801593251776362)],[(4, 8)],layered_low_only
584.528,actual,[(4, 8, 0.0, 0.8021936901306617)],[(4, 8)],layered_low_only
585.024,actual,[(4, 8, 0.0, 0.8128448945245144)],[(4, 8)],layered_low_only
585.520,actual,[(4, 8, 0.0, 0.823944516718488)],[(4, 8)],layered_low_only
586.016,actual,[(4, 8, 0.0, 0.8405806835123358)],[(4, 8)],layered_low_only
586.528,actual,[(4, 8, 0.0, 0.8478994082831921)],[(4, 8)],layered_low_only
587.024,[1, 2, 3, 4, 5, 6, 7, 8],[],,,
587.520,[1, 2, 3, 4, 5, 6, 7, 8],[],,,
588.016,[1, 2, 3, 4, 5, 6, 7, 8],[],,,
588.528,actual,[(4, 8, 0.0, 0.8386176616354384)],[(4, 8)],layered_low_only
589.024,actual,[(4, 8, 0.0, 0.8337267475820105), (6, 7, 0.0, 0.8350322760270809)],[(4, 8), (6, 7)],layered_low_only
589.520,actual,[(4, 8, 0.0, 0.8379471374734014), (6, 7, 0.0, 0.8277616988880512)],[(4, 8), (6, 7)],layered_low_only
590.016,actual,[(4, 8, 0.0, 0.8479706748392116), (6, 7, 0.0, 0.8225691607244762)],[(4, 8), (6, 7)],layered_low_only
590.528,actual,[(4, 8, 0.0, 0.8477636013256182), (6, 7, 0.0, 0.8179318027622576)],[(4, 8), (6, 7)],layered_low_only
591.024,actual,[(4, 8, 0.0, 0.8436625196821317), (6, 7, 0.0, 0.8296046879505516)],[(4, 8), (6, 7)],layered_low_only
591.520,actual,[(4, 8, 0.0, 0.8498465637634617), (6, 7, 0.0, 0.830274110820965)],[(4, 8), (6, 7)],layered_low_only
592.016,actual,[(6, 7, 0.0, 0.8278562369313698)],[(6, 7)],layered_low_only
592.528,actual,[(6, 7, 0.0, 0.8333519265798452)],[(6, 7)],layered_low_only
593.024,actual,[(4, 8, 0.0, 0.8426607577113181)],[(4, 8)],layered_low_only
593.520,actual,[(4, 8, 0.0, 0.8485464929204036)],[(4, 8)],layered_low_only
594.016,[1, 2, 3, 4, 5, 6, 7, 8],[],,,
594.528,[1, 2, 3, 4, 5, 6, 7, 8],[],,,
595.024,actual,[(4, 8, 0.0, 0.8435077957710715)],[(4, 8)],layered_low_only
595.520,actual,[(4, 8, 0.0, 0.8310780019949644)],[(4, 8)],layered_low_only
596.016,actual,[(4, 8, 0.0, 0.8433016906371001)],[(4, 8)],layered_low_only
596.528,[1, 2, 3, 4, 5, 6, 7, 8],[],,,
597.024,[1, 2, 3, 4, 5, 6, 7, 8],[],,,
597.520,[1, 2, 3, 4, 5, 6, 7, 8],[],,,
598.016,[1, 2, 3, 4, 5, 6, 7, 8],[],,,
598.528,[1, 2, 3, 4, 5, 6, 7, 8],[],,,
599.024,[1, 2, 3, 4, 5, 6, 7, 8],[],,,
599.520,[1, 2, 3, 4, 5, 6, 7, 8],[],,,
