sim_time,trajectories,conflicts,components,actions
1.520,[1, 2, 3],[],,,
2.016,[1, 2, 3],[],,,
2.528,[1, 2, 3],[],,,
3.024,[1, 2, 3],[],,,
3.520,[1, 2, 3],[],,,
4.016,[1, 2, 3],[],,,
4.528,[1, 2, 3],[],,,
5.024,[1, 2, 3],[],,,
5.520,[1, 2, 3],[],,,
6.016,[1, 2, 3],[],,,
6.528,[1, 2, 3],[],,,
7.024,[1, 2, 3],[],,,
7.520,[1, 2, 3],[],,,
8.016,[1, 2, 3],[],,,
8.528,[1, 2, 3],[],,,
9.024,[1, 2, 3],[],,,
9.520,[1, 2, 3],[],,,
10.016,[1, 2, 3, 4],[],,,
10.528,[1, 2, 3, 4],[],,,
11.024,[1, 2, 3, 4],[],,,
11.520,[1, 2, 3, 4],[],,,
12.016,[1, 2, 3, 4],[],,,
12.528,[1, 2, 3, 4],[],,,
13.024,[1, 2, 3, 4],[],,,
13.520,[1, 2, 3, 4],[],,,
14.016,[1, 2, 3, 4],[],,,
14.528,[1, 2, 3, 4],[],,,
15.024,[1, 2, 3, 4],[],,,
15.520,[1, 2, 3, 4],[],,,
16.016,[1, 2, 3, 4],[],,,
16.528,[1, 2, 3, 4],[],,,
17.024,[1, 2, 3, 4],[],,,
17.520,[1, 2, 3, 4],[],,,
18.032,[1, 2, 3, 4],[],,,
18.528,[1, 2, 3, 4],[],,,
19.024,[1, 2, 3, 4],[],,,
19.520,[1, 2, 3, 4],[],,,
20.032,[1, 2, 3, 4],[],,,
20.528,[1, 2, 3, 4],[],,,
21.024,[1, 2, 3, 4],[],,,
21.520,[1, 2, 3, 4],[],,,
22.032,[1, 2, 3, 4],[],,,
22.528,[1, 2, 3, 4],[],,,
23.024,[1, 2, 3, 4],[],,,
23.520,[1, 2, 3, 4, 5, 7],[],,,
24.032,[1, 2, 3, 4, 5, 7],[],,,
24.528,[1, 2, 3, 4, 5, 7],[],,,
25.024,[1, 2, 3, 4, 5, 7],[],,,
25.520,[1, 2, 3, 4, 5, 7],[],,,
26.032,[1, 2, 3, 4, 5, 6, 7, 8],[],,,
26.528,[1, 2, 3, 4, 5, 6, 7, 8],[],,,
27.024,[1, 2, 3, 4, 5, 6, 7, 8],[],,,
27.520,[1, 2, 3, 4, 5, 6, 7, 8],[],,,
28.032,[1, 2, 3, 4, 5, 6, 7, 8],[],,,
28.528,[1, 2, 3, 4, 5, 6, 7, 8],[],,,
29.024,[1, 2, 3, 4, 5, 6, 7, 8],[],,,
29.520,[1, 2, 3, 4, 5, 6, 7, 8],[],,,
30.032,[1, 2, 3, 4, 5, 6, 7, 8],[],,,
30.528,[1, 2, 3, 4, 5, 6, 7, 8],[],,,
31.024,[1, 2, 3, 4, 5, 6, 7, 8],[],,,
31.520,[1, 2, 3, 4, 5, 6, 7, 8],[],,,
32.032,[1, 2, 3, 4, 5, 6, 7, 8],[],,,
32.528,[1, 2, 3, 4, 5, 6, 7, 8],[],,,
33.024,[1, 2, 3, 4, 5, 6, 7, 8],[],,,
33.520,[1, 2, 3, 4, 5, 6, 7, 8],[],,,
34.032,[1, 2, 3, 4, 5, 6, 7, 8],[],,,
34.528,[1, 2, 3, 4, 5, 6, 7, 8],[],,,
35.024,[1, 2, 3, 4, 5, 6, 7, 8],[],,,
35.520,[1, 2, 3, 4, 5, 6, 7, 8],[],,,
36.032,[1, 2, 3, 4, 5, 6, 7, 8],[],,,
36.528,[1, 2, 3, 4, 5, 6, 7, 8],[],,,
37.024,[1, 2, 3, 4, 5, 6, 7, 8],[],,,
37.520,[1, 2, 3, 4, 5, 6, 7, 8],[],,,
38.032,[1, 2, 3, 4, 5, 6, 7, 8],[],,,
38.528,[1, 2, 3, 4, 5, 6, 7, 8],[],,,
39.024,[1, 2, 3, 4, 5, 6, 7, 8],[],,,
39.520,[1, 2, 3, 4, 5, 6, 7, 8],[],,,
40.032,[1, 2, 3, 4, 5, 6, 7, 8],[],,,
40.528,[1, 2, 3, 4, 5, 6, 7, 8],[],,,
41.024,[1, 2, 3, 4, 5, 6, 7, 8],[],,,
41.520,[1, 2, 3, 4, 5, 6, 7, 8],[],,,
42.032,[1, 2, 3, 4, 5, 6, 7, 8],[],,,
42.528,[1, 2, 3, 4, 5, 6, 7, 8],[],,,
43.024,[1, 2, 3, 4, 5, 6, 7, 8],[(1, 2, 0.75, 0.6469214331178833)],,,
43.520,[1, 2, 3, 4, 5, 6, 7, 8],[],,,
44.032,[1, 2, 3, 4, 5, 6, 7, 8],[],,,
44.528,[1, 2, 3, 4, 5, 6, 7, 8],[],,,
45.024,actual,[(1, 5, 0.0, 0.7432025941208725)],[(1, 5)],,
45.520,actual,[(1, 5, 0.0, 0.7278564833125929)],[(1, 5)],,
46.032,actual,[(1, 5, 0.0, 0.706156631470497)],[(1, 5)],,
46.528,actual,[(1, 5, 0.0, 0.6972691273915116)],[(1, 5)],,
47.024,actual,[(1, 5, 0.0, 0.7101564100416329)],[(1, 5)],,
47.520,actual,[(1, 5, 0.0, 0.7460499929940118)],[(1, 5)],,
48.032,[1, 2, 3, 4, 5, 6, 7, 8],[],,,
48.528,[1, 2, 3, 4, 5, 6, 7, 8],[],,,
49.024,[1, 2, 3, 4, 5, 6, 7, 8],[],,,
49.520,[1, 2, 3, 4, 5, 6, 7, 8],[],,,
50.032,[1, 2, 3, 4, 5, 6, 7, 8],[],,,
50.528,[1, 2, 3, 4, 5, 6, 7, 8],[],,,
51.024,[1, 2, 3, 4, 5, 6, 7, 8],[],,,
51.520,[1, 2, 3, 4, 5, 6, 7, 8],[],,,
52.032,[1, 2, 3, 4, 5, 6, 7, 8],[],,,
52.528,[1, 2, 3, 4, 5, 6, 7, 8],[],,,
53.024,[1, 2, 3, 4, 5, 6, 7, 8],[],,,
53.520,[1, 2, 3, 4, 5, 6, 7, 8],[],,,
54.032,actual,[(2, 3, 0.0, 0.7417037604056815)],[(2, 3)],,
54.528,actual,[(2, 3, 0.0, 0.6891056864599787)],[(2, 3)],,
55.024,actual,[(2, 3, 0.0, 0.6489166969264332)],[(2, 3)],,
55.520,actual,[(2, 3, 0.0, 0.6489180850288296)],[(2, 3)],,
56.032,actual,[(2, 3, 0.0, 0.6489180891521401)],[(2, 3)],,
56.528,actual,[(2, 3, 0.0, 0.6489180892596155)],[(2, 3)],,
57.024,actual,[(2, 3, 0.0, 0.6489180892625773)],[(2, 3)],,
57.520,actual,[(2, 3, 0.0, 0.6489180892626518)],[(2, 3)],,
58.032,actual,[(2, 3, 0.0, 0.6489180892626525)],[(2, 3)],,
58.528,actual,[(2, 3, 0.0, 0.6489180892626528)],[(2, 3)],,
59.024,actual,[(2, 3, 0.0, 0.6053401125466874)],[(2, 3)],,
59.520,[1, 2, 3, 4, 5, 6, 7, 8],[],,,
60.032,actual,[(2, 5, 0.0, 0.7336325437552044)],[(2, 5)],,
60.528,actual,[(2, 5, 0.0, 0.7227713450149416)],[(2, 5)],,
61.024,actual,[(2, 5, 0.0, 0.6946787159481748)],[(2, 5)],,
61.520,actual,[(2, 5, 0.0, 0.6752187051808085)],[(2, 5)],,
62.032,actual,[(2, 5, 0.0, 0.6708707057939102)],[(2, 5)],,
62.528,actual,[(2, 5, 0.0, 0.7145018717779272)],[(2, 5)],,
63.024,[1, 2, 3, 4, 5, 6, 7, 8],[],,,
63.520,[1, 2, 3, 4, 5, 6, 7, 8],[],,,
64.032,[1, 2, 3, 4, 5, 6, 7, 8],[],,,
64.528,[1, 2, 3, 4, 5, 6, 7, 8],[],,,
65.024,[1, 2, 3, 4, 5, 6, 7, 8],[],,,
65.520,[1, 2, 3, 4, 5, 6, 7, 8],[],,,
66.032,actual,[(2, 3, 0.0, 0.7161991730057613)],[(2, 3)],,
66.528,actual,[(2, 3, 0.0, 0.6874266102819183)],[(2, 3)],,
67.024,actual,[(2, 3, 0.0, 0.6657508603690055)],[(2, 3)],,
67.520,actual,[(2, 3, 0.0, 0.646993642138726)],[(2, 3)],,
68.032,actual,[(2, 3, 0.0, 0.6335478280929863)],[(2, 3)],,
68.528,actual,[(2, 3, 0.0, 0.6257559454928304)],[(2, 3)],,
69.024,actual,[(2, 3, 0.0, 0.6228802262488212)],[(2, 3)],,
69.520,actual,[(2, 3, 0.0, 0.6234365883337237)],[(2, 3)],,
70.032,actual,[(2, 3, 0.0, 0.626840659242736)],[(2, 3)],,
70.528,actual,[(2, 3, 0.0, 0.6368800993925792)],[(2, 3)],,
71.024,actual,[(2, 3, 0.0, 0.6518698915286192)],[(2, 3)],,
71.520,actual,[(2, 3, 0.0, 0.67201600459498)],[(2, 3)],,
72.032,actual,[(2, 3, 0.0, 0.6984535364772311)],[(2, 3)],,
72.528,actual,[(2, 3, 0.0, 0.7320298564061042)],[(2, 3)],,
73.024,[1, 2, 3, 4, 5, 6, 7, 8],[],,,
73.520,[1, 2, 3, 4, 5, 6, 7, 8],[],,,
74.032,[1, 2, 3, 4, 5, 6, 7, 8],[],,,
74.528,[1, 2, 3, 4, 5, 6, 7, 8],[],,,
75.024,[1, 2, 3, 4, 5, 6, 7, 8],[],,,
75.520,[1, 2, 3, 4, 5, 6, 7, 8],[],,,
76.032,[1, 2, 3, 4, 5, 6, 7, 8],[],,,
76.528,[1, 2, 3, 4, 5, 6, 7, 8],[(3, 5, 3.25, 0.6494432256942377)],,,
77.024,[1, 2, 3, 4, 5, 6, 7, 8],[],,,
77.520,[1, 2, 3, 4, 5, 6, 7, 8],[],,,
78.032,[1, 2, 3, 4, 5, 6, 7, 8],[],,,
78.528,[1, 2, 3, 4, 5, 6, 7, 8],[(3, 5, 2.75, 0.6285035604797049)],,,
79.024,[1, 2, 3, 4, 5, 6, 7, 8],[(3, 5, 1.0, 0.597097453287927)],,,
79.520,[1, 2, 3, 4, 5, 6, 7, 8],[],,,
80.016,[1, 2, 3, 4, 5, 6, 7, 8],[],,,
80.528,[1, 2, 3, 4, 5, 6, 7, 8],[],,,
81.024,[1, 2, 3, 4, 5, 6, 7, 8],[(3, 5, 0.75, 0.6142960327152723)],,,
81.520,[1, 2, 3, 4, 5, 6, 7, 8],[(3, 5, 1.25, 0.5858254976199326)],,,
82.016,actual,[(3, 5, 0.0, 0.7207611566193753)],[(3, 5)],,
82.528,actual,[(3, 5, 0.0, 0.704043814004372)],[(3, 5)],,
83.024,actual,[(3, 5, 0.0, 0.684013939257447)],[(3, 5)],,
83.520,actual,[(3, 5, 0.0, 0.6682588337160161)],[(3, 5)],,
84.016,actual,[(3, 5, 0.0, 0.6681578810491068)],[(3, 5)],,
84.528,actual,[(3, 5, 0.0, 0.6779086202299377)],[(3, 5)],,
85.024,actual,[(3, 5, 0.0, 0.6900869566095454)],[(3, 5)],,
85.520,actual,[(3, 5, 0.0, 0.7046771423541158)],[(3, 5)],,
86.016,actual,[(3, 5, 0.0, 0.7211159784621362)],[(3, 5)],,
86.528,actual,[(3, 5, 0.0, 0.7397120054516166)],[(3, 5)],,
87.024,[1, 2, 3, 4, 5, 6, 7, 8],[],,,
87.520,[1, 2, 3, 4, 5, 6, 7, 8],[],,,
88.016,[1, 2, 3, 4, 5, 6, 7, 8],[],,,
88.528,[1, 2, 3, 4, 5, 6, 7, 8],[],,,
89.024,actual,[(3, 5, 0.0, 0.7170694637373012)],[(3, 5)],,
89.520,actual,[(3, 5, 0.0, 0.7058350385562573)],[(3, 5)],,
