sim_time,trajectories,conflicts,components,actions
1.520,[1, 2, 3],[],,,
2.016,[1, 2, 3],[],,,
2.528,[1, 2, 3],[],,,
3.024,[1, 2, 3],[],,,
3.520,[1, 2, 3],[],,,
4.016,[1, 2, 3],[],,,
4.528,[1, 2, 3],[],,,
5.024,[1, 2, 3],[],,,
5.520,[1, 2, 3],[],,,
6.016,[1, 2, 3],[],,,
6.528,[1, 2, 3],[],,,
7.024,[1, 2, 3],[],,,
7.520,[1, 2, 3],[],,,
8.016,[1, 2, 3],[],,,
8.528,[1, 2, 3],[],,,
9.024,[1, 2, 3],[],,,
9.520,[1, 2, 3],[],,,
10.016,[1, 2, 3, 4],[],,,
10.528,[1, 2, 3, 4],[],,,
11.024,[1, 2, 3, 4],[],,,
11.520,[1, 2, 3, 4],[],,,
12.016,[1, 2, 3, 4],[],,,
12.528,[1, 2, 3, 4],[],,,
13.024,[1, 2, 3, 4],[],,,
13.520,[1, 2, 3, 4],[],,,
14.016,[1, 2, 3, 4],[],,,
14.528,[1, 2, 3, 4],[],,,
15.024,[1, 2, 3, 4],[],,,
15.520,[1, 2, 3, 4],[],,,
16.016,[1, 2, 3, 4],[],,,
16.528,[1, 2, 3, 4],[],,,
17.024,[1, 2, 3, 4],[],,,
17.520,[1, 2, 3, 4],[],,,
18.032,[1, 2, 3, 4],[],,,
18.528,[1, 2, 3, 4],[],,,
19.024,[1, 2, 3, 4],[],,,
19.520,[1, 2, 3, 4],[],,,
20.032,[1, 2, 3, 4],[],,,
20.528,[1, 2, 3, 4],[],,,
21.024,[1, 2, 3, 4],[],,,
21.520,[1, 2, 3, 4],[],,,
22.032,[1, 2, 3, 4],[],,,
22.528,[1, 2, 3, 4],[],,,
23.024,[1, 2, 3, 4],[],,,
23.520,[1, 2, 3, 4, 5, 7],[],,,
24.032,[1, 2, 3, 4, 5, 7],[],,,
24.528,[1, 2, 3, 4, 5, 7],[],,,
25.024,[1, 2, 3, 4, 5, 7],[],,,
25.520,[1, 2, 3, 4, 5, 7],[],,,
26.032,[1, 2, 3, 4, 5, 6, 7, 8],[],,,
26.528,[1, 2, 3, 4, 5, 6, 7, 8],[],,,
27.024,[1, 2, 3, 4, 5, 6, 7, 8],[],,,
27.520,[1, 2, 3, 4, 5, 6, 7, 8],[],,,
28.032,[1, 2, 3, 4, 5, 6, 7, 8],[],,,
28.528,[1, 2, 3, 4, 5, 6, 7, 8],[],,,
29.024,[1, 2, 3, 4, 5, 6, 7, 8],[],,,
29.520,[1, 2, 3, 4, 5, 6, 7, 8],[],,,
30.032,[1, 2, 3, 4, 5, 6, 7, 8],[],,,
30.528,[1, 2, 3, 4, 5, 6, 7, 8],[],,,
31.024,[1, 2, 3, 4, 5, 6, 7, 8],[],,,
31.520,[1, 2, 3, 4, 5, 6, 7, 8],[],,,
32.032,[1, 2, 3, 4, 5, 6, 7, 8],[],,,
32.528,[1, 2, 3, 4, 5, 6, 7, 8],[],,,
33.024,[1, 2, 3, 4, 5, 6, 7, 8],[],,,
33.520,[1, 2, 3, 4, 5, 6, 7, 8],[],,,
34.032,[1, 2, 3, 4, 5, 6, 7, 8],[],,,
34.528,[1, 2, 3, 4, 5, 6, 7, 8],[],,,
35.024,[1, 2, 3, 4, 5, 6, 7, 8],[],,,
35.520,[1, 2, 3, 4, 5, 6, 7, 8],[],,,
36.032,[1, 2, 3, 4, 5, 6, 7, 8],[],,,
36.528,[1, 2, 3, 4, 5, 6, 7, 8],[],,,
37.024,[1, 2, 3, 4, 5, 6, 7, 8],[],,,
37.520,[1, 2, 3, 4, 5, 6, 7, 8],[],,,
38.032,[1, 2, 3, 4, 5, 6, 7, 8],[],,,
38.528,[1, 2, 3, 4, 5, 6, 7, 8],[],,,
39.024,[1, 2, 3, 4, 5, 6, 7, 8],[],,,
39.520,[1, 2, 3, 4, 5, 6, 7, 8],[],,,
40.032,[1, 2, 3, 4, 5, 6, 7, 8],[],,,
40.528,[1, 2, 3, 4, 5, 6, 7, 8],[],,,
41.024,[1, 2, 3, 4, 5, 6, 7, 8],[],,,
41.520,[1, 2, 3, 4, 5, 6, 7, 8],[],,,
42.032,[1, 2, 3, 4, 5, 6, 7, 8],[],,,
42.528,[1, 2, 3, 4, 5, 6, 7, 8],[],,,
43.024,[1, 2, 3, 4, 5, 6, 7, 8],[],,,
43.520,[1, 2, 3, 4, 5, 6, 7, 8],[],,,
44.032,[1, 2, 3, 4, 5, 6, 7, 8],[],,,
44.528,[1, 2, 3, 4, 5, 6, 8],[],,,
45.024,[1, 2, 3, 4, 5, 6, 8],[],,,
45.520,[1, 2, 3, 4, 5, 6, 8],[],,,
46.032,[1, 2, 3, 4, 5, 6, 8],[],,,
46.528,[1, 2, 3, 4, 5, 6, 8],[],,,
47.024,[1, 2, 3, 4, 5, 6, 8],[],,,
47.520,[1, 2, 3, 4, 5, 6, 8],[],,,
48.032,[1, 2, 3, 4, 5, 6, 8],[],,,
48.528,[1, 2, 3, 4, 5, 6, 8],[],,,
49.024,[1, 2, 3, 4, 5, 6, 8],[],,,
49.520,[1, 2, 3, 4, 5, 6, 7, 8],[],,,
50.032,[1, 2, 3, 4, 5, 6, 7, 8],[],,,
50.528,[1, 2, 3, 4, 5, 6, 7, 8],[(2, 3, 2.25, 0.7129352733539693), (3, 5, 4.25, 0.7010905903323845)],,,
51.024,[1, 2, 3, 4, 5, 6, 7, 8],[(2, 5, 6.0, 0.7028024301805289)],,,
51.520,[1, 2, 3, 4, 5, 6, 7, 8],[],,,
52.032,[1, 2, 3, 4, 5, 6, 7, 8],[(2, 3, 5.75, 0.7179800409213531)],,,
52.528,[1, 2, 3, 4, 5, 6, 7, 8],[],,,
53.024,[1, 2, 3, 4, 5, 6, 7, 8],[],,,
53.520,[1, 2, 3, 4, 5, 6, 7, 8],[],,,
54.032,[1, 2, 3, 4, 5, 6, 7, 8],[],,,
54.528,[1, 2, 3, 4, 5, 6, 7, 8],[],,,
55.024,[1, 2, 3, 4, 5, 6, 7, 8],[],,,
55.520,[1, 2, 3, 4, 5, 6, 7, 8],[],,,
56.032,[1, 2, 3, 4, 5, 6, 7, 8],[],,,
56.528,[1, 2, 3, 4, 5, 6, 7, 8],[],,,
57.024,[1, 2, 3, 4, 5, 6, 7, 8],[],,,
57.520,[1, 2, 3, 4, 5, 6, 7, 8],[],,,
58.032,[1, 2, 3, 4, 5, 6, 7, 8],[],,,
58.528,[1, 2, 3, 4, 5, 6, 7, 8],[],,,
59.024,[1, 2, 3, 4, 5, 6, 7, 8],[],,,
59.520,[1, 2, 3, 4, 5, 6, 7, 8],[],,,
60.032,[1, 2, 3, 4, 5, 6, 7, 8],[],,,
60.528,[1, 2, 3, 4, 5, 6, 7, 8],[],,,
61.024,[1, 2, 3, 4, 5, 6, 7, 8],[],,,
61.520,[1, 2, 3, 4, 5, 6, 7, 8],[],,,
62.032,[1, 2, 3, 4, 5, 6, 7, 8],[],,,
62.528,[1, 2, 3, 4, 5, 6, 7, 8],[],,,
63.024,[1, 2, 3, 4, 5, 6, 7, 8],[],,,
63.520,[1, 2, 3, 4, 5, 6, 7, 8],[],,,
64.032,[1, 2, 3, 4, 5, 6, 7, 8],[],,,
64.528,[1, 2, 3, 4, 5, 6, 7, 8],[],,,
65.024,[1, 2, 3, 4, 5, 6, 7, 8],[],,,
65.520,[1, 2, 3, 4, 5, 6, 7, 8],[],,,
66.032,[1, 2, 3, 4, 5, 6, 7, 8],[],,,
66.528,[1, 2, 3, 4, 5, 6, 7, 8],[],,,
67.024,[1, 2, 3, 4, 5, 6, 7, 8],[],,,
67.520,[1, 2, 3, 4, 5, 6, 7, 8],[],,,
68.032,[1, 2, 3, 4, 5, 6, 7, 8],[],,,
68.528,[1, 2, 3, 4, 5, 6, 7, 8],[],,,
69.024,[1, 2, 3, 4, 5, 6, 7, 8],[],,,
69.520,[1, 2, 3, 4, 5, 6, 7, 8],[],,,
70.032,[1, 2, 3, 4, 5, 6, 7, 8],[],,,
70.528,[1, 2, 3, 4, 5, 6, 7, 8],[],,,
71.024,[1, 2, 3, 4, 5, 6, 7, 8],[],,,
71.520,[1, 2, 3, 4, 5, 6, 7, 8],[],,,
72.032,[1, 2, 3, 4, 5, 6, 7, 8],[],,,
72.528,[1, 2, 3, 4, 5, 6, 7, 8],[],,,
73.024,[1, 2, 3, 4, 5, 6, 7, 8],[],,,
73.520,[1, 2, 3, 4, 5, 6, 7, 8],[],,,
74.032,[1, 2, 3, 4, 5, 6, 7, 8],[],,,
74.528,[1, 2, 3, 4, 5, 6, 7, 8],[],,,
75.024,[1, 2, 3, 4, 5, 6, 7, 8],[],,,
75.520,[1, 2, 3, 4, 5, 6, 7, 8],[],,,
76.032,[1, 2, 3, 4, 5, 6, 7, 8],[],,,
76.528,[1, 2, 3, 4, 5, 6, 7, 8],[],,,
77.024,[1, 2, 3, 4, 5, 6, 7, 8],[],,,
77.520,[1, 2, 3, 4, 5, 6, 7, 8],[],,,
78.032,[1, 2, 3, 4, 5, 6, 7, 8],[],,,
78.528,[1, 2, 3, 4, 5, 6, 7, 8],[],,,
79.024,[1, 2, 3, 4, 5, 6, 7, 8],[],,,
79.520,[1, 2, 3, 4, 5, 6, 7, 8],[],,,
80.016,[1, 2, 3, 4, 5, 6, 7, 8],[],,,
80.528,[1, 2, 3, 4, 5, 6, 7, 8],[],,,
81.024,[1, 2, 3, 4, 5, 6, 7, 8],[],,,
81.520,[1, 2, 3, 4, 5, 6, 7, 8],[],,,
82.016,[1, 2, 3, 4, 5, 6, 7, 8],[],,,
82.528,[1, 2, 3, 4, 5, 6, 7, 8],[],,,
83.024,[1, 2, 3, 4, 5, 6, 7, 8],[],,,
83.520,[1, 2, 3, 4, 5, 6, 7, 8],[],,,
84.016,[1, 2, 3, 4, 5, 6, 7, 8],[],,,
84.528,[1, 2, 3, 4, 5, 6, 7, 8],[],,,
85.024,[1, 2, 3, 4, 5, 6, 7, 8],[],,,
85.520,[1, 2, 3, 4, 5, 6, 7, 8],[],,,
86.016,[1, 2, 3, 4, 5, 6, 7, 8],[],,,
86.528,[1, 2, 3, 4, 5, 6, 7, 8],[],,,
87.024,[1, 2, 3, 4, 5, 6, 7, 8],[],,,
87.520,[1, 2, 3, 4, 5, 6, 7, 8],[],,,
88.016,[1, 2, 3, 4, 5, 6, 7, 8],[],,,
88.528,[1, 2, 3, 4, 5, 6, 7, 8],[],,,
89.024,[1, 2, 3, 4, 5, 6, 7, 8],[],,,
89.520,[1, 2, 3, 4, 5, 6, 7, 8],[],,,
90.016,[1, 2, 3, 4, 5, 6, 7, 8],[],,,
90.528,[1, 2, 3, 4, 5, 6, 7, 8],[],,,
91.024,[1, 2, 3, 4, 5, 6, 7, 8],[],,,
91.520,[1, 2, 3, 4, 5, 6, 7, 8],[],,,
92.016,[1, 2, 3, 4, 5, 6, 7, 8],[],,,
92.528,[1, 2, 3, 4, 5, 6, 7, 8],[],,,
93.024,[1, 2, 3, 4, 5, 6, 7, 8],[],,,
93.520,[1, 2, 3, 4, 5, 6, 7, 8],[],,,
94.016,[1, 2, 3, 4, 5, 6, 7, 8],[],,,
94.528,[1, 2, 3, 4, 5, 6, 7, 8],[],,,
95.024,[1, 2, 3, 4, 5, 6, 7, 8],[],,,
95.520,[1, 2, 3, 4, 5, 6, 7, 8],[],,,
96.016,[1, 2, 3, 4, 5, 6, 7, 8],[],,,
96.528,[1, 2, 3, 4, 5, 6, 7, 8],[],,,
97.024,[1, 2, 3, 4, 5, 6, 7, 8],[],,,
97.520,[1, 2, 3, 4, 5, 6, 7, 8],[],,,
98.016,[1, 2, 3, 4, 5, 6, 7, 8],[],,,
98.528,[1, 2, 3, 4, 5, 6, 7, 8],[],,,
99.024,[1, 2, 3, 4, 5, 6, 7, 8],[],,,
99.520,[1, 2, 3, 4, 5, 6, 7, 8],[],,,
100.016,[1, 2, 3, 4, 5, 6, 7, 8],[],,,
100.528,actual,[(1, 6, 0.0, 0.8434206254474076)],[(1, 6)],layered
101.024,actual,[(1, 6, 0.0, 0.8403228777922372)],[(1, 6)],layered
101.520,actual,[(1, 6, 0.0, 0.8394750821111163)],[(1, 6)],layered
102.016,actual,[(1, 6, 0.0, 0.8404081824546145)],[(1, 6)],layered
102.528,actual,[(1, 6, 0.0, 0.8432975226862087)],[(1, 6)],layered
103.024,actual,[(1, 6, 0.0, 0.8480992397080546)],[(1, 6)],layered
103.520,[1, 2, 3, 4, 5, 6, 7, 8],[],,,
104.016,[1, 2, 3, 4, 5, 6, 7, 8],[],,,
104.528,[1, 2, 3, 4, 5, 6, 7, 8],[],,,
105.024,[1, 2, 3, 4, 5, 6, 7, 8],[],,,
105.520,[1, 2, 3, 4, 5, 6, 7, 8],[],,,
106.016,[1, 2, 3, 4, 5, 6, 7, 8],[],,,
106.528,[1, 2, 3, 4, 5, 6, 7, 8],[],,,
107.024,[1, 2, 3, 4, 5, 6, 7, 8],[],,,
107.520,[1, 2, 3, 4, 5, 6, 7, 8],[],,,
108.016,[1, 2, 3, 4, 5, 6, 7, 8],[],,,
108.528,[1, 2, 3, 4, 5, 6, 7, 8],[],,,
109.024,[1, 2, 3, 4, 5, 6, 7, 8],[],,,
109.520,[1, 2, 3, 4, 5, 6, 7, 8],[],,,
110.016,[1, 2, 3, 4, 5, 6, 7, 8],[],,,
110.528,[1, 2, 3, 4, 5, 6, 7, 8],[],,,
111.024,[1, 2, 3, 4, 5, 6, 7, 8],[],,,
111.520,[1, 2, 3, 4, 5, 6, 7, 8],[],,,
112.016,[1, 2, 3, 4, 5, 6, 7, 8],[],,,
112.528,[1, 2, 3, 4, 5, 6, 7, 8],[],,,
113.024,[1, 2, 3, 4, 5, 6, 7, 8],[],,,
113.520,[1, 2, 3, 4, 5, 6, 7, 8],[(2, 4, 5.25, 0.716026708419275)],,,
114.016,[1, 2, 3, 4, 5, 6, 7, 8],[(2, 4, 5.75, 0.7037491124572689)],,,
114.528,[1, 2, 3, 4, 5, 6, 7, 8],[(2, 4, 6.0, 0.7109788538287847)],,,
115.024,[1, 2, 3, 4, 5, 6, 7, 8],[],,,
115.520,[1, 2, 3, 4, 5, 6, 7, 8],[],,,
116.016,[1, 2, 3, 4, 5, 6, 7, 8],[],,,
116.528,[1, 2, 3, 4, 5, 6, 7, 8],[],,,
117.024,[1, 2, 3, 4, 5, 6, 7, 8],[],,,
117.520,[1, 2, 3, 4, 5, 6, 7, 8],[],,,
118.016,[1, 2, 3, 4, 5, 6, 7, 8],[],,,
118.528,[1, 2, 3, 4, 5, 6, 7, 8],[],,,
119.024,[1, 2, 3, 4, 5, 6, 7, 8],[],,,
119.520,[1, 2, 3, 4, 5, 6, 7, 8],[],,,
120.016,[1, 2, 3, 4, 5, 6, 7, 8],[],,,
120.528,[1, 2, 3, 4, 5, 6, 7, 8],[],,,
121.024,[1, 2, 3, 4, 5, 6, 7, 8],[],,,
121.520,[1, 2, 3, 4, 5, 6, 7, 8],[],,,
122.016,[1, 2, 3, 4, 5, 6, 7, 8],[],,,
122.528,[1, 2, 3, 4, 5, 6, 7, 8],[],,,
123.024,[1, 2, 3, 4, 5, 6, 7, 8],[],,,
123.520,[1, 2, 3, 4, 5, 6, 7, 8],[],,,
124.016,[1, 2, 3, 4, 5, 6, 7, 8],[],,,
124.528,[1, 2, 3, 4, 5, 6, 7, 8],[],,,
125.024,[1, 2, 3, 4, 5, 6, 7, 8],[],,,
125.520,[1, 2, 3, 4, 5, 6, 7, 8],[],,,
126.016,[1, 2, 3, 4, 5, 6, 7, 8],[],,,
126.528,[1, 2, 3, 4, 5, 6, 7, 8],[],,,
127.024,[1, 2, 3, 4, 5, 6, 7, 8],[],,,
127.520,[1, 2, 3, 4, 5, 6, 7, 8],[],,,
128.016,[1, 2, 3, 4, 5, 6, 7, 8],[],,,
128.528,[1, 2, 3, 4, 5, 6, 7, 8],[],,,
129.024,[1, 2, 3, 4, 5, 6, 7, 8],[],,,
129.520,[1, 2, 3, 4, 5, 6, 7, 8],[],,,
130.016,[1, 2, 3, 4, 5, 6, 7, 8],[],,,
130.528,[1, 2, 3, 4, 5, 6, 7, 8],[],,,
131.024,[1, 2, 3, 4, 5, 6, 7, 8],[],,,
131.520,[1, 2, 3, 4, 5, 6, 7, 8],[],,,
132.016,[1, 2, 3, 4, 5, 6, 7, 8],[],,,
132.528,[1, 2, 3, 4, 5, 6, 7, 8],[],,,
133.024,[1, 2, 3, 4, 5, 6, 7, 8],[],,,
133.520,[1, 2, 3, 4, 5, 6, 7, 8],[],,,
134.016,[1, 2, 3, 4, 5, 6, 7, 8],[],,,
134.528,[1, 2, 3, 4, 5, 6, 7, 8],[],,,
135.024,[1, 2, 3, 4, 5, 6, 7, 8],[],,,
135.520,[1, 2, 3, 4, 5, 6, 7, 8],[],,,
136.016,[1, 2, 3, 4, 5, 6, 7, 8],[],,,
136.528,[1, 2, 3, 4, 5, 6, 7, 8],[],,,
137.024,[1, 2, 3, 4, 5, 6, 7, 8],[],,,
137.520,[1, 2, 3, 4, 5, 6, 7, 8],[],,,
138.016,[1, 2, 3, 4, 5, 6, 7, 8],[],,,
138.528,[1, 2, 3, 4, 5, 6, 7, 8],[],,,
139.024,[1, 2, 3, 4, 5, 6, 7, 8],[],,,
139.520,[1, 2, 3, 4, 5, 6, 7, 8],[],,,
140.016,[1, 2, 3, 4, 5, 6, 7, 8],[],,,
140.528,[1, 2, 3, 4, 5, 6, 7, 8],[],,,
141.024,[1, 2, 3, 4, 5, 6, 7, 8],[],,,
141.520,[1, 2, 3, 4, 5, 6, 7, 8],[],,,
142.016,[1, 2, 3, 4, 5, 6, 7, 8],[],,,
142.528,[1, 2, 3, 4, 5, 6, 7, 8],[],,,
143.024,[1, 2, 3, 4, 5, 6, 7, 8],[],,,
143.520,[1, 2, 3, 4, 5, 6, 7, 8],[],,,
144.016,[1, 2, 3, 4, 5, 6, 7, 8],[],,,
144.528,[1, 2, 3, 4, 5, 6, 7, 8],[],,,
145.024,[1, 2, 3, 4, 5, 6, 7, 8],[],,,
145.520,[1, 2, 3, 4, 5, 6, 7, 8],[],,,
146.016,[1, 2, 3, 4, 5, 6, 7, 8],[],,,
146.528,[1, 2, 3, 4, 5, 6, 7, 8],[],,,
147.024,[1, 2, 3, 4, 5, 6, 7, 8],[],,,
147.520,[1, 2, 3, 4, 5, 6, 7, 8],[],,,
148.016,[1, 2, 3, 4, 5, 6, 7, 8],[],,,
148.528,[1, 2, 3, 4, 5, 6, 7, 8],[],,,
149.024,[1, 2, 3, 4, 5, 6, 7, 8],[],,,
149.520,[1, 2, 3, 4, 5, 6, 7, 8],[],,,
150.016,[1, 2, 3, 4, 5, 6, 7, 8],[],,,
150.528,[1, 2, 3, 4, 5, 6, 7, 8],[],,,
151.024,[1, 2, 3, 4, 5, 6, 7, 8],[],,,
151.520,[1, 2, 3, 4, 5, 6, 7, 8],[],,,
152.016,[1, 2, 3, 4, 5, 6, 7, 8],[],,,
152.528,[1, 2, 3, 4, 5, 6, 7, 8],[],,,
153.024,[1, 2, 3, 4, 5, 6, 7, 8],[],,,
153.520,[1, 2, 3, 4, 5, 6, 7, 8],[],,,
154.016,[1, 2, 3, 4, 5, 6, 7, 8],[],,,
154.528,[1, 2, 3, 4, 5, 6, 7, 8],[],,,
155.024,[1, 2, 3, 4, 5, 6, 7, 8],[],,,
155.520,[1, 2, 3, 4, 5, 6, 7, 8],[],,,
156.016,[1, 2, 3, 4, 5, 6, 7, 8],[],,,
156.528,[1, 2, 3, 4, 5, 6, 7, 8],[],,,
157.024,[1, 2, 3, 4, 5, 6, 7, 8],[],,,
157.520,[1, 2, 3, 4, 5, 6, 7, 8],[],,,
158.032,[1, 2, 3, 4, 5, 6, 7, 8],[],,,
158.528,[1, 2, 3, 4, 5, 6, 7, 8],[],,,
159.024,[1, 2, 3, 4, 5, 6, 8],[],,,
159.520,[1, 2, 3, 4, 5, 6, 7, 8],[],,,
160.032,[1, 2, 3, 4, 5, 6, 7, 8],[],,,
160.528,[1, 2, 3, 4, 5, 6, 7, 8],[],,,
161.024,[1, 2, 3, 4, 5, 6, 7, 8],[],,,
161.520,[1, 2, 3, 4, 5, 6, 7, 8],[],,,
162.032,[1, 2, 3, 4, 5, 6, 7, 8],[],,,
162.528,[1, 2, 3, 4, 5, 6, 7, 8],[],,,
163.024,[1, 2, 3, 4, 5, 6, 7, 8],[],,,
163.520,[1, 2, 3, 4, 5, 6, 7, 8],[],,,
164.032,[1, 2, 3, 4, 5, 6, 7, 8],[],,,
164.528,[1, 2, 3, 4, 5, 6, 7, 8],[],,,
165.024,[1, 2, 3, 4, 5, 6, 7, 8],[],,,
165.520,[1, 2, 3, 4, 5, 6, 7, 8],[],,,
166.032,[1, 2, 3, 4, 5, 6, 7, 8],[],,,
166.528,[1, 2, 3, 4, 5, 6, 7, 8],[],,,
167.024,[1, 2, 3, 4, 5, 6, 7, 8],[],,,
167.520,[1, 2, 3, 4, 5, 6, 7, 8],[],,,
168.032,[1, 2, 3, 4, 5, 6, 7, 8],[],,,
168.528,[1, 2, 3, 4, 5, 6, 7, 8],[],,,
169.024,[1, 2, 3, 4, 5, 6, 7, 8],[],,,
169.520,[1, 2, 3, 4, 5, 6, 7, 8],[],,,
170.032,[1, 2, 3, 4, 5, 6, 7, 8],[],,,
170.528,[1, 2, 3, 4, 5, 6, 7, 8],[],,,
171.024,[1, 2, 3, 4, 5, 6, 7, 8],[],,,
171.520,[1, 2, 3, 4, 5, 6, 7, 8],[],,,
172.032,[1, 2, 3, 4, 5, 6, 7, 8],[],,,
172.528,[1, 2, 3, 4, 5, 6, 7, 8],[],,,
173.024,actual,[(4, 8, 0.0, 0.8434479967851589)],[(4, 8)],layered
173.520,actual,[(4, 8, 0.0, 0.8450161020201957)],[(4, 8)],layered
174.032,actual,[(4, 8, 0.0, 0.8451820585687393)],[(4, 8)],layered
174.528,actual,[(4, 8, 0.0, 0.8443144772585056)],[(4, 8)],layered
175.024,[1, 2, 3, 4, 5, 6, 7, 8],[],,,
175.520,[1, 2, 3, 4, 5, 6, 7, 8],[],,,
176.032,[1, 2, 3, 4, 5, 6, 7, 8],[],,,
176.528,[1, 2, 3, 4, 5, 6, 7, 8],[],,,
177.024,[1, 2, 3, 4, 5, 6, 7, 8],[],,,
177.520,[1, 2, 3, 4, 5, 6, 7, 8],[],,,
178.032,[1, 2, 3, 4, 5, 6, 7, 8],[],,,
178.528,[1, 2, 3, 4, 5, 6, 7, 8],[],,,
179.024,[1, 2, 3, 4, 5, 6, 7, 8],[],,,
179.520,[1, 2, 3, 4, 5, 6, 7, 8],[],,,
180.032,[1, 2, 3, 4, 5, 6, 7, 8],[],,,
180.528,[1, 2, 3, 4, 5, 6, 7, 8],[],,,
181.024,[1, 2, 3, 4, 5, 6, 7, 8],[],,,
181.520,[1, 2, 3, 4, 5, 6, 7, 8],[],,,
182.032,[1, 2, 3, 4, 5, 6, 7, 8],[],,,
182.528,[1, 2, 3, 4, 5, 6, 7, 8],[],,,
183.024,[1, 2, 3, 4, 5, 6, 7, 8],[],,,
183.520,[1, 2, 3, 4, 5, 6, 7, 8],[],,,
184.032,[1, 2, 3, 4, 5, 6, 7, 8],[],,,
184.528,[1, 2, 3, 4, 5, 6, 7, 8],[],,,
185.024,[1, 2, 3, 4, 5, 6, 7, 8],[],,,
185.520,[1, 2, 3, 4, 5, 6, 7, 8],[],,,
186.032,[1, 2, 3, 4, 5, 6, 7, 8],[],,,
186.528,[1, 2, 3, 4, 5, 6, 7, 8],[],,,
187.024,[1, 2, 3, 4, 5, 6, 7, 8],[],,,
187.520,[1, 2, 3, 4, 5, 6, 7, 8],[],,,
188.032,[1, 2, 3, 4, 5, 6, 7, 8],[],,,
188.528,[1, 2, 3, 4, 5, 6, 7, 8],[],,,
189.024,[1, 2, 3, 4, 5, 6, 7, 8],[],,,
189.520,[1, 2, 3, 4, 5, 6, 7, 8],[],,,
190.032,[1, 2, 3, 4, 5, 6, 7, 8],[],,,
190.528,[1, 2, 3, 4, 5, 6, 7, 8],[],,,
191.024,[1, 2, 3, 4, 5, 6, 7, 8],[],,,
191.520,[1, 2, 3, 4, 5, 6, 7, 8],[],,,
192.032,[1, 2, 3, 4, 5, 6, 7, 8],[],,,
192.528,[1, 2, 3, 4, 5, 6, 7, 8],[],,,
193.024,[1, 2, 3, 4, 5, 6, 7, 8],[],,,
193.520,[1, 2, 3, 4, 5, 6, 7, 8],[],,,
194.032,[1, 2, 3, 4, 5, 6, 7, 8],[],,,
194.528,[1, 2, 3, 4, 5, 6, 7, 8],[],,,
195.024,[1, 2, 3, 4, 5, 6, 7, 8],[],,,
195.520,[1, 2, 3, 4, 5, 6, 7, 8],[],,,
196.032,[1, 2, 3, 4, 5, 6, 7, 8],[],,,
196.528,[1, 2, 3, 4, 5, 6, 7, 8],[],,,
197.024,[1, 2, 3, 4, 5, 6, 7, 8],[],,,
197.520,[1, 2, 3, 4, 5, 6, 7, 8],[],,,
198.032,[1, 2, 3, 4, 5, 6, 7, 8],[],,,
198.528,[1, 2, 3, 4, 5, 6, 7, 8],[],,,
199.024,[1, 2, 3, 4, 5, 6, 7, 8],[],,,
199.520,[1, 2, 3, 4, 5, 6, 7, 8],[],,,
200.032,[1, 2, 3, 4, 5, 6, 7, 8],[],,,
200.528,[1, 2, 3, 4, 5, 6, 7, 8],[],,,
201.024,[1, 2, 3, 4, 5, 6, 7, 8],[],,,
201.520,[1, 2, 3, 4, 5, 6, 7, 8],[],,,
202.032,[1, 2, 3, 4, 5, 6, 7, 8],[],,,
202.528,[1, 2, 3, 4, 5, 6, 7, 8],[],,,
203.024,[1, 2, 3, 4, 5, 6, 7, 8],[],,,
203.520,[1, 2, 3, 4, 5, 6, 7, 8],[],,,
204.032,[1, 2, 3, 4, 5, 6, 7, 8],[],,,
204.528,[1, 2, 3, 4, 5, 6, 7, 8],[],,,
205.024,[1, 2, 3, 4, 5, 6, 7, 8],[],,,
205.520,[1, 2, 3, 4, 5, 6, 7, 8],[],,,
206.032,[1, 2, 3, 4, 5, 6, 7, 8],[],,,
206.528,[1, 2, 3, 4, 5, 6, 7, 8],[],,,
207.024,[1, 2, 3, 4, 5, 6, 7, 8],[],,,
207.520,[1, 2, 3, 4, 5, 6, 7, 8],[],,,
208.032,[1, 2, 3, 4, 5, 6, 7, 8],[],,,
208.528,[1, 2, 3, 4, 5, 6, 7, 8],[],,,
209.024,[1, 2, 3, 4, 5, 6, 7, 8],[],,,
209.520,[1, 2, 3, 4, 5, 6, 7, 8],[],,,
210.032,[1, 2, 3, 4, 5, 6, 7, 8],[],,,
210.528,[1, 2, 3, 4, 6, 7, 8],[],,,
211.024,[1, 2, 3, 4, 5, 6, 7, 8],[],,,
211.520,[1, 2, 3, 4, 5, 6, 7, 8],[],,,
212.032,[1, 2, 3, 4, 5, 6, 7, 8],[],,,
212.528,[1, 2, 3, 4, 5, 6, 7, 8],[],,,
213.024,[1, 2, 3, 4, 5, 6, 7, 8],[],,,
213.520,[1, 2, 3, 4, 5, 6, 7, 8],[],,,
214.032,[1, 2, 3, 4, 5, 6, 7, 8],[],,,
214.528,[1, 2, 3, 4, 5, 6, 7, 8],[],,,
215.024,[1, 2, 3, 4, 5, 6, 7, 8],[],,,
215.520,[1, 2, 3, 4, 5, 6, 7, 8],[],,,
216.032,[1, 2, 3, 4, 5, 6, 7, 8],[],,,
216.528,[1, 2, 3, 4, 5, 6, 7, 8],[],,,
217.024,[1, 2, 3, 4, 5, 6, 7, 8],[],,,
217.520,[1, 2, 3, 4, 5, 6, 7, 8],[],,,
218.032,[1, 2, 3, 4, 5, 6, 7, 8],[],,,
218.528,[1, 2, 3, 4, 5, 6, 7, 8],[],,,
219.024,[1, 2, 3, 4, 5, 6, 7, 8],[],,,
219.520,[1, 2, 3, 4, 5, 6, 7, 8],[],,,
220.032,[1, 2, 3, 4, 5, 6, 7, 8],[],,,
220.528,[1, 2, 3, 4, 5, 6, 7, 8],[],,,
221.024,[1, 2, 3, 4, 5, 6, 7, 8],[],,,
221.520,[1, 2, 3, 4, 5, 6, 7, 8],[],,,
222.032,[1, 2, 3, 4, 5, 6, 7, 8],[],,,
222.528,[1, 2, 3, 4, 5, 6, 7, 8],[],,,
223.024,[1, 2, 3, 4, 5, 6, 7, 8],[],,,
223.520,[1, 2, 3, 4, 5, 6, 7, 8],[],,,
224.032,[1, 2, 3, 4, 5, 6, 7, 8],[],,,
224.528,[1, 2, 3, 4, 5, 6, 7, 8],[],,,
225.024,[1, 2, 3, 4, 5, 6, 7, 8],[],,,
225.520,[1, 2, 3, 4, 5, 6, 7, 8],[],,,
226.032,[1, 2, 3, 4, 5, 6, 7, 8],[],,,
226.528,[1, 2, 3, 4, 5, 6, 7, 8],[],,,
227.024,[1, 2, 3, 4, 5, 6, 7, 8],[],,,
227.520,[1, 2, 3, 4, 5, 6, 7, 8],[],,,
228.032,[1, 2, 3, 4, 5, 6, 7, 8],[],,,
228.528,[1, 2, 3, 4, 5, 6, 7, 8],[],,,
229.024,[1, 2, 3, 4, 5, 6, 7, 8],[],,,
229.520,[1, 2, 3, 4, 5, 6, 7, 8],[],,,
230.032,[1, 2, 3, 4, 5, 6, 7, 8],[],,,
230.528,[1, 2, 3, 4, 5, 6, 7, 8],[],,,
231.024,[1, 2, 3, 4, 5, 6, 7, 8],[],,,
231.520,[1, 2, 3, 4, 5, 6, 7, 8],[],,,
232.032,[1, 2, 3, 4, 5, 6, 7, 8],[],,,
232.528,[1, 2, 3, 4, 5, 6, 7, 8],[],,,
233.024,[1, 2, 3, 4, 5, 6, 7, 8],[],,,
233.520,[1, 2, 3, 4, 5, 6, 7, 8],[],,,
234.032,[1, 2, 3, 4, 5, 6, 7, 8],[],,,
234.528,[1, 2, 3, 4, 5, 6, 7, 8],[],,,
235.024,[1, 2, 3, 4, 5, 6, 7, 8],[],,,
235.520,[1, 2, 3, 4, 5, 6, 7, 8],[],,,
236.032,[1, 2, 3, 4, 5, 6, 7, 8],[],,,
236.528,[1, 2, 3, 4, 5, 6, 7, 8],[],,,
237.024,[1, 2, 3, 4, 5, 6, 7, 8],[],,,
237.520,[1, 2, 3, 4, 5, 6, 7, 8],[],,,
238.032,[1, 2, 3, 4, 5, 6, 7, 8],[],,,
238.528,[1, 2, 3, 4, 5, 6, 7, 8],[],,,
239.024,[1, 2, 3, 4, 5, 6, 7, 8],[],,,
239.520,[1, 2, 3, 4, 5, 6, 7, 8],[],,,
240.032,[1, 2, 3, 4, 5, 6, 7, 8],[],,,
240.528,[1, 2, 3, 4, 5, 6, 7, 8],[],,,
241.024,[1, 2, 3, 4, 5, 6, 7, 8],[(7, 8, 5.0, 0.6704175065981092)],,,
241.520,[1, 2, 3, 4, 5, 6, 7, 8],[],,,
242.032,[1, 2, 3, 4, 5, 6, 7, 8],[],,,
242.528,[1, 2, 3, 4, 5, 6, 7, 8],[],,,
243.024,[1, 2, 3, 4, 5, 6, 7, 8],[],,,
243.520,[1, 2, 3, 4, 5, 6, 7, 8],[],,,
244.032,[1, 2, 3, 4, 5, 6, 7, 8],[],,,
244.528,[1, 2, 3, 4, 5, 6, 7, 8],[],,,
245.024,[1, 2, 3, 4, 5, 6, 7, 8],[],,,
245.520,[1, 2, 3, 4, 5, 6, 7, 8],[],,,
246.032,[1, 2, 3, 4, 5, 6, 7, 8],[],,,
246.528,[1, 2, 3, 4, 5, 6, 7, 8],[],,,
247.024,[1, 2, 3, 4, 5, 6, 7, 8],[],,,
247.520,[1, 2, 3, 4, 5, 6, 7, 8],[],,,
248.032,[1, 2, 3, 4, 5, 6, 7, 8],[],,,
248.528,[1, 2, 3, 4, 5, 6, 7, 8],[],,,
249.024,[1, 2, 3, 4, 5, 6, 7, 8],[],,,
249.520,[1, 2, 3, 4, 5, 6, 7, 8],[],,,
250.032,[1, 2, 3, 4, 5, 6, 7, 8],[],,,
250.528,[1, 2, 3, 4, 5, 6, 7, 8],[],,,
251.024,[1, 2, 3, 4, 5, 6, 7, 8],[],,,
251.520,[1, 2, 3, 4, 5, 6, 7, 8],[],,,
252.032,[1, 2, 3, 4, 5, 6, 7, 8],[],,,
252.528,[1, 2, 3, 4, 5, 6, 7, 8],[],,,
253.024,[1, 2, 3, 4, 5, 6, 7, 8],[],,,
253.520,[1, 2, 3, 4, 5, 6, 7, 8],[],,,
254.032,[1, 2, 3, 4, 5, 6, 7, 8],[],,,
254.528,[1, 2, 3, 4, 5, 6, 7, 8],[],,,
255.024,[1, 2, 3, 4, 5, 6, 7, 8],[],,,
255.520,[1, 2, 3, 4, 5, 6, 7, 8],[],,,
256.032,[1, 2, 3, 4, 5, 6, 7, 8],[],,,
256.528,[1, 2, 3, 4, 5, 6, 7, 8],[],,,
257.024,[1, 2, 3, 4, 5, 6, 7, 8],[],,,
257.520,[1, 2, 3, 4, 5, 6, 7, 8],[],,,
258.032,[1, 2, 3, 4, 5, 6, 7, 8],[],,,
258.528,[1, 2, 3, 4, 5, 6, 7, 8],[],,,
259.024,[1, 2, 3, 4, 5, 6, 7, 8],[],,,
259.520,[1, 2, 3, 4, 5, 6, 7, 8],[],,,
260.032,[1, 2, 3, 4, 5, 6, 7, 8],[],,,
260.528,[1, 2, 3, 4, 5, 6, 7, 8],[],,,
261.024,[1, 2, 3, 4, 5, 6, 7, 8],[],,,
261.520,[1, 2, 3, 4, 5, 6, 7, 8],[],,,
262.032,[1, 2, 3, 4, 5, 6, 7, 8],[],,,
262.528,[1, 2, 3, 4, 5, 6, 7, 8],[],,,
263.024,actual,[(4, 5, 0.0, 0.8047869891235342)],[(4, 5)],layered
263.520,actual,[(4, 5, 0.0, 0.7896763137932822)],[(4, 5)],layered
264.032,actual,[(4, 5, 0.0, 0.7783757840653032)],[(4, 5)],layered
264.528,actual,[(4, 5, 0.0, 0.7702525813200354)],[(4, 5)],layered
265.024,actual,[(4, 5, 0.0, 0.7662714304557525)],[(4, 5)],layered
265.520,actual,[(4, 5, 0.0, 0.7614398561724812)],[(4, 5)],layered
266.032,actual,[(4, 5, 0.0, 0.7581272372895677)],[(4, 5)],layered
266.528,actual,[(4, 5, 0.0, 0.7563825049437797)],[(4, 5)],layered
267.024,actual,[(4, 5, 0.0, 0.753546308714236)],[(4, 5)],layered
267.520,actual,[(4, 5, 0.0, 0.7541030651962101)],[(4, 5)],layered
268.032,actual,[(4, 5, 0.0, 0.7567348358720329)],[(4, 5)],layered
268.528,actual,[(4, 5, 0.0, 0.7607837092729876)],[(4, 5)],layered
269.024,actual,[(4, 5, 0.0, 0.7663737394633355)],[(4, 5)],layered
269.520,actual,[(4, 5, 0.0, 0.7731324417874887)],[(4, 5)],layered
270.032,actual,[(4, 5, 0.0, 0.7833813961222249)],[(4, 5)],layered
270.528,actual,[(4, 5, 0.0, 0.7949470102845565)],[(4, 5)],layered
271.024,actual,[(4, 5, 0.0, 0.8077995376172042)],[(4, 5)],layered
271.520,actual,[(4, 5, 0.0, 0.8218644753847852)],[(4, 5)],layered
272.032,actual,[(4, 5, 0.0, 0.8369693384089093)],[(4, 5)],layered
272.528,[1, 2, 3, 4, 5, 6, 7, 8],[],,,
273.024,[1, 2, 3, 4, 5, 6, 7, 8],[],,,
273.520,[1, 2, 3, 4, 5, 6, 7, 8],[],,,
274.032,[1, 2, 3, 4, 5, 6, 7, 8],[],,,
274.528,actual,[(6, 8, 0.0, 0.8468144808430109)],[(6, 8)],layered
275.024,actual,[(6, 8, 0.0, 0.8459417305893399)],[(6, 8)],layered
275.520,actual,[(6, 8, 0.0, 0.8458743929784764)],[(6, 8)],layered
276.032,actual,[(6, 8, 0.0, 0.8439815172341042)],[(6, 8)],layered
276.528,actual,[(6, 8, 0.0, 0.8456813612905529)],[(6, 8)],layered
277.024,[2, 3, 4, 5, 6, 7, 8],[],,,
277.520,[2, 3, 4, 5, 6, 7, 8],[],,,
278.032,[2, 3, 4, 5, 6, 7, 8],[],,,
278.528,[2, 3, 4, 5, 6, 7, 8],[],,,
279.024,[2, 3, 4, 5, 6, 7, 8],[],,,
279.520,[2, 3, 4, 5, 6, 7, 8],[],,,
280.032,[2, 3, 4, 5, 6, 7, 8],[],,,
280.528,[2, 3, 4, 5, 6, 7, 8],[],,,
281.024,[2, 3, 4, 5, 6, 7, 8],[],,,
281.520,[1, 2, 3, 4, 5, 6, 7, 8],[],,,
282.032,[1, 2, 3, 4, 5, 6, 7, 8],[],,,
282.528,[1, 2, 3, 4, 5, 6, 7, 8],[],,,
283.024,[1, 2, 3, 4, 5, 6, 7, 8],[],,,
283.520,[1, 2, 3, 4, 5, 6, 7, 8],[],,,
284.032,[1, 2, 3, 4, 5, 6, 7, 8],[],,,
284.528,[1, 2, 3, 4, 5, 6, 7, 8],[],,,
285.024,[1, 2, 3, 4, 5, 6, 7, 8],[],,,
285.520,[1, 2, 3, 4, 5, 6, 7, 8],[],,,
286.032,[1, 2, 3, 4, 5, 6, 7, 8],[],,,
286.528,[1, 2, 3, 4, 5, 6, 7, 8],[],,,
287.024,[1, 2, 3, 4, 5, 6, 7, 8],[],,,
287.520,[1, 2, 3, 4, 5, 6, 7, 8],[],,,
288.032,[1, 2, 3, 4, 5, 6, 7, 8],[],,,
288.528,[1, 2, 3, 4, 5, 6, 7, 8],[],,,
289.024,[1, 2, 3, 4, 5, 6, 7, 8],[],,,
289.520,[1, 2, 3, 4, 5, 6, 7, 8],[],,,
290.032,[1, 2, 3, 4, 5, 6, 7, 8],[],,,
290.528,[1, 2, 3, 4, 5, 6, 7, 8],[],,,
291.024,actual,[(4, 7, 0.0, 0.823910060757656)],[(4, 7)],layered
291.520,actual,[(4, 7, 0.0, 0.8173651368954498)],[(4, 7)],layered
292.032,actual,[(4, 7, 0.0, 0.8137981451806091)],[(4, 7)],layered
292.528,actual,[(4, 7, 0.0, 0.8130187618547939)],[(4, 7)],layered
293.024,actual,[(4, 7, 0.0, 0.8150230366047494)],[(4, 7)],layered
293.520,actual,[(4, 7, 0.0, 0.8192996304651808)],[(4, 7)],layered
294.032,actual,[(4, 7, 0.0, 0.8258941847374819)],[(4, 7)],layered
294.528,actual,[(4, 7, 0.0, 0.8341242191170211)],[(4, 7)],layered
295.024,actual,[(4, 7, 0.0, 0.8439766423904945)],[(4, 7)],layered
295.520,[1, 2, 3, 4, 5, 6, 7, 8],[],,,
296.032,[1, 2, 3, 4, 5, 6, 7, 8],[],,,
296.528,[1, 2, 3, 4, 5, 6, 7, 8],[],,,
297.024,[1, 2, 3, 4, 5, 6, 7, 8],[],,,
297.520,[1, 2, 3, 4, 5, 6, 7, 8],[],,,
298.032,[1, 2, 3, 4, 5, 6, 7, 8],[],,,
298.528,[1, 2, 3, 4, 5, 6, 7, 8],[],,,
299.024,[1, 2, 3, 4, 5, 6, 7, 8],[],,,
299.520,[1, 2, 3, 4, 5, 6, 7, 8],[],,,
300.032,[1, 2, 3, 4, 5, 6, 7, 8],[],,,
300.528,[1, 2, 3, 4, 5, 6, 7, 8],[],,,
301.024,[1, 2, 3, 4, 5, 6, 7, 8],[],,,
301.520,[1, 2, 3, 4, 5, 6, 7, 8],[],,,
302.016,[1, 2, 3, 4, 5, 6, 7, 8],[],,,
302.528,[1, 2, 3, 4, 5, 6, 7, 8],[],,,
303.024,actual,[(2, 8, 0.0, 0.8498396601889604)],[(2, 8)],layered
303.520,actual,[(2, 8, 0.0, 0.7985414236249682)],[(2, 8)],layered
304.016,actual,[(2, 8, 0.0, 0.7514428654391414)],[(2, 8)],layered
304.528,actual,[(2, 8, 0.0, 0.7006972453959118)],[(2, 8)],layered
305.024,actual,[(2, 8, 0.0, 0.6540851030165293)],[(2, 8)],layered
305.520,actual,[(2, 8, 0.0, 0.6631981267724253)],[(2, 8)],layered
306.016,actual,[(2, 8, 0.0, 0.67417654507108)],[(2, 8)],layered
306.528,actual,[(2, 8, 0.0, 0.6800072551933566)],[(2, 8)],layered
307.024,actual,[(2, 8, 0.0, 0.6860133003970509)],[(2, 8)],layered
307.520,actual,[(2, 8, 0.0, 0.6949394342044942)],[(2, 8)],layered
308.016,actual,[(2, 8, 0.0, 0.6990107261372637)],[(2, 8)],layered
308.528,actual,[(2, 8, 0.0, 0.6958949163165372)],[(2, 8)],layered
309.024,actual,[(2, 8, 0.0, 0.693102000912063)],[(2, 8)],layered
309.520,actual,[(2, 8, 0.0, 0.6914786421941154)],[(2, 8)],layered
310.016,actual,[(2, 8, 0.0, 0.6891133688173137)],[(2, 8)],layered
310.528,actual,[(2, 8, 0.0, 0.6872497946064806)],[(2, 8)],layered
311.024,actual,[(2, 3, 0.0, 0.8435718575797094), (2, 8, 0.0, 0.6845565778195709)],[(2, 3, 8)],layered
311.520,actual,[(2, 3, 0.0, 0.8276537607347706), (2, 8, 0.0, 0.694795228895316)],[(2, 3, 8)],layered
312.016,actual,[(2, 3, 0.0, 0.7737846036724922), (2, 8, 0.0, 0.6938289191022926)],[(2, 3, 8)],layered
312.528,actual,[(2, 3, 0.0, 0.7127079928363504), (2, 8, 0.0, 0.669742229856662)],[(2, 3, 8)],layered
313.024,actual,[(2, 3, 0.0, 0.6674051117121098), (2, 8, 0.0, 0.6505372543499335)],[(2, 3, 8)],layered
313.520,actual,[(2, 3, 0.0, 0.6491556766175932), (2, 8, 0.0, 0.6659594883497765)],[(2, 3, 8)],layered
314.016,actual,[(2, 3, 0.0, 0.6491561971917447), (2, 8, 0.0, 0.6938329624518571)],[(2, 3, 8)],layered
314.528,actual,[(2, 3, 0.0, 0.6491562035822588), (2, 8, 0.0, 0.6928923288574316)],[(2, 3, 8)],layered
315.024,actual,[(2, 3, 0.0, 0.6491562037315979), (2, 8, 0.0, 0.6910420739991727)],[(2, 3, 8)],layered
315.520,actual,[(2, 3, 0.0, 0.6491562037353924), (2, 8, 0.0, 0.7221225571521993)],[(2, 3, 8)],layered
316.016,actual,[(2, 3, 0.0, 0.6492270889891776), (2, 8, 0.0, 0.7572551654114571)],[(2, 3, 8)],layered
316.528,actual,[(2, 3, 0.0, 0.6491562037354872), (2, 8, 0.0, 0.7998460913291364)],[(2, 3, 8)],layered
317.024,actual,[(2, 3, 0.0, 0.6491562037354872), (2, 8, 0.0, 0.840387649538066)],[(2, 3, 8)],layered
317.520,actual,[(2, 3, 0.0, 0.6491562037354871)],[(2, 3)],layered
318.016,actual,[(2, 3, 0.0, 0.6491562037354874)],[(2, 3)],layered
318.528,actual,[(2, 3, 0.0, 0.6491562037354875)],[(2, 3)],layered
319.024,actual,[(2, 3, 0.0, 0.6491562037354875)],[(2, 3)],layered
319.520,actual,[(2, 3, 0.0, 0.6491562037354875)],[(2, 3)],layered
320.016,actual,[(2, 3, 0.0, 0.6492270889891789)],[(2, 3)],layered
320.528,actual,[(2, 3, 0.0, 0.6491562037354875)],[(2, 3)],layered
321.024,actual,[(2, 3, 0.0, 0.6491562037354875)],[(2, 3)],layered
321.520,actual,[(2, 3, 0.0, 0.6491562037354875)],[(2, 3)],layered
322.016,actual,[(2, 3, 0.0, 0.6491562037354875)],[(2, 3)],layered
322.528,actual,[(2, 3, 0.0, 0.6491562037354875)],[(2, 3)],layered
323.024,actual,[(2, 3, 0.0, 0.6491562037354875)],[(2, 3)],layered
323.520,actual,[(2, 3, 0.0, 0.6491562037354875)],[(2, 3)],layered
324.016,actual,[(2, 3, 0.0, 0.6492270889891789)],[(2, 3)],layered
324.528,actual,[(2, 3, 0.0, 0.6491562037354875)],[(2, 3)],layered
325.024,actual,[(2, 3, 0.0, 0.6491562037354875)],[(2, 3)],layered
325.520,actual,[(2, 3, 0.0, 0.6491562037354875)],[(2, 3)],layered
326.016,actual,[(2, 3, 0.0, 0.6491562037354875)],[(2, 3)],layered
326.528,actual,[(2, 3, 0.0, 0.6491562037354875)],[(2, 3)],layered
327.024,actual,[(2, 3, 0.0, 0.6491562037354875)],[(2, 3)],layered
327.520,actual,[(2, 3, 0.0, 0.6491562037354875)],[(2, 3)],layered
328.016,actual,[(2, 3, 0.0, 0.6492270889891789)],[(2, 3)],layered
328.528,actual,[(2, 3, 0.0, 0.6491562037354875)],[(2, 3)],layered
329.024,actual,[(2, 3, 0.0, 0.6491562037354875)],[(2, 3)],layered
329.520,actual,[(2, 3, 0.0, 0.6491562037354875)],[(2, 3)],layered
330.016,actual,[(2, 3, 0.0, 0.6491562037354875)],[(2, 3)],layered
330.528,actual,[(2, 3, 0.0, 0.6491562037354875)],[(2, 3)],layered
331.024,actual,[(2, 3, 0.0, 0.6491562037354875)],[(2, 3)],layered
331.520,actual,[(2, 3, 0.0, 0.6491562037354875)],[(2, 3)],layered
332.016,actual,[(2, 3, 0.0, 0.6492270889891789)],[(2, 3)],layered
332.528,actual,[(2, 3, 0.0, 0.6491562037354875)],[(2, 3)],layered
333.024,actual,[(2, 3, 0.0, 0.6491562037354875)],[(2, 3)],layered
333.520,actual,[(2, 3, 0.0, 0.6491562037354875)],[(2, 3)],layered
334.016,actual,[(2, 3, 0.0, 0.6502362554665299)],[(2, 3)],layered
334.528,actual,[(2, 3, 0.0, 0.6521762600778155)],[(2, 3)],layered
335.024,actual,[(2, 3, 0.0, 0.6552231474910898)],[(2, 3)],layered
335.520,actual,[(2, 3, 0.0, 0.6609834034396826)],[(2, 3)],layered
336.016,actual,[(2, 3, 0.0, 0.6631887950291283)],[(2, 3)],layered
336.528,actual,[(1, 2, 0.0, 0.8459204093471767), (2, 3, 0.0, 0.6612233126200994)],[(1, 2, 3)],layered
337.024,actual,[(1, 2, 0.0, 0.8461083142822795), (2, 3, 0.0, 0.6537400266497466)],[(1, 2, 3)],layered
337.520,actual,[(1, 2, 0.0, 0.8017253370151941), (2, 3, 0.0, 0.6509865788651529)],[(1, 2, 3)],layered
338.016,actual,[(1, 2, 0.0, 0.7558730413881849), (2, 3, 0.0, 0.658082212022921)],[(1, 2, 3)],layered
338.528,actual,[(1, 2, 0.0, 0.7180307866363126), (2, 3, 0.0, 0.6645093929002889)],[(1, 2, 3)],layered
339.024,actual,[(1, 2, 0.0, 0.689296781448641), (2, 3, 0.0, 0.6714345304566065)],[(1, 2, 3)],layered
339.520,actual,[(1, 2, 0.0, 0.6740368232277463), (2, 3, 0.0, 0.6771172766968985), (2, 8, 0.0, 0.8436354472994964)],[(1, 2, 3, 8)],layered
340.016,actual,[(1, 2, 0.0, 0.6723380975109464), (2, 3, 0.0, 0.6951362197774782), (2, 8, 0.0, 0.8174499623878311)],[(1, 2, 3, 8)],layered
340.528,actual,[(1, 2, 0.0, 0.6824910139157341), (2, 3, 0.0, 0.7158777520045118), (2, 8, 0.0, 0.7926714092454128)],[(1, 2, 3, 8)],layered
341.024,actual,[(1, 2, 0.0, 0.7037308520922535), (2, 8, 0.0, 0.7740830818559875)],[(1, 2, 8)],layered
341.520,actual,[(1, 2, 0.0, 0.7376369987039534), (2, 8, 0.0, 0.760313306904862)],[(1, 2, 8)],layered
342.016,actual,[(1, 2, 0.0, 0.78293976694352), (2, 8, 0.0, 0.7499405462170832)],[(1, 2, 8)],layered
342.528,actual,[(1, 2, 0.0, 0.8403432726998107), (2, 8, 0.0, 0.7398158675873944)],[(1, 2, 8)],layered
343.024,actual,[(2, 8, 0.0, 0.7263013458936074)],[(2, 8)],layered
343.520,actual,[(2, 8, 0.0, 0.7079880538722152)],[(2, 8)],layered
344.016,actual,[(2, 8, 0.0, 0.7014143804100205)],[(2, 8)],layered
344.528,actual,[(2, 8, 0.0, 0.6978215237612072)],[(2, 8)],layered
345.024,actual,[(2, 8, 0.0, 0.6897570203366412)],[(2, 8)],layered
345.520,actual,[(2, 8, 0.0, 0.682714509338947)],[(2, 8)],layered
346.016,actual,[(2, 8, 0.0, 0.6768733838014267)],[(2, 8)],layered
346.528,actual,[(2, 8, 0.0, 0.671938841435092)],[(2, 8)],layered
347.024,actual,[(2, 8, 0.0, 0.6650449265302615)],[(2, 8)],layered
347.520,actual,[(2, 8, 0.0, 0.6592407002195608)],[(2, 8)],layered
348.016,actual,[(2, 8, 0.0, 0.6545686897708943)],[(2, 8)],layered
348.528,actual,[(2, 8, 0.0, 0.6614560882378603)],[(2, 8)],layered
349.024,actual,[(2, 8, 0.0, 0.6530763684298188)],[(2, 8)],layered
349.520,actual,[(2, 8, 0.0, 0.6463741379078762)],[(2, 8)],layered
350.016,actual,[(2, 8, 0.0, 0.6415103487587056)],[(2, 8)],layered
350.528,actual,[(2, 8, 0.0, 0.6378888411597036)],[(2, 8)],layered
351.024,actual,[(2, 8, 0.0, 0.6482038126562271)],[(2, 8)],layered
351.520,actual,[(2, 8, 0.0, 0.6605192741549312)],[(2, 8)],layered
352.016,actual,[(2, 8, 0.0, 0.6739336906292394)],[(2, 8)],layered
352.528,actual,[(2, 8, 0.0, 0.6904494901218875)],[(2, 8)],layered
353.024,actual,[(2, 8, 0.0, 0.7077265675531582)],[(2, 8)],layered
353.520,actual,[(2, 8, 0.0, 0.7265240487415263)],[(2, 8)],layered
354.016,actual,[(2, 8, 0.0, 0.746824436996012)],[(2, 8)],layered
354.528,actual,[(2, 8, 0.0, 0.7693407486691358)],[(2, 8)],layered
355.024,actual,[(2, 8, 0.0, 0.7926486672074996)],[(2, 8)],layered
355.520,actual,[(2, 8, 0.0, 0.8174101109132229)],[(2, 8)],layered
356.016,actual,[(2, 8, 0.0, 0.8426861075650491)],[(2, 8)],layered
356.528,[2, 4, 5, 6, 7, 8],[(2, 8, 2.0, 0.7182301696414809)],,,
357.024,[2, 4, 5, 6, 7, 8],[],,,
357.520,actual,[(2, 3, 0.0, 0.6669541435537099)],[(2, 3)],layered
358.016,actual,[(2, 3, 0.0, 0.6884065660854514)],[(2, 3)],layered
358.528,actual,[(2, 3, 0.0, 0.7174307755811798)],[(2, 3)],layered
359.024,actual,[(2, 3, 0.0, 0.7406840855733613)],[(2, 3)],layered
359.520,actual,[(2, 3, 0.0, 0.7397415581353698)],[(2, 3)],layered
360.016,actual,[(2, 3, 0.0, 0.7242567078649308)],[(2, 3)],layered
360.528,actual,[(2, 3, 0.0, 0.7127941948896174)],[(2, 3)],layered
361.024,actual,[(2, 3, 0.0, 0.7068931580772629)],[(2, 3)],layered
361.520,actual,[(2, 3, 0.0, 0.7345512223078745)],[(2, 3)],layered
362.016,actual,[(2, 3, 0.0, 0.7839474600617792)],[(2, 3)],layered
362.528,actual,[(2, 3, 0.0, 0.8261214871395919)],[(2, 3)],layered
363.024,[1, 2, 3, 4, 5, 6, 7, 8],[],,,
363.520,[1, 2, 3, 4, 5, 6, 7, 8],[],,,
364.016,[1, 2, 3, 4, 5, 6, 7, 8],[],,,
364.528,[1, 2, 3, 4, 5, 6, 7, 8],[],,,
365.024,[1, 2, 3, 4, 5, 6, 7, 8],[],,,
365.520,[1, 2, 3, 4, 5, 6, 7, 8],[],,,
366.016,[1, 2, 3, 4, 5, 6, 7, 8],[],,,
366.528,[1, 2, 3, 4, 5, 6, 7, 8],[],,,
367.024,[1, 2, 3, 4, 5, 6, 7, 8],[],,,
367.520,[1, 2, 3, 4, 5, 6, 7, 8],[],,,
368.016,[1, 2, 3, 4, 5, 6, 7, 8],[],,,
368.528,[1, 2, 3, 4, 5, 6, 7, 8],[],,,
369.024,[1, 2, 3, 4, 5, 6, 7, 8],[],,,
369.520,[1, 2, 3, 4, 5, 6, 7, 8],[],,,
370.016,[1, 2, 3, 4, 5, 6, 7, 8],[],,,
370.528,[1, 2, 3, 4, 5, 6, 7, 8],[],,,
371.024,[1, 2, 3, 4, 5, 6, 7, 8],[],,,
371.520,[1, 2, 3, 4, 5, 6, 7, 8],[],,,
372.016,[1, 2, 3, 4, 5, 6, 7, 8],[],,,
372.528,[1, 2, 3, 4, 5, 6, 7, 8],[],,,
373.024,[1, 2, 3, 4, 5, 6, 7, 8],[],,,
373.520,[1, 2, 3, 4, 5, 6, 7, 8],[],,,
374.016,[1, 2, 3, 4, 5, 6, 7, 8],[],,,
374.528,[1, 2, 3, 4, 5, 6, 7, 8],[],,,
375.024,[1, 2, 3, 4, 5, 6, 7, 8],[],,,
375.520,[1, 2, 3, 4, 5, 6, 7, 8],[],,,
376.016,[1, 2, 3, 4, 5, 6, 7, 8],[],,,
376.528,[1, 2, 3, 4, 5, 6, 7, 8],[],,,
377.024,[1, 2, 3, 4, 5, 6, 7, 8],[],,,
377.520,[1, 2, 3, 4, 5, 6, 7, 8],[],,,
378.016,[1, 2, 3, 4, 5, 6, 7, 8],[],,,
378.528,[1, 2, 3, 4, 5, 6, 7, 8],[],,,
379.024,[1, 2, 3, 4, 5, 6, 7, 8],[],,,
379.520,[1, 2, 3, 4, 5, 6, 7, 8],[],,,
380.016,[1, 2, 3, 4, 5, 6, 7, 8],[],,,
380.528,[1, 2, 3, 4, 5, 6, 7, 8],[],,,
381.024,[1, 2, 3, 4, 5, 6, 7, 8],[],,,
381.520,[1, 2, 3, 4, 5, 6, 7, 8],[],,,
382.016,[1, 2, 3, 4, 5, 6, 7, 8],[],,,
382.528,[1, 2, 3, 4, 5, 6, 7, 8],[],,,
383.024,[1, 2, 3, 4, 5, 6, 7, 8],[],,,
383.520,[1, 2, 3, 4, 5, 6, 7, 8],[],,,
384.016,[1, 2, 3, 4, 5, 6, 7, 8],[],,,
384.528,[1, 2, 3, 4, 5, 6, 7, 8],[],,,
385.024,[1, 2, 3, 4, 5, 6, 7, 8],[],,,
385.520,[1, 2, 3, 4, 5, 6, 7, 8],[],,,
386.016,[1, 2, 3, 4, 5, 6, 7, 8],[],,,
386.528,[1, 2, 3, 4, 5, 6, 7, 8],[],,,
387.024,[1, 2, 3, 4, 5, 6, 7, 8],[],,,
387.520,[1, 2, 3, 4, 5, 6, 7, 8],[],,,
388.016,[1, 2, 3, 4, 5, 6, 7, 8],[],,,
388.528,[1, 2, 3, 4, 5, 6, 7, 8],[],,,
389.024,[1, 2, 3, 4, 5, 6, 7, 8],[],,,
389.520,[1, 2, 3, 4, 5, 6, 7, 8],[],,,
390.016,[1, 2, 3, 4, 5, 6, 7, 8],[],,,
390.528,[1, 2, 3, 4, 5, 6, 7, 8],[],,,
391.024,[1, 2, 3, 4, 5, 6, 7, 8],[],,,
391.520,[1, 2, 3, 4, 5, 6, 7, 8],[],,,
392.016,[1, 2, 3, 4, 5, 6, 7, 8],[],,,
392.528,[1, 2, 3, 4, 5, 6, 7, 8],[],,,
393.024,[1, 2, 3, 4, 5, 6, 7, 8],[],,,
393.520,[1, 2, 3, 4, 5, 6, 7, 8],[],,,
394.016,[1, 2, 3, 4, 5, 6, 7, 8],[],,,
394.528,[1, 2, 3, 4, 5, 6, 7, 8],[],,,
395.024,[1, 2, 3, 4, 5, 6, 7, 8],[],,,
395.520,[1, 2, 3, 4, 5, 6, 7, 8],[],,,
396.016,[1, 2, 3, 4, 5, 6, 7, 8],[],,,
396.528,[1, 2, 3, 4, 5, 6, 7, 8],[],,,
397.024,[1, 2, 3, 4, 5, 6, 7, 8],[],,,
397.520,[1, 2, 3, 4, 5, 6, 7, 8],[],,,
398.016,[1, 2, 3, 4, 5, 6, 7, 8],[],,,
398.528,[1, 2, 3, 4, 5, 6, 7, 8],[],,,
399.024,[1, 2, 3, 4, 5, 6, 7, 8],[],,,
399.520,[1, 2, 3, 4, 5, 6, 7, 8],[],,,
400.016,[1, 2, 3, 4, 5, 6, 7, 8],[],,,
400.528,[1, 2, 3, 4, 5, 6, 7, 8],[],,,
401.024,[1, 2, 3, 4, 5, 6, 7, 8],[],,,
401.520,[1, 2, 3, 4, 5, 6, 7, 8],[],,,
402.016,[1, 2, 3, 4, 5, 6, 7, 8],[],,,
402.528,[1, 2, 3, 4, 5, 6, 7, 8],[],,,
403.024,[1, 2, 3, 4, 5, 6, 7, 8],[],,,
403.520,[1, 2, 3, 4, 5, 6, 7, 8],[],,,
404.016,[1, 2, 3, 4, 5, 6, 7, 8],[],,,
404.528,[1, 2, 3, 4, 5, 6, 7, 8],[],,,
405.024,[1, 2, 3, 4, 5, 6, 7, 8],[],,,
405.520,[1, 2, 3, 4, 5, 6, 7, 8],[],,,
406.016,[1, 2, 3, 4, 5, 6, 7, 8],[],,,
406.528,[1, 2, 3, 4, 5, 6, 7, 8],[],,,
407.024,[1, 2, 3, 4, 5, 6, 7, 8],[],,,
407.520,[1, 2, 3, 4, 5, 6, 7, 8],[],,,
408.016,[1, 2, 3, 4, 5, 6, 7, 8],[],,,
408.528,[1, 2, 3, 4, 5, 6, 7, 8],[],,,
409.024,[1, 2, 3, 4, 5, 6, 7, 8],[],,,
409.520,[1, 2, 3, 4, 5, 6, 7, 8],[],,,
410.016,[1, 2, 3, 4, 5, 6, 7, 8],[],,,
410.528,[1, 2, 3, 4, 5, 6, 7, 8],[],,,
411.024,[1, 2, 3, 4, 5, 6, 7, 8],[],,,
411.520,[1, 2, 3, 4, 5, 6, 7, 8],[],,,
412.016,[1, 2, 3, 4, 5, 6, 7, 8],[],,,
412.528,[1, 2, 3, 4, 5, 6, 7, 8],[],,,
413.024,[1, 2, 3, 4, 5, 6, 7, 8],[],,,
413.520,[1, 2, 3, 4, 5, 6, 7, 8],[],,,
414.016,[1, 2, 3, 4, 5, 6, 7, 8],[],,,
414.528,[1, 2, 3, 4, 5, 6, 7, 8],[],,,
415.024,[1, 2, 4, 5, 6, 7, 8],[],,,
415.520,[1, 2, 4, 5, 6, 7, 8],[],,,
416.016,[1, 2, 4, 5, 6, 7, 8],[],,,
416.528,[1, 2, 3, 4, 5, 6, 7, 8],[],,,
417.024,[1, 2, 3, 4, 5, 6, 7, 8],[],,,
417.520,[1, 2, 3, 4, 5, 6, 7, 8],[],,,
418.016,[1, 2, 3, 4, 5, 6, 7, 8],[],,,
418.528,[1, 2, 3, 4, 5, 6, 7, 8],[],,,
419.024,[1, 2, 3, 4, 5, 6, 7, 8],[],,,
419.520,[1, 2, 3, 4, 5, 6, 7, 8],[],,,
420.016,[1, 2, 3, 4, 5, 6, 7, 8],[],,,
420.528,[1, 2, 3, 4, 5, 6, 7, 8],[],,,
421.024,[1, 2, 3, 4, 5, 6, 7, 8],[],,,
421.520,[1, 2, 3, 4, 5, 6, 7, 8],[],,,
422.016,[1, 2, 3, 4, 5, 6, 7, 8],[],,,
422.528,[1, 2, 3, 4, 5, 6, 7, 8],[],,,
423.024,[1, 2, 3, 4, 5, 6, 7, 8],[],,,
423.520,[1, 2, 3, 4, 5, 6, 7, 8],[],,,
424.016,[1, 2, 3, 4, 5, 6, 7, 8],[],,,
424.528,[1, 2, 3, 4, 5, 6, 7, 8],[],,,
425.024,[1, 2, 3, 4, 5, 6, 7, 8],[],,,
425.520,[1, 2, 3, 4, 5, 6, 7, 8],[],,,
426.016,[1, 2, 3, 4, 5, 6, 7, 8],[],,,
426.528,[1, 2, 3, 4, 5, 6, 7, 8],[],,,
427.024,[1, 2, 3, 4, 5, 6, 7, 8],[],,,
427.520,[1, 2, 3, 4, 5, 6, 7, 8],[],,,
428.016,[1, 2, 3, 4, 5, 6, 7, 8],[],,,
428.528,[1, 2, 3, 4, 5, 6, 7, 8],[],,,
429.024,[1, 2, 3, 4, 5, 6, 7, 8],[],,,
429.520,[1, 2, 3, 4, 5, 6, 7, 8],[],,,
430.016,[1, 2, 3, 4, 5, 6, 7, 8],[],,,
430.528,[1, 2, 3, 4, 5, 6, 7, 8],[],,,
431.024,[1, 2, 3, 4, 5, 6, 7, 8],[],,,
431.520,[1, 2, 3, 4, 5, 6, 7, 8],[],,,
432.016,[1, 2, 3, 4, 5, 6, 7, 8],[],,,
432.528,[1, 2, 3, 4, 5, 6, 7, 8],[],,,
433.024,[1, 2, 3, 4, 5, 6, 7, 8],[],,,
433.520,[1, 2, 3, 4, 5, 6, 7, 8],[],,,
434.016,[1, 2, 3, 4, 5, 6, 7, 8],[],,,
434.528,[1, 2, 3, 4, 5, 6, 7, 8],[],,,
435.024,[1, 2, 3, 4, 5, 6, 7, 8],[],,,
435.520,[1, 2, 3, 4, 5, 6, 7, 8],[],,,
436.016,[1, 2, 3, 4, 5, 6, 7, 8],[],,,
436.528,[1, 2, 3, 4, 5, 6, 7, 8],[],,,
437.024,[1, 2, 3, 4, 5, 6, 7, 8],[],,,
437.520,[1, 2, 3, 4, 5, 6, 7, 8],[],,,
438.016,[1, 2, 3, 4, 5, 6, 7, 8],[],,,
438.528,[1, 2, 3, 4, 5, 6, 7, 8],[],,,
439.024,[1, 2, 3, 4, 5, 6, 7, 8],[],,,
439.520,[1, 2, 3, 4, 5, 6, 7, 8],[],,,
440.016,[1, 2, 3, 4, 5, 6, 7, 8],[],,,
440.528,[1, 2, 3, 4, 5, 6, 7, 8],[],,,
441.024,[1, 2, 3, 4, 5, 6, 7, 8],[],,,
441.520,[1, 2, 3, 4, 5, 6, 7, 8],[],,,
442.016,[1, 2, 3, 4, 5, 6, 7, 8],[],,,
442.528,[1, 2, 3, 4, 5, 6, 7, 8],[],,,
443.024,[1, 2, 3, 4, 5, 6, 7, 8],[],,,
443.520,[1, 2, 3, 4, 5, 6, 7, 8],[],,,
444.016,[1, 2, 3, 4, 5, 6, 7, 8],[],,,
444.528,[1, 2, 3, 4, 5, 6, 7, 8],[],,,
445.024,[1, 2, 3, 4, 5, 6, 7, 8],[],,,
445.520,[1, 2, 3, 4, 5, 6, 7, 8],[],,,
446.016,[1, 2, 3, 4, 5, 6, 7, 8],[],,,
446.528,[1, 2, 3, 4, 5, 6, 7, 8],[],,,
447.024,[1, 2, 3, 4, 5, 6, 7, 8],[],,,
447.520,[1, 2, 3, 4, 5, 6, 7, 8],[],,,
448.016,[1, 2, 3, 4, 5, 6, 7, 8],[],,,
448.528,[1, 2, 3, 4, 5, 6, 7, 8],[],,,
449.024,[1, 2, 3, 4, 5, 6, 7, 8],[],,,
449.520,[1, 2, 3, 4, 5, 6, 7, 8],[],,,
450.016,[1, 2, 3, 4, 5, 6, 7, 8],[],,,
450.528,[1, 2, 3, 4, 5, 6, 7, 8],[],,,
451.024,[1, 2, 3, 4, 5, 6, 7, 8],[],,,
451.520,[1, 2, 3, 4, 5, 6, 7, 8],[],,,
452.016,[1, 2, 3, 4, 5, 6, 7, 8],[],,,
452.528,[1, 2, 3, 4, 5, 6, 7, 8],[],,,
453.024,[1, 2, 3, 4, 5, 6, 7, 8],[],,,
453.520,[1, 2, 3, 4, 5, 6, 7, 8],[],,,
454.016,[1, 2, 3, 4, 5, 6, 7, 8],[],,,
454.528,[1, 2, 3, 4, 5, 6, 7, 8],[],,,
455.024,[1, 2, 3, 4, 5, 6, 7, 8],[],,,
455.520,[1, 2, 3, 4, 5, 6, 7, 8],[],,,
456.016,[1, 2, 3, 4, 5, 6, 7, 8],[],,,
456.528,[1, 2, 3, 4, 5, 6, 7, 8],[],,,
457.024,[1, 2, 3, 4, 5, 6, 7, 8],[],,,
457.520,[1, 2, 3, 4, 5, 6, 7, 8],[],,,
458.016,[1, 2, 3, 4, 5, 6, 7, 8],[],,,
458.528,[1, 2, 3, 4, 5, 6, 7, 8],[],,,
459.024,[1, 2, 3, 4, 5, 6, 7, 8],[],,,
459.520,[1, 2, 3, 4, 5, 6, 7, 8],[],,,
460.016,[1, 2, 3, 4, 5, 6, 7, 8],[],,,
460.528,[1, 2, 3, 4, 5, 6, 7, 8],[],,,
461.024,[1, 2, 3, 4, 5, 6, 7, 8],[],,,
461.520,[1, 2, 3, 4, 5, 6, 7, 8],[],,,
462.016,[1, 2, 3, 4, 5, 6, 7, 8],[],,,
462.528,[1, 2, 3, 4, 5, 6, 7, 8],[],,,
463.024,[1, 2, 3, 4, 5, 6, 7, 8],[],,,
463.520,[1, 2, 3, 4, 5, 6, 7, 8],[],,,
464.016,[1, 2, 3, 4, 5, 6, 7, 8],[],,,
464.528,[1, 2, 3, 4, 5, 6, 7, 8],[],,,
465.024,[1, 2, 4, 5, 6, 7, 8],[],,,
465.520,[1, 2, 4, 5, 6, 7, 8],[],,,
466.016,[1, 2, 4, 5, 6, 7, 8],[],,,
466.528,[1, 2, 4, 5, 6, 7, 8],[],,,
467.024,[1, 2, 4, 5, 6, 7, 8],[],,,
467.520,[1, 2, 4, 5, 6, 7, 8],[],,,
468.016,[1, 2, 4, 5, 6, 7, 8],[],,,
468.528,[1, 2, 4, 5, 6, 7, 8],[],,,
469.024,[1, 2, 4, 5, 6, 7, 8],[],,,
469.520,[1, 2, 4, 5, 6, 7, 8],[],,,
470.016,[1, 2, 3, 4, 5, 6, 7, 8],[],,,
470.528,[1, 2, 3, 4, 5, 6, 7, 8],[],,,
471.024,[1, 2, 3, 4, 5, 6, 7, 8],[],,,
471.520,[1, 2, 3, 4, 5, 6, 7, 8],[],,,
472.016,[1, 2, 3, 4, 5, 6, 7, 8],[],,,
472.528,[1, 2, 3, 4, 5, 6, 7, 8],[],,,
473.024,[1, 2, 3, 4, 5, 6, 7, 8],[],,,
473.520,[1, 2, 3, 4, 5, 6, 7, 8],[],,,
474.016,[1, 2, 3, 4, 5, 6, 7, 8],[],,,
474.528,[1, 2, 3, 4, 5, 6, 7, 8],[],,,
475.024,[1, 2, 3, 4, 5, 6, 7, 8],[],,,
475.520,[1, 2, 3, 4, 5, 6, 7, 8],[],,,
476.016,[1, 2, 3, 4, 5, 6, 7, 8],[],,,
476.528,[1, 2, 3, 4, 5, 6, 7, 8],[],,,
477.024,[1, 2, 3, 4, 5, 6, 7, 8],[],,,
477.520,[1, 2, 3, 4, 5, 6, 7, 8],[],,,
478.016,[1, 2, 3, 4, 5, 6, 7, 8],[],,,
478.528,[1, 2, 3, 4, 5, 6, 7, 8],[],,,
479.024,[1, 2, 3, 4, 5, 6, 7, 8],[],,,
479.520,[1, 2, 3, 4, 5, 6, 7, 8],[],,,
480.016,[1, 2, 3, 4, 5, 6, 7, 8],[],,,
480.528,[1, 2, 3, 4, 5, 6, 7, 8],[],,,
481.024,[1, 2, 3, 4, 5, 6, 7, 8],[],,,
481.520,[1, 2, 3, 4, 5, 6, 7, 8],[],,,
482.016,[1, 2, 3, 4, 5, 6, 7, 8],[],,,
482.528,[1, 2, 3, 4, 5, 6, 7, 8],[],,,
483.024,[1, 2, 3, 4, 5, 6, 7, 8],[],,,
483.520,[1, 2, 3, 4, 5, 6, 7, 8],[],,,
484.016,[1, 2, 3, 4, 5, 6, 7, 8],[],,,
484.528,[1, 2, 3, 4, 5, 6, 7, 8],[],,,
485.024,[1, 2, 3, 4, 5, 6, 7, 8],[],,,
485.520,[1, 2, 3, 4, 5, 6, 7, 8],[],,,
486.016,[1, 2, 3, 4, 5, 6, 7, 8],[],,,
486.528,[1, 2, 3, 4, 5, 6, 7, 8],[],,,
487.024,[1, 2, 3, 4, 5, 6, 7, 8],[],,,
487.520,[1, 2, 3, 4, 5, 6, 7, 8],[],,,
488.016,[1, 2, 3, 4, 5, 6, 7, 8],[],,,
488.528,[1, 2, 3, 4, 5, 6, 7, 8],[],,,
489.024,[1, 2, 3, 4, 5, 6, 7, 8],[],,,
489.520,[1, 2, 3, 4, 5, 6, 7, 8],[],,,
490.016,[1, 2, 3, 4, 5, 6, 7, 8],[],,,
490.528,[1, 2, 3, 4, 5, 6, 7, 8],[],,,
491.024,[1, 2, 3, 4, 5, 6, 7, 8],[],,,
491.520,[1, 2, 3, 4, 5, 6, 7, 8],[],,,
492.016,[1, 2, 3, 4, 5, 6, 7, 8],[],,,
492.528,[1, 2, 3, 4, 5, 6, 7, 8],[],,,
493.024,[1, 2, 3, 4, 5, 6, 7, 8],[],,,
493.520,[1, 2, 3, 5, 6, 7, 8],[],,,
494.016,[1, 2, 3, 5, 6, 7, 8],[],,,
494.528,[1, 2, 3, 5, 6, 7, 8],[],,,
495.024,[1, 2, 3, 5, 6, 7, 8],[],,,
495.520,[1, 2, 3, 5, 6, 7, 8],[],,,
496.016,[1, 2, 3, 5, 6, 7, 8],[],,,
496.528,[1, 2, 3, 5, 6, 7, 8],[],,,
497.024,[1, 2, 3, 5, 6, 7, 8],[],,,
497.520,[1, 2, 3, 5, 6, 7, 8],[],,,
498.016,[1, 2, 3, 5, 6, 7, 8],[],,,
498.528,[1, 2, 3, 4, 5, 6, 7, 8],[],,,
499.024,[1, 2, 3, 4, 5, 6, 7, 8],[],,,
499.520,[1, 2, 3, 4, 5, 6, 7, 8],[],,,
500.016,[1, 2, 3, 4, 5, 6, 7, 8],[],,,
500.528,[1, 2, 3, 4, 5, 6, 7, 8],[],,,
501.024,[1, 2, 3, 4, 5, 6, 7, 8],[],,,
501.520,[1, 2, 3, 4, 5, 6, 7, 8],[],,,
502.016,[1, 2, 3, 4, 5, 6, 7, 8],[],,,
502.528,[1, 2, 3, 4, 5, 6, 7, 8],[],,,
503.024,[1, 2, 3, 4, 5, 6, 7, 8],[],,,
503.520,[1, 2, 3, 4, 5, 6, 7, 8],[],,,
504.016,[1, 2, 3, 4, 5, 6, 7, 8],[],,,
504.528,[1, 2, 3, 4, 5, 6, 7, 8],[],,,
505.024,[1, 2, 3, 4, 5, 6, 7],[],,,
505.520,[1, 2, 3, 4, 5, 6, 7],[],,,
506.016,actual,[(2, 6, 0.0, 0.841564504867974)],[(2, 6)],layered
506.528,actual,[(2, 6, 0.0, 0.8480874257699484)],[(2, 6)],layered
507.024,[1, 2, 3, 4, 5, 6, 7],[(2, 7, 5.5, 0.7161049563973314)],,,
507.520,[1, 2, 3, 4, 5, 6, 7],[(6, 7, 4.75, 0.7116365658422248)],,,
508.016,[1, 2, 3, 4, 5, 6, 7],[],,,
508.528,[1, 2, 3, 4, 5, 6, 7],[],,,
509.024,[1, 2, 3, 4, 5, 6, 7],[],,,
509.520,[1, 2, 3, 4, 5, 6, 7],[],,,
510.016,[1, 2, 3, 4, 5, 6, 7, 8],[],,,
510.528,[1, 2, 3, 4, 5, 6, 7, 8],[],,,
511.024,[1, 2, 3, 4, 5, 6, 7, 8],[],,,
511.520,[1, 2, 3, 4, 5, 6, 7, 8],[],,,
512.016,[1, 2, 3, 4, 5, 6, 7, 8],[],,,
512.528,[1, 2, 3, 4, 5, 6, 7, 8],[],,,
513.024,[1, 2, 3, 4, 5, 6, 7, 8],[],,,
513.520,[1, 2, 3, 4, 5, 6, 7, 8],[],,,
514.016,[1, 2, 3, 4, 5, 6, 7, 8],[],,,
514.528,[1, 2, 3, 4, 5, 6, 7, 8],[],,,
515.024,[1, 2, 3, 4, 5, 6, 7, 8],[],,,
515.520,[1, 2, 3, 4, 5, 6, 7, 8],[],,,
516.016,[1, 2, 3, 4, 5, 6, 7, 8],[],,,
516.528,[1, 2, 3, 4, 5, 6, 7, 8],[],,,
517.024,[1, 2, 3, 4, 5, 6, 7, 8],[],,,
517.520,[1, 2, 3, 4, 5, 6, 7, 8],[],,,
518.016,[1, 2, 3, 4, 5, 6, 7, 8],[],,,
518.528,[1, 2, 3, 4, 5, 6, 7, 8],[],,,
519.024,[1, 2, 3, 4, 5, 6, 7, 8],[],,,
519.520,[1, 2, 3, 4, 5, 6, 7, 8],[],,,
520.016,[1, 2, 3, 4, 5, 6, 7, 8],[],,,
520.528,[1, 2, 3, 4, 5, 6, 7, 8],[],,,
521.024,[1, 2, 3, 4, 5, 6, 7, 8],[],,,
521.520,[1, 2, 3, 4, 5, 6, 7, 8],[],,,
522.016,[1, 2, 3, 4, 5, 6, 7, 8],[],,,
522.528,[1, 2, 3, 4, 5, 6, 7, 8],[],,,
523.024,[1, 2, 3, 4, 5, 6, 7, 8],[],,,
523.520,[1, 2, 3, 4, 5, 6, 7, 8],[],,,
524.016,[1, 2, 3, 4, 5, 6, 7, 8],[],,,
524.528,[1, 2, 3, 4, 5, 6, 7, 8],[],,,
525.024,[1, 2, 3, 4, 5, 6, 7, 8],[],,,
525.520,[1, 2, 3, 4, 5, 6, 7, 8],[],,,
526.016,[1, 2, 3, 4, 5, 6, 7, 8],[],,,
526.528,[1, 2, 3, 4, 5, 6, 7, 8],[],,,
527.024,[1, 2, 3, 4, 5, 6, 7, 8],[],,,
527.520,[1, 2, 3, 4, 5, 6, 7, 8],[],,,
528.016,[1, 2, 3, 4, 5, 6, 7, 8],[],,,
528.528,[1, 2, 3, 4, 5, 6, 7, 8],[],,,
529.024,[1, 2, 3, 4, 5, 6, 7, 8],[],,,
529.520,[1, 2, 3, 4, 5, 6, 7, 8],[],,,
530.016,[1, 2, 3, 4, 5, 6, 7, 8],[],,,
530.528,[1, 2, 3, 4, 5, 6, 7, 8],[],,,
531.024,[1, 2, 3, 4, 5, 6, 7, 8],[],,,
531.520,[1, 2, 3, 4, 5, 6, 7, 8],[],,,
532.016,[1, 2, 3, 4, 5, 6, 7, 8],[],,,
532.528,[1, 2, 3, 4, 5, 6, 7, 8],[],,,
533.024,[1, 2, 3, 4, 5, 6, 7, 8],[],,,
533.520,[1, 2, 3, 4, 5, 6, 7, 8],[],,,
534.016,[1, 2, 3, 4, 5, 6, 7, 8],[],,,
534.528,[1, 2, 3, 4, 5, 6, 7, 8],[],,,
535.024,[1, 2, 3, 4, 5, 6, 7, 8],[],,,
535.520,[1, 2, 3, 4, 5, 6, 7, 8],[],,,
536.016,[1, 2, 3, 4, 5, 6, 7, 8],[],,,
536.528,[1, 2, 3, 4, 5, 6, 7, 8],[],,,
537.024,[1, 2, 3, 4, 5, 6, 7, 8],[],,,
537.520,[1, 2, 3, 4, 5, 6, 7, 8],[],,,
538.016,[1, 2, 3, 4, 5, 6, 7, 8],[],,,
538.528,[1, 2, 3, 4, 5, 6, 7, 8],[],,,
539.024,[1, 2, 3, 4, 5, 6, 7, 8],[],,,
539.520,[1, 2, 3, 4, 5, 6, 7, 8],[],,,
540.016,[1, 2, 3, 4, 5, 6, 7, 8],[],,,
540.528,[1, 2, 3, 4, 5, 6, 7, 8],[],,,
541.024,[1, 2, 3, 4, 5, 6, 7, 8],[],,,
541.520,[1, 2, 3, 4, 5, 6, 7, 8],[],,,
542.016,[1, 2, 3, 4, 5, 6, 7, 8],[],,,
542.528,[1, 2, 3, 4, 5, 6, 7, 8],[],,,
543.024,[1, 2, 3, 4, 5, 6, 7, 8],[],,,
543.520,[1, 2, 3, 4, 5, 6, 7, 8],[],,,
544.016,[1, 2, 3, 4, 5, 6, 7, 8],[],,,
544.528,[1, 2, 3, 4, 5, 6, 7, 8],[],,,
545.024,[1, 2, 3, 4, 5, 6, 7, 8],[],,,
545.520,[1, 2, 3, 4, 5, 6, 7, 8],[],,,
546.016,[1, 2, 3, 4, 5, 6, 7, 8],[],,,
546.528,[1, 2, 3, 4, 5, 6, 7, 8],[],,,
547.024,[1, 2, 3, 4, 5, 6, 7, 8],[],,,
547.520,[1, 2, 3, 4, 5, 6, 7, 8],[],,,
548.016,[1, 2, 3, 4, 5, 6, 7, 8],[],,,
548.528,[1, 2, 3, 4, 5, 6, 7, 8],[],,,
549.024,[1, 2, 3, 4, 5, 6, 7, 8],[],,,
549.520,[1, 2, 3, 4, 5, 6, 7, 8],[],,,
550.016,[1, 2, 3, 4, 5, 6, 7, 8],[],,,
550.528,[1, 2, 3, 4, 5, 6, 7, 8],[],,,
551.024,[1, 2, 3, 4, 5, 6, 7, 8],[],,,
551.520,[1, 2, 3, 4, 5, 6, 7, 8],[],,,
552.016,[1, 2, 3, 4, 5, 6, 7, 8],[],,,
552.528,[1, 2, 3, 4, 5, 6, 7, 8],[],,,
553.024,[1, 2, 3, 4, 5, 6, 7, 8],[],,,
553.520,[1, 2, 3, 4, 5, 6, 7, 8],[],,,
554.016,[1, 2, 3, 4, 5, 6, 7, 8],[],,,
554.528,[1, 2, 3, 4, 5, 6, 7, 8],[],,,
555.024,[1, 2, 3, 4, 5, 6, 7, 8],[],,,
555.520,[1, 2, 3, 4, 5, 6, 7, 8],[],,,
556.016,[1, 2, 3, 4, 5, 6, 7, 8],[],,,
556.528,[1, 2, 3, 4, 5, 6, 7, 8],[],,,
557.024,[1, 2, 3, 4, 5, 6, 7, 8],[],,,
557.520,[1, 2, 3, 4, 5, 6, 7, 8],[],,,
558.016,[1, 2, 3, 4, 5, 6, 7, 8],[],,,
558.528,[1, 2, 3, 4, 5, 6, 7, 8],[],,,
559.024,[1, 2, 3, 4, 5, 6, 7, 8],[],,,
559.520,[1, 2, 3, 4, 5, 6, 7, 8],[],,,
560.016,[1, 2, 3, 4, 5, 6, 7, 8],[],,,
560.528,[1, 2, 3, 4, 5, 6, 7, 8],[],,,
561.024,[1, 2, 3, 4, 5, 6, 7, 8],[],,,
561.520,[1, 2, 3, 4, 5, 6, 7, 8],[],,,
562.016,[1, 2, 3, 4, 5, 6, 7, 8],[],,,
562.528,[1, 2, 3, 4, 5, 6, 7, 8],[],,,
563.024,[1, 2, 3, 4, 5, 6, 7, 8],[],,,
563.520,[1, 2, 3, 4, 5, 6, 7, 8],[],,,
564.016,[1, 2, 3, 4, 5, 6, 7, 8],[],,,
564.528,[1, 2, 3, 4, 5, 6, 7, 8],[],,,
565.024,[1, 2, 3, 4, 5, 6, 7, 8],[],,,
565.520,[1, 2, 3, 4, 5, 6, 7, 8],[],,,
566.016,[1, 2, 3, 4, 5, 6, 7, 8],[],,,
566.528,[1, 2, 3, 4, 5, 6, 7, 8],[],,,
567.024,[1, 2, 3, 4, 5, 6, 7, 8],[],,,
567.520,[1, 2, 3, 4, 5, 6, 7, 8],[],,,
568.016,[1, 2, 3, 4, 5, 6, 7, 8],[],,,
568.528,[1, 2, 3, 4, 5, 6, 7, 8],[],,,
569.024,[1, 2, 3, 4, 5, 6, 7, 8],[],,,
569.520,[1, 2, 3, 4, 5, 6, 7, 8],[],,,
570.016,[1, 2, 3, 4, 5, 6, 7, 8],[],,,
570.528,[1, 2, 3, 4, 5, 6, 7, 8],[],,,
571.024,[1, 2, 3, 4, 5, 6, 7, 8],[],,,
571.520,[1, 2, 3, 4, 5, 6, 7, 8],[],,,
572.016,[1, 2, 3, 4, 5, 6, 7, 8],[],,,
572.528,[1, 2, 3, 4, 5, 6, 7, 8],[],,,
573.024,[1, 2, 3, 4, 5, 6, 7, 8],[],,,
573.520,[1, 2, 3, 4, 5, 6, 7, 8],[],,,
574.016,[1, 2, 3, 4, 5, 6, 7, 8],[],,,
574.528,[1, 2, 3, 4, 5, 6, 7, 8],[],,,
575.024,[1, 2, 3, 4, 5, 6, 7, 8],[],,,
575.520,[1, 2, 3, 4, 5, 6, 7, 8],[],,,
576.016,[1, 2, 3, 4, 5, 6, 7, 8],[],,,
576.528,[1, 2, 3, 4, 5, 6, 7, 8],[],,,
577.024,[1, 2, 3, 4, 5, 6, 7, 8],[],,,
577.520,[1, 2, 3, 4, 5, 6, 7, 8],[],,,
578.016,[1, 2, 3, 4, 5, 6, 7, 8],[],,,
578.528,[1, 2, 3, 4, 5, 6, 7, 8],[],,,
579.024,[1, 2, 3, 4, 5, 6, 7, 8],[],,,
579.520,[1, 2, 3, 4, 5, 6, 7, 8],[],,,
580.016,[1, 2, 3, 4, 5, 6, 7, 8],[],,,
580.528,[1, 2, 3, 4, 5, 6, 7, 8],[],,,
581.024,[1, 2, 3, 4, 5, 6, 7, 8],[],,,
581.520,[1, 2, 3, 4, 5, 6, 7, 8],[],,,
582.016,[1, 2, 3, 4, 5, 6, 7, 8],[],,,
582.528,[1, 2, 3, 4, 5, 6, 7, 8],[],,,
583.024,[1, 2, 3, 4, 5, 6, 7, 8],[],,,
583.520,[1, 2, 3, 4, 5, 6, 7, 8],[],,,
584.016,[1, 2, 3, 4, 5, 6, 7, 8],[],,,
584.528,[1, 2, 3, 4, 5, 6, 7, 8],[],,,
585.024,[1, 2, 3, 4, 5, 6, 7, 8],[],,,
585.520,[1, 2, 3, 4, 5, 6, 7, 8],[],,,
586.016,[1, 2, 3, 4, 5, 6, 7, 8],[],,,
586.528,[1, 2, 3, 4, 5, 6, 7, 8],[],,,
587.024,[1, 2, 3, 4, 5, 6, 7, 8],[],,,
587.520,[1, 2, 3, 4, 5, 6, 7, 8],[],,,
588.016,[1, 2, 3, 4, 5, 6, 7, 8],[],,,
588.528,[1, 2, 3, 4, 5, 6, 7, 8],[],,,
589.024,[1, 2, 3, 4, 5, 6, 7, 8],[],,,
589.520,[1, 2, 3, 4, 5, 6, 7, 8],[],,,
590.016,[1, 2, 3, 4, 5, 6, 7, 8],[],,,
590.528,[1, 2, 3, 4, 5, 6, 7, 8],[],,,
591.024,[1, 2, 3, 4, 5, 6, 7, 8],[],,,
591.520,[1, 2, 3, 4, 5, 6, 7, 8],[],,,
592.016,[1, 2, 3, 4, 5, 6, 7, 8],[],,,
592.528,[1, 2, 3, 4, 5, 6, 7, 8],[],,,
593.024,[1, 2, 3, 4, 5, 6, 7, 8],[],,,
593.520,[1, 2, 3, 4, 5, 6, 7, 8],[],,,
594.016,[1, 2, 3, 4, 5, 6, 7, 8],[],,,
594.528,[1, 2, 3, 4, 5, 6, 7, 8],[],,,
595.024,[1, 2, 3, 4, 5, 6, 7, 8],[],,,
595.520,[1, 2, 3, 4, 5, 6, 7, 8],[],,,
596.016,[1, 2, 3, 4, 5, 6, 7, 8],[],,,
596.528,[1, 2, 3, 4, 5, 6, 7, 8],[],,,
597.024,[1, 2, 3, 4, 5, 6, 7, 8],[],,,
597.520,[1, 2, 3, 4, 5, 6, 7, 8],[],,,
598.016,[1, 2, 3, 4, 5, 6, 7, 8],[],,,
598.528,[1, 2, 3, 4, 5, 6, 7, 8],[],,,
599.024,[1, 2, 3, 4, 5, 6, 7, 8],[],,,
599.520,[1, 2, 3, 4, 5, 6, 7, 8],[],,,
