sim_time,trajectories,conflicts,components,actions
1.520,[1, 2, 3],[],,,
2.016,[1, 2, 3],[],,,
2.528,[1, 2, 3],[],,,
3.024,[1, 2, 3],[],,,
3.520,[1, 2, 3],[],,,
4.016,[1, 2, 3],[],,,
4.528,[1, 2, 3],[],,,
5.024,[1, 2, 3],[],,,
5.520,[1, 2, 3],[],,,
6.016,[1, 2, 3],[],,,
6.528,[1, 2, 3],[],,,
7.024,[1, 2, 3],[],,,
7.520,[1, 2, 3],[],,,
8.016,[1, 2, 3],[],,,
8.528,[1, 2, 3],[],,,
9.024,[1, 2, 3],[],,,
9.520,[1, 2, 3],[],,,
10.016,[1, 2, 3, 4],[],,,
10.528,[1, 2, 3, 4],[],,,
11.024,[1, 2, 3, 4],[],,,
11.520,[1, 2, 3, 4],[],,,
12.016,[1, 2, 3, 4],[],,,
12.528,[1, 2, 3, 4],[],,,
13.024,[1, 2, 3, 4],[],,,
13.520,[1, 2, 3, 4],[],,,
14.016,[1, 2, 3, 4],[],,,
14.528,[1, 2, 3, 4],[],,,
15.024,[1, 2, 3, 4],[],,,
15.520,[1, 2, 3, 4],[],,,
16.016,[1, 2, 3, 4],[],,,
16.528,[1, 2, 3, 4],[],,,
17.024,[1, 2, 3, 4],[],,,
17.520,[1, 2, 3, 4],[],,,
18.032,[1, 2, 3, 4],[],,,
18.528,[1, 2, 3, 4],[],,,
19.024,[1, 2, 3, 4],[],,,
19.520,[1, 2, 3, 4],[],,,
20.032,[1, 2, 3, 4],[],,,
20.528,[1, 2, 3, 4],[],,,
21.024,[1, 2, 3, 4],[],,,
21.520,[1, 2, 3, 4],[],,,
22.032,[1, 2, 3, 4],[],,,
22.528,[1, 2, 3, 4],[],,,
23.024,[1, 2, 3, 4],[],,,
23.520,[1, 2, 3, 4, 5, 7],[],,,
24.032,[1, 2, 3, 4, 5, 7],[],,,
24.528,[1, 2, 3, 4, 5, 7],[],,,
25.024,[1, 2, 3, 4, 5, 7],[],,,
25.520,[1, 2, 3, 4, 5, 7],[],,,
26.032,[1, 2, 3, 4, 5, 6, 7, 8],[],,,
26.528,[1, 2, 3, 4, 5, 6, 7, 8],[],,,
27.024,[1, 2, 3, 4, 5, 6, 7, 8],[],,,
27.520,[1, 2, 3, 4, 5, 6, 7, 8],[],,,
28.032,[1, 2, 3, 4, 5, 6, 7, 8],[],,,
28.528,[1, 2, 3, 4, 5, 6, 7, 8],[],,,
29.024,[1, 2, 3, 4, 5, 6, 7, 8],[],,,
29.520,[1, 2, 3, 4, 5, 6, 7, 8],[],,,
30.032,[1, 2, 3, 4, 5, 6, 7, 8],[],,,
30.528,[1, 2, 3, 4, 5, 6, 7, 8],[],,,
31.024,[1, 2, 3, 4, 5, 6, 7, 8],[],,,
31.520,[1, 2, 3, 4, 5, 6, 7, 8],[],,,
32.032,[1, 2, 3, 4, 5, 6, 7, 8],[],,,
32.528,[1, 2, 3, 4, 5, 6, 7, 8],[],,,
33.024,[1, 2, 3, 4, 5, 6, 7, 8],[],,,
33.520,[1, 2, 3, 4, 5, 6, 7, 8],[],,,
34.032,[1, 2, 3, 4, 5, 6, 7, 8],[],,,
34.528,[1, 2, 3, 4, 5, 6, 7, 8],[],,,
35.024,[1, 2, 3, 4, 5, 6, 7, 8],[],,,
35.520,[1, 2, 3, 4, 5, 6, 7, 8],[],,,
36.032,[1, 2, 3, 4, 5, 6, 7, 8],[],,,
36.528,[1, 2, 3, 4, 5, 6, 7, 8],[],,,
37.024,[1, 2, 3, 4, 5, 6, 7, 8],[],,,
37.520,[1, 2, 3, 4, 5, 6, 7, 8],[],,,
38.032,[1, 2, 3, 4, 5, 6, 7, 8],[],,,
38.528,[1, 2, 3, 4, 5, 6, 7, 8],[],,,
39.024,[1, 2, 3, 4, 5, 6, 7, 8],[],,,
39.520,[1, 2, 3, 4, 5, 6, 7, 8],[],,,
40.032,[1, 2, 3, 4, 5, 6, 7, 8],[],,,
40.528,[1, 2, 3, 4, 5, 6, 7, 8],[],,,
41.024,[1, 2, 3, 4, 5, 6, 7, 8],[],,,
41.520,[1, 2, 3, 4, 5, 6, 7, 8],[],,,
42.032,[1, 2, 3, 4, 5, 6, 7, 8],[],,,
42.528,[1, 2, 3, 4, 5, 6, 7, 8],[],,,
43.024,[1, 2, 3, 4, 5, 6, 7, 8],[],,,
43.520,[1, 2, 3, 4, 5, 6, 7, 8],[],,,
44.032,[1, 2, 3, 4, 5, 6, 7, 8],[],,,
44.528,[1, 2, 3, 4, 5, 6, 8],[],,,
45.024,[1, 2, 3, 4, 5, 6, 8],[],,,
45.520,[1, 2, 3, 4, 5, 6, 8],[],,,
46.032,[1, 2, 3, 4, 5, 6, 8],[],,,
46.528,[1, 2, 3, 4, 5, 6, 8],[],,,
47.024,[1, 2, 3, 4, 5, 6, 8],[],,,
47.520,[1, 2, 3, 4, 5, 6, 8],[],,,
48.032,[1, 2, 3, 4, 5, 6, 8],[],,,
48.528,[1, 2, 3, 4, 5, 6, 8],[],,,
49.024,[1, 2, 3, 4, 5, 6, 8],[],,,
49.520,[1, 2, 3, 4, 5, 6, 7, 8],[],,,
50.032,[1, 2, 3, 4, 5, 6, 7, 8],[],,,
50.528,[1, 2, 3, 4, 5, 6, 7, 8],[(2, 3, 2.25, 0.7129352733539693), (3, 5, 4.25, 0.7010905903323845)],,,
51.024,[1, 2, 3, 4, 5, 6, 7, 8],[(2, 5, 6.0, 0.7028024301805289)],,,
51.520,[1, 2, 3, 4, 5, 6, 7, 8],[],,,
52.032,[1, 2, 3, 4, 5, 6, 7, 8],[(2, 3, 5.75, 0.7179800409213531)],,,
52.528,[1, 2, 3, 4, 5, 6, 7, 8],[],,,
53.024,[1, 2, 3, 4, 5, 6, 7, 8],[],,,
53.520,[1, 2, 3, 4, 5, 6, 7, 8],[],,,
54.032,[1, 2, 3, 4, 5, 6, 7, 8],[],,,
54.528,[1, 2, 3, 4, 5, 6, 7, 8],[],,,
55.024,[1, 2, 3, 4, 5, 6, 7, 8],[],,,
55.520,[1, 2, 3, 4, 5, 6, 7, 8],[],,,
56.032,[1, 2, 3, 4, 5, 6, 7, 8],[],,,
56.528,[1, 2, 3, 4, 5, 6, 7, 8],[],,,
57.024,[1, 2, 3, 4, 5, 6, 7, 8],[],,,
57.520,[1, 2, 3, 4, 5, 6, 7, 8],[],,,
58.032,[1, 2, 3, 4, 5, 6, 7, 8],[],,,
58.528,[1, 2, 3, 4, 5, 6, 7, 8],[],,,
59.024,[1, 2, 3, 4, 5, 6, 7, 8],[],,,
59.520,[1, 2, 3, 4, 5, 6, 7, 8],[],,,
60.032,[1, 2, 3, 4, 5, 6, 7, 8],[],,,
60.528,[1, 2, 3, 4, 5, 6, 7, 8],[],,,
61.024,[1, 2, 3, 4, 5, 6, 7, 8],[],,,
61.520,[1, 2, 3, 4, 5, 6, 7, 8],[],,,
62.032,[1, 2, 3, 4, 5, 6, 7, 8],[],,,
62.528,[1, 2, 3, 4, 5, 6, 7, 8],[],,,
63.024,[1, 2, 3, 4, 5, 6, 7, 8],[],,,
63.520,[1, 2, 3, 4, 5, 6, 7, 8],[],,,
64.032,[1, 2, 3, 4, 5, 6, 7, 8],[],,,
64.528,[1, 2, 3, 4, 5, 6, 7, 8],[],,,
65.024,[1, 2, 3, 4, 5, 6, 7, 8],[],,,
65.520,[1, 2, 3, 4, 5, 6, 7, 8],[],,,
66.032,[1, 2, 3, 4, 5, 6, 7, 8],[],,,
66.528,[1, 2, 3, 4, 5, 6, 7, 8],[],,,
67.024,[1, 2, 3, 4, 5, 6, 7, 8],[],,,
67.520,[1, 2, 3, 4, 5, 6, 7, 8],[],,,
68.032,[1, 2, 3, 4, 5, 6, 7, 8],[],,,
68.528,[1, 2, 3, 4, 5, 6, 7, 8],[],,,
69.024,[1, 2, 3, 4, 5, 6, 7, 8],[],,,
69.520,[1, 2, 3, 4, 5, 6, 7, 8],[],,,
70.032,[1, 2, 3, 4, 5, 6, 7, 8],[],,,
70.528,[1, 2, 3, 4, 5, 6, 7, 8],[],,,
71.024,[1, 2, 3, 4, 5, 6, 7, 8],[],,,
71.520,[1, 2, 3, 4, 5, 6, 7, 8],[],,,
72.032,[1, 2, 3, 4, 5, 6, 7, 8],[],,,
72.528,[1, 2, 3, 4, 5, 6, 7, 8],[],,,
73.024,[1, 2, 3, 4, 5, 6, 7, 8],[],,,
73.520,[1, 2, 3, 4, 5, 6, 7, 8],[],,,
74.032,[1, 2, 3, 4, 5, 6, 7, 8],[],,,
74.528,[1, 2, 3, 4, 5, 6, 7, 8],[],,,
75.024,[1, 2, 3, 4, 5, 6, 7, 8],[],,,
75.520,[1, 2, 3, 4, 5, 6, 7, 8],[],,,
76.032,[1, 2, 3, 4, 5, 6, 7, 8],[],,,
76.528,[1, 2, 3, 4, 5, 6, 7, 8],[],,,
77.024,[1, 2, 3, 4, 5, 6, 7, 8],[],,,
77.520,[1, 2, 3, 4, 5, 6, 7, 8],[],,,
78.032,[1, 2, 3, 4, 5, 6, 7, 8],[],,,
78.528,[1, 2, 3, 4, 5, 6, 7, 8],[],,,
79.024,[1, 2, 3, 4, 5, 6, 7, 8],[],,,
79.520,[1, 2, 3, 4, 5, 6, 7, 8],[],,,
80.016,[1, 2, 3, 4, 5, 6, 7, 8],[],,,
80.528,[1, 2, 3, 4, 5, 6, 7, 8],[],,,
81.024,[1, 2, 3, 4, 5, 6, 7, 8],[],,,
81.520,[1, 2, 3, 4, 5, 6, 7, 8],[],,,
82.016,[1, 2, 3, 4, 5, 6, 7, 8],[],,,
82.528,[1, 2, 3, 4, 5, 6, 7, 8],[],,,
83.024,[1, 2, 3, 4, 5, 6, 7, 8],[],,,
83.520,[1, 2, 3, 4, 5, 6, 7, 8],[],,,
84.016,[1, 2, 3, 4, 5, 6, 7, 8],[],,,
84.528,[1, 2, 3, 4, 5, 6, 7, 8],[],,,
85.024,[1, 2, 3, 4, 5, 6, 7, 8],[],,,
85.520,[1, 2, 3, 4, 5, 6, 7, 8],[],,,
86.016,[1, 2, 3, 4, 5, 6, 7, 8],[],,,
86.528,[1, 2, 3, 4, 5, 6, 7, 8],[],,,
87.024,[1, 2, 3, 4, 5, 6, 7, 8],[],,,
87.520,[1, 2, 3, 4, 5, 6, 7, 8],[],,,
88.016,[1, 2, 3, 4, 5, 6, 7, 8],[],,,
88.528,[1, 2, 3, 4, 5, 6, 7, 8],[],,,
89.024,[1, 2, 3, 4, 5, 6, 7, 8],[],,,
89.520,[1, 2, 3, 4, 5, 6, 7, 8],[],,,
90.016,[1, 2, 3, 4, 5, 6, 7, 8],[],,,
90.528,[1, 2, 3, 4, 5, 6, 7, 8],[],,,
91.024,[1, 2, 3, 4, 5, 6, 7, 8],[],,,
91.520,[1, 2, 3, 4, 5, 6, 7, 8],[],,,
92.016,[1, 2, 3, 4, 5, 6, 7, 8],[],,,
92.528,[1, 2, 3, 4, 5, 6, 7, 8],[],,,
93.024,[1, 2, 3, 4, 5, 6, 7, 8],[],,,
93.520,[1, 2, 3, 4, 5, 6, 7, 8],[],,,
94.016,[1, 2, 3, 4, 5, 6, 7, 8],[],,,
94.528,[1, 2, 3, 4, 5, 6, 7, 8],[],,,
95.024,[1, 2, 3, 4, 5, 6, 7, 8],[],,,
95.520,[1, 2, 3, 4, 5, 6, 7, 8],[],,,
96.016,[1, 2, 3, 4, 5, 6, 7, 8],[],,,
96.528,[1, 2, 3, 4, 5, 6, 7, 8],[],,,
97.024,[1, 2, 3, 4, 5, 6, 7, 8],[],,,
97.520,[1, 2, 3, 4, 5, 6, 7, 8],[],,,
98.016,[1, 2, 3, 4, 5, 6, 7, 8],[],,,
98.528,[1, 2, 3, 4, 5, 6, 7, 8],[],,,
99.024,[1, 2, 3, 4, 5, 6, 7, 8],[],,,
99.520,[1, 2, 3, 4, 5, 6, 7, 8],[],,,
100.016,[1, 2, 3, 4, 5, 6, 7, 8],[],,,
100.528,actual,[(1, 6, 0.0, 0.8434206254474094)],[(1, 6)],,
101.024,[1, 2, 3, 4, 5, 6, 7, 8],[],,,
101.520,[1, 2, 3, 4, 5, 6, 7, 8],[],,,
102.016,[1, 2, 3, 4, 5, 6, 7, 8],[],,,
102.528,[1, 2, 3, 4, 5, 6, 7, 8],[],,,
103.024,actual,[(3, 7, 0.0, 0.8199429988601499)],[(3, 7)],,
103.520,[1, 2, 3, 4, 5, 6, 7, 8],[(3, 7, 1.5, 0.6949442228267395)],,,
104.016,[1, 2, 3, 4, 5, 6, 7, 8],[(3, 7, 1.25, 0.7128769072277016)],,,
104.528,[1, 2, 3, 4, 5, 6, 7, 8],[],,,
105.024,[1, 2, 3, 4, 5, 6, 7, 8],[],,,
105.520,[2, 3, 4, 5, 6, 7, 8],[(3, 7, 2.0, 0.7153773167097542)],,,
106.016,[2, 3, 4, 5, 6, 7, 8],[],,,
106.528,[2, 3, 4, 5, 6, 7, 8],[],,,
107.024,[2, 3, 4, 5, 6, 7, 8],[],,,
107.520,[1, 2, 3, 4, 5, 6, 7, 8],[],,,
108.016,[1, 2, 3, 4, 5, 6, 7, 8],[],,,
108.528,[1, 2, 3, 4, 5, 6, 7, 8],[],,,
109.024,[1, 2, 3, 4, 5, 6, 7, 8],[],,,
109.520,[1, 2, 3, 4, 5, 6, 7, 8],[],,,
110.016,[1, 2, 3, 4, 5, 6, 7, 8],[],,,
110.528,[1, 2, 3, 4, 5, 6, 7, 8],[],,,
111.024,[1, 2, 3, 4, 5, 6, 7, 8],[],,,
111.520,[1, 2, 3, 4, 5, 6, 7, 8],[],,,
112.016,[1, 2, 3, 4, 5, 6, 7, 8],[],,,
112.528,[1, 2, 3, 4, 5, 6, 7, 8],[],,,
113.024,[1, 2, 3, 4, 5, 6, 7, 8],[],,,
113.520,[1, 2, 3, 4, 5, 6, 7, 8],[],,,
114.016,[1, 2, 3, 4, 5, 6, 7, 8],[],,,
114.528,[1, 2, 3, 4, 5, 6, 7, 8],[],,,
115.024,[1, 2, 3, 4, 5, 6, 7, 8],[],,,
115.520,[1, 2, 3, 4, 5, 6, 7, 8],[],,,
116.016,[1, 2, 3, 4, 5, 6, 7, 8],[],,,
116.528,[1, 2, 3, 4, 5, 6, 7, 8],[],,,
117.024,[1, 2, 3, 4, 5, 6, 7, 8],[],,,
117.520,[1, 2, 3, 4, 5, 6, 7, 8],[],,,
118.016,[1, 2, 3, 4, 5, 6, 7, 8],[],,,
118.528,[1, 2, 3, 4, 5, 6, 7, 8],[],,,
119.024,[1, 2, 3, 4, 5, 6, 7, 8],[],,,
119.520,[1, 2, 3, 4, 5, 6, 7, 8],[(3, 6, 4.75, 0.7052079274627204)],,,
120.016,[1, 2, 3, 4, 5, 6, 7, 8],[],,,
120.528,[1, 2, 3, 4, 5, 6, 7, 8],[],,,
121.024,[1, 2, 3, 4, 5, 6, 7, 8],[],,,
121.520,[1, 2, 3, 4, 5, 6, 7, 8],[],,,
122.016,[1, 2, 3, 4, 5, 6, 7, 8],[],,,
122.528,[1, 2, 3, 4, 5, 6, 7, 8],[],,,
123.024,[1, 2, 3, 4, 5, 6, 7, 8],[],,,
123.520,[1, 2, 3, 4, 5, 6, 7, 8],[],,,
124.016,[1, 2, 3, 4, 5, 6, 7, 8],[],,,
124.528,[1, 2, 3, 4, 5, 6, 7, 8],[],,,
125.024,[1, 2, 3, 4, 5, 6, 7, 8],[],,,
125.520,[1, 2, 3, 4, 5, 6, 7, 8],[],,,
126.016,[1, 2, 3, 4, 5, 6, 7, 8],[],,,
126.528,[1, 2, 3, 4, 5, 6, 7, 8],[],,,
127.024,[1, 2, 3, 4, 5, 6, 7, 8],[],,,
127.520,[1, 2, 3, 4, 5, 6, 7, 8],[],,,
128.016,[1, 2, 3, 4, 5, 6, 7, 8],[],,,
128.528,[1, 2, 3, 4, 5, 6, 7, 8],[],,,
129.024,[1, 2, 3, 4, 5, 6, 7, 8],[],,,
129.520,[1, 2, 3, 4, 5, 6, 7, 8],[],,,
130.016,[1, 2, 3, 4, 5, 6, 7, 8],[],,,
130.528,[1, 2, 3, 4, 5, 6, 7, 8],[],,,
131.024,[1, 2, 3, 4, 5, 6, 7, 8],[],,,
131.520,[1, 2, 3, 4, 5, 6, 7, 8],[],,,
132.016,[1, 2, 3, 4, 5, 6, 7, 8],[],,,
132.528,[1, 2, 3, 4, 5, 6, 7, 8],[],,,
133.024,[1, 2, 3, 4, 5, 6, 7, 8],[],,,
133.520,[1, 2, 3, 4, 5, 6, 7, 8],[],,,
134.016,[1, 2, 3, 4, 5, 6, 7, 8],[],,,
134.528,[1, 2, 3, 4, 5, 6, 7, 8],[],,,
135.024,[1, 2, 3, 4, 5, 6, 7, 8],[],,,
135.520,[1, 2, 3, 4, 5, 6, 7, 8],[],,,
136.016,[1, 2, 3, 4, 5, 6, 7, 8],[],,,
136.528,[1, 2, 3, 4, 5, 6, 7, 8],[],,,
137.024,[1, 2, 3, 4, 5, 6, 7, 8],[],,,
137.520,[1, 2, 3, 4, 5, 6, 7, 8],[],,,
138.016,[1, 2, 3, 4, 5, 6, 7, 8],[],,,
138.528,[1, 2, 3, 4, 5, 6, 7, 8],[],,,
139.024,[1, 2, 3, 4, 5, 6, 7, 8],[],,,
139.520,[1, 2, 3, 4, 5, 6, 7, 8],[],,,
140.016,[1, 2, 3, 4, 5, 6, 7, 8],[],,,
140.528,[1, 2, 3, 4, 5, 6, 7, 8],[],,,
141.024,[1, 2, 3, 4, 5, 6, 7, 8],[],,,
141.520,[1, 2, 3, 4, 5, 6, 7, 8],[],,,
142.016,actual,[(2, 5, 0.0, 0.8464005216938388)],[(2, 5)],,
142.528,actual,[(2, 5, 0.0, 0.8108781509846508)],[(2, 5)],,
143.024,actual,[(2, 5, 0.0, 0.812646458573434)],[(2, 5)],,
143.520,actual,[(2, 5, 0.0, 0.8036784728090908)],[(2, 5)],,
144.016,actual,[(2, 5, 0.0, 0.811804192203116)],[(2, 5)],,
144.528,actual,[(2, 5, 0.0, 0.8111007441196656)],[(2, 5)],,
145.024,actual,[(2, 5, 0.0, 0.8411696726992565)],[(2, 5)],,
145.520,[1, 2, 3, 4, 5, 6, 7, 8],[],,,
146.016,[1, 2, 3, 4, 5, 6, 7, 8],[],,,
146.528,[1, 2, 3, 4, 5, 6, 7, 8],[],,,
147.024,[1, 2, 3, 4, 5, 6, 7, 8],[],,,
147.520,[1, 2, 3, 4, 5, 6, 7, 8],[],,,
148.016,[1, 2, 3, 4, 5, 6, 7, 8],[],,,
148.528,[1, 2, 3, 4, 5, 6, 7, 8],[],,,
149.024,[1, 2, 3, 4, 5, 6, 7, 8],[],,,
149.520,[1, 2, 3, 4, 5, 6, 7, 8],[],,,
150.016,[1, 2, 3, 4, 5, 6, 7, 8],[],,,
150.528,[1, 2, 3, 4, 5, 6, 7, 8],[],,,
151.024,[1, 2, 3, 4, 5, 6, 7, 8],[],,,
151.520,[1, 2, 3, 4, 5, 6, 7, 8],[],,,
152.016,[1, 2, 3, 4, 5, 6, 7, 8],[],,,
152.528,[1, 2, 3, 4, 5, 6, 7, 8],[],,,
153.024,[1, 2, 3, 4, 5, 6, 7, 8],[],,,
153.520,[1, 2, 3, 4, 5, 6, 7, 8],[],,,
154.016,[1, 2, 3, 4, 5, 6, 7, 8],[],,,
154.528,[1, 2, 3, 4, 5, 6, 7, 8],[],,,
155.024,[1, 2, 3, 4, 5, 6, 8],[],,,
155.520,[1, 2, 3, 4, 5, 6, 8],[],,,
156.016,[1, 2, 3, 4, 5, 6, 8],[],,,
156.528,[1, 2, 3, 4, 5, 6, 8],[],,,
157.024,[1, 2, 3, 4, 5, 6, 8],[],,,
157.520,[1, 2, 3, 4, 5, 6, 7, 8],[],,,
158.032,[1, 2, 3, 4, 5, 6, 7, 8],[],,,
158.528,[1, 2, 3, 4, 5, 6, 7, 8],[],,,
159.024,[1, 2, 3, 4, 5, 6, 7, 8],[],,,
159.520,[1, 2, 3, 4, 5, 6, 7, 8],[],,,
160.032,[1, 2, 3, 4, 5, 6, 7, 8],[],,,
160.528,[1, 2, 3, 4, 5, 6, 7, 8],[],,,
161.024,[1, 2, 3, 4, 5, 6, 7, 8],[],,,
161.520,[1, 2, 3, 4, 5, 6, 7, 8],[],,,
162.032,[1, 2, 3, 4, 5, 6, 7, 8],[],,,
162.528,[1, 2, 3, 4, 5, 6, 7, 8],[],,,
163.024,[1, 2, 3, 4, 5, 6, 7, 8],[],,,
163.520,[1, 2, 3, 4, 5, 6, 7, 8],[],,,
164.032,[1, 2, 3, 4, 5, 6, 7, 8],[],,,
164.528,[1, 2, 3, 4, 5, 6, 7, 8],[],,,
165.024,[1, 2, 3, 4, 5, 6, 7, 8],[],,,
165.520,[1, 2, 3, 4, 5, 6, 7, 8],[],,,
166.032,[1, 2, 3, 4, 5, 6, 7, 8],[],,,
166.528,[1, 2, 3, 4, 5, 6, 7, 8],[],,,
167.024,[1, 2, 3, 4, 5, 6, 7, 8],[],,,
167.520,[1, 2, 3, 4, 5, 6, 7, 8],[],,,
168.032,[1, 2, 3, 4, 5, 6, 7, 8],[],,,
168.528,[1, 2, 3, 4, 5, 6, 7, 8],[],,,
169.024,[1, 2, 3, 4, 5, 6, 7, 8],[],,,
169.520,[1, 2, 3, 4, 5, 6, 7, 8],[],,,
170.032,[1, 2, 3, 4, 5, 6, 7, 8],[],,,
170.528,[1, 2, 3, 4, 5, 6, 7, 8],[],,,
171.024,[1, 2, 3, 4, 5, 6, 7, 8],[],,,
171.520,[1, 2, 3, 4, 5, 6, 7, 8],[],,,
172.032,[1, 2, 3, 4, 5, 6, 7, 8],[],,,
172.528,[1, 2, 3, 4, 5, 6, 7, 8],[],,,
173.024,[1, 2, 3, 4, 5, 6, 7, 8],[],,,
173.520,[1, 2, 3, 4, 5, 6, 7, 8],[],,,
174.032,[1, 2, 3, 4, 5, 6, 7, 8],[],,,
174.528,[1, 2, 3, 4, 5, 6, 7, 8],[],,,
175.024,[1, 2, 3, 4, 5, 6, 7, 8],[],,,
175.520,[1, 2, 3, 4, 5, 6, 7, 8],[],,,
176.032,[1, 2, 3, 4, 5, 6, 7, 8],[],,,
176.528,[1, 2, 3, 4, 5, 6, 7, 8],[],,,
177.024,[1, 2, 3, 4, 5, 6, 7, 8],[],,,
177.520,[1, 2, 3, 4, 5, 6, 7, 8],[],,,
178.032,[1, 2, 3, 4, 5, 6, 7, 8],[],,,
178.528,[1, 2, 3, 4, 5, 6, 7, 8],[],,,
179.024,[1, 2, 3, 4, 5, 6, 7, 8],[],,,
179.520,[1, 2, 3, 4, 5, 6, 7, 8],[],,,
