sim_time,trajectories,conflicts,components,actions
1.520,[1, 2, 3],[],,,
2.016,[1, 2, 3],[],,,
2.528,[1, 2, 3],[],,,
3.024,[1, 2, 3],[],,,
3.520,[1, 2, 3],[],,,
4.016,[1, 2, 3],[],,,
4.528,[1, 2, 3],[],,,
5.024,[1, 2, 3],[],,,
5.520,[1, 2, 3],[],,,
6.016,[1, 2, 3],[],,,
6.528,[1, 2, 3],[],,,
7.024,[1, 2, 3],[],,,
7.520,[1, 2, 3],[],,,
8.016,[1, 2, 3],[],,,
8.528,[1, 2, 3],[],,,
9.024,[1, 2, 3],[],,,
9.520,[1, 2, 3],[],,,
10.016,[1, 2, 3, 4],[],,,
10.528,[1, 2, 3, 4],[],,,
11.024,[1, 2, 3, 4],[],,,
11.520,[1, 2, 3, 4],[],,,
12.016,[1, 2, 3, 4],[],,,
12.528,[1, 2, 3, 4],[],,,
13.024,[1, 2, 3, 4],[],,,
13.520,[1, 2, 3, 4],[],,,
14.016,[1, 2, 3, 4],[],,,
14.528,[1, 2, 3, 4],[],,,
15.024,[1, 2, 3, 4],[],,,
15.520,[1, 2, 3, 4],[],,,
16.016,[1, 2, 3, 4],[],,,
16.528,[1, 2, 3, 4],[],,,
17.024,[1, 2, 3, 4],[],,,
17.520,[1, 2, 3, 4],[],,,
18.032,[1, 2, 3, 4],[],,,
18.528,[1, 2, 3, 4],[],,,
19.024,[1, 2, 3, 4],[],,,
19.520,[1, 2, 3, 4],[],,,
20.032,[1, 2, 3, 4],[],,,
20.528,[1, 2, 3, 4],[],,,
21.024,[1, 2, 3, 4],[],,,
21.520,[1, 2, 3, 4],[],,,
22.032,[1, 2, 3, 4],[],,,
22.528,[1, 2, 3, 4],[],,,
23.024,[1, 2, 3, 4],[],,,
23.520,[1, 2, 3, 4, 5, 7],[],,,
24.032,[1, 2, 3, 4, 5, 7],[],,,
24.528,[1, 2, 3, 4, 5, 7],[],,,
25.024,[1, 2, 3, 4, 5, 7],[],,,
25.520,[1, 2, 3, 4, 5, 7],[],,,
26.032,[1, 2, 3, 4, 5, 6, 7, 8],[],,,
26.528,[1, 2, 3, 4, 5, 6, 7, 8],[],,,
27.024,[1, 2, 3, 4, 5, 6, 7, 8],[],,,
27.520,[1, 2, 3, 4, 5, 6, 7, 8],[],,,
28.032,[1, 2, 3, 4, 5, 6, 7, 8],[],,,
28.528,[1, 2, 3, 4, 5, 6, 7, 8],[],,,
29.024,[1, 2, 3, 4, 5, 6, 7, 8],[],,,
29.520,[1, 2, 3, 4, 5, 6, 7, 8],[],,,
30.032,[1, 2, 3, 4, 5, 6, 7, 8],[],,,
30.528,[1, 2, 3, 4, 5, 6, 7, 8],[],,,
31.024,[1, 2, 3, 4, 5, 6, 7, 8],[],,,
31.520,[1, 2, 3, 4, 5, 6, 7, 8],[],,,
32.032,[1, 2, 3, 4, 5, 6, 7, 8],[],,,
32.528,[1, 2, 3, 4, 5, 6, 7, 8],[],,,
33.024,[1, 2, 3, 4, 5, 6, 7, 8],[],,,
33.520,[1, 2, 3, 4, 5, 6, 7, 8],[],,,
34.032,[1, 2, 3, 4, 5, 6, 7, 8],[],,,
34.528,[1, 2, 3, 4, 5, 6, 7, 8],[],,,
35.024,[1, 2, 3, 4, 5, 6, 7, 8],[],,,
35.520,[1, 2, 3, 4, 5, 6, 7, 8],[],,,
36.032,[1, 2, 3, 4, 5, 6, 7, 8],[],,,
36.528,[1, 2, 3, 4, 5, 6, 7, 8],[],,,
37.024,[1, 2, 3, 4, 5, 6, 7, 8],[],,,
37.520,[1, 2, 3, 4, 5, 6, 7, 8],[],,,
38.032,[1, 2, 3, 4, 5, 6, 7, 8],[],,,
38.528,[1, 2, 3, 4, 5, 6, 7, 8],[],,,
39.024,[1, 2, 3, 4, 5, 6, 7, 8],[],,,
39.520,[1, 2, 3, 4, 5, 6, 7, 8],[],,,
40.032,[1, 2, 3, 4, 5, 6, 7, 8],[],,,
40.528,[1, 2, 3, 4, 5, 6, 7, 8],[],,,
41.024,[1, 2, 3, 4, 5, 6, 7, 8],[],,,
41.520,[1, 2, 3, 4, 5, 6, 7, 8],[],,,
42.032,[1, 2, 3, 4, 5, 6, 7, 8],[],,,
42.528,[1, 2, 3, 4, 5, 6, 7, 8],[],,,
43.024,[1, 2, 3, 4, 5, 6, 7, 8],[],,,
43.520,[1, 2, 3, 4, 5, 6, 7, 8],[],,,
44.032,[1, 2, 3, 4, 5, 6, 7, 8],[],,,
44.528,[1, 2, 3, 4, 5, 6, 8],[],,,
45.024,[1, 2, 3, 4, 5, 6, 8],[],,,
45.520,[1, 2, 3, 4, 5, 6, 8],[],,,
46.032,[1, 2, 3, 4, 5, 6, 8],[],,,
46.528,[1, 2, 3, 4, 5, 6, 8],[],,,
47.024,[1, 2, 3, 4, 5, 6, 8],[],,,
47.520,[1, 2, 3, 4, 5, 6, 8],[],,,
48.032,[1, 2, 3, 4, 5, 6, 8],[],,,
48.528,[1, 2, 3, 4, 5, 6, 8],[],,,
49.024,[1, 2, 3, 4, 5, 6, 8],[],,,
49.520,[1, 2, 3, 4, 5, 6, 7, 8],[],,,
50.032,[1, 2, 3, 4, 5, 6, 7, 8],[],,,
50.528,[1, 2, 3, 4, 5, 6, 7, 8],[(2, 3, 2.25, 0.7129352733539693), (3, 5, 4.25, 0.7010905903323916)],,,
51.024,[1, 2, 3, 4, 5, 6, 7, 8],[],,,
51.520,[1, 2, 3, 4, 5, 6, 7, 8],[],,,
52.032,[1, 2, 3, 4, 5, 6, 7, 8],[],,,
52.528,[1, 2, 3, 4, 5, 6, 7, 8],[],,,
53.024,[1, 2, 3, 4, 5, 6, 7, 8],[],,,
53.520,[1, 2, 3, 4, 5, 6, 7, 8],[],,,
54.032,[1, 2, 3, 4, 5, 6, 7, 8],[],,,
54.528,[1, 2, 3, 4, 5, 6, 7, 8],[],,,
55.024,[1, 2, 3, 4, 5, 6, 7, 8],[],,,
55.520,[1, 2, 3, 4, 5, 6, 7, 8],[],,,
56.032,[1, 2, 3, 4, 5, 6, 7, 8],[],,,
56.528,[1, 2, 3, 4, 5, 6, 7, 8],[],,,
57.024,[1, 2, 3, 4, 5, 6, 7, 8],[],,,
57.520,[1, 2, 3, 4, 5, 6, 7, 8],[],,,
58.032,[1, 2, 3, 4, 5, 6, 7, 8],[],,,
58.528,[1, 2, 3, 4, 5, 6, 7, 8],[],,,
59.024,[1, 2, 3, 4, 5, 6, 7, 8],[],,,
59.520,[1, 2, 3, 4, 5, 6, 7, 8],[],,,
60.032,[1, 2, 3, 4, 5, 6, 7, 8],[(2, 3, 4.25, 0.771423639682329)],,,
60.528,[1, 2, 3, 4, 5, 6, 7, 8],[(2, 3, 4.5, 0.7713082055613857)],,,
61.024,[1, 2, 3, 4, 5, 6, 7, 8],[(2, 3, 4.75, 0.7776843386286638)],,,
61.520,[1, 2, 3, 4, 5, 6, 7, 8],[],,,
62.032,[1, 2, 3, 4, 5, 6, 7, 8],[],,,
62.528,[1, 2, 3, 4, 5, 6, 7, 8],[],,,
63.024,[1, 2, 3, 4, 5, 6, 7, 8],[(2, 3, 2.0, 0.77703392781842), (3, 5, 5.5, 0.7609082309387747)],,,
63.520,actual,[(2, 3, 0.0, 0.8435932559728725)],[(2, 3)],,
64.032,actual,[(2, 3, 0.0, 0.7994168544503082)],[(2, 3)],,
64.528,actual,[(2, 3, 0.0, 0.7436913980745026)],[(2, 3)],,
65.024,actual,[(2, 3, 0.0, 0.6856649679620863)],[(2, 3)],,
65.520,[1, 3, 4, 5, 6, 7, 8],[(3, 5, 5.5, 0.7660887406036971)],,,
66.032,[1, 3, 4, 5, 6, 7, 8],[(3, 5, 8.75, 0.7488346002249676)],,,
66.528,[1, 3, 4, 5, 6, 7, 8],[(3, 5, 8.25, 0.7651173762700868)],,,
67.024,[1, 3, 4, 5, 6, 7, 8],[(3, 5, 8.0, 0.7385564377507187)],,,
67.520,[1, 3, 4, 5, 6, 7, 8],[(3, 5, 7.75, 0.7369753735590103)],,,
68.032,[1, 3, 4, 5, 6, 7, 8],[(3, 5, 7.5, 0.7411712604261299)],,,
68.528,[1, 3, 4, 5, 6, 7, 8],[(3, 5, 7.25, 0.7453627714068956)],,,
69.024,actual,[(2, 3, 0.0, 0.7129486528407896)],[(2, 3)],,
69.520,actual,[(2, 3, 0.0, 0.7236731976614587)],[(2, 3)],,
70.032,actual,[(2, 3, 0.0, 0.7417367491822117)],[(2, 3)],,
70.528,actual,[(2, 3, 0.0, 0.7595765594895414)],[(2, 3)],,
71.024,actual,[(2, 3, 0.0, 0.7784016219378448)],[(2, 3)],,
71.520,actual,[(2, 3, 0.0, 0.7982697663207268)],[(2, 3)],,
72.032,actual,[(2, 3, 0.0, 0.8205998583000077), (3, 5, 0.0, 0.8424815577919399)],[(2, 3, 5)],,
72.528,actual,[(2, 3, 0.0, 0.8403695120856874), (3, 5, 0.0, 0.8254051034674718)],[(2, 3, 5)],,
73.024,actual,[(3, 5, 0.0, 0.8107598194672084)],[(3, 5)],,
73.520,actual,[(3, 5, 0.0, 0.8049645296833117)],[(3, 5)],,
74.032,actual,[(3, 5, 0.0, 0.8062152237645827)],[(3, 5)],,
74.528,actual,[(3, 5, 0.0, 0.8065129485269636)],[(3, 5)],,
75.024,actual,[(3, 5, 0.0, 0.7830788519800308)],[(3, 5)],,
75.520,actual,[(3, 5, 0.0, 0.7556458724671253)],[(3, 5)],,
76.032,actual,[(3, 5, 0.0, 0.7529024791674951)],[(3, 5)],,
76.528,actual,[(3, 5, 0.0, 0.7600625850210637)],[(3, 5)],,
77.024,actual,[(2, 3, 0.0, 0.829071715126436), (3, 5, 0.0, 0.7606209124958766)],[(2, 3, 5)],,
77.520,actual,[(2, 3, 0.0, 0.7995471908875049), (3, 5, 0.0, 0.7649103479767618)],[(2, 3, 5)],,
78.032,actual,[(2, 3, 0.0, 0.7673160331452837), (3, 5, 0.0, 0.7752960618270606)],[(2, 3, 5)],,
78.528,actual,[(2, 3, 0.0, 0.7402709235864458), (3, 5, 0.0, 0.7903830089086876)],[(2, 3, 5)],,
79.024,actual,[(2, 3, 0.0, 0.7339493508268559), (3, 5, 0.0, 0.7967967862895347)],[(2, 3, 5)],,
79.520,actual,[(2, 3, 0.0, 0.7276926557785491), (3, 5, 0.0, 0.7990590760013893)],[(2, 3, 5)],,
80.016,actual,[(2, 3, 0.0, 0.6993606393373019), (3, 5, 0.0, 0.8017475010486423)],[(2, 3, 5)],,
80.528,actual,[(2, 3, 0.0, 0.8052318240857763)],[(2, 3)],,
81.024,actual,[(2, 3, 0.0, 0.8457516889849713)],[(2, 3)],,
81.520,[1, 2, 3, 4, 6, 7, 8],[],,,
82.016,actual,[(3, 5, 0.0, 0.71304154194351)],[(3, 5)],,
82.528,actual,[(3, 5, 0.0, 0.6904121651173573)],[(3, 5)],,
83.024,[1, 2, 3, 4, 6, 7, 8],[(1, 6, 10.0, 0.7298767890318588)],,,
83.520,actual,[(3, 5, 0.0, 0.7416310639348138)],[(3, 5)],,
84.016,actual,[(3, 5, 0.0, 0.7085793202313078)],[(3, 5)],,
84.528,actual,[(3, 5, 0.0, 0.6890521530363768)],[(3, 5)],,
85.024,actual,[(2, 3, 0.0, 0.8266199046013843)],[(2, 3)],,
85.520,actual,[(3, 5, 0.0, 0.7559334234405094)],[(3, 5)],,
86.016,actual,[(3, 5, 0.0, 0.7034125027057978)],[(3, 5)],,
86.528,actual,[(3, 5, 0.0, 0.6631025728363035)],[(3, 5)],,
87.024,[1, 2, 3, 4, 6, 7, 8],[(1, 6, 8.75, 0.7777331446187861), (2, 3, 1.5, 0.740173336906965)],,,
87.520,actual,[(3, 5, 0.0, 0.7309530098248137)],[(3, 5)],,
88.016,actual,[(3, 5, 0.0, 0.6838740052136986)],[(3, 5)],,
88.528,actual,[(3, 5, 0.0, 0.7012975544619319)],[(3, 5)],,
89.024,actual,[(3, 5, 0.0, 0.7129311379953417)],[(3, 5)],,
89.520,actual,[(3, 5, 0.0, 0.7086543801093971)],[(3, 5)],,
90.016,actual,[(3, 5, 0.0, 0.6934547127594646)],[(3, 5)],,
90.528,actual,[(3, 5, 0.0, 0.6898929475773472)],[(3, 5)],,
91.024,[1, 2, 3, 4, 6, 7, 8],[(1, 6, 9.25, 0.7636785385826518)],,,
91.520,actual,[(2, 5, 0.0, 0.6696700666593143)],[(2, 5)],,
92.016,actual,[(2, 5, 0.0, 0.6872049727538265)],[(2, 5)],,
92.528,actual,[(2, 5, 0.0, 0.6958955196900494)],[(2, 5)],,
93.024,[1, 3, 4, 5, 6, 7, 8],[],,,
93.520,[1, 3, 4, 5, 6, 7, 8],[],,,
94.016,[1, 3, 4, 5, 6, 7, 8],[],,,
94.528,[1, 3, 4, 5, 6, 7, 8],[],,,
95.024,[1, 3, 4, 5, 6, 7, 8],[],,,
95.520,[1, 3, 4, 5, 6, 7, 8],[],,,
96.016,[1, 3, 4, 5, 6, 7, 8],[],,,
96.528,[1, 3, 4, 5, 6, 7, 8],[],,,
97.024,[1, 3, 4, 5, 6, 7, 8],[],,,
97.520,[1, 2, 3, 4, 5, 6, 7, 8],[(1, 6, 1.75, 0.7692521664439612), (1, 8, 4.75, 0.7616748660202004)],,,
98.016,[1, 2, 3, 4, 5, 6, 7, 8],[],,,
98.528,[1, 2, 3, 4, 5, 6, 7, 8],[],,,
99.024,[1, 2, 3, 4, 5, 6, 7, 8],[],,,
99.520,[1, 2, 3, 4, 5, 6, 7, 8],[],,,
100.016,[1, 2, 3, 4, 5, 6, 7, 8],[],,,
100.528,[1, 2, 3, 4, 5, 6, 7, 8],[],,,
101.024,[1, 2, 3, 4, 5, 6, 7, 8],[],,,
101.520,[1, 2, 3, 4, 5, 6, 7, 8],[],,,
102.016,[1, 2, 3, 4, 5, 6, 7, 8],[],,,
102.528,[1, 2, 3, 4, 5, 6, 7, 8],[],,,
103.024,[1, 2, 3, 4, 5, 6, 7, 8],[],,,
103.520,[1, 2, 3, 4, 5, 6, 7, 8],[],,,
104.016,[1, 2, 3, 4, 5, 6, 7, 8],[],,,
104.528,[1, 2, 3, 4, 5, 6, 7, 8],[],,,
105.024,[1, 2, 3, 4, 5, 6, 7, 8],[],,,
105.520,[1, 2, 3, 4, 5, 6, 7, 8],[],,,
106.016,[1, 2, 3, 4, 5, 6, 7, 8],[],,,
106.528,actual,[(1, 6, 0.0, 0.8452171119713588)],[(1, 6)],,
107.024,actual,[(1, 6, 0.0, 0.8010953261715347)],[(1, 6)],,
107.520,actual,[(1, 6, 0.0, 0.7814921938131093)],[(1, 6)],,
108.016,actual,[(1, 6, 0.0, 0.7640307375940424)],[(1, 6)],,
108.528,actual,[(1, 6, 0.0, 0.7464804830540255)],[(1, 6)],,
109.024,actual,[(1, 6, 0.0, 0.7332794591534645)],[(1, 6)],,
109.520,actual,[(1, 6, 0.0, 0.7227714360990688)],[(1, 6)],,
110.016,actual,[(1, 6, 0.0, 0.7157158181743014)],[(1, 6)],,
110.528,actual,[(1, 6, 0.0, 0.7112680040717952)],[(1, 6)],,
111.024,actual,[(1, 6, 0.0, 0.709010001284504)],[(1, 6)],,
111.520,actual,[(1, 6, 0.0, 0.709085922877775)],[(1, 6)],,
112.016,actual,[(1, 6, 0.0, 0.7113507293132469)],[(1, 6)],,
112.528,actual,[(1, 6, 0.0, 0.6962394209092286)],[(1, 6)],,
113.024,[1, 2, 3, 4, 5, 7, 8],[],,,
113.520,[1, 2, 3, 4, 5, 6, 7, 8],[],,,
114.016,[1, 2, 3, 4, 5, 6, 7, 8],[],,,
114.528,[1, 2, 3, 4, 5, 6, 7, 8],[],,,
115.024,[1, 2, 3, 4, 5, 6, 7, 8],[],,,
115.520,[1, 2, 3, 4, 5, 6, 7, 8],[],,,
116.016,[1, 2, 3, 4, 5, 6, 7, 8],[],,,
116.528,[1, 2, 3, 4, 5, 6, 7, 8],[],,,
117.024,[1, 2, 3, 4, 5, 6, 7, 8],[],,,
117.520,[1, 2, 3, 4, 5, 6, 7, 8],[],,,
118.016,[1, 2, 3, 4, 5, 6, 7, 8],[],,,
118.528,[1, 2, 3, 4, 5, 6, 7, 8],[],,,
119.024,[1, 2, 3, 4, 5, 6, 7, 8],[],,,
119.520,[1, 2, 3, 4, 5, 6, 7, 8],[],,,
120.016,[1, 2, 3, 4, 5, 6, 7, 8],[],,,
120.528,[1, 2, 3, 4, 5, 6, 7, 8],[],,,
121.024,[1, 2, 3, 4, 5, 6, 7, 8],[],,,
121.520,[1, 2, 3, 4, 5, 6, 7, 8],[],,,
122.016,[1, 2, 3, 4, 5, 6, 7, 8],[],,,
122.528,[1, 2, 3, 4, 5, 6, 7, 8],[],,,
123.024,[1, 2, 3, 4, 5, 6, 7, 8],[],,,
123.520,[1, 2, 3, 4, 5, 6, 7, 8],[],,,
124.016,[1, 2, 3, 4, 5, 6, 7, 8],[],,,
124.528,[1, 2, 3, 4, 5, 6, 7, 8],[],,,
125.024,[1, 2, 3, 4, 5, 6, 7, 8],[],,,
125.520,[1, 2, 3, 4, 5, 6, 7, 8],[],,,
126.016,[1, 2, 3, 4, 5, 6, 7, 8],[],,,
126.528,[1, 2, 3, 4, 5, 6, 7, 8],[],,,
127.024,[1, 2, 3, 4, 5, 6, 7, 8],[],,,
127.520,[1, 2, 3, 4, 5, 6, 7, 8],[],,,
128.016,[1, 2, 3, 4, 5, 6, 7, 8],[],,,
128.528,[1, 2, 3, 4, 5, 6, 7, 8],[],,,
129.024,[1, 2, 3, 4, 5, 6, 7, 8],[],,,
129.520,[1, 2, 3, 4, 5, 6, 7, 8],[],,,
130.016,[1, 2, 3, 4, 5, 6, 7, 8],[],,,
130.528,[1, 2, 3, 4, 5, 6, 7, 8],[],,,
131.024,[1, 2, 3, 4, 5, 6, 7, 8],[],,,
131.520,[1, 2, 3, 4, 5, 6, 7, 8],[],,,
132.016,[1, 2, 3, 4, 5, 6, 7, 8],[],,,
132.528,[1, 2, 3, 4, 5, 6, 7, 8],[],,,
133.024,[1, 2, 3, 4, 5, 6, 7, 8],[],,,
133.520,[1, 2, 3, 4, 5, 6, 7, 8],[],,,
134.016,[1, 2, 3, 4, 5, 6, 7, 8],[],,,
134.528,[1, 2, 3, 4, 5, 6, 7, 8],[],,,
135.024,[1, 2, 3, 4, 5, 6, 7, 8],[],,,
135.520,[1, 2, 3, 4, 5, 6, 7, 8],[],,,
136.016,[1, 2, 3, 4, 5, 6, 7, 8],[],,,
136.528,[1, 2, 3, 4, 5, 6, 7, 8],[],,,
137.024,[1, 2, 3, 4, 5, 6, 7, 8],[],,,
137.520,[1, 2, 3, 4, 5, 6, 7, 8],[],,,
138.016,[1, 2, 3, 4, 5, 6, 7, 8],[],,,
138.528,[1, 2, 3, 4, 5, 6, 7, 8],[(1, 4, 8.0, 0.7764455636442749)],,,
139.024,[1, 2, 3, 4, 5, 6, 7, 8],[(1, 4, 8.25, 0.76985135119619)],,,
139.520,[1, 2, 3, 4, 5, 6, 7, 8],[],,,
140.016,[1, 2, 3, 4, 5, 6, 7, 8],[],,,
140.528,[1, 2, 3, 4, 5, 6, 7, 8],[],,,
141.024,[1, 2, 3, 4, 5, 6, 7, 8],[],,,
141.520,[1, 2, 3, 4, 5, 6, 7, 8],[],,,
142.016,[1, 2, 3, 4, 5, 6, 7, 8],[],,,
142.528,[1, 2, 3, 4, 5, 6, 7, 8],[],,,
143.024,[1, 2, 3, 4, 5, 6, 7, 8],[],,,
143.520,[1, 2, 3, 4, 5, 6, 7, 8],[],,,
144.016,[1, 2, 3, 4, 5, 6, 7, 8],[],,,
144.528,[1, 2, 3, 4, 5, 6, 7, 8],[],,,
145.024,[1, 2, 3, 4, 5, 6, 7, 8],[],,,
145.520,[1, 2, 3, 4, 5, 6, 7, 8],[],,,
146.016,[1, 2, 3, 4, 5, 6, 7, 8],[],,,
146.528,[1, 2, 3, 4, 5, 6, 7, 8],[],,,
147.024,[1, 2, 3, 4, 5, 6, 7, 8],[],,,
147.520,[1, 2, 3, 4, 5, 6, 7, 8],[],,,
148.016,[1, 2, 3, 4, 5, 6, 7, 8],[],,,
148.528,[1, 2, 3, 4, 5, 6, 7, 8],[],,,
149.024,[1, 2, 3, 4, 5, 6, 7, 8],[],,,
149.520,[1, 2, 3, 4, 5, 6, 7, 8],[],,,
150.016,[1, 2, 3, 4, 5, 6, 7, 8],[],,,
150.528,[1, 2, 3, 4, 5, 6, 7, 8],[(1, 4, 1.75, 0.7760418910207212)],,,
151.024,[1, 2, 3, 4, 5, 6, 7, 8],[],,,
151.520,[1, 2, 3, 4, 5, 6, 7, 8],[(3, 7, 8.0, 0.7689824345571017)],,,
152.016,[1, 2, 3, 4, 5, 6, 7, 8],[],,,
152.528,[1, 2, 3, 4, 5, 6, 7, 8],[(3, 7, 8.0, 0.7667170724780703)],,,
153.024,[1, 2, 3, 4, 5, 6, 7, 8],[(3, 7, 8.0, 0.7567038819671382)],,,
153.520,[1, 2, 3, 4, 5, 6, 7, 8],[(3, 7, 8.0, 0.771852447184396)],,,
154.016,[1, 2, 3, 4, 5, 6, 7, 8],[(3, 7, 8.25, 0.7779379615832209)],,,
154.528,[1, 2, 3, 4, 5, 6, 7, 8],[(3, 7, 8.75, 0.7700810839308495)],,,
155.024,[1, 2, 3, 4, 5, 6, 7, 8],[(3, 7, 9.0, 0.7747967889813907)],,,
155.520,[1, 2, 3, 4, 5, 6, 7, 8],[(1, 8, 3.75, 0.7481375605359689)],,,
156.016,[1, 2, 3, 4, 5, 6, 7, 8],[],,,
156.528,[1, 2, 3, 4, 5, 6, 7, 8],[],,,
157.024,[1, 2, 3, 4, 5, 6, 7, 8],[],,,
157.520,[1, 2, 3, 4, 5, 6, 7, 8],[],,,
158.032,[1, 2, 3, 4, 5, 6, 7, 8],[],,,
158.528,[1, 2, 3, 4, 5, 6, 7, 8],[],,,
159.024,[1, 2, 3, 4, 5, 6, 7, 8],[],,,
159.520,[1, 2, 3, 4, 5, 6, 7, 8],[],,,
160.032,[1, 2, 3, 4, 5, 6, 7, 8],[],,,
160.528,[1, 2, 3, 4, 5, 6, 7, 8],[(3, 7, 6.5, 0.7633121544021272)],,,
161.024,[1, 2, 3, 4, 5, 6, 7, 8],[],,,
161.520,[1, 2, 3, 4, 5, 6, 7, 8],[],,,
162.032,[1, 2, 3, 4, 5, 6, 7, 8],[(3, 7, 1.75, 0.7781354034628989)],,,
162.528,[1, 2, 3, 4, 5, 6, 7, 8],[(3, 7, 1.25, 0.7742412658826995)],,,
163.024,[1, 2, 3, 4, 5, 6, 7, 8],[],,,
163.520,[1, 2, 3, 4, 5, 6, 7, 8],[(3, 7, 1.5, 0.7423245671986828)],,,
164.032,[1, 2, 3, 4, 5, 6, 7, 8],[(3, 7, 2.0, 0.7393790874321122)],,,
164.528,[1, 2, 3, 4, 5, 6, 7, 8],[(3, 7, 4.75, 0.7613129108469786)],,,
165.024,[1, 2, 3, 4, 5, 6, 7, 8],[(3, 7, 4.0, 0.7423386997551763)],,,
165.520,[1, 2, 3, 4, 5, 6, 7, 8],[(3, 7, 3.5, 0.7548114485159916)],,,
166.032,[1, 2, 3, 4, 5, 6, 7, 8],[(3, 7, 2.75, 0.7634070319666368)],,,
166.528,[1, 2, 3, 4, 5, 6, 7, 8],[(3, 7, 2.0, 0.7343518007587678)],,,
167.024,[1, 2, 3, 4, 5, 6, 7, 8],[(1, 5, 6.75, 0.7763843312958224)],,,
167.520,[1, 2, 3, 4, 5, 6, 7, 8],[(1, 5, 7.0, 0.7684493096539875)],,,
168.032,[1, 2, 3, 4, 5, 6, 7, 8],[(1, 5, 7.25, 0.7673897414038304)],,,
168.528,[1, 2, 3, 4, 5, 6, 7, 8],[(1, 5, 7.5, 0.7595626015069183)],,,
169.024,[1, 2, 3, 4, 5, 6, 7, 8],[],,,
169.520,[1, 2, 3, 4, 5, 6, 7, 8],[],,,
170.032,[1, 2, 3, 4, 5, 6, 7, 8],[],,,
170.528,[1, 2, 3, 4, 5, 6, 7, 8],[],,,
171.024,[1, 2, 3, 4, 5, 6, 7, 8],[],,,
171.520,[1, 2, 3, 4, 5, 6, 7, 8],[],,,
172.032,[1, 2, 3, 4, 5, 6, 7, 8],[],,,
172.528,[1, 2, 3, 4, 5, 6, 7, 8],[],,,
173.024,[1, 2, 3, 4, 5, 6, 7, 8],[],,,
173.520,[1, 2, 3, 4, 5, 6, 7, 8],[],,,
174.032,[1, 2, 3, 4, 5, 6, 7, 8],[],,,
174.528,[1, 2, 3, 4, 5, 6, 7, 8],[],,,
175.024,[1, 2, 3, 4, 5, 6, 7, 8],[],,,
175.520,[1, 2, 3, 4, 5, 6, 7, 8],[],,,
176.032,[1, 2, 3, 4, 5, 6, 7, 8],[],,,
176.528,[1, 2, 3, 4, 5, 6, 7, 8],[],,,
177.024,[1, 2, 3, 4, 5, 6, 7, 8],[],,,
177.520,[1, 2, 3, 4, 5, 6, 7, 8],[],,,
178.032,[1, 2, 3, 4, 5, 6, 7, 8],[],,,
178.528,[1, 2, 3, 4, 5, 6, 7, 8],[],,,
179.024,[1, 2, 3, 4, 5, 6, 7, 8],[],,,
179.520,[1, 2, 3, 4, 5, 6, 7, 8],[],,,
