sim_time,trajectories,conflicts,components,actions
1.520,[1, 2, 3],[],,,
2.016,[1, 2, 3],[],,,
2.528,[1, 2, 3],[],,,
3.024,[1, 2, 3],[],,,
3.520,[1, 2, 3],[],,,
4.016,[1, 2, 3],[],,,
4.528,[1, 2, 3],[],,,
5.024,[1, 2, 3],[],,,
5.520,[1, 2, 3],[],,,
6.016,[1, 2, 3],[],,,
6.528,[1, 2, 3],[],,,
7.024,[1, 2, 3],[],,,
7.520,[1, 2, 3],[],,,
8.016,[1, 2, 3],[],,,
8.528,[1, 2, 3],[],,,
9.024,[1, 2, 3],[],,,
9.520,[1, 2, 3],[],,,
10.016,[1, 2, 3, 4],[],,,
10.528,[1, 2, 3, 4],[],,,
11.024,[1, 2, 3, 4],[],,,
11.520,[1, 2, 3, 4],[],,,
12.016,[1, 2, 3, 4],[],,,
12.528,[1, 2, 3, 4],[],,,
13.024,[1, 2, 3, 4],[],,,
13.520,[1, 2, 3, 4],[],,,
14.016,[1, 2, 3, 4],[],,,
14.528,[1, 2, 3, 4],[],,,
15.024,[1, 2, 3, 4],[],,,
15.520,[1, 2, 3, 4],[],,,
16.016,[1, 2, 3, 4],[],,,
16.528,[1, 2, 3, 4],[],,,
17.024,[1, 2, 3, 4],[],,,
17.520,[1, 2, 3, 4],[],,,
18.032,[1, 2, 3, 4],[],,,
18.528,[1, 2, 3, 4],[],,,
19.024,[1, 2, 3, 4],[],,,
19.520,[1, 2, 3, 4],[],,,
20.032,[1, 2, 3, 4],[],,,
20.528,[1, 2, 3, 4],[],,,
21.024,[1, 2, 3, 4],[],,,
21.520,[1, 2, 3, 4],[],,,
22.032,[1, 2, 3, 4],[],,,
22.528,[1, 2, 3, 4],[],,,
23.024,[1, 2, 3, 4],[],,,
23.520,[1, 2, 3, 4, 5, 7],[],,,
24.032,[1, 2, 3, 4, 5, 7],[],,,
24.528,[1, 2, 3, 4, 5, 7],[],,,
25.024,[1, 2, 3, 4, 5, 7],[],,,
25.520,[1, 2, 3, 4, 5, 7],[],,,
26.032,[1, 2, 3, 4, 5, 6, 7, 8],[],,,
26.528,[1, 2, 3, 4, 5, 6, 7, 8],[],,,
27.024,[1, 2, 3, 4, 5, 6, 7, 8],[],,,
27.520,[1, 2, 3, 4, 5, 6, 7, 8],[],,,
28.032,[1, 2, 3, 4, 5, 6, 7, 8],[],,,
28.528,[1, 2, 3, 4, 5, 6, 7, 8],[],,,
29.024,[1, 2, 3, 4, 5, 6, 7, 8],[],,,
29.520,[1, 2, 3, 4, 5, 6, 7, 8],[],,,
30.032,[1, 2, 3, 4, 5, 6, 7, 8],[],,,
30.528,[1, 2, 3, 4, 5, 6, 7, 8],[],,,
31.024,[1, 2, 3, 4, 5, 6, 7, 8],[],,,
31.520,[1, 2, 3, 4, 5, 6, 7, 8],[],,,
32.032,[1, 2, 3, 4, 5, 6, 7, 8],[],,,
32.528,[1, 2, 3, 4, 5, 6, 7, 8],[],,,
33.024,[1, 2, 3, 4, 5, 6, 7, 8],[],,,
33.520,[1, 2, 3, 4, 5, 6, 7, 8],[],,,
34.032,[1, 2, 3, 4, 5, 6, 7, 8],[],,,
34.528,[1, 2, 3, 4, 5, 6, 7, 8],[],,,
35.024,[1, 2, 3, 4, 5, 6, 7, 8],[],,,
35.520,[1, 2, 3, 4, 5, 6, 7, 8],[],,,
36.032,[1, 2, 3, 4, 5, 6, 7, 8],[],,,
36.528,[1, 2, 3, 4, 5, 6, 7, 8],[],,,
37.024,[1, 2, 3, 4, 5, 6, 7, 8],[],,,
37.520,[1, 2, 3, 4, 5, 6, 7, 8],[],,,
38.032,[1, 2, 3, 4, 5, 6, 7, 8],[],,,
38.528,[1, 2, 3, 4, 5, 6, 7, 8],[],,,
39.024,[1, 2, 3, 4, 5, 6, 7, 8],[],,,
39.520,[1, 2, 3, 4, 5, 6, 7, 8],[],,,
40.032,[1, 2, 3, 4, 5, 6, 7, 8],[],,,
40.528,[1, 2, 3, 4, 5, 6, 7, 8],[],,,
41.024,[1, 2, 3, 4, 5, 6, 7, 8],[],,,
41.520,[1, 2, 3, 4, 5, 6, 7, 8],[],,,
42.032,[1, 2, 3, 4, 5, 6, 7, 8],[],,,
42.528,[1, 2, 3, 4, 5, 6, 7, 8],[],,,
43.024,[1, 2, 3, 4, 5, 6, 7, 8],[],,,
43.520,[1, 2, 3, 4, 5, 6, 7, 8],[],,,
44.032,[1, 2, 3, 4, 5, 6, 7, 8],[],,,
44.528,[1, 2, 3, 4, 5, 6, 8],[],,,
45.024,[1, 2, 3, 4, 5, 6, 8],[],,,
45.520,[1, 2, 3, 4, 5, 6, 8],[],,,
46.032,[1, 2, 3, 4, 5, 6, 8],[],,,
46.528,[1, 2, 3, 4, 5, 6, 8],[],,,
47.024,[1, 2, 3, 4, 5, 6, 8],[],,,
47.520,[1, 2, 3, 4, 5, 6, 8],[],,,
48.032,[1, 2, 3, 4, 5, 6, 8],[],,,
48.528,[1, 2, 3, 4, 5, 6, 8],[],,,
49.024,[1, 2, 3, 4, 5, 6, 8],[],,,
49.520,[1, 2, 3, 4, 5, 6, 7, 8],[],,,
50.032,[1, 2, 3, 4, 5, 6, 7, 8],[],,,
50.528,[1, 2, 3, 4, 5, 6, 7, 8],[(2, 3, 2.25, 0.7129352733539729), (3, 5, 4.25, 0.7010905903323866)],,,
51.024,[1, 2, 3, 4, 5, 6, 7, 8],[(2, 5, 6.0, 0.7028024301805285)],,,
51.520,[1, 2, 3, 4, 5, 6, 7, 8],[],,,
52.032,[1, 2, 3, 4, 5, 6, 7, 8],[(2, 3, 5.75, 0.71798004092135)],,,
52.528,[1, 2, 3, 4, 5, 6, 7, 8],[],,,
53.024,[1, 2, 3, 4, 5, 6, 7, 8],[],,,
53.520,[1, 2, 3, 4, 5, 6, 7, 8],[],,,
54.032,[1, 2, 3, 4, 5, 6, 7, 8],[],,,
54.528,[1, 2, 3, 4, 5, 6, 7, 8],[],,,
55.024,[1, 2, 3, 4, 5, 6, 7, 8],[],,,
55.520,[1, 2, 3, 4, 5, 6, 7, 8],[],,,
56.032,[1, 2, 3, 4, 5, 6, 7, 8],[],,,
56.528,[1, 2, 3, 4, 5, 6, 7, 8],[],,,
57.024,[1, 2, 3, 4, 5, 6, 7, 8],[],,,
57.520,[1, 2, 3, 4, 5, 6, 7, 8],[],,,
58.032,[1, 2, 3, 4, 5, 6, 7, 8],[],,,
58.528,[1, 2, 3, 4, 5, 6, 7, 8],[],,,
59.024,[1, 2, 3, 4, 5, 6, 7, 8],[],,,
59.520,[1, 2, 3, 4, 5, 6, 7, 8],[],,,
60.032,[1, 2, 3, 4, 5, 6, 7, 8],[],,,
60.528,[1, 2, 3, 4, 5, 6, 7, 8],[],,,
61.024,[1, 2, 3, 4, 5, 6, 7, 8],[],,,
61.520,[1, 2, 3, 4, 5, 6, 7, 8],[],,,
62.032,[1, 2, 3, 4, 5, 6, 7, 8],[],,,
62.528,[1, 2, 3, 4, 5, 6, 7, 8],[],,,
63.024,[1, 2, 3, 4, 5, 6, 7, 8],[],,,
63.520,[1, 2, 3, 4, 5, 6, 7, 8],[],,,
64.032,[1, 2, 3, 4, 5, 6, 7, 8],[],,,
64.528,[1, 2, 3, 4, 5, 6, 7, 8],[],,,
65.024,[1, 2, 3, 4, 5, 6, 7, 8],[],,,
65.520,[1, 2, 3, 4, 5, 6, 7, 8],[],,,
66.032,[1, 2, 3, 4, 5, 6, 7, 8],[],,,
66.528,[1, 2, 3, 4, 5, 6, 7, 8],[],,,
67.024,[1, 2, 3, 4, 5, 6, 7, 8],[],,,
67.520,[1, 2, 3, 4, 5, 6, 7, 8],[],,,
68.032,[1, 2, 3, 4, 5, 6, 7, 8],[],,,
68.528,[1, 2, 3, 4, 5, 6, 7, 8],[],,,
69.024,[1, 2, 3, 4, 5, 6, 7, 8],[],,,
69.520,[1, 2, 3, 4, 5, 6, 7, 8],[],,,
70.032,[1, 2, 3, 4, 5, 6, 7, 8],[],,,
70.528,[1, 2, 3, 4, 5, 6, 7, 8],[],,,
71.024,[1, 2, 3, 4, 5, 6, 7, 8],[],,,
71.520,[1, 2, 3, 4, 5, 6, 7, 8],[],,,
72.032,[1, 2, 3, 4, 5, 6, 7, 8],[],,,
72.528,[1, 2, 3, 4, 5, 6, 7, 8],[],,,
73.024,[1, 2, 3, 4, 5, 6, 7, 8],[],,,
73.520,[1, 2, 3, 4, 5, 6, 7, 8],[],,,
74.032,[1, 2, 3, 4, 5, 6, 7, 8],[],,,
74.528,[1, 2, 3, 4, 5, 6, 7, 8],[],,,
75.024,[1, 2, 3, 4, 5, 6, 7, 8],[],,,
75.520,[1, 2, 3, 4, 5, 6, 7, 8],[],,,
76.032,[1, 2, 3, 4, 5, 6, 7, 8],[],,,
76.528,[1, 2, 3, 4, 5, 6, 7, 8],[],,,
77.024,[1, 2, 3, 4, 5, 6, 7, 8],[],,,
77.520,[1, 2, 3, 4, 5, 6, 7, 8],[],,,
78.032,[1, 2, 3, 4, 5, 6, 7, 8],[],,,
78.528,[1, 2, 3, 4, 5, 6, 7, 8],[],,,
79.024,[1, 2, 3, 4, 5, 6, 7, 8],[],,,
79.520,[1, 2, 3, 4, 5, 6, 7, 8],[],,,
80.016,[1, 2, 3, 4, 5, 6, 7, 8],[],,,
80.528,[1, 2, 3, 4, 5, 6, 7, 8],[],,,
81.024,[1, 2, 3, 4, 5, 6, 7, 8],[],,,
81.520,[1, 2, 3, 4, 5, 6, 7, 8],[],,,
82.016,[1, 2, 3, 4, 5, 6, 7, 8],[],,,
82.528,[1, 2, 3, 4, 5, 6, 7, 8],[],,,
83.024,[1, 2, 3, 4, 5, 6, 7, 8],[],,,
83.520,[1, 2, 3, 4, 5, 6, 7, 8],[],,,
84.016,[1, 2, 3, 4, 5, 6, 7, 8],[],,,
84.528,[1, 2, 3, 4, 5, 6, 7, 8],[],,,
85.024,[1, 2, 3, 4, 5, 6, 7, 8],[],,,
85.520,[1, 2, 3, 4, 5, 6, 7, 8],[],,,
86.016,[1, 2, 3, 4, 5, 6, 7, 8],[],,,
86.528,[1, 2, 3, 4, 5, 6, 7, 8],[],,,
87.024,[1, 2, 3, 4, 5, 6, 7, 8],[],,,
87.520,[1, 2, 3, 4, 5, 6, 7, 8],[],,,
88.016,[1, 2, 3, 4, 5, 6, 7, 8],[],,,
88.528,[1, 2, 3, 4, 5, 6, 7, 8],[],,,
89.024,[1, 2, 3, 4, 5, 6, 7, 8],[],,,
89.520,[1, 2, 3, 4, 5, 6, 7, 8],[],,,
90.016,[1, 2, 3, 4, 5, 6, 7, 8],[],,,
90.528,[1, 2, 3, 4, 5, 6, 7, 8],[],,,
91.024,[1, 2, 3, 4, 5, 6, 7, 8],[],,,
91.520,[1, 2, 3, 4, 5, 6, 7, 8],[],,,
92.016,[1, 2, 3, 4, 5, 6, 7, 8],[],,,
92.528,[1, 2, 3, 4, 5, 6, 7, 8],[],,,
93.024,[1, 2, 3, 4, 5, 6, 7, 8],[],,,
93.520,[1, 2, 3, 4, 5, 6, 7, 8],[],,,
94.016,[1, 2, 3, 4, 5, 6, 7, 8],[],,,
94.528,[1, 2, 3, 4, 5, 6, 7, 8],[],,,
95.024,[1, 2, 3, 4, 5, 6, 7, 8],[],,,
95.520,[1, 2, 3, 4, 5, 6, 7, 8],[],,,
96.016,[1, 2, 3, 4, 5, 6, 7, 8],[],,,
96.528,[1, 2, 3, 4, 5, 6, 7, 8],[],,,
97.024,[1, 2, 3, 4, 5, 6, 7, 8],[],,,
97.520,[1, 2, 3, 4, 5, 6, 7, 8],[],,,
98.016,[1, 2, 3, 4, 5, 6, 7, 8],[],,,
98.528,[1, 2, 3, 4, 5, 6, 7, 8],[],,,
99.024,[1, 2, 3, 4, 5, 6, 7, 8],[],,,
99.520,[1, 2, 3, 4, 5, 6, 7, 8],[],,,
100.016,[1, 2, 3, 4, 5, 6, 7, 8],[],,,
100.528,actual,[(1, 6, 0.0, 0.8434206254474094)],[(1, 6)],layered_low_only
101.024,actual,[(1, 6, 0.0, 0.840630522998788)],[(1, 6)],layered_low_only
101.520,actual,[(1, 6, 0.0, 0.8407988564546868)],[(1, 6)],layered_low_only
102.016,actual,[(1, 6, 0.0, 0.8434540824267185)],[(1, 6)],layered_low_only
102.528,actual,[(1, 6, 0.0, 0.8489052056911505)],[(1, 6)],layered_low_only
103.024,[1, 2, 3, 4, 5, 6, 7, 8],[],,,
103.520,[1, 2, 3, 4, 5, 6, 7, 8],[],,,
104.016,[1, 2, 3, 4, 5, 6, 7, 8],[],,,
104.528,[1, 2, 3, 4, 5, 6, 7, 8],[],,,
105.024,[1, 2, 3, 4, 5, 6, 7, 8],[],,,
105.520,[1, 2, 3, 4, 5, 6, 7, 8],[],,,
106.016,[1, 2, 3, 4, 5, 6, 7, 8],[],,,
106.528,[1, 2, 3, 4, 5, 6, 7, 8],[],,,
107.024,[1, 2, 3, 4, 5, 6, 7, 8],[],,,
107.520,[1, 2, 3, 4, 5, 6, 7, 8],[],,,
108.016,[1, 2, 3, 4, 5, 6, 7, 8],[],,,
108.528,[1, 2, 3, 4, 5, 6, 7, 8],[],,,
109.024,[1, 2, 3, 4, 5, 6, 7, 8],[],,,
109.520,[1, 2, 3, 4, 5, 6, 7, 8],[],,,
110.016,[1, 2, 3, 4, 5, 6, 7, 8],[],,,
110.528,[1, 2, 3, 4, 5, 6, 7, 8],[],,,
111.024,[1, 2, 3, 4, 5, 6, 7, 8],[],,,
111.520,[1, 2, 3, 4, 5, 6, 7, 8],[],,,
112.016,[1, 2, 3, 4, 5, 6, 7, 8],[],,,
112.528,[1, 2, 3, 4, 5, 6, 7, 8],[],,,
113.024,[1, 2, 3, 4, 5, 6, 7, 8],[],,,
113.520,[1, 2, 3, 4, 5, 6, 7, 8],[],,,
114.016,[1, 2, 3, 4, 5, 6, 7, 8],[],,,
114.528,[1, 2, 3, 4, 5, 6, 7, 8],[],,,
115.024,[1, 2, 3, 4, 5, 6, 7, 8],[],,,
115.520,[1, 2, 3, 4, 5, 6, 7, 8],[],,,
116.016,[1, 2, 3, 4, 5, 6, 7, 8],[],,,
116.528,[1, 2, 3, 4, 5, 6, 7, 8],[],,,
117.024,[1, 2, 3, 4, 5, 6, 7, 8],[],,,
117.520,[1, 2, 3, 4, 5, 6, 7, 8],[],,,
118.016,[1, 2, 3, 4, 5, 6, 7, 8],[],,,
118.528,[1, 2, 3, 4, 5, 6, 7, 8],[],,,
119.024,[1, 2, 3, 4, 5, 6, 7, 8],[],,,
119.520,[1, 2, 3, 4, 5, 6, 7, 8],[],,,
120.016,[1, 2, 3, 4, 5, 6, 7, 8],[],,,
120.528,[1, 2, 3, 4, 5, 6, 7, 8],[],,,
121.024,[1, 2, 3, 4, 5, 6, 7, 8],[],,,
121.520,[1, 2, 3, 4, 5, 6, 7, 8],[],,,
122.016,[1, 2, 3, 4, 5, 6, 7, 8],[],,,
122.528,[1, 2, 3, 4, 5, 6, 7, 8],[],,,
123.024,[1, 2, 3, 4, 5, 6, 7, 8],[],,,
123.520,[1, 2, 3, 4, 5, 6, 7, 8],[],,,
124.016,[1, 2, 3, 4, 5, 6, 7, 8],[],,,
124.528,[1, 2, 3, 4, 5, 6, 7, 8],[],,,
125.024,[1, 2, 3, 4, 5, 6, 7, 8],[],,,
125.520,[1, 2, 3, 4, 5, 6, 7, 8],[],,,
126.016,[1, 2, 3, 4, 5, 6, 7, 8],[],,,
126.528,[1, 2, 3, 4, 5, 6, 7, 8],[],,,
127.024,[1, 2, 3, 4, 5, 6, 7, 8],[],,,
127.520,[1, 2, 3, 4, 5, 6, 7, 8],[],,,
128.016,[1, 2, 3, 4, 5, 6, 7, 8],[],,,
128.528,[1, 2, 3, 4, 5, 6, 7, 8],[],,,
129.024,[1, 2, 3, 4, 5, 6, 7, 8],[],,,
129.520,[1, 2, 3, 4, 5, 6, 7, 8],[],,,
130.016,[1, 2, 3, 4, 5, 6, 7, 8],[],,,
130.528,[1, 2, 3, 4, 5, 6, 7, 8],[],,,
131.024,[1, 2, 3, 4, 5, 6, 7, 8],[],,,
131.520,[1, 2, 3, 4, 5, 6, 7, 8],[],,,
132.016,[1, 2, 3, 4, 5, 6, 7, 8],[],,,
132.528,[1, 2, 3, 4, 5, 6, 7, 8],[],,,
133.024,[1, 2, 3, 4, 5, 6, 7, 8],[],,,
133.520,[1, 2, 3, 4, 5, 6, 7, 8],[],,,
134.016,[1, 2, 3, 4, 5, 6, 7, 8],[],,,
134.528,[1, 2, 3, 4, 5, 6, 7, 8],[],,,
135.024,[1, 2, 3, 4, 5, 6, 7, 8],[],,,
135.520,[1, 2, 3, 4, 5, 6, 7, 8],[],,,
136.016,[1, 2, 3, 4, 5, 6, 7, 8],[],,,
136.528,[1, 2, 3, 4, 5, 6, 7, 8],[],,,
137.024,[1, 2, 3, 4, 5, 6, 7, 8],[],,,
137.520,[1, 2, 3, 4, 5, 6, 7, 8],[],,,
138.016,[1, 2, 3, 4, 5, 6, 7, 8],[],,,
138.528,[1, 2, 3, 4, 5, 6, 7, 8],[],,,
139.024,[1, 2, 3, 4, 5, 6, 7, 8],[],,,
139.520,[1, 2, 3, 4, 5, 6, 7, 8],[],,,
140.016,[1, 2, 3, 4, 5, 6, 7, 8],[],,,
140.528,[1, 2, 3, 4, 5, 6, 7, 8],[],,,
141.024,[1, 2, 3, 4, 5, 6, 7, 8],[],,,
141.520,[1, 2, 3, 4, 5, 6, 7, 8],[],,,
142.016,[1, 2, 3, 4, 5, 6, 7, 8],[],,,
142.528,[1, 2, 3, 4, 5, 6, 7, 8],[],,,
143.024,[1, 2, 4, 5, 6, 7, 8],[],,,
143.520,[1, 2, 3, 4, 5, 6, 7, 8],[],,,
144.016,[1, 2, 3, 4, 5, 6, 7, 8],[],,,
144.528,[1, 2, 3, 4, 5, 6, 7, 8],[],,,
145.024,[1, 2, 3, 4, 5, 6, 7, 8],[],,,
145.520,[1, 2, 3, 4, 5, 6, 7, 8],[],,,
146.016,[1, 2, 3, 4, 5, 6, 7, 8],[],,,
146.528,[1, 2, 3, 4, 5, 6, 7, 8],[],,,
147.024,[1, 2, 3, 4, 5, 6, 7, 8],[],,,
147.520,[1, 2, 3, 4, 5, 6, 7, 8],[],,,
148.016,[1, 2, 3, 4, 5, 6, 7, 8],[],,,
148.528,[1, 2, 3, 4, 5, 6, 7, 8],[],,,
149.024,[1, 2, 3, 4, 5, 6, 7, 8],[],,,
149.520,[1, 2, 3, 4, 5, 6, 7, 8],[],,,
150.016,[1, 2, 3, 4, 5, 6, 7, 8],[],,,
150.528,[1, 2, 3, 4, 5, 6, 7, 8],[],,,
151.024,[1, 2, 3, 4, 5, 6, 7, 8],[],,,
151.520,[1, 2, 3, 4, 5, 6, 7, 8],[],,,
152.016,[1, 2, 3, 4, 5, 6, 7, 8],[],,,
152.528,[1, 2, 3, 4, 5, 6, 7, 8],[],,,
153.024,[1, 2, 3, 4, 5, 6, 7, 8],[],,,
153.520,[1, 2, 3, 4, 5, 6, 7, 8],[],,,
154.016,[1, 2, 3, 4, 5, 6, 7, 8],[],,,
154.528,[1, 2, 3, 4, 5, 6, 7, 8],[],,,
155.024,[1, 2, 3, 4, 5, 6, 7, 8],[],,,
155.520,[1, 2, 3, 4, 5, 6, 7, 8],[],,,
156.016,[1, 2, 3, 4, 5, 6, 7, 8],[],,,
156.528,[1, 2, 3, 4, 5, 6, 7, 8],[],,,
157.024,[1, 2, 3, 4, 5, 6, 7, 8],[],,,
157.520,[1, 2, 3, 4, 5, 6, 7, 8],[],,,
158.032,[1, 2, 3, 4, 5, 6, 7, 8],[],,,
158.528,[1, 2, 3, 4, 5, 6, 7, 8],[],,,
159.024,[1, 2, 3, 4, 5, 6, 7, 8],[],,,
159.520,[1, 2, 3, 4, 5, 6, 7, 8],[],,,
160.032,[1, 2, 3, 4, 5, 6, 7, 8],[],,,
160.528,[1, 2, 3, 4, 5, 6, 7, 8],[],,,
161.024,[1, 2, 3, 4, 5, 6, 7, 8],[],,,
161.520,[1, 2, 3, 4, 5, 6, 7, 8],[],,,
162.032,[1, 2, 3, 4, 5, 6, 7, 8],[],,,
162.528,[1, 2, 3, 4, 5, 6, 7, 8],[],,,
163.024,[1, 2, 3, 4, 5, 6, 7, 8],[],,,
163.520,[1, 2, 3, 4, 5, 6, 7, 8],[],,,
164.032,[1, 2, 3, 4, 5, 6, 7, 8],[],,,
164.528,[1, 2, 3, 4, 5, 6, 7, 8],[],,,
165.024,[1, 2, 3, 4, 5, 6, 7, 8],[],,,
165.520,[1, 2, 3, 4, 5, 6, 7, 8],[],,,
166.032,[1, 2, 3, 4, 5, 6, 7, 8],[],,,
166.528,[1, 2, 3, 4, 5, 6, 7, 8],[],,,
167.024,[1, 2, 3, 4, 5, 6, 7, 8],[],,,
167.520,[1, 2, 3, 4, 5, 6, 7, 8],[],,,
168.032,[1, 2, 3, 4, 5, 6, 7, 8],[],,,
168.528,[1, 2, 3, 4, 5, 6, 7, 8],[],,,
169.024,[1, 2, 3, 4, 5, 6, 7, 8],[],,,
169.520,[1, 2, 3, 4, 5, 6, 7, 8],[],,,
170.032,[1, 2, 3, 4, 5, 6, 7, 8],[],,,
170.528,[1, 2, 3, 4, 5, 6, 7, 8],[],,,
171.024,[1, 2, 3, 4, 5, 6, 7, 8],[],,,
171.520,[1, 2, 3, 4, 5, 6, 7, 8],[],,,
172.032,[1, 2, 3, 4, 5, 6, 7, 8],[],,,
172.528,[1, 2, 3, 4, 5, 6, 7, 8],[],,,
173.024,[1, 2, 3, 4, 5, 6, 7, 8],[],,,
173.520,[1, 2, 3, 4, 5, 6, 7, 8],[],,,
174.032,[1, 2, 3, 4, 5, 6, 7, 8],[],,,
174.528,[1, 2, 3, 4, 5, 6, 7, 8],[],,,
175.024,[1, 2, 3, 4, 5, 6, 7, 8],[],,,
175.520,[1, 2, 3, 4, 5, 6, 7, 8],[],,,
176.032,[1, 2, 3, 4, 5, 6, 7, 8],[],,,
176.528,[1, 2, 3, 4, 5, 6, 7, 8],[],,,
177.024,[1, 2, 3, 4, 5, 6, 7, 8],[],,,
177.520,[1, 2, 3, 4, 5, 6, 7, 8],[],,,
178.032,[1, 2, 3, 4, 5, 6, 7, 8],[],,,
178.528,[1, 2, 3, 4, 5, 6, 7, 8],[],,,
179.024,[1, 2, 3, 4, 5, 6, 7, 8],[],,,
179.520,[1, 2, 3, 4, 5, 6, 7, 8],[],,,
180.032,[1, 2, 3, 4, 5, 6, 7, 8],[],,,
180.528,[1, 2, 3, 4, 5, 6, 7, 8],[],,,
181.024,[1, 2, 3, 4, 5, 6, 7, 8],[],,,
181.520,[1, 2, 3, 4, 5, 6, 7, 8],[],,,
182.032,[1, 2, 3, 4, 5, 6, 7, 8],[],,,
182.528,[1, 2, 3, 4, 5, 6, 7, 8],[],,,
183.024,[1, 2, 3, 4, 5, 6, 7, 8],[],,,
183.520,[1, 2, 3, 4, 5, 6, 7, 8],[],,,
184.032,[1, 2, 3, 4, 5, 6, 7, 8],[],,,
184.528,[1, 2, 3, 4, 5, 6, 7, 8],[],,,
185.024,[1, 2, 3, 4, 5, 6, 7, 8],[],,,
185.520,[1, 2, 3, 4, 5, 6, 7, 8],[],,,
186.032,[1, 2, 3, 4, 5, 6, 7, 8],[],,,
186.528,[1, 2, 3, 4, 5, 6, 7, 8],[],,,
187.024,[1, 2, 3, 4, 5, 6, 7, 8],[],,,
187.520,[1, 2, 3, 4, 5, 6, 7, 8],[],,,
188.032,[1, 2, 3, 4, 5, 6, 7, 8],[],,,
188.528,[1, 2, 3, 4, 5, 6, 7, 8],[],,,
189.024,[1, 2, 3, 4, 5, 6, 7, 8],[],,,
189.520,[1, 2, 3, 4, 5, 6, 7, 8],[],,,
190.032,[1, 2, 3, 4, 5, 6, 7, 8],[],,,
190.528,[1, 2, 3, 4, 5, 6, 7, 8],[],,,
191.024,[1, 2, 3, 4, 5, 6, 7, 8],[],,,
191.520,[1, 2, 3, 4, 5, 6, 7, 8],[],,,
192.032,[1, 2, 3, 4, 5, 6, 7, 8],[],,,
192.528,[1, 2, 3, 4, 5, 6, 7, 8],[],,,
193.024,[1, 2, 3, 4, 5, 6, 7, 8],[],,,
193.520,[1, 2, 3, 4, 5, 6, 7, 8],[],,,
194.032,[1, 2, 3, 4, 5, 6, 7, 8],[],,,
194.528,[1, 2, 3, 4, 5, 6, 7, 8],[],,,
195.024,[1, 2, 3, 4, 5, 6, 7, 8],[],,,
195.520,[1, 2, 3, 4, 5, 6, 7, 8],[],,,
196.032,[1, 2, 3, 4, 5, 6, 7, 8],[],,,
196.528,[1, 2, 3, 4, 5, 6, 7, 8],[],,,
197.024,[1, 2, 3, 4, 5, 6, 7, 8],[],,,
197.520,[1, 2, 3, 4, 5, 6, 7, 8],[],,,
198.032,[1, 2, 3, 4, 5, 6, 7, 8],[],,,
198.528,[1, 2, 3, 4, 5, 6, 7, 8],[],,,
199.024,[1, 2, 3, 4, 5, 6, 7, 8],[],,,
199.520,[1, 2, 3, 4, 5, 6, 7, 8],[],,,
200.032,[1, 2, 3, 4, 5, 6, 7, 8],[],,,
200.528,[1, 2, 3, 4, 5, 6, 7, 8],[],,,
201.024,[1, 2, 3, 4, 5, 6, 7, 8],[],,,
201.520,[1, 2, 3, 4, 5, 6, 7, 8],[],,,
202.032,[1, 2, 3, 4, 5, 6, 7, 8],[],,,
202.528,[1, 2, 3, 4, 5, 6, 7, 8],[],,,
203.024,[1, 2, 3, 4, 5, 6, 7, 8],[],,,
203.520,[1, 2, 3, 4, 5, 6, 7, 8],[],,,
204.032,[1, 2, 3, 4, 5, 6, 7, 8],[],,,
204.528,[1, 2, 3, 4, 5, 6, 7, 8],[],,,
205.024,[1, 2, 3, 4, 5, 6, 7, 8],[],,,
205.520,[1, 2, 3, 4, 5, 6, 7, 8],[],,,
206.032,[1, 2, 3, 4, 5, 6, 7, 8],[],,,
206.528,[1, 2, 3, 4, 5, 6, 7, 8],[],,,
207.024,[1, 2, 3, 4, 5, 6, 7, 8],[],,,
207.520,[1, 2, 3, 4, 5, 6, 7, 8],[],,,
208.032,[1, 2, 3, 4, 5, 6, 7, 8],[],,,
208.528,[1, 2, 3, 4, 5, 6, 7, 8],[],,,
209.024,[1, 2, 3, 4, 5, 6, 7, 8],[],,,
209.520,[1, 2, 3, 4, 5, 6, 7, 8],[],,,
210.032,[1, 2, 3, 4, 5, 6, 7, 8],[],,,
210.528,[1, 2, 3, 4, 5, 6, 7, 8],[],,,
211.024,[1, 2, 3, 4, 5, 6, 7, 8],[],,,
211.520,[1, 2, 3, 4, 5, 6, 7, 8],[],,,
212.032,[1, 2, 3, 4, 5, 6, 7, 8],[],,,
212.528,[1, 2, 3, 4, 5, 6, 7, 8],[],,,
213.024,[1, 2, 3, 4, 5, 6, 7, 8],[],,,
213.520,[1, 2, 3, 4, 5, 6, 7, 8],[],,,
214.032,[1, 2, 3, 4, 5, 6, 7, 8],[],,,
214.528,[1, 2, 3, 4, 5, 6, 7, 8],[],,,
215.024,[1, 2, 3, 4, 5, 6, 7, 8],[],,,
215.520,[1, 2, 3, 4, 5, 6, 7, 8],[],,,
216.032,[1, 2, 3, 4, 5, 6, 7, 8],[],,,
216.528,[1, 2, 3, 4, 5, 6, 7, 8],[],,,
217.024,[1, 2, 3, 4, 5, 6, 7, 8],[],,,
217.520,[1, 2, 3, 4, 5, 6, 7, 8],[],,,
218.032,[1, 2, 3, 4, 5, 6, 7, 8],[],,,
218.528,[1, 2, 3, 4, 5, 6, 7, 8],[],,,
219.024,[1, 2, 3, 4, 5, 6, 7, 8],[],,,
219.520,[1, 2, 3, 4, 5, 6, 7, 8],[],,,
220.032,[1, 2, 3, 4, 5, 6, 7, 8],[],,,
220.528,[1, 2, 3, 4, 5, 6, 7, 8],[],,,
221.024,[1, 2, 3, 4, 5, 6, 7, 8],[],,,
221.520,[1, 2, 3, 4, 5, 6, 7, 8],[],,,
222.032,[1, 2, 3, 4, 5, 6, 7, 8],[],,,
222.528,[1, 2, 3, 4, 5, 6, 7, 8],[],,,
223.024,[1, 2, 3, 4, 5, 6, 7, 8],[],,,
223.520,[1, 2, 3, 4, 5, 6, 7, 8],[],,,
224.032,[1, 2, 3, 4, 5, 6, 7, 8],[],,,
224.528,[1, 2, 3, 4, 5, 6, 7, 8],[],,,
225.024,[1, 2, 3, 4, 5, 6, 7, 8],[],,,
225.520,[1, 2, 3, 4, 5, 6, 7, 8],[],,,
226.032,[1, 2, 3, 4, 5, 6, 7, 8],[],,,
226.528,[1, 2, 3, 4, 5, 6, 7, 8],[],,,
227.024,[1, 2, 3, 4, 5, 6, 7, 8],[],,,
227.520,[1, 2, 3, 4, 5, 6, 7, 8],[],,,
228.032,[1, 2, 3, 4, 5, 6, 7, 8],[],,,
228.528,[1, 2, 3, 4, 5, 6, 7, 8],[],,,
229.024,[1, 2, 3, 4, 5, 6, 7, 8],[],,,
229.520,[1, 2, 3, 4, 5, 6, 7, 8],[],,,
230.032,[1, 2, 3, 4, 5, 6, 7, 8],[],,,
230.528,[1, 2, 3, 4, 5, 6, 7, 8],[],,,
231.024,[1, 2, 3, 4, 5, 6, 7, 8],[],,,
231.520,[1, 2, 3, 4, 5, 6, 7, 8],[],,,
232.032,[1, 2, 3, 4, 5, 6, 7, 8],[],,,
232.528,[1, 2, 3, 4, 5, 6, 7, 8],[],,,
233.024,[1, 2, 3, 4, 5, 6, 7, 8],[],,,
233.520,[1, 2, 3, 4, 5, 6, 7, 8],[],,,
234.032,[1, 2, 3, 4, 5, 6, 7, 8],[],,,
234.528,[1, 2, 3, 4, 5, 6, 7, 8],[],,,
235.024,[1, 2, 3, 4, 5, 6, 7, 8],[],,,
235.520,[1, 2, 3, 4, 5, 6, 7, 8],[],,,
236.032,[1, 2, 3, 4, 5, 6, 7, 8],[],,,
236.528,[1, 2, 3, 4, 5, 6, 7, 8],[],,,
237.024,[1, 2, 3, 4, 5, 6, 7, 8],[],,,
237.520,[1, 2, 3, 4, 5, 6, 7, 8],[],,,
238.032,[1, 2, 3, 4, 5, 6, 7, 8],[],,,
238.528,[1, 2, 3, 4, 5, 6, 7, 8],[],,,
239.024,[1, 2, 3, 4, 5, 6, 7, 8],[],,,
239.520,[1, 2, 3, 4, 5, 6, 7, 8],[],,,
240.032,[1, 2, 3, 4, 5, 6, 7, 8],[],,,
240.528,[1, 2, 3, 4, 5, 6, 7, 8],[],,,
241.024,[1, 2, 3, 4, 5, 6, 7, 8],[],,,
241.520,[1, 2, 3, 4, 5, 6, 7, 8],[],,,
242.032,[1, 2, 3, 4, 5, 6, 7, 8],[],,,
242.528,[1, 2, 3, 4, 5, 6, 7, 8],[],,,
243.024,[1, 2, 3, 4, 5, 6, 7, 8],[],,,
243.520,[1, 2, 3, 4, 5, 6, 7, 8],[],,,
244.032,[1, 2, 3, 4, 5, 6, 7, 8],[],,,
244.528,[1, 2, 3, 4, 5, 6, 7, 8],[],,,
245.024,[1, 2, 3, 4, 5, 6, 7, 8],[],,,
245.520,[1, 2, 3, 4, 5, 6, 7, 8],[],,,
246.032,[1, 2, 3, 4, 5, 6, 7, 8],[],,,
246.528,[1, 2, 3, 4, 5, 6, 7, 8],[],,,
247.024,[1, 2, 3, 4, 5, 6, 7, 8],[],,,
247.520,[1, 2, 3, 4, 5, 6, 7, 8],[],,,
248.032,[1, 2, 3, 4, 5, 6, 7, 8],[],,,
248.528,[1, 2, 3, 4, 5, 6, 7, 8],[],,,
249.024,[1, 2, 3, 4, 5, 6, 7, 8],[],,,
249.520,[1, 2, 3, 4, 5, 6, 7, 8],[],,,
250.032,[1, 2, 3, 4, 5, 6, 7, 8],[],,,
250.528,[1, 2, 3, 4, 5, 6, 7, 8],[],,,
251.024,[1, 2, 3, 4, 5, 6, 7, 8],[(2, 6, 6.0, 0.717002809972675)],,,
251.520,[1, 2, 3, 4, 5, 6, 7, 8],[],,,
252.032,[1, 2, 3, 4, 5, 6, 7, 8],[],,,
252.528,[1, 2, 3, 4, 5, 6, 7, 8],[],,,
253.024,[1, 2, 3, 4, 5, 6, 7, 8],[],,,
253.520,[1, 2, 3, 4, 5, 6, 7, 8],[],,,
254.032,[1, 2, 3, 4, 5, 6, 7, 8],[],,,
254.528,[1, 2, 3, 4, 5, 6, 7, 8],[],,,
255.024,[1, 2, 3, 4, 5, 6, 7, 8],[],,,
255.520,[1, 2, 3, 4, 5, 6, 7, 8],[],,,
256.032,[1, 2, 3, 4, 5, 6, 7, 8],[],,,
256.528,[1, 2, 3, 4, 5, 6, 7, 8],[],,,
257.024,[1, 2, 3, 4, 5, 6, 7, 8],[],,,
257.520,[1, 2, 3, 4, 5, 6, 7, 8],[],,,
258.032,[1, 2, 3, 4, 5, 6, 7, 8],[],,,
258.528,[1, 2, 3, 4, 5, 6, 7, 8],[],,,
259.024,[1, 2, 3, 4, 5, 6, 7, 8],[],,,
259.520,[1, 2, 3, 4, 5, 6, 7, 8],[],,,
260.032,[1, 2, 3, 4, 5, 6, 7, 8],[],,,
260.528,[1, 2, 3, 4, 5, 6, 7, 8],[],,,
261.024,[1, 2, 3, 4, 5, 6, 7, 8],[],,,
261.520,[1, 2, 3, 4, 5, 6, 7, 8],[],,,
262.032,[1, 2, 3, 4, 5, 6, 7, 8],[],,,
262.528,[1, 2, 3, 4, 5, 6, 7, 8],[],,,
263.024,[1, 2, 3, 4, 5, 6, 7, 8],[],,,
263.520,[1, 2, 3, 4, 5, 6, 7, 8],[],,,
264.032,[1, 2, 3, 4, 5, 6, 7, 8],[],,,
264.528,[1, 2, 3, 4, 5, 6, 7, 8],[],,,
265.024,[1, 2, 3, 4, 5, 6, 7, 8],[],,,
265.520,[1, 2, 3, 4, 5, 6, 7, 8],[],,,
266.032,[1, 2, 3, 4, 5, 6, 7, 8],[],,,
266.528,[1, 2, 3, 4, 5, 6, 7, 8],[],,,
267.024,[1, 2, 3, 4, 5, 6, 7, 8],[],,,
267.520,[1, 2, 3, 4, 5, 6, 7, 8],[],,,
268.032,[1, 2, 3, 4, 5, 6, 7, 8],[],,,
268.528,[1, 2, 3, 4, 5, 6, 7, 8],[],,,
269.024,[1, 2, 3, 4, 5, 6, 7, 8],[],,,
269.520,[1, 2, 3, 4, 5, 6, 7, 8],[],,,
270.032,[1, 2, 3, 4, 5, 6, 7, 8],[],,,
270.528,[1, 2, 3, 4, 5, 6, 7, 8],[],,,
271.024,[1, 2, 3, 4, 5, 6, 7, 8],[],,,
271.520,[1, 2, 3, 4, 5, 6, 7, 8],[],,,
272.032,[1, 2, 3, 4, 5, 6, 7, 8],[],,,
272.528,[1, 2, 3, 4, 5, 6, 7, 8],[],,,
273.024,[1, 2, 3, 4, 5, 6, 7, 8],[],,,
273.520,[1, 2, 3, 4, 5, 6, 7, 8],[],,,
274.032,[1, 2, 3, 4, 5, 6, 7, 8],[],,,
274.528,[1, 2, 3, 4, 5, 6, 7, 8],[],,,
275.024,[1, 2, 3, 4, 5, 6, 7, 8],[],,,
275.520,[1, 2, 3, 4, 5, 6, 7, 8],[],,,
276.032,[1, 2, 3, 4, 5, 6, 7, 8],[],,,
276.528,[1, 2, 3, 4, 5, 6, 7, 8],[],,,
277.024,[1, 2, 3, 4, 5, 6, 7, 8],[],,,
277.520,[1, 2, 3, 4, 5, 6, 7, 8],[],,,
278.032,[1, 2, 3, 4, 5, 6, 7, 8],[],,,
278.528,[1, 2, 3, 4, 5, 6, 7, 8],[],,,
279.024,[1, 2, 3, 4, 5, 6, 7, 8],[],,,
279.520,[1, 2, 3, 4, 5, 6, 7, 8],[],,,
280.032,[1, 2, 3, 4, 5, 6, 7, 8],[],,,
280.528,[1, 2, 3, 4, 5, 6, 7, 8],[],,,
281.024,[1, 2, 3, 4, 5, 6, 7, 8],[],,,
281.520,[1, 2, 3, 4, 5, 6, 7, 8],[],,,
282.032,[1, 2, 3, 4, 5, 6, 7, 8],[],,,
282.528,[1, 2, 3, 4, 5, 6, 7, 8],[],,,
283.024,[1, 2, 3, 4, 5, 6, 7, 8],[],,,
283.520,[1, 2, 3, 4, 5, 6, 7, 8],[],,,
284.032,[1, 2, 3, 4, 5, 6, 7, 8],[],,,
284.528,[1, 2, 3, 4, 5, 6, 7, 8],[],,,
285.024,[1, 2, 3, 4, 5, 6, 7, 8],[],,,
285.520,[1, 2, 3, 4, 5, 6, 7, 8],[],,,
286.032,[1, 2, 3, 4, 5, 6, 7, 8],[],,,
286.528,[1, 2, 3, 4, 5, 6, 7, 8],[],,,
287.024,[2, 3, 4, 5, 6, 7, 8],[],,,
287.520,[2, 3, 4, 5, 6, 7, 8],[],,,
288.032,[2, 3, 4, 5, 6, 7, 8],[],,,
288.528,[2, 3, 4, 5, 6, 7, 8],[],,,
289.024,[2, 3, 4, 5, 6, 7, 8],[],,,
289.520,[2, 3, 4, 5, 6, 7, 8],[],,,
290.032,[2, 3, 4, 5, 6, 7, 8],[],,,
290.528,[2, 3, 4, 5, 6, 7, 8],[],,,
291.024,[2, 3, 4, 5, 6, 7, 8],[],,,
291.520,[2, 3, 4, 5, 6, 7, 8],[],,,
292.032,[1, 2, 3, 4, 5, 6, 7, 8],[],,,
292.528,[1, 2, 3, 4, 5, 6, 7, 8],[],,,
293.024,[1, 2, 3, 4, 5, 6, 7, 8],[],,,
293.520,[1, 2, 3, 4, 5, 6, 7, 8],[],,,
294.032,[1, 2, 3, 4, 5, 6, 7, 8],[],,,
294.528,[1, 2, 3, 4, 5, 6, 7, 8],[],,,
295.024,[1, 2, 3, 4, 5, 6, 7, 8],[],,,
295.520,[1, 2, 3, 4, 5, 6, 7, 8],[],,,
296.032,[1, 2, 3, 4, 5, 6, 7, 8],[],,,
296.528,[1, 2, 3, 4, 5, 6, 7, 8],[],,,
297.024,[1, 2, 3, 4, 5, 6, 7, 8],[],,,
297.520,[1, 2, 3, 4, 5, 6, 7, 8],[],,,
298.032,[1, 2, 3, 4, 5, 6, 7, 8],[],,,
298.528,[1, 2, 3, 4, 5, 6, 7, 8],[],,,
299.024,[1, 2, 3, 4, 5, 6, 7, 8],[(2, 4, 1.25, 0.6333802391833028)],,,
299.520,[1, 2, 3, 4, 5, 6, 7, 8],[(2, 4, 1.5, 0.7014457140596719)],,,
300.032,actual,[(2, 4, 0.0, 0.8201845526417177)],[(2, 4)],layered_low_only
300.528,actual,[(2, 4, 0.0, 0.7604269410216463)],[(2, 4)],layered_low_only
301.024,actual,[(2, 4, 0.0, 0.7002652991439392)],[(2, 4)],layered_low_only
301.520,actual,[(2, 4, 0.0, 0.6659523283438861)],[(2, 4)],layered_low_only
302.016,actual,[(2, 4, 0.0, 0.6494586599931012)],[(2, 4)],layered_low_only
302.528,actual,[(2, 4, 0.0, 0.6494589326750938)],[(2, 4)],layered_low_only
303.024,actual,[(2, 4, 0.0, 0.6494589402253753)],[(2, 4)],layered_low_only
303.520,actual,[(2, 4, 0.0, 0.6494589405094233)],[(2, 4)],layered_low_only
304.016,actual,[(2, 4, 0.0, 0.6495518719787061)],[(2, 4)],layered_low_only
304.528,actual,[(2, 4, 0.0, 0.6494589405175029)],[(2, 4)],layered_low_only
305.024,actual,[(2, 4, 0.0, 0.6494589405175062)],[(2, 4)],layered_low_only
305.520,actual,[(2, 4, 0.0, 0.6494589405175062)],[(2, 4)],layered_low_only
306.016,actual,[(2, 4, 0.0, 0.6494589405175062)],[(2, 4)],layered_low_only
306.528,actual,[(2, 4, 0.0, 0.6494589405175062)],[(2, 4)],layered_low_only
307.024,actual,[(2, 4, 0.0, 0.6494589405175056)],[(2, 4)],layered_low_only
307.520,actual,[(2, 4, 0.0, 0.6494589405175057)],[(2, 4)],layered_low_only
308.016,actual,[(2, 4, 0.0, 0.6495518719789268)],[(2, 4)],layered_low_only
308.528,actual,[(2, 4, 0.0, 0.6494589405175057)],[(2, 4)],layered_low_only
309.024,actual,[(2, 4, 0.0, 0.6494589405175057)],[(2, 4)],layered_low_only
309.520,actual,[(2, 4, 0.0, 0.6494589405175059)],[(2, 4)],layered_low_only
310.016,actual,[(2, 4, 0.0, 0.6494589405175059)],[(2, 4)],layered_low_only
310.528,actual,[(2, 4, 0.0, 0.6494589405175059), (7, 8, 0.0, 0.7964845666523858)],[(2, 4), (7, 8)],layered_low_only
311.024,actual,[(2, 4, 0.0, 0.6494589405175059), (7, 8, 0.0, 0.7771867009639956)],[(2, 4), (7, 8)],layered_low_only
311.520,actual,[(2, 4, 0.0, 0.6494589405175059), (3, 7, 0.0, 0.8199574000443807), (7, 8, 0.0, 0.7602681078945779)],[(2, 4), (3, 7, 8)],layered_low_only
312.016,actual,[(2, 4, 0.0, 0.6495518719789269), (3, 7, 0.0, 0.7942838488736038), (7, 8, 0.0, 0.7439471924044099)],[(2, 4), (3, 7, 8)],layered_low_only
312.528,actual,[(2, 4, 0.0, 0.6494589405175059), (3, 7, 0.0, 0.7697053162157192), (7, 8, 0.0, 0.7259584647687636)],[(2, 4), (3, 7, 8)],layered_low_only
313.024,actual,[(2, 4, 0.0, 0.6494589405175059), (3, 7, 0.0, 0.749625453462345), (7, 8, 0.0, 0.709113582862865)],[(2, 4), (3, 7, 8)],layered_low_only
313.520,actual,[(2, 4, 0.0, 0.6494589405175059), (3, 7, 0.0, 0.7617261788007222), (7, 8, 0.0, 0.6797853516413055)],[(2, 4), (3, 7, 8)],layered_low_only
314.016,actual,[(2, 4, 0.0, 0.6494589405175059), (3, 7, 0.0, 0.7727143549920512), (7, 8, 0.0, 0.66386259115644)],[(2, 4), (3, 7, 8)],layered_low_only
314.528,actual,[(2, 4, 0.0, 0.6494589405175059), (3, 7, 0.0, 0.7866292552956609), (7, 8, 0.0, 0.6495799241692868)],[(2, 4), (3, 7, 8)],layered_low_only
315.024,actual,[(2, 4, 0.0, 0.6494589405175059), (3, 7, 0.0, 0.7998889746076772), (7, 8, 0.0, 0.6495849841180436)],[(2, 4), (3, 7, 8)],layered_low_only
315.520,actual,[(2, 4, 0.0, 0.6494589405175059), (3, 7, 0.0, 0.8250488612991832), (7, 8, 0.0, 0.6495850126745936)],[(2, 4), (3, 7, 8)],layered_low_only
316.016,actual,[(2, 4, 0.0, 0.6495518719789269), (7, 8, 0.0, 0.6496345882569661)],[(2, 4), (7, 8)],layered_low_only
316.528,actual,[(2, 4, 0.0, 0.6494589405175059), (7, 8, 0.0, 0.6495850131199198)],[(2, 4), (7, 8)],layered_low_only
317.024,actual,[(2, 4, 0.0, 0.6494589405175059), (7, 8, 0.0, 0.6495850131201072)],[(2, 4), (7, 8)],layered_low_only
317.520,actual,[(2, 4, 0.0, 0.6494589405175059), (7, 8, 0.0, 0.6495850131201117)],[(2, 4), (7, 8)],layered_low_only
318.016,actual,[(2, 4, 0.0, 0.6494589405175059), (7, 8, 0.0, 0.6495850131201121)],[(2, 4), (7, 8)],layered_low_only
318.528,actual,[(2, 4, 0.0, 0.6494589405175059), (7, 8, 0.0, 0.6495850131201121)],[(2, 4), (7, 8)],layered_low_only
319.024,actual,[(2, 4, 0.0, 0.6494589405175059), (7, 8, 0.0, 0.649585013120112)],[(2, 4), (7, 8)],layered_low_only
319.520,actual,[(2, 4, 0.0, 0.6494589405175059), (7, 8, 0.0, 0.6495850131201125)],[(2, 4), (7, 8)],layered_low_only
320.016,actual,[(2, 4, 0.0, 0.6495518719789269), (7, 8, 0.0, 0.6496345882670989)],[(2, 4), (7, 8)],layered_low_only
320.528,actual,[(2, 4, 0.0, 0.6494589405175059), (7, 8, 0.0, 0.6495850131201126)],[(2, 4), (7, 8)],layered_low_only
321.024,actual,[(2, 4, 0.0, 0.6494589405175059), (7, 8, 0.0, 0.6495850131201126)],[(2, 4), (7, 8)],layered_low_only
321.520,actual,[(2, 4, 0.0, 0.6494589405175059), (7, 8, 0.0, 0.6495850131201126)],[(2, 4), (7, 8)],layered_low_only
322.016,actual,[(2, 4, 0.0, 0.6494589405175059), (7, 8, 0.0, 0.6495850131201126)],[(2, 4), (7, 8)],layered_low_only
322.528,actual,[(2, 4, 0.0, 0.6494589405175059), (7, 8, 0.0, 0.6495850131201126)],[(2, 4), (7, 8)],layered_low_only
323.024,actual,[(2, 4, 0.0, 0.6494589405175059), (7, 8, 0.0, 0.6495850131201126)],[(2, 4), (7, 8)],layered_low_only
323.520,actual,[(2, 4, 0.0, 0.6494589405175059), (7, 8, 0.0, 0.6495850131201126)],[(2, 4), (7, 8)],layered_low_only
324.016,actual,[(2, 4, 0.0, 0.6495518719789269), (7, 8, 0.0, 0.649634588267099)],[(2, 4), (7, 8)],layered_low_only
324.528,actual,[(2, 4, 0.0, 0.6494589405175059), (7, 8, 0.0, 0.6495850131201126)],[(2, 4), (7, 8)],layered_low_only
325.024,actual,[(2, 4, 0.0, 0.6494589405175059), (7, 8, 0.0, 0.6495850131201126)],[(2, 4), (7, 8)],layered_low_only
325.520,actual,[(2, 4, 0.0, 0.6494589405175059), (7, 8, 0.0, 0.6495850131201126)],[(2, 4), (7, 8)],layered_low_only
326.016,actual,[(2, 4, 0.0, 0.6494589405175059), (7, 8, 0.0, 0.6495850131201126)],[(2, 4), (7, 8)],layered_low_only
326.528,actual,[(2, 4, 0.0, 0.6494589405175059), (7, 8, 0.0, 0.6495850131201126)],[(2, 4), (7, 8)],layered_low_only
327.024,actual,[(2, 4, 0.0, 0.6494589405175059), (7, 8, 0.0, 0.6495850131201126)],[(2, 4), (7, 8)],layered_low_only
327.520,actual,[(2, 4, 0.0, 0.6494589405175059), (7, 8, 0.0, 0.6495850131201126)],[(2, 4), (7, 8)],layered_low_only
328.016,actual,[(2, 4, 0.0, 0.6495518719789269), (7, 8, 0.0, 0.6496345882670991)],[(2, 4), (7, 8)],layered_low_only
328.528,actual,[(2, 4, 0.0, 0.6494589405175059), (7, 8, 0.0, 0.6495850131201126)],[(2, 4), (7, 8)],layered_low_only
329.024,actual,[(2, 4, 0.0, 0.6494589405175059), (7, 8, 0.0, 0.6495850131201126)],[(2, 4), (7, 8)],layered_low_only
329.520,actual,[(2, 4, 0.0, 0.6494589405175059), (7, 8, 0.0, 0.6495850131201126)],[(2, 4), (7, 8)],layered_low_only
330.016,actual,[(2, 4, 0.0, 0.6494589405175059), (7, 8, 0.0, 0.6495850131201126)],[(2, 4), (7, 8)],layered_low_only
330.528,actual,[(2, 4, 0.0, 0.6494589405175059), (7, 8, 0.0, 0.6495850131201126)],[(2, 4), (7, 8)],layered_low_only
331.024,actual,[(2, 4, 0.0, 0.6494589405175059), (7, 8, 0.0, 0.6495850131201126)],[(2, 4), (7, 8)],layered_low_only
331.520,actual,[(2, 4, 0.0, 0.6494589405175059), (7, 8, 0.0, 0.6495850131201126)],[(2, 4), (7, 8)],layered_low_only
332.016,actual,[(2, 4, 0.0, 0.6495518719789269), (7, 8, 0.0, 0.6496345882670991)],[(2, 4), (7, 8)],layered_low_only
332.528,actual,[(2, 4, 0.0, 0.6494589405175059), (7, 8, 0.0, 0.6495850131201126)],[(2, 4), (7, 8)],layered_low_only
333.024,actual,[(2, 4, 0.0, 0.6494589405175059), (7, 8, 0.0, 0.6495850131201126)],[(2, 4), (7, 8)],layered_low_only
333.520,actual,[(2, 4, 0.0, 0.6494589405175059), (7, 8, 0.0, 0.6495850131201126)],[(2, 4), (7, 8)],layered_low_only
334.016,actual,[(2, 4, 0.0, 0.6494589405175059), (7, 8, 0.0, 0.6495850131201126)],[(2, 4), (7, 8)],layered_low_only
334.528,actual,[(2, 4, 0.0, 0.6494589405175059), (7, 8, 0.0, 0.6495850131201126)],[(2, 4), (7, 8)],layered_low_only
335.024,actual,[(2, 4, 0.0, 0.6494589405175059), (7, 8, 0.0, 0.6495850131201126)],[(2, 4), (7, 8)],layered_low_only
335.520,actual,[(2, 4, 0.0, 0.6494589405175059), (7, 8, 0.0, 0.6495850131201126)],[(2, 4), (7, 8)],layered_low_only
336.016,actual,[(2, 4, 0.0, 0.6495518719789269), (7, 8, 0.0, 0.6496345882670991)],[(2, 4), (7, 8)],layered_low_only
336.528,actual,[(2, 4, 0.0, 0.6494589405175059), (7, 8, 0.0, 0.6495850131201126)],[(2, 4), (7, 8)],layered_low_only
337.024,actual,[(2, 4, 0.0, 0.6494589405175059), (7, 8, 0.0, 0.6495850131201126)],[(2, 4), (7, 8)],layered_low_only
337.520,actual,[(2, 4, 0.0, 0.6494589405175059), (7, 8, 0.0, 0.6495850131201126)],[(2, 4), (7, 8)],layered_low_only
338.016,actual,[(2, 4, 0.0, 0.6494589405175059), (7, 8, 0.0, 0.6495850131201126)],[(2, 4), (7, 8)],layered_low_only
338.528,actual,[(1, 8, 0.0, 0.8017392932001066), (2, 4, 0.0, 0.6494589405175059), (7, 8, 0.0, 0.6495850131201126)],[(1, 7, 8), (2, 4)],layered_low_only
339.024,actual,[(1, 8, 0.0, 0.7780678272368483), (2, 4, 0.0, 0.6494589405175059), (7, 8, 0.0, 0.6495850131201126)],[(1, 7, 8), (2, 4)],layered_low_only
339.520,actual,[(1, 8, 0.0, 0.7144506220382052), (2, 4, 0.0, 0.6494589405175059), (7, 8, 0.0, 0.6495850131201126)],[(1, 7, 8), (2, 4)],layered_low_only
340.016,actual,[(1, 8, 0.0, 0.6743338349487691), (2, 4, 0.0, 0.6495518719789269), (7, 8, 0.0, 0.6496345882670991)],[(1, 7, 8), (2, 4)],layered_low_only
340.528,actual,[(1, 8, 0.0, 0.6490387492750491), (2, 4, 0.0, 0.6494589405175059), (7, 8, 0.0, 0.6495850131201126)],[(1, 7, 8), (2, 4)],layered_low_only
341.024,actual,[(1, 8, 0.0, 0.6490406922007744), (2, 4, 0.0, 0.6494589405175059), (7, 8, 0.0, 0.6495850131201126)],[(1, 7, 8), (2, 4)],layered_low_only
341.520,actual,[(1, 8, 0.0, 0.6490407053939979), (2, 4, 0.0, 0.6494589405175059), (7, 8, 0.0, 0.6495850131201126)],[(1, 7, 8), (2, 4)],layered_low_only
342.016,actual,[(1, 8, 0.0, 0.6490407057000082), (2, 4, 0.0, 0.6494589405175059), (7, 8, 0.0, 0.6495850131201126)],[(1, 7, 8), (2, 4)],layered_low_only
342.528,actual,[(1, 8, 0.0, 0.6490407057076426), (2, 4, 0.0, 0.6494589405175059), (7, 8, 0.0, 0.6495850131201126)],[(1, 7, 8), (2, 4)],layered_low_only
343.024,actual,[(1, 8, 0.0, 0.6490407057078088), (2, 4, 0.0, 0.6494589405175059), (7, 8, 0.0, 0.6495850131201126)],[(1, 7, 8), (2, 4)],layered_low_only
343.520,actual,[(1, 8, 0.0, 0.6490407057078112), (2, 4, 0.0, 0.6494589405175059), (7, 8, 0.0, 0.6495850131201126)],[(1, 7, 8), (2, 4)],layered_low_only
344.016,actual,[(1, 8, 0.0, 0.6490268497481531), (2, 4, 0.0, 0.6495518719789269), (7, 8, 0.0, 0.6496345882670991)],[(1, 7, 8), (2, 4)],layered_low_only
344.528,actual,[(1, 8, 0.0, 0.6490407057078118), (2, 4, 0.0, 0.6494589405175059), (7, 8, 0.0, 0.6495850131201126)],[(1, 7, 8), (2, 4)],layered_low_only
345.024,actual,[(1, 8, 0.0, 0.6490407057078121), (2, 4, 0.0, 0.6494589405175059), (7, 8, 0.0, 0.6495850131201126)],[(1, 7, 8), (2, 4)],layered_low_only
345.520,actual,[(1, 8, 0.0, 0.6490407057078121), (2, 4, 0.0, 0.6494589405175059), (7, 8, 0.0, 0.6495850131201126)],[(1, 7, 8), (2, 4)],layered_low_only
346.016,actual,[(1, 8, 0.0, 0.6490407057078121), (2, 4, 0.0, 0.6494589405175059), (7, 8, 0.0, 0.6495850131201126)],[(1, 7, 8), (2, 4)],layered_low_only
346.528,actual,[(1, 8, 0.0, 0.6490407057078121), (2, 4, 0.0, 0.6494589405175059), (7, 8, 0.0, 0.6495850131201126)],[(1, 7, 8), (2, 4)],layered_low_only
347.024,actual,[(1, 8, 0.0, 0.6490407057078121), (2, 4, 0.0, 0.6494589405175059), (7, 8, 0.0, 0.6495850131201126)],[(1, 7, 8), (2, 4)],layered_low_only
347.520,actual,[(1, 8, 0.0, 0.6490407057078121), (2, 4, 0.0, 0.6494589405175059), (7, 8, 0.0, 0.6495850131201126)],[(1, 7, 8), (2, 4)],layered_low_only
348.016,actual,[(1, 8, 0.0, 0.6490268497481536), (2, 4, 0.0, 0.6495518719789269), (7, 8, 0.0, 0.6496345882670991)],[(1, 7, 8), (2, 4)],layered_low_only
348.528,actual,[(1, 8, 0.0, 0.6490407057078121), (2, 4, 0.0, 0.6494589405175059), (7, 8, 0.0, 0.6495850131201126)],[(1, 7, 8), (2, 4)],layered_low_only
349.024,actual,[(1, 8, 0.0, 0.6490407057078121), (2, 4, 0.0, 0.6494589405175059), (7, 8, 0.0, 0.6495850131201126)],[(1, 7, 8), (2, 4)],layered_low_only
349.520,actual,[(1, 8, 0.0, 0.6490407057078121), (2, 4, 0.0, 0.6494589405175059), (7, 8, 0.0, 0.6495850131201126)],[(1, 7, 8), (2, 4)],layered_low_only
350.016,actual,[(1, 8, 0.0, 0.6490407057078121), (2, 4, 0.0, 0.6494589405175059), (7, 8, 0.0, 0.6495850131201126)],[(1, 7, 8), (2, 4)],layered_low_only
350.528,actual,[(1, 8, 0.0, 0.6490407057078121), (2, 4, 0.0, 0.6494589405175059), (7, 8, 0.0, 0.6495850131201126)],[(1, 7, 8), (2, 4)],layered_low_only
351.024,actual,[(1, 8, 0.0, 0.6490407057078121), (2, 4, 0.0, 0.6494589405175059), (7, 8, 0.0, 0.6495850131201126)],[(1, 7, 8), (2, 4)],layered_low_only
351.520,actual,[(1, 8, 0.0, 0.6490407057078121), (2, 4, 0.0, 0.6494589405175059), (7, 8, 0.0, 0.6495850131201126)],[(1, 7, 8), (2, 4)],layered_low_only
352.016,actual,[(1, 8, 0.0, 0.6490268497481536), (2, 4, 0.0, 0.6495518719789269), (7, 8, 0.0, 0.6496345882670991)],[(1, 7, 8), (2, 4)],layered_low_only
352.528,actual,[(1, 8, 0.0, 0.6490407057078121), (2, 4, 0.0, 0.6494589405175059), (7, 8, 0.0, 0.6495850131201126)],[(1, 7, 8), (2, 4)],layered_low_only
353.024,actual,[(1, 8, 0.0, 0.6490407057078121), (2, 4, 0.0, 0.6494589405175059), (7, 8, 0.0, 0.6495850131201126)],[(1, 7, 8), (2, 4)],layered_low_only
353.520,actual,[(1, 8, 0.0, 0.6490407057078121), (2, 4, 0.0, 0.6494589405175059), (7, 8, 0.0, 0.6495850131201126)],[(1, 7, 8), (2, 4)],layered_low_only
354.016,actual,[(1, 8, 0.0, 0.6490407057078121), (2, 4, 0.0, 0.6494589405175059), (7, 8, 0.0, 0.6495850131201126)],[(1, 7, 8), (2, 4)],layered_low_only
354.528,actual,[(1, 8, 0.0, 0.6490407057078121), (2, 4, 0.0, 0.6494589405175059), (7, 8, 0.0, 0.6495850131201126)],[(1, 7, 8), (2, 4)],layered_low_only
355.024,actual,[(1, 8, 0.0, 0.6490407057078121), (2, 4, 0.0, 0.6494589405175059), (7, 8, 0.0, 0.6495850131201126)],[(1, 7, 8), (2, 4)],layered_low_only
355.520,actual,[(1, 8, 0.0, 0.6490407057078121), (2, 4, 0.0, 0.6494589405175059), (7, 8, 0.0, 0.6495850131201127)],[(1, 7, 8), (2, 4)],layered_low_only
356.016,actual,[(1, 8, 0.0, 0.6490268497481536), (2, 4, 0.0, 0.6495518719789269), (7, 8, 0.0, 0.6496345882670991)],[(1, 7, 8), (2, 4)],layered_low_only
356.528,actual,[(1, 8, 0.0, 0.6490407057078121), (2, 4, 0.0, 0.6494589405175059), (7, 8, 0.0, 0.6495850131201127)],[(1, 7, 8), (2, 4)],layered_low_only
357.024,actual,[(1, 8, 0.0, 0.6490407057078121), (2, 4, 0.0, 0.6494589405175059), (7, 8, 0.0, 0.6495850131201127)],[(1, 7, 8), (2, 4)],layered_low_only
357.520,actual,[(1, 8, 0.0, 0.6490407057078121), (2, 4, 0.0, 0.6494589405175059), (7, 8, 0.0, 0.6495850131201127)],[(1, 7, 8), (2, 4)],layered_low_only
358.016,actual,[(1, 8, 0.0, 0.6490407057078121), (2, 4, 0.0, 0.6494589405175059), (7, 8, 0.0, 0.6495850131201127)],[(1, 7, 8), (2, 4)],layered_low_only
358.528,actual,[(1, 8, 0.0, 0.6490407057078121), (2, 4, 0.0, 0.6494589405175059), (7, 8, 0.0, 0.6495850131201127)],[(1, 7, 8), (2, 4)],layered_low_only
359.024,actual,[(1, 8, 0.0, 0.6490407057078121), (2, 4, 0.0, 0.6494589405175059), (7, 8, 0.0, 0.6495850131201127)],[(1, 7, 8), (2, 4)],layered_low_only
359.520,actual,[(1, 8, 0.0, 0.6490407057078121), (2, 4, 0.0, 0.6494589405175059), (7, 8, 0.0, 0.6495850131201127)],[(1, 7, 8), (2, 4)],layered_low_only
360.016,actual,[(1, 8, 0.0, 0.6490268497481536), (2, 4, 0.0, 0.6495518719789269), (7, 8, 0.0, 0.6496345882670991)],[(1, 7, 8), (2, 4)],layered_low_only
360.528,actual,[(1, 8, 0.0, 0.6490407057078121), (2, 4, 0.0, 0.6494589405175059), (7, 8, 0.0, 0.6495850131201127)],[(1, 7, 8), (2, 4)],layered_low_only
361.024,actual,[(1, 8, 0.0, 0.6490407057078121), (2, 4, 0.0, 0.6494589405175059), (7, 8, 0.0, 0.6495850131201127)],[(1, 7, 8), (2, 4)],layered_low_only
361.520,actual,[(1, 8, 0.0, 0.6490407057078121), (2, 4, 0.0, 0.6494589405175059), (7, 8, 0.0, 0.6495850131201127)],[(1, 7, 8), (2, 4)],layered_low_only
362.016,actual,[(1, 8, 0.0, 0.6490407057078121), (2, 4, 0.0, 0.6494589405175059), (7, 8, 0.0, 0.6495850131201127)],[(1, 7, 8), (2, 4)],layered_low_only
362.528,actual,[(1, 8, 0.0, 0.6490407057078121), (2, 4, 0.0, 0.6494589405175059), (7, 8, 0.0, 0.6495850131201127)],[(1, 7, 8), (2, 4)],layered_low_only
363.024,actual,[(1, 8, 0.0, 0.6490407057078121), (2, 4, 0.0, 0.6494589405175059), (7, 8, 0.0, 0.6495850131201127)],[(1, 7, 8), (2, 4)],layered_low_only
363.520,actual,[(1, 8, 0.0, 0.6490407057078121), (2, 4, 0.0, 0.6494589405175059), (7, 8, 0.0, 0.6495850131201127)],[(1, 7, 8), (2, 4)],layered_low_only
364.016,actual,[(1, 8, 0.0, 0.6490268497481536), (2, 4, 0.0, 0.6495518719789269), (7, 8, 0.0, 0.6496345882670991)],[(1, 7, 8), (2, 4)],layered_low_only
364.528,actual,[(1, 8, 0.0, 0.6490407057078121), (2, 4, 0.0, 0.6494589405175059), (7, 8, 0.0, 0.6495850131201126)],[(1, 7, 8), (2, 4)],layered_low_only
365.024,actual,[(1, 8, 0.0, 0.6490407057078121), (2, 4, 0.0, 0.6494589405175059), (7, 8, 0.0, 0.6495850131201126)],[(1, 7, 8), (2, 4)],layered_low_only
365.520,actual,[(1, 8, 0.0, 0.6490407057078121), (2, 4, 0.0, 0.6494589405175059), (7, 8, 0.0, 0.6495850131201126)],[(1, 7, 8), (2, 4)],layered_low_only
366.016,actual,[(1, 8, 0.0, 0.6490407057078121), (2, 4, 0.0, 0.6494589405175059), (7, 8, 0.0, 0.6495850131201126)],[(1, 7, 8), (2, 4)],layered_low_only
366.528,actual,[(1, 8, 0.0, 0.6490407057078121), (2, 4, 0.0, 0.6494589405175059), (7, 8, 0.0, 0.6495850131201126)],[(1, 7, 8), (2, 4)],layered_low_only
367.024,actual,[(1, 8, 0.0, 0.6490407057078121), (2, 4, 0.0, 0.6494589405175059), (7, 8, 0.0, 0.6495850131201126)],[(1, 7, 8), (2, 4)],layered_low_only
367.520,actual,[(1, 8, 0.0, 0.6490407057078121), (2, 4, 0.0, 0.6494589405175059), (7, 8, 0.0, 0.6495850131201126)],[(1, 7, 8), (2, 4)],layered_low_only
368.016,actual,[(1, 8, 0.0, 0.6490268497481536), (2, 4, 0.0, 0.6495518719789269), (7, 8, 0.0, 0.6496345882670991)],[(1, 7, 8), (2, 4)],layered_low_only
368.528,actual,[(1, 8, 0.0, 0.6490407057078121), (2, 4, 0.0, 0.6494589405175059), (7, 8, 0.0, 0.6495850131201126)],[(1, 7, 8), (2, 4)],layered_low_only
369.024,actual,[(1, 8, 0.0, 0.6490407057078121), (2, 4, 0.0, 0.6494589405175059), (7, 8, 0.0, 0.6495850131201126)],[(1, 7, 8), (2, 4)],layered_low_only
369.520,actual,[(1, 8, 0.0, 0.6490407057078121), (2, 4, 0.0, 0.6494589405175059), (7, 8, 0.0, 0.6495850131201126)],[(1, 7, 8), (2, 4)],layered_low_only
370.016,actual,[(1, 8, 0.0, 0.6490407057078121), (2, 4, 0.0, 0.6494589405175059), (7, 8, 0.0, 0.6495850131201126)],[(1, 7, 8), (2, 4)],layered_low_only
370.528,actual,[(1, 8, 0.0, 0.6490407057078121), (2, 4, 0.0, 0.6494589405175059), (7, 8, 0.0, 0.6495850131201126)],[(1, 7, 8), (2, 4)],layered_low_only
371.024,actual,[(1, 8, 0.0, 0.6490407057078121), (2, 4, 0.0, 0.6494589405175059), (7, 8, 0.0, 0.6495850131201126)],[(1, 7, 8), (2, 4)],layered_low_only
371.520,actual,[(1, 8, 0.0, 0.6490407057078121), (2, 4, 0.0, 0.6494589405175059), (7, 8, 0.0, 0.6495850131201126)],[(1, 7, 8), (2, 4)],layered_low_only
372.016,actual,[(1, 8, 0.0, 0.6490268497481536), (2, 4, 0.0, 0.6495518719789269), (7, 8, 0.0, 0.6496345882670991)],[(1, 7, 8), (2, 4)],layered_low_only
372.528,actual,[(1, 8, 0.0, 0.6490407057078121), (2, 4, 0.0, 0.6494589405175059), (7, 8, 0.0, 0.6495850131201126)],[(1, 7, 8), (2, 4)],layered_low_only
373.024,actual,[(1, 8, 0.0, 0.6490407057078121), (2, 4, 0.0, 0.6494589405175059), (7, 8, 0.0, 0.6495850131201126)],[(1, 7, 8), (2, 4)],layered_low_only
373.520,actual,[(1, 8, 0.0, 0.6490407057078121), (2, 4, 0.0, 0.6494589405175059), (7, 8, 0.0, 0.6495850131201126)],[(1, 7, 8), (2, 4)],layered_low_only
374.016,actual,[(1, 8, 0.0, 0.6490407057078121), (2, 4, 0.0, 0.6494589405175059), (7, 8, 0.0, 0.6495850131201126)],[(1, 7, 8), (2, 4)],layered_low_only
374.528,actual,[(1, 8, 0.0, 0.6490407057078121), (2, 4, 0.0, 0.6494589405175059), (7, 8, 0.0, 0.6495850131201126)],[(1, 7, 8), (2, 4)],layered_low_only
375.024,actual,[(1, 8, 0.0, 0.6490407057078121), (2, 4, 0.0, 0.6494589405175059), (7, 8, 0.0, 0.6495850131201126)],[(1, 7, 8), (2, 4)],layered_low_only
375.520,actual,[(1, 8, 0.0, 0.6490407057078121), (2, 4, 0.0, 0.6494589405175059), (7, 8, 0.0, 0.6495850131201126)],[(1, 7, 8), (2, 4)],layered_low_only
376.016,actual,[(1, 8, 0.0, 0.6490268497481536), (2, 4, 0.0, 0.6495518719789269), (7, 8, 0.0, 0.6496345882670991)],[(1, 7, 8), (2, 4)],layered_low_only
376.528,actual,[(1, 8, 0.0, 0.6490407057078121), (2, 4, 0.0, 0.6494589405175059), (7, 8, 0.0, 0.6495850131201126)],[(1, 7, 8), (2, 4)],layered_low_only
377.024,actual,[(1, 8, 0.0, 0.6490407057078121), (2, 4, 0.0, 0.6494589405175059), (7, 8, 0.0, 0.6495850131201126)],[(1, 7, 8), (2, 4)],layered_low_only
377.520,actual,[(1, 8, 0.0, 0.6490407057078121), (2, 4, 0.0, 0.6494589405175059), (7, 8, 0.0, 0.6495850131201126)],[(1, 7, 8), (2, 4)],layered_low_only
378.016,actual,[(1, 8, 0.0, 0.6490407057078121), (2, 4, 0.0, 0.6494589405175059), (7, 8, 0.0, 0.6495850131201126)],[(1, 7, 8), (2, 4)],layered_low_only
378.528,actual,[(1, 8, 0.0, 0.6490407057078121), (2, 4, 0.0, 0.6494589405175059), (7, 8, 0.0, 0.6495850131201126)],[(1, 7, 8), (2, 4)],layered_low_only
379.024,actual,[(1, 8, 0.0, 0.6490407057078121), (2, 4, 0.0, 0.6494589405175059), (7, 8, 0.0, 0.6495850131201126)],[(1, 7, 8), (2, 4)],layered_low_only
379.520,actual,[(1, 8, 0.0, 0.6490407057078121), (2, 4, 0.0, 0.6494589405175059), (7, 8, 0.0, 0.6495850131201126)],[(1, 7, 8), (2, 4)],layered_low_only
380.016,actual,[(1, 8, 0.0, 0.6490268497481536), (2, 4, 0.0, 0.6495518719789269), (7, 8, 0.0, 0.6496345882670991)],[(1, 7, 8), (2, 4)],layered_low_only
380.528,actual,[(1, 8, 0.0, 0.6490407057078121), (2, 4, 0.0, 0.6494589405175059), (7, 8, 0.0, 0.6495850131201126)],[(1, 7, 8), (2, 4)],layered_low_only
381.024,actual,[(1, 8, 0.0, 0.6490407057078121), (2, 4, 0.0, 0.6494589405175059), (7, 8, 0.0, 0.6495850131201126)],[(1, 7, 8), (2, 4)],layered_low_only
381.520,actual,[(1, 8, 0.0, 0.6490407057078121), (2, 4, 0.0, 0.6494589405175059), (7, 8, 0.0, 0.6495850131201126)],[(1, 7, 8), (2, 4)],layered_low_only
382.016,actual,[(1, 8, 0.0, 0.6490407057078121), (2, 4, 0.0, 0.6494589405175059), (7, 8, 0.0, 0.6495850131201126)],[(1, 7, 8), (2, 4)],layered_low_only
382.528,actual,[(1, 8, 0.0, 0.6490407057078121), (2, 4, 0.0, 0.6494589405175059), (7, 8, 0.0, 0.6495850131201126)],[(1, 7, 8), (2, 4)],layered_low_only
383.024,actual,[(1, 8, 0.0, 0.6490407057078121), (2, 4, 0.0, 0.6494589405175059), (7, 8, 0.0, 0.6495850131201126)],[(1, 7, 8), (2, 4)],layered_low_only
383.520,actual,[(1, 8, 0.0, 0.6490407057078121), (2, 4, 0.0, 0.6494589405175059), (7, 8, 0.0, 0.6495850131201126)],[(1, 7, 8), (2, 4)],layered_low_only
384.016,actual,[(1, 8, 0.0, 0.6490268497481536), (2, 4, 0.0, 0.6495518719789269), (7, 8, 0.0, 0.6496345882670991)],[(1, 7, 8), (2, 4)],layered_low_only
384.528,actual,[(1, 8, 0.0, 0.6490407057078121), (2, 4, 0.0, 0.6494589405175059), (7, 8, 0.0, 0.6495850131201126)],[(1, 7, 8), (2, 4)],layered_low_only
385.024,actual,[(1, 8, 0.0, 0.6490407057078121), (2, 4, 0.0, 0.6494589405175059), (7, 8, 0.0, 0.6495850131201126)],[(1, 7, 8), (2, 4)],layered_low_only
385.520,actual,[(1, 8, 0.0, 0.6490407057078121), (2, 4, 0.0, 0.6494589405175059), (7, 8, 0.0, 0.6495850131201126)],[(1, 7, 8), (2, 4)],layered_low_only
386.016,actual,[(1, 8, 0.0, 0.6490407057078121), (2, 4, 0.0, 0.6494589405175059), (7, 8, 0.0, 0.6495850131201126)],[(1, 7, 8), (2, 4)],layered_low_only
386.528,actual,[(1, 8, 0.0, 0.6490407057078121), (2, 4, 0.0, 0.6494589405175059), (7, 8, 0.0, 0.6495850131201126)],[(1, 7, 8), (2, 4)],layered_low_only
387.024,actual,[(1, 8, 0.0, 0.6490407057078121), (2, 4, 0.0, 0.6494589405175059), (7, 8, 0.0, 0.6495850131201127)],[(1, 7, 8), (2, 4)],layered_low_only
387.520,actual,[(1, 8, 0.0, 0.6490407057078121), (2, 4, 0.0, 0.6494589405175059), (7, 8, 0.0, 0.6495850131201127)],[(1, 7, 8), (2, 4)],layered_low_only
388.016,actual,[(1, 8, 0.0, 0.6490268497481536), (2, 4, 0.0, 0.6495518719789269), (7, 8, 0.0, 0.6496345882670991)],[(1, 7, 8), (2, 4)],layered_low_only
388.528,actual,[(1, 8, 0.0, 0.6490407057078121), (2, 4, 0.0, 0.6494589405175059), (7, 8, 0.0, 0.6495850131201127)],[(1, 7, 8), (2, 4)],layered_low_only
389.024,actual,[(1, 8, 0.0, 0.6490407057078121), (2, 4, 0.0, 0.6494589405175059), (7, 8, 0.0, 0.6495850131201127)],[(1, 7, 8), (2, 4)],layered_low_only
389.520,actual,[(1, 8, 0.0, 0.6490407057078121), (2, 4, 0.0, 0.6494589405175059), (7, 8, 0.0, 0.6495850131201127)],[(1, 7, 8), (2, 4)],layered_low_only
390.016,actual,[(1, 8, 0.0, 0.6490407057078121), (2, 4, 0.0, 0.6494589405175059), (7, 8, 0.0, 0.6495850131201127)],[(1, 7, 8), (2, 4)],layered_low_only
390.528,actual,[(1, 8, 0.0, 0.6490407057078121), (2, 4, 0.0, 0.6494589405175059), (7, 8, 0.0, 0.6495850131201127)],[(1, 7, 8), (2, 4)],layered_low_only
391.024,actual,[(1, 8, 0.0, 0.6490407057078121), (2, 4, 0.0, 0.6494589405175059), (7, 8, 0.0, 0.6495850131201127)],[(1, 7, 8), (2, 4)],layered_low_only
391.520,actual,[(1, 8, 0.0, 0.6490407057078121), (2, 4, 0.0, 0.6494589405175059), (7, 8, 0.0, 0.6495850131201127)],[(1, 7, 8), (2, 4)],layered_low_only
392.016,actual,[(1, 8, 0.0, 0.6490268497481536), (2, 4, 0.0, 0.6495518719789269), (7, 8, 0.0, 0.6496345882670991)],[(1, 7, 8), (2, 4)],layered_low_only
392.528,actual,[(1, 8, 0.0, 0.6490407057078121), (2, 4, 0.0, 0.6494589405175059), (7, 8, 0.0, 0.6495850131201127)],[(1, 7, 8), (2, 4)],layered_low_only
393.024,actual,[(1, 8, 0.0, 0.6490407057078121), (2, 4, 0.0, 0.6494589405175059), (7, 8, 0.0, 0.6495850131201127)],[(1, 7, 8), (2, 4)],layered_low_only
393.520,actual,[(1, 8, 0.0, 0.6490407057078121), (2, 4, 0.0, 0.6494589405175059), (7, 8, 0.0, 0.6495850131201127)],[(1, 7, 8), (2, 4)],layered_low_only
394.016,actual,[(1, 8, 0.0, 0.6490407057078121), (2, 4, 0.0, 0.6494589405175059), (7, 8, 0.0, 0.6495850131201127)],[(1, 7, 8), (2, 4)],layered_low_only
394.528,actual,[(1, 8, 0.0, 0.6490407057078121), (2, 4, 0.0, 0.6494589405175059), (7, 8, 0.0, 0.6495850131201127)],[(1, 7, 8), (2, 4)],layered_low_only
395.024,actual,[(1, 8, 0.0, 0.6490407057078121), (2, 4, 0.0, 0.6494589405175059), (7, 8, 0.0, 0.6495850131201127)],[(1, 7, 8), (2, 4)],layered_low_only
395.520,actual,[(1, 8, 0.0, 0.6490407057078121), (2, 4, 0.0, 0.6494589405175059), (7, 8, 0.0, 0.6495850131201127)],[(1, 7, 8), (2, 4)],layered_low_only
396.016,actual,[(1, 8, 0.0, 0.6490268497481536), (2, 4, 0.0, 0.6495518719789269), (7, 8, 0.0, 0.6496345882670991)],[(1, 7, 8), (2, 4)],layered_low_only
396.528,actual,[(1, 8, 0.0, 0.6490407057078121), (2, 4, 0.0, 0.6494589405175059), (7, 8, 0.0, 0.6495850131201127)],[(1, 7, 8), (2, 4)],layered_low_only
397.024,actual,[(1, 8, 0.0, 0.6490407057078121), (2, 4, 0.0, 0.6494589405175059), (7, 8, 0.0, 0.6495850131201127)],[(1, 7, 8), (2, 4)],layered_low_only
397.520,actual,[(1, 8, 0.0, 0.6490407057078121), (2, 4, 0.0, 0.6494589405175059), (7, 8, 0.0, 0.6495850131201127)],[(1, 7, 8), (2, 4)],layered_low_only
398.016,actual,[(1, 8, 0.0, 0.6490407057078121), (2, 4, 0.0, 0.6494589405175059), (7, 8, 0.0, 0.6495850131201127)],[(1, 7, 8), (2, 4)],layered_low_only
398.528,actual,[(1, 8, 0.0, 0.6490407057078121), (2, 4, 0.0, 0.6494589405175059), (7, 8, 0.0, 0.6495850131201127)],[(1, 7, 8), (2, 4)],layered_low_only
399.024,actual,[(1, 8, 0.0, 0.6490407057078121), (2, 4, 0.0, 0.6494589405175059), (7, 8, 0.0, 0.6495850131201127)],[(1, 7, 8), (2, 4)],layered_low_only
399.520,actual,[(1, 8, 0.0, 0.6490407057078121), (2, 4, 0.0, 0.6494589405175059), (7, 8, 0.0, 0.6495850131201127)],[(1, 7, 8), (2, 4)],layered_low_only
400.016,actual,[(1, 8, 0.0, 0.6490268497481536), (2, 4, 0.0, 0.6495518719789269), (7, 8, 0.0, 0.6496345882670991)],[(1, 7, 8), (2, 4)],layered_low_only
400.528,actual,[(1, 8, 0.0, 0.6490407057078121), (2, 4, 0.0, 0.6494589405175059), (7, 8, 0.0, 0.6495850131201127)],[(1, 7, 8), (2, 4)],layered_low_only
401.024,actual,[(1, 8, 0.0, 0.6490407057078121), (2, 4, 0.0, 0.6494589405175059), (7, 8, 0.0, 0.6495850131201127)],[(1, 7, 8), (2, 4)],layered_low_only
401.520,actual,[(1, 8, 0.0, 0.6490407057078121), (2, 4, 0.0, 0.6494589405175059), (7, 8, 0.0, 0.6495850131201127)],[(1, 7, 8), (2, 4)],layered_low_only
402.016,actual,[(1, 8, 0.0, 0.6490407057078121), (2, 4, 0.0, 0.6494589405175059), (7, 8, 0.0, 0.6495850131201127)],[(1, 7, 8), (2, 4)],layered_low_only
402.528,actual,[(1, 8, 0.0, 0.6490407057078121), (2, 4, 0.0, 0.6494589405175059), (7, 8, 0.0, 0.6495850131201127)],[(1, 7, 8), (2, 4)],layered_low_only
403.024,actual,[(1, 8, 0.0, 0.6490407057078121), (2, 4, 0.0, 0.6494589405175059), (7, 8, 0.0, 0.6495850131201127)],[(1, 7, 8), (2, 4)],layered_low_only
403.520,actual,[(1, 8, 0.0, 0.6490407057078121), (2, 4, 0.0, 0.6494589405175059), (7, 8, 0.0, 0.6495850131201127)],[(1, 7, 8), (2, 4)],layered_low_only
404.016,actual,[(1, 8, 0.0, 0.6490268497481536), (2, 4, 0.0, 0.6495518719789269), (7, 8, 0.0, 0.6496345882670991)],[(1, 7, 8), (2, 4)],layered_low_only
404.528,actual,[(1, 8, 0.0, 0.6490407057078121), (2, 4, 0.0, 0.6494589405175059), (7, 8, 0.0, 0.6495850131201127)],[(1, 7, 8), (2, 4)],layered_low_only
405.024,actual,[(1, 8, 0.0, 0.6490407057078121), (2, 4, 0.0, 0.6494589405175059), (7, 8, 0.0, 0.6495850131201127)],[(1, 7, 8), (2, 4)],layered_low_only
405.520,actual,[(1, 8, 0.0, 0.6490407057078121), (2, 4, 0.0, 0.6494589405175059), (7, 8, 0.0, 0.6495850131201127)],[(1, 7, 8), (2, 4)],layered_low_only
406.016,actual,[(1, 8, 0.0, 0.6490407057078121), (2, 4, 0.0, 0.6494589405175059), (7, 8, 0.0, 0.6495850131201127)],[(1, 7, 8), (2, 4)],layered_low_only
406.528,actual,[(1, 8, 0.0, 0.6490407057078121), (2, 4, 0.0, 0.6494589405175059), (7, 8, 0.0, 0.6495850131201127)],[(1, 7, 8), (2, 4)],layered_low_only
407.024,actual,[(1, 8, 0.0, 0.6490407057078121), (2, 4, 0.0, 0.6494589405175059), (7, 8, 0.0, 0.6495850131201127)],[(1, 7, 8), (2, 4)],layered_low_only
407.520,actual,[(1, 8, 0.0, 0.6490407057078121), (2, 4, 0.0, 0.6494589405175059), (7, 8, 0.0, 0.6495850131201127)],[(1, 7, 8), (2, 4)],layered_low_only
408.016,actual,[(1, 8, 0.0, 0.6490268497481536), (2, 4, 0.0, 0.6495518719789269), (7, 8, 0.0, 0.6496345882670991)],[(1, 7, 8), (2, 4)],layered_low_only
408.528,actual,[(1, 8, 0.0, 0.6490407057078121), (2, 4, 0.0, 0.6494589405175059), (7, 8, 0.0, 0.6495850131201127)],[(1, 7, 8), (2, 4)],layered_low_only
409.024,actual,[(1, 8, 0.0, 0.6490407057078121), (2, 4, 0.0, 0.6494589405175059), (7, 8, 0.0, 0.6495850131201127)],[(1, 7, 8), (2, 4)],layered_low_only
409.520,actual,[(1, 8, 0.0, 0.6490407057078121), (2, 4, 0.0, 0.6494589405175059), (7, 8, 0.0, 0.6495850131201127)],[(1, 7, 8), (2, 4)],layered_low_only
410.016,actual,[(1, 8, 0.0, 0.6490407057078121), (2, 4, 0.0, 0.6494589405175059), (7, 8, 0.0, 0.6495850131201127)],[(1, 7, 8), (2, 4)],layered_low_only
410.528,actual,[(1, 8, 0.0, 0.6490407057078121), (2, 4, 0.0, 0.6494589405175059), (7, 8, 0.0, 0.6495850131201127)],[(1, 7, 8), (2, 4)],layered_low_only
411.024,actual,[(1, 8, 0.0, 0.6490407057078121), (2, 4, 0.0, 0.6494589405175059), (7, 8, 0.0, 0.6495850131201127)],[(1, 7, 8), (2, 4)],layered_low_only
411.520,actual,[(1, 8, 0.0, 0.6490407057078121), (2, 4, 0.0, 0.6494589405175059), (7, 8, 0.0, 0.6495850131201127)],[(1, 7, 8), (2, 4)],layered_low_only
412.016,actual,[(1, 8, 0.0, 0.6490268497481536), (2, 4, 0.0, 0.6495518719789269), (7, 8, 0.0, 0.6496345882670991)],[(1, 7, 8), (2, 4)],layered_low_only
412.528,actual,[(1, 8, 0.0, 0.6490407057078121), (2, 4, 0.0, 0.6494589405175059), (7, 8, 0.0, 0.6495850131201127)],[(1, 7, 8), (2, 4)],layered_low_only
413.024,actual,[(1, 8, 0.0, 0.6490407057078121), (2, 4, 0.0, 0.6494589405175059), (7, 8, 0.0, 0.6495850131201127)],[(1, 7, 8), (2, 4)],layered_low_only
413.520,actual,[(1, 8, 0.0, 0.6490407057078121), (2, 4, 0.0, 0.6494589405175059), (7, 8, 0.0, 0.6495850131201127)],[(1, 7, 8), (2, 4)],layered_low_only
414.016,actual,[(1, 8, 0.0, 0.6490407057078121), (2, 4, 0.0, 0.6494589405175059), (7, 8, 0.0, 0.6495850131201127)],[(1, 7, 8), (2, 4)],layered_low_only
414.528,actual,[(1, 8, 0.0, 0.6490407057078121), (2, 4, 0.0, 0.6494589405175059), (7, 8, 0.0, 0.6495850131201127)],[(1, 7, 8), (2, 4)],layered_low_only
415.024,actual,[(1, 8, 0.0, 0.6490407057078121), (2, 4, 0.0, 0.6494589405175059), (7, 8, 0.0, 0.6495850131201127)],[(1, 7, 8), (2, 4)],layered_low_only
415.520,actual,[(1, 8, 0.0, 0.6490407057078121), (2, 4, 0.0, 0.6494589405175059), (7, 8, 0.0, 0.6495850131201127)],[(1, 7, 8), (2, 4)],layered_low_only
416.016,actual,[(1, 8, 0.0, 0.6490268497481536), (2, 4, 0.0, 0.6495518719789269), (7, 8, 0.0, 0.6496345882670991)],[(1, 7, 8), (2, 4)],layered_low_only
416.528,actual,[(1, 8, 0.0, 0.6490407057078121), (2, 4, 0.0, 0.6494589405175059), (7, 8, 0.0, 0.6495850131201127)],[(1, 7, 8), (2, 4)],layered_low_only
417.024,actual,[(1, 8, 0.0, 0.6490407057078121), (2, 4, 0.0, 0.6494589405175059), (7, 8, 0.0, 0.6495850131201127)],[(1, 7, 8), (2, 4)],layered_low_only
417.520,actual,[(1, 8, 0.0, 0.6490407057078121), (2, 4, 0.0, 0.6494589405175059), (7, 8, 0.0, 0.6495850131201127)],[(1, 7, 8), (2, 4)],layered_low_only
418.016,actual,[(1, 8, 0.0, 0.6490407057078121), (2, 4, 0.0, 0.6494589405175059), (7, 8, 0.0, 0.6495850131201127)],[(1, 7, 8), (2, 4)],layered_low_only
418.528,actual,[(1, 8, 0.0, 0.6490407057078121), (2, 4, 0.0, 0.6494589405175059), (7, 8, 0.0, 0.6495850131201127)],[(1, 7, 8), (2, 4)],layered_low_only
419.024,actual,[(1, 8, 0.0, 0.6490407057078121), (2, 4, 0.0, 0.6494589405175059), (7, 8, 0.0, 0.6495850131201127)],[(1, 7, 8), (2, 4)],layered_low_only
419.520,actual,[(1, 8, 0.0, 0.6490407057078121), (2, 4, 0.0, 0.6494589405175059), (7, 8, 0.0, 0.6495850131201127)],[(1, 7, 8), (2, 4)],layered_low_only
420.016,actual,[(1, 8, 0.0, 0.6490268497481536), (2, 4, 0.0, 0.6495518719789269), (7, 8, 0.0, 0.6496345882670991)],[(1, 7, 8), (2, 4)],layered_low_only
420.528,actual,[(1, 8, 0.0, 0.6490407057078121), (2, 4, 0.0, 0.6494589405175059), (7, 8, 0.0, 0.6495850131201127)],[(1, 7, 8), (2, 4)],layered_low_only
421.024,actual,[(1, 8, 0.0, 0.6490407057078121), (2, 4, 0.0, 0.6494589405175059), (7, 8, 0.0, 0.6495850131201127)],[(1, 7, 8), (2, 4)],layered_low_only
421.520,actual,[(1, 8, 0.0, 0.6490407057078121), (2, 4, 0.0, 0.6494589405175059), (7, 8, 0.0, 0.6495850131201127)],[(1, 7, 8), (2, 4)],layered_low_only
422.016,actual,[(1, 8, 0.0, 0.6490407057078121), (2, 4, 0.0, 0.6494589405175059), (7, 8, 0.0, 0.6495850131201127)],[(1, 7, 8), (2, 4)],layered_low_only
422.528,actual,[(1, 8, 0.0, 0.6490407057078121), (2, 4, 0.0, 0.6494589405175059), (7, 8, 0.0, 0.6495850131201127)],[(1, 7, 8), (2, 4)],layered_low_only
423.024,actual,[(1, 8, 0.0, 0.6490407057078121), (2, 4, 0.0, 0.6494589405175059), (7, 8, 0.0, 0.6495850131201127)],[(1, 7, 8), (2, 4)],layered_low_only
423.520,actual,[(1, 8, 0.0, 0.6490407057078121), (2, 4, 0.0, 0.6494589405175059), (7, 8, 0.0, 0.6495850131201127)],[(1, 7, 8), (2, 4)],layered_low_only
424.016,actual,[(1, 8, 0.0, 0.6490268497481536), (2, 4, 0.0, 0.6495518719789269), (7, 8, 0.0, 0.6496345882670991)],[(1, 7, 8), (2, 4)],layered_low_only
424.528,actual,[(1, 8, 0.0, 0.6490407057078121), (2, 4, 0.0, 0.6494589405175059), (7, 8, 0.0, 0.6495850131201127)],[(1, 7, 8), (2, 4)],layered_low_only
425.024,actual,[(1, 8, 0.0, 0.6490407057078121), (2, 4, 0.0, 0.6494589405175059), (7, 8, 0.0, 0.6495850131201127)],[(1, 7, 8), (2, 4)],layered_low_only
425.520,actual,[(1, 8, 0.0, 0.6490407057078121), (2, 4, 0.0, 0.6494589405175059), (7, 8, 0.0, 0.6495850131201127)],[(1, 7, 8), (2, 4)],layered_low_only
426.016,actual,[(1, 8, 0.0, 0.6490407057078121), (2, 4, 0.0, 0.6494589405175059), (7, 8, 0.0, 0.6495850131201127)],[(1, 7, 8), (2, 4)],layered_low_only
426.528,actual,[(1, 8, 0.0, 0.6490407057078121), (2, 4, 0.0, 0.6494589405175059), (7, 8, 0.0, 0.6495850131201127)],[(1, 7, 8), (2, 4)],layered_low_only
427.024,actual,[(1, 8, 0.0, 0.6490407057078121), (2, 4, 0.0, 0.6494589405175059), (7, 8, 0.0, 0.6495850131201127)],[(1, 7, 8), (2, 4)],layered_low_only
427.520,actual,[(1, 8, 0.0, 0.6490407057078121), (2, 4, 0.0, 0.6494589405175059), (7, 8, 0.0, 0.6495850131201127)],[(1, 7, 8), (2, 4)],layered_low_only
428.016,actual,[(1, 8, 0.0, 0.6490268497481536), (2, 4, 0.0, 0.6495518719789269), (7, 8, 0.0, 0.6496345882670991)],[(1, 7, 8), (2, 4)],layered_low_only
428.528,actual,[(1, 8, 0.0, 0.6490407057078121), (2, 4, 0.0, 0.6494589405175059), (7, 8, 0.0, 0.6495850131201127)],[(1, 7, 8), (2, 4)],layered_low_only
429.024,actual,[(1, 8, 0.0, 0.6490407057078121), (2, 4, 0.0, 0.6494589405175059), (7, 8, 0.0, 0.6495850131201127)],[(1, 7, 8), (2, 4)],layered_low_only
429.520,actual,[(1, 8, 0.0, 0.6490407057078121), (2, 4, 0.0, 0.6494589405175059), (7, 8, 0.0, 0.6495850131201127)],[(1, 7, 8), (2, 4)],layered_low_only
430.016,actual,[(1, 8, 0.0, 0.6490407057078121), (2, 4, 0.0, 0.6494589405175059), (7, 8, 0.0, 0.6495850131201127)],[(1, 7, 8), (2, 4)],layered_low_only
430.528,actual,[(1, 8, 0.0, 0.6490407057078121), (2, 4, 0.0, 0.6494589405175059), (7, 8, 0.0, 0.6495850131201127)],[(1, 7, 8), (2, 4)],layered_low_only
431.024,actual,[(1, 8, 0.0, 0.6490407057078121), (2, 4, 0.0, 0.6494589405175059), (7, 8, 0.0, 0.6495850131201127)],[(1, 7, 8), (2, 4)],layered_low_only
431.520,actual,[(1, 8, 0.0, 0.6490407057078121), (2, 4, 0.0, 0.6494589405175059), (7, 8, 0.0, 0.6495850131201127)],[(1, 7, 8), (2, 4)],layered_low_only
432.016,actual,[(1, 8, 0.0, 0.6490268497481536), (2, 4, 0.0, 0.6495518719789269), (7, 8, 0.0, 0.6496345882670991)],[(1, 7, 8), (2, 4)],layered_low_only
432.528,actual,[(1, 8, 0.0, 0.6490407057078121), (2, 4, 0.0, 0.6494589405175059), (7, 8, 0.0, 0.6495850131201127)],[(1, 7, 8), (2, 4)],layered_low_only
433.024,actual,[(1, 8, 0.0, 0.6490407057078121), (2, 4, 0.0, 0.6494589405175059), (7, 8, 0.0, 0.6495850131201127)],[(1, 7, 8), (2, 4)],layered_low_only
433.520,actual,[(1, 8, 0.0, 0.6490407057078121), (2, 4, 0.0, 0.6494589405175059), (7, 8, 0.0, 0.6495850131201127)],[(1, 7, 8), (2, 4)],layered_low_only
434.016,actual,[(1, 8, 0.0, 0.6490407057078121), (2, 4, 0.0, 0.6494589405175059), (7, 8, 0.0, 0.6495850131201127)],[(1, 7, 8), (2, 4)],layered_low_only
434.528,actual,[(1, 8, 0.0, 0.6490407057078121), (2, 4, 0.0, 0.6494589405175059), (7, 8, 0.0, 0.6495850131201127)],[(1, 7, 8), (2, 4)],layered_low_only
435.024,actual,[(1, 8, 0.0, 0.6490407057078121), (2, 4, 0.0, 0.6494589405175059), (7, 8, 0.0, 0.6495850131201127)],[(1, 7, 8), (2, 4)],layered_low_only
435.520,actual,[(1, 8, 0.0, 0.6490407057078121), (2, 4, 0.0, 0.6494589405175059), (7, 8, 0.0, 0.6495850131201127)],[(1, 7, 8), (2, 4)],layered_low_only
436.016,actual,[(1, 8, 0.0, 0.6490268497481536), (2, 4, 0.0, 0.6495518719789269), (7, 8, 0.0, 0.6496345882670991)],[(1, 7, 8), (2, 4)],layered_low_only
436.528,actual,[(1, 8, 0.0, 0.6490407057078121), (2, 4, 0.0, 0.6494589405175059), (7, 8, 0.0, 0.6495850131201127)],[(1, 7, 8), (2, 4)],layered_low_only
437.024,actual,[(1, 8, 0.0, 0.6490407057078121), (2, 4, 0.0, 0.6494589405175059), (7, 8, 0.0, 0.6495850131201127)],[(1, 7, 8), (2, 4)],layered_low_only
437.520,actual,[(1, 8, 0.0, 0.6490407057078121), (2, 4, 0.0, 0.6494589405175059), (7, 8, 0.0, 0.6495850131201127)],[(1, 7, 8), (2, 4)],layered_low_only
438.016,actual,[(1, 8, 0.0, 0.6490407057078121), (2, 4, 0.0, 0.6494589405175059), (7, 8, 0.0, 0.6495850131201127)],[(1, 7, 8), (2, 4)],layered_low_only
438.528,actual,[(1, 8, 0.0, 0.6490407057078121), (2, 4, 0.0, 0.6494589405175059), (7, 8, 0.0, 0.6495850131201127)],[(1, 7, 8), (2, 4)],layered_low_only
439.024,actual,[(1, 8, 0.0, 0.6490407057078121), (2, 4, 0.0, 0.6494589405175059), (7, 8, 0.0, 0.6495850131201127)],[(1, 7, 8), (2, 4)],layered_low_only
439.520,actual,[(1, 8, 0.0, 0.6490407057078121), (2, 4, 0.0, 0.6494589405175059), (7, 8, 0.0, 0.6495850131201127)],[(1, 7, 8), (2, 4)],layered_low_only
440.016,actual,[(1, 8, 0.0, 0.6490268497481536), (2, 4, 0.0, 0.6495518719789269), (7, 8, 0.0, 0.6496345882670991)],[(1, 7, 8), (2, 4)],layered_low_only
440.528,actual,[(1, 8, 0.0, 0.6490407057078121), (2, 4, 0.0, 0.6494589405175059), (7, 8, 0.0, 0.6495850131201127)],[(1, 7, 8), (2, 4)],layered_low_only
441.024,actual,[(1, 8, 0.0, 0.6490407057078121), (2, 4, 0.0, 0.6494589405175059), (7, 8, 0.0, 0.6495850131201127)],[(1, 7, 8), (2, 4)],layered_low_only
441.520,actual,[(1, 8, 0.0, 0.6490407057078121), (2, 4, 0.0, 0.6494589405175059), (7, 8, 0.0, 0.6495850131201127)],[(1, 7, 8), (2, 4)],layered_low_only
442.016,actual,[(1, 8, 0.0, 0.6490407057078121), (2, 4, 0.0, 0.6494589405175059), (7, 8, 0.0, 0.6495850131201127)],[(1, 7, 8), (2, 4)],layered_low_only
442.528,actual,[(1, 8, 0.0, 0.6490407057078121), (2, 4, 0.0, 0.6494589405175059), (7, 8, 0.0, 0.6495850131201127)],[(1, 7, 8), (2, 4)],layered_low_only
443.024,actual,[(1, 8, 0.0, 0.6490407057078121), (2, 4, 0.0, 0.6494589405175059), (7, 8, 0.0, 0.6495850131201127)],[(1, 7, 8), (2, 4)],layered_low_only
443.520,actual,[(1, 8, 0.0, 0.6490407057078121), (2, 4, 0.0, 0.6494589405175059), (7, 8, 0.0, 0.6495850131201127)],[(1, 7, 8), (2, 4)],layered_low_only
444.016,actual,[(1, 8, 0.0, 0.6490268497481536), (2, 4, 0.0, 0.6495518719789269), (7, 8, 0.0, 0.6496345882670991)],[(1, 7, 8), (2, 4)],layered_low_only
444.528,actual,[(1, 8, 0.0, 0.6490407057078121), (2, 4, 0.0, 0.6494589405175059), (7, 8, 0.0, 0.6495850131201127)],[(1, 7, 8), (2, 4)],layered_low_only
445.024,actual,[(1, 8, 0.0, 0.6490407057078121), (2, 4, 0.0, 0.6494589405175059), (7, 8, 0.0, 0.6495850131201127)],[(1, 7, 8), (2, 4)],layered_low_only
445.520,actual,[(1, 8, 0.0, 0.6490407057078121), (2, 4, 0.0, 0.6494589405175059), (7, 8, 0.0, 0.6495850131201127)],[(1, 7, 8), (2, 4)],layered_low_only
446.016,actual,[(1, 8, 0.0, 0.6490407057078121), (2, 4, 0.0, 0.6494589405175059), (7, 8, 0.0, 0.6495850131201127)],[(1, 7, 8), (2, 4)],layered_low_only
446.528,actual,[(1, 8, 0.0, 0.6490407057078121), (2, 4, 0.0, 0.6494589405175059), (7, 8, 0.0, 0.6495850131201127)],[(1, 7, 8), (2, 4)],layered_low_only
447.024,actual,[(1, 8, 0.0, 0.6490407057078121), (2, 4, 0.0, 0.6494589405175059), (7, 8, 0.0, 0.6495850131201127)],[(1, 7, 8), (2, 4)],layered_low_only
447.520,actual,[(1, 8, 0.0, 0.6490407057078121), (2, 4, 0.0, 0.6494589405175059), (7, 8, 0.0, 0.6495850131201127)],[(1, 7, 8), (2, 4)],layered_low_only
448.016,actual,[(1, 8, 0.0, 0.6490268497481536), (2, 4, 0.0, 0.6495518719789269), (7, 8, 0.0, 0.6496345882670991)],[(1, 7, 8), (2, 4)],layered_low_only
448.528,actual,[(1, 8, 0.0, 0.6490407057078121), (2, 4, 0.0, 0.6494589405175059), (7, 8, 0.0, 0.6495850131201127)],[(1, 7, 8), (2, 4)],layered_low_only
449.024,actual,[(1, 8, 0.0, 0.6490407057078121), (2, 4, 0.0, 0.6494589405175059), (7, 8, 0.0, 0.6495850131201127)],[(1, 7, 8), (2, 4)],layered_low_only
449.520,actual,[(1, 8, 0.0, 0.6490407057078121), (2, 4, 0.0, 0.6494589405175059), (7, 8, 0.0, 0.6495850131201127)],[(1, 7, 8), (2, 4)],layered_low_only
450.016,actual,[(1, 8, 0.0, 0.6490407057078121), (2, 4, 0.0, 0.6494589405175059), (7, 8, 0.0, 0.6495850131201127)],[(1, 7, 8), (2, 4)],layered_low_only
450.528,actual,[(1, 8, 0.0, 0.6490407057078121), (2, 4, 0.0, 0.6494589405175059), (7, 8, 0.0, 0.6495850131201127)],[(1, 7, 8), (2, 4)],layered_low_only
451.024,actual,[(1, 8, 0.0, 0.6490407057078121), (2, 4, 0.0, 0.6494589405175059), (7, 8, 0.0, 0.6495850131201127)],[(1, 7, 8), (2, 4)],layered_low_only
451.520,actual,[(1, 8, 0.0, 0.6490407057078121), (2, 4, 0.0, 0.6494589405175059), (7, 8, 0.0, 0.6495850131201127)],[(1, 7, 8), (2, 4)],layered_low_only
452.016,actual,[(1, 8, 0.0, 0.6490268497481536), (2, 4, 0.0, 0.6495518719789269), (7, 8, 0.0, 0.6496345882670991)],[(1, 7, 8), (2, 4)],layered_low_only
452.528,actual,[(1, 8, 0.0, 0.6490407057078121), (2, 4, 0.0, 0.6494589405175059), (7, 8, 0.0, 0.6495850131201127)],[(1, 7, 8), (2, 4)],layered_low_only
453.024,actual,[(1, 8, 0.0, 0.6490407057078121), (2, 4, 0.0, 0.6494589405175059), (7, 8, 0.0, 0.6495850131201127)],[(1, 7, 8), (2, 4)],layered_low_only
453.520,actual,[(1, 8, 0.0, 0.6490407057078121), (2, 4, 0.0, 0.6494589405175059), (7, 8, 0.0, 0.6495850131201127)],[(1, 7, 8), (2, 4)],layered_low_only
454.016,actual,[(1, 8, 0.0, 0.6490407057078121), (2, 4, 0.0, 0.6494589405175059), (7, 8, 0.0, 0.6495850131201127)],[(1, 7, 8), (2, 4)],layered_low_only
454.528,actual,[(1, 8, 0.0, 0.6490407057078121), (2, 4, 0.0, 0.6494589405175059), (7, 8, 0.0, 0.6495850131201127)],[(1, 7, 8), (2, 4)],layered_low_only
455.024,actual,[(1, 8, 0.0, 0.6490407057078121), (2, 4, 0.0, 0.6494589405175059), (7, 8, 0.0, 0.6495850131201127)],[(1, 7, 8), (2, 4)],layered_low_only
455.520,actual,[(1, 8, 0.0, 0.6490407057078121), (2, 4, 0.0, 0.6494589405175059), (7, 8, 0.0, 0.6495850131201127)],[(1, 7, 8), (2, 4)],layered_low_only
456.016,actual,[(1, 8, 0.0, 0.6490268497481536), (2, 4, 0.0, 0.6495518719789269), (7, 8, 0.0, 0.6496345882670991)],[(1, 7, 8), (2, 4)],layered_low_only
456.528,actual,[(1, 8, 0.0, 0.6490407057078121), (2, 4, 0.0, 0.6494589405175059), (7, 8, 0.0, 0.6495850131201127)],[(1, 7, 8), (2, 4)],layered_low_only
457.024,actual,[(1, 8, 0.0, 0.6490407057078121), (2, 4, 0.0, 0.6494589405175059), (7, 8, 0.0, 0.6495850131201127)],[(1, 7, 8), (2, 4)],layered_low_only
457.520,actual,[(1, 8, 0.0, 0.6490407057078121), (2, 4, 0.0, 0.6494589405175059), (7, 8, 0.0, 0.6495850131201127)],[(1, 7, 8), (2, 4)],layered_low_only
458.016,actual,[(1, 8, 0.0, 0.6490407057078121), (2, 4, 0.0, 0.6494589405175059), (7, 8, 0.0, 0.6495850131201127)],[(1, 7, 8), (2, 4)],layered_low_only
458.528,actual,[(1, 8, 0.0, 0.6490407057078121), (2, 4, 0.0, 0.6494589405175059), (7, 8, 0.0, 0.6495850131201127)],[(1, 7, 8), (2, 4)],layered_low_only
459.024,actual,[(1, 8, 0.0, 0.6490407057078121), (2, 4, 0.0, 0.6494589405175059), (7, 8, 0.0, 0.6495850131201127)],[(1, 7, 8), (2, 4)],layered_low_only
459.520,actual,[(1, 8, 0.0, 0.6490407057078121), (2, 4, 0.0, 0.6494589405175059), (7, 8, 0.0, 0.6495850131201127)],[(1, 7, 8), (2, 4)],layered_low_only
460.016,actual,[(1, 8, 0.0, 0.6490268497481536), (2, 4, 0.0, 0.6495518719789269), (7, 8, 0.0, 0.6496345882670991)],[(1, 7, 8), (2, 4)],layered_low_only
460.528,actual,[(1, 8, 0.0, 0.6490407057078121), (2, 4, 0.0, 0.6494589405175059), (7, 8, 0.0, 0.6495850131201127)],[(1, 7, 8), (2, 4)],layered_low_only
461.024,actual,[(1, 8, 0.0, 0.6490407057078121), (2, 4, 0.0, 0.6494589405175059), (7, 8, 0.0, 0.6495850131201127)],[(1, 7, 8), (2, 4)],layered_low_only
461.520,actual,[(1, 8, 0.0, 0.6490407057078121), (2, 4, 0.0, 0.6494589405175059), (7, 8, 0.0, 0.6495850131201127)],[(1, 7, 8), (2, 4)],layered_low_only
462.016,actual,[(1, 8, 0.0, 0.6490407057078121), (2, 4, 0.0, 0.6494589405175059), (7, 8, 0.0, 0.6495850131201127)],[(1, 7, 8), (2, 4)],layered_low_only
462.528,actual,[(1, 8, 0.0, 0.6490407057078121), (2, 4, 0.0, 0.6494589405175059), (7, 8, 0.0, 0.6495850131201127)],[(1, 7, 8), (2, 4)],layered_low_only
463.024,actual,[(1, 8, 0.0, 0.6490407057078121), (2, 4, 0.0, 0.6494589405175059), (7, 8, 0.0, 0.6495850131201127)],[(1, 7, 8), (2, 4)],layered_low_only
463.520,actual,[(1, 8, 0.0, 0.6490407057078121), (2, 4, 0.0, 0.6494589405175059), (7, 8, 0.0, 0.6495850131201127)],[(1, 7, 8), (2, 4)],layered_low_only
464.016,actual,[(1, 8, 0.0, 0.6490268497481536), (2, 4, 0.0, 0.6495518719789269), (7, 8, 0.0, 0.6496345882670991)],[(1, 7, 8), (2, 4)],layered_low_only
464.528,actual,[(1, 8, 0.0, 0.6490407057078121), (2, 4, 0.0, 0.6494589405175059), (7, 8, 0.0, 0.6495850131201127)],[(1, 7, 8), (2, 4)],layered_low_only
465.024,actual,[(1, 8, 0.0, 0.6490407057078121), (2, 4, 0.0, 0.6494589405175059), (7, 8, 0.0, 0.6495850131201127)],[(1, 7, 8), (2, 4)],layered_low_only
465.520,actual,[(1, 8, 0.0, 0.6490407057078121), (2, 4, 0.0, 0.6494589405175059), (7, 8, 0.0, 0.6495850131201127)],[(1, 7, 8), (2, 4)],layered_low_only
466.016,actual,[(1, 8, 0.0, 0.6490407057078121), (2, 4, 0.0, 0.6494589405175059), (7, 8, 0.0, 0.6495850131201127)],[(1, 7, 8), (2, 4)],layered_low_only
466.528,actual,[(1, 8, 0.0, 0.6490407057078121), (2, 4, 0.0, 0.6494589405175059), (7, 8, 0.0, 0.6495850131201127)],[(1, 7, 8), (2, 4)],layered_low_only
467.024,actual,[(1, 8, 0.0, 0.6490407057078121), (2, 4, 0.0, 0.6494589405175059), (7, 8, 0.0, 0.6495850131201127)],[(1, 7, 8), (2, 4)],layered_low_only
467.520,actual,[(1, 8, 0.0, 0.6490407057078121), (2, 4, 0.0, 0.6494589405175059), (7, 8, 0.0, 0.6495850131201127)],[(1, 7, 8), (2, 4)],layered_low_only
468.016,actual,[(1, 8, 0.0, 0.6490268497481536), (2, 4, 0.0, 0.6495518719789269), (7, 8, 0.0, 0.6496345882670991)],[(1, 7, 8), (2, 4)],layered_low_only
468.528,actual,[(1, 8, 0.0, 0.6490407057078121), (2, 4, 0.0, 0.6494589405175059), (7, 8, 0.0, 0.6495850131201127)],[(1, 7, 8), (2, 4)],layered_low_only
469.024,actual,[(1, 8, 0.0, 0.6490407057078121), (2, 4, 0.0, 0.6494589405175059), (7, 8, 0.0, 0.6495850131201127)],[(1, 7, 8), (2, 4)],layered_low_only
469.520,actual,[(1, 8, 0.0, 0.6490407057078121), (2, 4, 0.0, 0.6494589405175059), (7, 8, 0.0, 0.6495850131201127)],[(1, 7, 8), (2, 4)],layered_low_only
470.016,actual,[(1, 8, 0.0, 0.6490407057078121), (2, 4, 0.0, 0.6494589405175059), (7, 8, 0.0, 0.6495850131201127)],[(1, 7, 8), (2, 4)],layered_low_only
470.528,actual,[(1, 8, 0.0, 0.6490407057078121), (2, 4, 0.0, 0.6494589405175059), (7, 8, 0.0, 0.6495850131201127)],[(1, 7, 8), (2, 4)],layered_low_only
471.024,actual,[(1, 8, 0.0, 0.6490407057078121), (2, 4, 0.0, 0.6494589405175059), (7, 8, 0.0, 0.6495850131201127)],[(1, 7, 8), (2, 4)],layered_low_only
471.520,actual,[(1, 8, 0.0, 0.6490407057078121), (2, 4, 0.0, 0.6494589405175059), (7, 8, 0.0, 0.6495850131201127)],[(1, 7, 8), (2, 4)],layered_low_only
472.016,actual,[(1, 8, 0.0, 0.6490268497481536), (2, 4, 0.0, 0.6495518719789269), (7, 8, 0.0, 0.6496345882670991)],[(1, 7, 8), (2, 4)],layered_low_only
472.528,actual,[(1, 8, 0.0, 0.6490407057078121), (2, 4, 0.0, 0.6494589405175059), (7, 8, 0.0, 0.6495850131201127)],[(1, 7, 8), (2, 4)],layered_low_only
473.024,actual,[(1, 8, 0.0, 0.6490407057078121), (2, 4, 0.0, 0.6494589405175059), (7, 8, 0.0, 0.6495850131201127)],[(1, 7, 8), (2, 4)],layered_low_only
473.520,actual,[(1, 8, 0.0, 0.6490407057078121), (2, 4, 0.0, 0.6494589405175059), (7, 8, 0.0, 0.6495850131201127)],[(1, 7, 8), (2, 4)],layered_low_only
474.016,actual,[(1, 8, 0.0, 0.6490407057078121), (2, 4, 0.0, 0.6494589405175059), (7, 8, 0.0, 0.6495850131201127)],[(1, 7, 8), (2, 4)],layered_low_only
474.528,actual,[(1, 8, 0.0, 0.6490407057078121), (2, 4, 0.0, 0.6494589405175059), (7, 8, 0.0, 0.6495850131201127)],[(1, 7, 8), (2, 4)],layered_low_only
475.024,actual,[(1, 8, 0.0, 0.6490407057078121), (2, 4, 0.0, 0.6494589405175059), (7, 8, 0.0, 0.6495850131201127)],[(1, 7, 8), (2, 4)],layered_low_only
475.520,actual,[(1, 8, 0.0, 0.6490407057078121), (2, 4, 0.0, 0.6494589405175059), (7, 8, 0.0, 0.6495850131201127)],[(1, 7, 8), (2, 4)],layered_low_only
476.016,actual,[(1, 8, 0.0, 0.6490268497481536), (2, 4, 0.0, 0.6495518719789269), (7, 8, 0.0, 0.6496345882670991)],[(1, 7, 8), (2, 4)],layered_low_only
476.528,actual,[(1, 8, 0.0, 0.6490407057078121), (2, 4, 0.0, 0.6494589405175059), (7, 8, 0.0, 0.6495850131201127)],[(1, 7, 8), (2, 4)],layered_low_only
477.024,actual,[(1, 8, 0.0, 0.6490407057078121), (2, 4, 0.0, 0.6494589405175059), (7, 8, 0.0, 0.6495850131201127)],[(1, 7, 8), (2, 4)],layered_low_only
477.520,actual,[(1, 8, 0.0, 0.6490407057078121), (2, 4, 0.0, 0.6494589405175059), (7, 8, 0.0, 0.6495850131201127)],[(1, 7, 8), (2, 4)],layered_low_only
478.016,actual,[(1, 8, 0.0, 0.6490407057078121), (2, 4, 0.0, 0.6494589405175059), (7, 8, 0.0, 0.6495850131201127)],[(1, 7, 8), (2, 4)],layered_low_only
478.528,actual,[(1, 8, 0.0, 0.6490407057078121), (2, 4, 0.0, 0.6494589405175059), (7, 8, 0.0, 0.6495850131201127)],[(1, 7, 8), (2, 4)],layered_low_only
479.024,actual,[(1, 8, 0.0, 0.6490407057078121), (2, 4, 0.0, 0.6494589405175059), (7, 8, 0.0, 0.6495850131201127)],[(1, 7, 8), (2, 4)],layered_low_only
479.520,actual,[(1, 8, 0.0, 0.6490407057078121), (2, 4, 0.0, 0.6494589405175059), (7, 8, 0.0, 0.6495850131201127)],[(1, 7, 8), (2, 4)],layered_low_only
480.016,actual,[(1, 8, 0.0, 0.6490268497481536), (2, 4, 0.0, 0.6495518719789269), (7, 8, 0.0, 0.6496345882670991)],[(1, 7, 8), (2, 4)],layered_low_only
480.528,actual,[(1, 8, 0.0, 0.6490407057078121), (2, 4, 0.0, 0.6494589405175059), (7, 8, 0.0, 0.6495850131201127)],[(1, 7, 8), (2, 4)],layered_low_only
481.024,actual,[(1, 8, 0.0, 0.6490407057078121), (2, 4, 0.0, 0.6494589405175059), (7, 8, 0.0, 0.6495850131201127)],[(1, 7, 8), (2, 4)],layered_low_only
481.520,actual,[(1, 8, 0.0, 0.6490407057078121), (2, 4, 0.0, 0.6494589405175059), (7, 8, 0.0, 0.6495850131201127)],[(1, 7, 8), (2, 4)],layered_low_only
482.016,actual,[(1, 8, 0.0, 0.6490407057078121), (2, 4, 0.0, 0.6494589405175059), (7, 8, 0.0, 0.6495850131201127)],[(1, 7, 8), (2, 4)],layered_low_only
482.528,actual,[(1, 8, 0.0, 0.6490407057078121), (2, 4, 0.0, 0.6494589405175059), (7, 8, 0.0, 0.6495850131201127)],[(1, 7, 8), (2, 4)],layered_low_only
483.024,actual,[(1, 8, 0.0, 0.6490407057078121), (2, 4, 0.0, 0.6494589405175059), (7, 8, 0.0, 0.6495850131201127)],[(1, 7, 8), (2, 4)],layered_low_only
483.520,actual,[(1, 8, 0.0, 0.6490407057078121), (2, 4, 0.0, 0.6494589405175059), (7, 8, 0.0, 0.6495850131201127)],[(1, 7, 8), (2, 4)],layered_low_only
484.016,actual,[(1, 8, 0.0, 0.6490268497481536), (2, 4, 0.0, 0.6495518719789269), (7, 8, 0.0, 0.6496345882670991)],[(1, 7, 8), (2, 4)],layered_low_only
484.528,actual,[(1, 8, 0.0, 0.6490407057078121), (2, 4, 0.0, 0.6494589405175059), (7, 8, 0.0, 0.6495850131201127)],[(1, 7, 8), (2, 4)],layered_low_only
485.024,actual,[(1, 8, 0.0, 0.6490407057078121), (2, 4, 0.0, 0.6494589405175059), (7, 8, 0.0, 0.6495850131201127)],[(1, 7, 8), (2, 4)],layered_low_only
485.520,actual,[(1, 8, 0.0, 0.6490407057078121), (2, 4, 0.0, 0.6494589405175059), (7, 8, 0.0, 0.6495850131201127)],[(1, 7, 8), (2, 4)],layered_low_only
486.016,actual,[(1, 8, 0.0, 0.6490407057078121), (2, 4, 0.0, 0.6494589405175059), (7, 8, 0.0, 0.6495850131201127)],[(1, 7, 8), (2, 4)],layered_low_only
486.528,actual,[(1, 8, 0.0, 0.6490407057078121), (2, 4, 0.0, 0.6494589405175059), (7, 8, 0.0, 0.6495850131201127)],[(1, 7, 8), (2, 4)],layered_low_only
487.024,actual,[(1, 8, 0.0, 0.6490407057078121), (2, 4, 0.0, 0.6494589405175059), (7, 8, 0.0, 0.6495850131201127)],[(1, 7, 8), (2, 4)],layered_low_only
487.520,actual,[(1, 8, 0.0, 0.6490407057078121), (2, 4, 0.0, 0.6494589405175059), (7, 8, 0.0, 0.6495850131201127)],[(1, 7, 8), (2, 4)],layered_low_only
488.016,actual,[(1, 8, 0.0, 0.6490268497481536), (2, 4, 0.0, 0.6495518719789269), (7, 8, 0.0, 0.6496345882670991)],[(1, 7, 8), (2, 4)],layered_low_only
488.528,actual,[(1, 8, 0.0, 0.6490407057078121), (2, 4, 0.0, 0.6494589405175059), (7, 8, 0.0, 0.6495850131201127)],[(1, 7, 8), (2, 4)],layered_low_only
489.024,actual,[(1, 8, 0.0, 0.6490407057078121), (2, 4, 0.0, 0.6494589405175059), (7, 8, 0.0, 0.6495850131201127)],[(1, 7, 8), (2, 4)],layered_low_only
489.520,actual,[(1, 8, 0.0, 0.6490407057078121), (2, 4, 0.0, 0.6494589405175059), (7, 8, 0.0, 0.6495850131201127)],[(1, 7, 8), (2, 4)],layered_low_only
490.016,actual,[(1, 8, 0.0, 0.6490407057078121), (2, 4, 0.0, 0.6494589405175059), (7, 8, 0.0, 0.6495850131201127)],[(1, 7, 8), (2, 4)],layered_low_only
490.528,actual,[(1, 8, 0.0, 0.6490407057078121), (2, 4, 0.0, 0.6494589405175059), (7, 8, 0.0, 0.6495850131201127)],[(1, 7, 8), (2, 4)],layered_low_only
491.024,actual,[(1, 8, 0.0, 0.6490407057078121), (2, 4, 0.0, 0.6494589405175059), (7, 8, 0.0, 0.6495850131201127)],[(1, 7, 8), (2, 4)],layered_low_only
491.520,actual,[(1, 8, 0.0, 0.6490407057078121), (2, 4, 0.0, 0.6494589405175059), (7, 8, 0.0, 0.6495850131201127)],[(1, 7, 8), (2, 4)],layered_low_only
492.016,actual,[(1, 8, 0.0, 0.6490268497481536), (2, 4, 0.0, 0.6495518719789269), (7, 8, 0.0, 0.6496345882670991)],[(1, 7, 8), (2, 4)],layered_low_only
492.528,actual,[(1, 8, 0.0, 0.6490407057078121), (2, 4, 0.0, 0.6494589405175059), (7, 8, 0.0, 0.6495850131201127)],[(1, 7, 8), (2, 4)],layered_low_only
493.024,actual,[(1, 8, 0.0, 0.6490407057078121), (2, 4, 0.0, 0.6494589405175059), (7, 8, 0.0, 0.6495850131201127)],[(1, 7, 8), (2, 4)],layered_low_only
493.520,actual,[(1, 8, 0.0, 0.6490407057078121), (2, 4, 0.0, 0.6494589405175059), (7, 8, 0.0, 0.6495850131201127)],[(1, 7, 8), (2, 4)],layered_low_only
494.016,actual,[(1, 8, 0.0, 0.6490407057078121), (2, 4, 0.0, 0.6494589405175059), (7, 8, 0.0, 0.6495850131201127)],[(1, 7, 8), (2, 4)],layered_low_only
494.528,actual,[(1, 8, 0.0, 0.6490407057078121), (2, 4, 0.0, 0.6494589405175059), (7, 8, 0.0, 0.6495850131201127)],[(1, 7, 8), (2, 4)],layered_low_only
495.024,actual,[(1, 8, 0.0, 0.6490407057078121), (2, 4, 0.0, 0.6494589405175059), (7, 8, 0.0, 0.6495850131201127)],[(1, 7, 8), (2, 4)],layered_low_only
495.520,actual,[(1, 8, 0.0, 0.6490407057078121), (2, 4, 0.0, 0.6494589405175059), (7, 8, 0.0, 0.6495850131201127)],[(1, 7, 8), (2, 4)],layered_low_only
496.016,actual,[(1, 8, 0.0, 0.6490268497481536), (2, 4, 0.0, 0.6495518719789269), (7, 8, 0.0, 0.6496345882670991)],[(1, 7, 8), (2, 4)],layered_low_only
496.528,actual,[(1, 8, 0.0, 0.6490407057078121), (2, 4, 0.0, 0.6494589405175059), (7, 8, 0.0, 0.6495850131201127)],[(1, 7, 8), (2, 4)],layered_low_only
497.024,actual,[(1, 8, 0.0, 0.6490407057078121), (2, 4, 0.0, 0.6494589405175059), (7, 8, 0.0, 0.6495850131201127)],[(1, 7, 8), (2, 4)],layered_low_only
497.520,actual,[(1, 8, 0.0, 0.6490407057078121), (2, 4, 0.0, 0.6494589405175059), (7, 8, 0.0, 0.6495850131201127)],[(1, 7, 8), (2, 4)],layered_low_only
498.016,actual,[(1, 8, 0.0, 0.6490407057078121), (2, 4, 0.0, 0.6494589405175059), (7, 8, 0.0, 0.6495850131201127)],[(1, 7, 8), (2, 4)],layered_low_only
498.528,actual,[(1, 8, 0.0, 0.6490407057078121), (2, 4, 0.0, 0.6494589405175059), (7, 8, 0.0, 0.6495850131201127)],[(1, 7, 8), (2, 4)],layered_low_only
499.024,actual,[(1, 8, 0.0, 0.6490407057078121), (2, 4, 0.0, 0.6494589405175059), (7, 8, 0.0, 0.6495850131201127)],[(1, 7, 8), (2, 4)],layered_low_only
499.520,actual,[(1, 8, 0.0, 0.6490407057078121), (2, 4, 0.0, 0.6494589405175059), (7, 8, 0.0, 0.6495850131201127)],[(1, 7, 8), (2, 4)],layered_low_only
500.016,actual,[(1, 8, 0.0, 0.6490268497481536), (2, 4, 0.0, 0.6495518719789269), (7, 8, 0.0, 0.6496345882670991)],[(1, 7, 8), (2, 4)],layered_low_only
500.528,actual,[(1, 8, 0.0, 0.6490407057078121), (2, 4, 0.0, 0.6494589405175059), (7, 8, 0.0, 0.6495850131201127)],[(1, 7, 8), (2, 4)],layered_low_only
501.024,actual,[(1, 8, 0.0, 0.6490407057078121), (2, 4, 0.0, 0.6494589405175059), (7, 8, 0.0, 0.6495850131201127)],[(1, 7, 8), (2, 4)],layered_low_only
501.520,actual,[(1, 8, 0.0, 0.6490407057078121), (2, 4, 0.0, 0.6494589405175059), (7, 8, 0.0, 0.6495850131201127)],[(1, 7, 8), (2, 4)],layered_low_only
502.016,actual,[(1, 8, 0.0, 0.6490407057078121), (2, 4, 0.0, 0.6494589405175059), (7, 8, 0.0, 0.6495850131201127)],[(1, 7, 8), (2, 4)],layered_low_only
502.528,actual,[(1, 8, 0.0, 0.6490407057078121), (2, 4, 0.0, 0.6494589405175059), (7, 8, 0.0, 0.6495850131201127)],[(1, 7, 8), (2, 4)],layered_low_only
503.024,actual,[(1, 8, 0.0, 0.6490407057078121), (2, 4, 0.0, 0.6494589405175059), (7, 8, 0.0, 0.6495850131201127)],[(1, 7, 8), (2, 4)],layered_low_only
503.520,actual,[(1, 8, 0.0, 0.6490407057078121), (2, 4, 0.0, 0.6494589405175059), (7, 8, 0.0, 0.6495850131201127)],[(1, 7, 8), (2, 4)],layered_low_only
504.016,actual,[(1, 8, 0.0, 0.6490268497481536), (2, 4, 0.0, 0.6495518719789269), (7, 8, 0.0, 0.6496345882670991)],[(1, 7, 8), (2, 4)],layered_low_only
504.528,actual,[(1, 8, 0.0, 0.6490407057078121), (2, 4, 0.0, 0.6494589405175059), (7, 8, 0.0, 0.6495850131201127)],[(1, 7, 8), (2, 4)],layered_low_only
505.024,actual,[(1, 8, 0.0, 0.6490407057078121), (2, 4, 0.0, 0.6494589405175059), (7, 8, 0.0, 0.6495850131201127)],[(1, 7, 8), (2, 4)],layered_low_only
505.520,actual,[(1, 8, 0.0, 0.6490407057078121), (2, 4, 0.0, 0.6494589405175059), (7, 8, 0.0, 0.6495850131201127)],[(1, 7, 8), (2, 4)],layered_low_only
506.016,actual,[(1, 8, 0.0, 0.6490407057078121), (2, 4, 0.0, 0.6494589405175059), (7, 8, 0.0, 0.6495850131201127)],[(1, 7, 8), (2, 4)],layered_low_only
506.528,actual,[(1, 8, 0.0, 0.6490407057078121), (2, 4, 0.0, 0.6494589405175059), (7, 8, 0.0, 0.6495850131201127)],[(1, 7, 8), (2, 4)],layered_low_only
507.024,actual,[(1, 8, 0.0, 0.6490407057078121), (2, 4, 0.0, 0.6494589405175059), (7, 8, 0.0, 0.6495850131201127)],[(1, 7, 8), (2, 4)],layered_low_only
507.520,actual,[(1, 8, 0.0, 0.6490407057078121), (2, 4, 0.0, 0.6494589405175059), (7, 8, 0.0, 0.6495850131201127)],[(1, 7, 8), (2, 4)],layered_low_only
508.016,actual,[(1, 8, 0.0, 0.6490268497481536), (2, 4, 0.0, 0.6495518719789269), (7, 8, 0.0, 0.6496345882670991)],[(1, 7, 8), (2, 4)],layered_low_only
508.528,actual,[(1, 8, 0.0, 0.6490407057078121), (2, 4, 0.0, 0.6494589405175059), (7, 8, 0.0, 0.6495850131201127)],[(1, 7, 8), (2, 4)],layered_low_only
509.024,actual,[(1, 8, 0.0, 0.6490407057078121), (2, 4, 0.0, 0.6494589405175059), (7, 8, 0.0, 0.6495850131201127)],[(1, 7, 8), (2, 4)],layered_low_only
509.520,actual,[(1, 8, 0.0, 0.6490407057078121), (2, 4, 0.0, 0.6494589405175059), (7, 8, 0.0, 0.6495850131201127)],[(1, 7, 8), (2, 4)],layered_low_only
510.016,actual,[(1, 8, 0.0, 0.6490407057078121), (2, 4, 0.0, 0.6494589405175059), (7, 8, 0.0, 0.6495850131201127)],[(1, 7, 8), (2, 4)],layered_low_only
510.528,actual,[(1, 8, 0.0, 0.6490407057078121), (2, 4, 0.0, 0.6494589405175059), (7, 8, 0.0, 0.6495850131201127)],[(1, 7, 8), (2, 4)],layered_low_only
511.024,actual,[(1, 8, 0.0, 0.6490407057078121), (2, 4, 0.0, 0.6494589405175059), (7, 8, 0.0, 0.6495850131201127)],[(1, 7, 8), (2, 4)],layered_low_only
511.520,actual,[(1, 8, 0.0, 0.6490407057078121), (2, 4, 0.0, 0.6494589405175059), (7, 8, 0.0, 0.6495850131201127)],[(1, 7, 8), (2, 4)],layered_low_only
512.016,actual,[(1, 8, 0.0, 0.6490268497481536), (2, 4, 0.0, 0.6495518719789269), (7, 8, 0.0, 0.6496345882670991)],[(1, 7, 8), (2, 4)],layered_low_only
512.528,actual,[(1, 8, 0.0, 0.6490407057078121), (2, 4, 0.0, 0.6659028195153281), (7, 8, 0.0, 0.6495850131201127)],[(1, 7, 8), (2, 4)],layered_low_only
513.024,actual,[(1, 8, 0.0, 0.6490407057078121), (2, 4, 0.0, 0.6784252039924361), (7, 8, 0.0, 0.6495850131201127)],[(1, 7, 8), (2, 4)],layered_low_only
513.520,actual,[(1, 8, 0.0, 0.6490407057078121), (2, 4, 0.0, 0.6834787458440691), (7, 8, 0.0, 0.6495850131201127)],[(1, 7, 8), (2, 4)],layered_low_only
514.016,actual,[(1, 8, 0.0, 0.6490407057078121), (2, 4, 0.0, 0.6809829774957435), (7, 8, 0.0, 0.6495850131201127)],[(1, 7, 8), (2, 4)],layered_low_only
514.528,actual,[(1, 8, 0.0, 0.6490407057078121), (2, 4, 0.0, 0.6713509222245412), (7, 8, 0.0, 0.6495850131201127)],[(1, 7, 8), (2, 4)],layered_low_only
515.024,actual,[(1, 8, 0.0, 0.6490407057078121), (2, 4, 0.0, 0.6617663857534344), (7, 8, 0.0, 0.6495850131201127)],[(1, 7, 8), (2, 4)],layered_low_only
515.520,actual,[(1, 8, 0.0, 0.6490407057078121), (2, 4, 0.0, 0.6577014901799438), (7, 8, 0.0, 0.6495850131201127)],[(1, 7, 8), (2, 4)],layered_low_only
516.016,actual,[(1, 8, 0.0, 0.6490268497481536), (2, 4, 0.0, 0.6596882192655624), (7, 8, 0.0, 0.6496345882670991)],[(1, 7, 8), (2, 4)],layered_low_only
516.528,actual,[(1, 8, 0.0, 0.6461061249353882), (2, 4, 0.0, 0.6672677435633088), (7, 8, 0.0, 0.6502241272344197)],[(1, 7, 8), (2, 4)],layered_low_only
517.024,actual,[(1, 8, 0.0, 0.6448089585861454), (2, 4, 0.0, 0.6757358009923933), (7, 8, 0.0, 0.6500652793038323)],[(1, 7, 8), (2, 4)],layered_low_only
517.520,actual,[(1, 8, 0.0, 0.6470476692709596), (2, 4, 0.0, 0.6824624655570972), (7, 8, 0.0, 0.6503592943550149)],[(1, 7, 8), (2, 4)],layered_low_only
518.016,actual,[(1, 8, 0.0, 0.6500512044733552), (2, 4, 0.0, 0.6820760635101367), (7, 8, 0.0, 0.6505216310550475)],[(1, 7, 8), (2, 4)],layered_low_only
518.528,actual,[(1, 8, 0.0, 0.6510321209580264), (2, 4, 0.0, 0.6720549248081541), (7, 8, 0.0, 0.6502039206014237)],[(1, 7, 8), (2, 4)],layered_low_only
519.024,actual,[(1, 8, 0.0, 0.6607433793414921), (2, 4, 0.0, 0.6618305688483697), (7, 8, 0.0, 0.6501529982220324)],[(1, 7, 8), (2, 4)],layered_low_only
519.520,actual,[(1, 8, 0.0, 0.6816013665354751), (2, 4, 0.0, 0.6904302383980512), (7, 8, 0.0, 0.6498922576761238)],[(1, 7, 8), (2, 4)],layered_low_only
520.016,actual,[(1, 8, 0.0, 0.7032472056269073), (2, 4, 0.0, 0.6662166992438097), (7, 8, 0.0, 0.6496188899458282)],[(1, 7, 8), (2, 4)],layered_low_only
520.528,actual,[(1, 8, 0.0, 0.7255411513914971), (2, 4, 0.0, 0.6486637076297438), (7, 8, 0.0, 0.6498508238069223)],[(1, 7, 8), (2, 4)],layered_low_only
521.024,actual,[(1, 8, 0.0, 0.7553387067254006), (2, 4, 0.0, 0.6468128279024794), (7, 8, 0.0, 0.6499674936403906)],[(1, 7, 8), (2, 4)],layered_low_only
521.520,actual,[(1, 8, 0.0, 0.7865253940411205), (2, 4, 0.0, 0.6515454877455449), (7, 8, 0.0, 0.6502691942673877)],[(1, 7, 8), (2, 4)],layered_low_only
522.016,actual,[(1, 7, 0.0, 0.8472977267313729), (1, 8, 0.0, 0.8280967137851039), (2, 4, 0.0, 0.6517973336716106), (7, 8, 0.0, 0.6518362415301423)],[(1, 7, 8), (2, 4)],layered_low_only
522.528,actual,[(1, 7, 0.0, 0.8426292165133208), (2, 4, 0.0, 0.6443581797193864), (7, 8, 0.0, 0.6601632767870358)],[(1, 7, 8), (2, 4)],layered_low_only
523.024,actual,[(1, 7, 0.0, 0.8476109506682072), (2, 4, 0.0, 0.6526037653318386), (7, 8, 0.0, 0.6758419745871481)],[(1, 7, 8), (2, 4)],layered_low_only
523.520,actual,[(2, 4, 0.0, 0.6522475434632825), (7, 8, 0.0, 0.7035518217452033)],[(2, 4), (7, 8)],layered_low_only
524.016,actual,[(2, 4, 0.0, 0.6523896109218092), (7, 8, 0.0, 0.7317061188551685)],[(2, 4), (7, 8)],layered_low_only
524.528,actual,[(2, 4, 0.0, 0.6514672305154315), (7, 8, 0.0, 0.7598504735834886)],[(2, 4), (7, 8)],layered_low_only
525.024,actual,[(2, 4, 0.0, 0.6426319116078392), (7, 8, 0.0, 0.7752659980503367)],[(2, 4), (7, 8)],layered_low_only
525.520,actual,[(2, 4, 0.0, 0.651641287468019), (7, 8, 0.0, 0.7946689994083381)],[(2, 4), (7, 8)],layered_low_only
526.016,actual,[(2, 4, 0.0, 0.650564314379178), (7, 8, 0.0, 0.8310184524564447)],[(2, 4), (7, 8)],layered_low_only
526.528,actual,[(2, 4, 0.0, 0.6515039397750215), (7, 8, 0.0, 0.8455590633535106)],[(2, 4), (7, 8)],layered_low_only
527.024,actual,[(2, 4, 0.0, 0.6519659364252354)],[(2, 4)],layered_low_only
527.520,actual,[(2, 4, 0.0, 0.6505823277235295)],[(2, 4)],layered_low_only
528.016,actual,[(2, 4, 0.0, 0.6504012478205383)],[(2, 4)],layered_low_only
528.528,actual,[(2, 4, 0.0, 0.6496070454329772)],[(2, 4)],layered_low_only
529.024,actual,[(2, 4, 0.0, 0.642126689555563)],[(2, 4)],layered_low_only
529.520,actual,[(2, 4, 0.0, 0.6295645401552077)],[(2, 4)],layered_low_only
530.016,actual,[(2, 4, 0.0, 0.6184132058973404)],[(2, 4)],layered_low_only
530.528,[2, 5, 6, 7, 8],[],,,
531.024,[2, 5, 6, 7, 8],[],,,
531.520,actual,[(1, 7, 0.0, 0.7007830572327081)],[(1, 7)],layered_low_only
532.016,actual,[(1, 7, 0.0, 0.7245031044296716)],[(1, 7)],layered_low_only
532.528,actual,[(1, 7, 0.0, 0.7707770463410809)],[(1, 7)],layered_low_only
533.024,actual,[(1, 7, 0.0, 0.818222376390836)],[(1, 7)],layered_low_only
533.520,[1, 2, 3, 4, 5, 6, 7, 8],[],,,
534.016,[1, 2, 3, 4, 5, 6, 7, 8],[],,,
534.528,[1, 2, 3, 4, 5, 6, 7, 8],[],,,
535.024,[1, 2, 3, 4, 5, 6, 7, 8],[],,,
535.520,[1, 2, 3, 4, 5, 6, 7, 8],[],,,
536.016,[1, 2, 3, 4, 5, 6, 7, 8],[],,,
536.528,[1, 2, 3, 4, 5, 6, 7, 8],[],,,
537.024,[1, 2, 3, 4, 5, 6, 7, 8],[],,,
537.520,[1, 2, 3, 4, 5, 6, 7, 8],[],,,
538.016,[1, 2, 3, 4, 5, 6, 7, 8],[],,,
538.528,[1, 2, 3, 4, 5, 6, 7, 8],[],,,
539.024,[1, 2, 3, 4, 5, 6, 7, 8],[],,,
539.520,[1, 2, 3, 4, 5, 6, 7, 8],[],,,
540.016,[1, 2, 3, 4, 5, 6, 7, 8],[],,,
540.528,[1, 2, 3, 4, 5, 6, 7, 8],[],,,
541.024,[1, 2, 3, 4, 5, 6, 7, 8],[],,,
541.520,[1, 2, 3, 4, 5, 6, 7, 8],[],,,
542.016,[1, 2, 3, 4, 5, 6, 7, 8],[],,,
542.528,[1, 2, 3, 4, 5, 6, 7, 8],[],,,
543.024,[1, 2, 3, 4, 5, 6, 7, 8],[],,,
543.520,[1, 2, 3, 4, 5, 6, 7, 8],[],,,
544.016,[1, 2, 3, 4, 5, 6, 7, 8],[],,,
544.528,[1, 2, 3, 4, 5, 6, 7, 8],[],,,
545.024,[1, 2, 3, 4, 5, 6, 7, 8],[],,,
545.520,[1, 2, 3, 4, 5, 6, 7, 8],[],,,
546.016,[1, 2, 3, 4, 5, 6, 7, 8],[],,,
546.528,[1, 2, 3, 4, 5, 6, 7, 8],[],,,
547.024,[1, 2, 3, 4, 5, 6, 7, 8],[],,,
547.520,[1, 2, 3, 4, 5, 6, 7, 8],[],,,
548.016,[1, 2, 3, 4, 5, 6, 7, 8],[],,,
548.528,[1, 2, 3, 4, 5, 6, 7, 8],[],,,
549.024,[1, 2, 3, 4, 5, 6, 7, 8],[],,,
549.520,[1, 2, 3, 4, 5, 6, 7, 8],[],,,
550.016,[1, 2, 3, 4, 5, 6, 7, 8],[],,,
550.528,[1, 2, 3, 4, 5, 6, 7, 8],[],,,
551.024,[1, 2, 3, 4, 5, 6, 7, 8],[],,,
551.520,actual,[(3, 7, 0.0, 0.8308124861453068)],[(3, 7)],layered_low_only
552.016,actual,[(3, 7, 0.0, 0.8102164169659818)],[(3, 7)],layered_low_only
552.528,actual,[(3, 7, 0.0, 0.8140341317720513)],[(3, 7)],layered_low_only
553.024,actual,[(3, 7, 0.0, 0.818063465184602)],[(3, 7)],layered_low_only
553.520,actual,[(3, 7, 0.0, 0.8216467529913447)],[(3, 7)],layered_low_only
554.016,actual,[(3, 7, 0.0, 0.8335729110525147)],[(3, 7)],layered_low_only
554.528,actual,[(3, 7, 0.0, 0.843762140634787)],[(3, 7)],layered_low_only
555.024,[1, 2, 3, 4, 5, 6, 7, 8],[],,,
555.520,[1, 2, 3, 4, 5, 6, 7, 8],[],,,
556.016,[1, 2, 3, 4, 5, 6, 7, 8],[],,,
556.528,[1, 2, 3, 4, 5, 6, 7, 8],[],,,
557.024,[1, 2, 3, 4, 5, 6, 7, 8],[],,,
557.520,[1, 2, 3, 4, 5, 6, 7, 8],[],,,
558.016,[1, 2, 3, 4, 5, 6, 7, 8],[],,,
558.528,[1, 2, 3, 4, 5, 6, 7, 8],[],,,
559.024,[1, 2, 3, 4, 5, 6, 7, 8],[(3, 7, 1.5, 0.71167063494469)],,,
559.520,[1, 2, 3, 4, 5, 6, 7, 8],[],,,
560.016,[1, 2, 3, 4, 5, 6, 7, 8],[],,,
560.528,[1, 2, 3, 4, 5, 6, 7, 8],[(5, 7, 1.0, 0.690634116817042)],,,
561.024,[1, 2, 3, 4, 5, 6, 7, 8],[],,,
561.520,[1, 2, 3, 4, 5, 6, 7, 8],[],,,
562.016,[1, 2, 3, 4, 5, 6, 7, 8],[],,,
562.528,[1, 2, 3, 4, 5, 6, 7, 8],[],,,
563.024,[1, 2, 3, 4, 5, 6, 7, 8],[],,,
563.520,[1, 2, 3, 4, 5, 6, 7, 8],[],,,
564.016,[1, 2, 3, 4, 5, 6, 7, 8],[],,,
564.528,[1, 2, 3, 4, 5, 6, 7, 8],[],,,
565.024,[1, 2, 3, 4, 5, 6, 7, 8],[],,,
565.520,[1, 2, 3, 4, 5, 6, 7, 8],[],,,
566.016,[1, 2, 3, 4, 5, 6, 7, 8],[],,,
566.528,[1, 2, 3, 4, 5, 6, 7, 8],[],,,
567.024,[1, 2, 3, 4, 5, 6, 7, 8],[],,,
567.520,[1, 2, 3, 4, 5, 6, 7, 8],[],,,
568.016,[1, 2, 3, 4, 5, 6, 7, 8],[],,,
568.528,[1, 2, 3, 4, 5, 6, 7, 8],[],,,
569.024,[1, 2, 3, 4, 5, 6, 7, 8],[],,,
569.520,[1, 2, 3, 4, 5, 6, 7, 8],[],,,
570.016,[1, 2, 3, 4, 5, 6, 7, 8],[],,,
570.528,[1, 2, 3, 4, 5, 6, 7, 8],[],,,
571.024,[1, 2, 3, 4, 5, 6, 7, 8],[],,,
571.520,[1, 2, 3, 4, 5, 6, 7, 8],[],,,
572.016,[1, 2, 3, 4, 5, 6, 7, 8],[],,,
572.528,[1, 2, 3, 4, 5, 6, 7, 8],[],,,
573.024,[1, 2, 3, 4, 5, 6, 7, 8],[],,,
573.520,[1, 2, 3, 4, 5, 6, 7, 8],[],,,
574.016,[1, 2, 3, 4, 5, 6, 7, 8],[],,,
574.528,[1, 2, 3, 4, 5, 6, 7, 8],[],,,
575.024,[1, 2, 3, 4, 5, 6, 7, 8],[],,,
575.520,[1, 2, 3, 4, 5, 6, 7, 8],[],,,
576.016,[1, 2, 3, 4, 5, 6, 7, 8],[],,,
576.528,[1, 2, 3, 4, 5, 6, 7, 8],[],,,
577.024,[1, 2, 3, 4, 5, 6, 7, 8],[],,,
577.520,[1, 2, 3, 4, 5, 6, 7, 8],[],,,
578.016,[1, 2, 3, 4, 5, 6, 7, 8],[],,,
578.528,[1, 2, 3, 4, 5, 6, 7, 8],[],,,
579.024,[1, 2, 3, 4, 5, 6, 7, 8],[],,,
579.520,[1, 2, 3, 4, 5, 6, 7, 8],[],,,
580.016,[1, 2, 3, 4, 5, 6, 7, 8],[],,,
580.528,[1, 2, 3, 4, 5, 6, 7, 8],[],,,
581.024,[1, 2, 3, 4, 5, 6, 7, 8],[],,,
581.520,[1, 2, 3, 4, 5, 6, 7, 8],[],,,
582.016,[1, 2, 3, 4, 5, 6, 7, 8],[],,,
582.528,[1, 2, 3, 4, 5, 6, 7, 8],[],,,
583.024,[1, 2, 3, 4, 5, 6, 7, 8],[],,,
583.520,[1, 2, 3, 4, 5, 6, 7, 8],[],,,
584.016,[1, 2, 3, 4, 5, 6, 7, 8],[],,,
584.528,[1, 2, 3, 4, 5, 6, 7, 8],[],,,
585.024,[1, 2, 3, 4, 5, 6, 7, 8],[],,,
585.520,[1, 2, 3, 4, 5, 6, 7, 8],[],,,
586.016,[1, 2, 3, 4, 5, 6, 7, 8],[],,,
586.528,[1, 2, 3, 4, 5, 6, 7, 8],[],,,
587.024,[1, 2, 3, 4, 5, 6, 7, 8],[],,,
587.520,[1, 2, 3, 4, 5, 6, 7, 8],[],,,
588.016,[1, 2, 3, 4, 5, 6, 7, 8],[],,,
588.528,[1, 2, 3, 4, 5, 6, 7, 8],[],,,
589.024,[1, 2, 3, 4, 5, 6, 7, 8],[],,,
589.520,[1, 2, 3, 4, 5, 6, 7, 8],[],,,
590.016,[1, 2, 3, 4, 5, 6, 7, 8],[],,,
590.528,[1, 2, 3, 4, 5, 6, 7, 8],[],,,
591.024,[1, 2, 3, 4, 5, 6, 7, 8],[],,,
591.520,[1, 2, 3, 4, 5, 6, 7, 8],[],,,
592.016,[1, 2, 3, 4, 5, 6, 7, 8],[],,,
592.528,[1, 2, 3, 4, 5, 6, 7, 8],[],,,
593.024,[1, 2, 3, 4, 5, 6, 7, 8],[],,,
593.520,[1, 2, 3, 4, 5, 6, 7, 8],[],,,
594.016,[1, 2, 3, 4, 5, 6, 7, 8],[],,,
594.528,[1, 2, 3, 4, 5, 6, 7, 8],[],,,
595.024,[1, 2, 3, 4, 5, 6, 7, 8],[],,,
595.520,[1, 2, 3, 4, 5, 6, 7, 8],[],,,
596.016,[1, 2, 3, 4, 5, 6, 7, 8],[],,,
596.528,[1, 2, 3, 4, 5, 6, 7, 8],[],,,
597.024,[1, 2, 3, 4, 5, 6, 7, 8],[],,,
597.520,[1, 2, 3, 4, 5, 6, 7, 8],[],,,
598.016,[1, 2, 3, 4, 5, 6, 7, 8],[],,,
598.528,[1, 2, 3, 4, 5, 6, 7, 8],[],,,
599.024,[1, 2, 3, 4, 5, 6, 7, 8],[],,,
599.520,[1, 2, 3, 4, 5, 6, 7, 8],[],,,
