sim_time,trajectories,conflicts,components,actions
1.520,[1, 2, 3],[],,,
2.016,[1, 2, 3],[],,,
2.528,[1, 2, 3],[],,,
3.024,[1, 2, 3],[],,,
3.520,[1, 2, 3],[],,,
4.016,[1, 2, 3],[],,,
4.528,[1, 2, 3],[],,,
5.024,[1, 2, 3],[],,,
5.520,[1, 2, 3],[],,,
6.016,[1, 2, 3],[],,,
6.528,[1, 2, 3],[],,,
7.024,[1, 2, 3],[],,,
7.520,[1, 2, 3],[],,,
8.016,[1, 2, 3],[],,,
8.528,[1, 2, 3],[],,,
9.024,[1, 2, 3],[],,,
9.520,[1, 2, 3],[],,,
10.016,[1, 2, 3, 4],[],,,
10.528,[1, 2, 3, 4],[],,,
11.024,[1, 2, 3, 4],[],,,
11.520,[1, 2, 3, 4],[],,,
12.016,[1, 2, 3, 4],[],,,
12.528,[1, 2, 3, 4],[],,,
13.024,[1, 2, 3, 4],[],,,
13.520,[1, 2, 3, 4],[],,,
14.016,[1, 2, 3, 4],[],,,
14.528,[1, 2, 3, 4],[],,,
15.024,[1, 2, 3, 4],[],,,
15.520,[1, 2, 3, 4],[],,,
16.016,[1, 2, 3, 4],[],,,
16.528,[1, 2, 3, 4],[],,,
17.024,[1, 2, 3, 4],[],,,
17.520,[1, 2, 3, 4],[],,,
18.032,[1, 2, 3, 4],[],,,
18.528,[1, 2, 3, 4],[],,,
19.024,[1, 2, 3, 4],[],,,
19.520,[1, 2, 3, 4],[],,,
20.032,[1, 2, 3, 4],[],,,
20.528,[1, 2, 3, 4],[],,,
21.024,[1, 2, 3, 4],[],,,
21.520,[1, 2, 3, 4],[],,,
22.032,[1, 2, 3, 4],[],,,
22.528,[1, 2, 3, 4],[],,,
23.024,[1, 2, 3, 4],[],,,
23.520,[1, 2, 3, 4, 5, 7],[],,,
24.032,[1, 2, 3, 4, 5, 7],[],,,
24.528,[1, 2, 3, 4, 5, 7],[],,,
25.024,[1, 2, 3, 4, 5, 7],[],,,
25.520,[1, 2, 3, 4, 5, 7],[],,,
26.032,[1, 2, 3, 4, 5, 6, 7, 8],[],,,
26.528,[1, 2, 3, 4, 5, 6, 7, 8],[],,,
27.024,[1, 2, 3, 4, 5, 6, 7, 8],[],,,
27.520,[1, 2, 3, 4, 5, 6, 7, 8],[],,,
28.032,[1, 2, 3, 4, 5, 6, 7, 8],[],,,
28.528,[1, 2, 3, 4, 5, 6, 7, 8],[],,,
29.024,[1, 2, 3, 4, 5, 6, 7, 8],[],,,
29.520,[1, 2, 3, 4, 5, 6, 7, 8],[],,,
30.032,[1, 2, 3, 4, 5, 6, 7, 8],[],,,
30.528,[1, 2, 3, 4, 5, 6, 7, 8],[],,,
31.024,[1, 2, 3, 4, 5, 6, 7, 8],[],,,
31.520,[1, 2, 3, 4, 5, 6, 7, 8],[],,,
32.032,[1, 2, 3, 4, 5, 6, 7, 8],[],,,
32.528,[1, 2, 3, 4, 5, 6, 7, 8],[],,,
33.024,[1, 2, 3, 4, 5, 6, 7, 8],[],,,
33.520,[1, 2, 3, 4, 5, 6, 7, 8],[],,,
34.032,[1, 2, 3, 4, 5, 6, 7, 8],[],,,
34.528,[1, 2, 3, 4, 5, 6, 7, 8],[],,,
35.024,[1, 2, 3, 4, 5, 6, 7, 8],[],,,
35.520,[1, 2, 3, 4, 5, 6, 7, 8],[],,,
36.032,[1, 2, 3, 4, 5, 6, 7, 8],[],,,
36.528,[1, 2, 3, 4, 5, 6, 7, 8],[],,,
37.024,[1, 2, 3, 4, 5, 6, 7, 8],[],,,
37.520,[1, 2, 3, 4, 5, 6, 7, 8],[],,,
38.032,[1, 2, 3, 4, 5, 6, 7, 8],[],,,
38.528,[1, 2, 3, 4, 5, 6, 7, 8],[],,,
39.024,[1, 2, 3, 4, 5, 6, 7, 8],[],,,
39.520,actual,[(1, 2, 0.0, 0.7278324005978115)],[(1, 2)],,
40.032,actual,[(1, 2, 0.0, 0.7013812916171949)],[(1, 2)],,
40.528,actual,[(1, 2, 0.0, 0.6679854193238265)],[(1, 2)],,
41.024,actual,[(1, 2, 0.0, 0.6490817237278887), (2, 5, 0.0, 0.7077735017373679)],[(1, 2, 5)],,
41.520,actual,[(1, 2, 0.0, 0.6490818955414285), (2, 5, 0.0, 0.6867802483375907)],[(1, 2, 5)],,
42.032,actual,[(1, 2, 0.0, 0.6490818946907322), (2, 5, 0.0, 0.672566392622379)],[(1, 2, 5)],,
42.528,actual,[(1, 2, 0.0, 0.6490818946813333), (2, 5, 0.0, 0.6718690869610814)],[(1, 2, 5)],,
43.024,actual,[(1, 2, 0.0, 0.6490818946812142), (2, 5, 0.0, 0.6806865350194394)],[(1, 2, 5)],,
43.520,actual,[(1, 2, 0.0, 0.6490818946812117), (2, 5, 0.0, 0.6811848914445207)],[(1, 2, 5)],,
44.032,actual,[(1, 2, 0.0, 0.6490818946812109), (2, 5, 0.0, 0.6493417480031165)],[(1, 2, 5)],,
44.528,actual,[(1, 2, 0.0, 0.6490818946812109), (2, 5, 0.0, 0.6493415719843716)],[(1, 2, 5)],,
45.024,actual,[(1, 2, 0.0, 0.6278164309424081), (2, 5, 0.0, 0.6369317552661864)],[(1, 2, 5)],,
45.520,actual,[(1, 2, 0.0, 0.5706235842566528), (2, 5, 0.0, 0.662100874334068)],[(1, 2, 5)],,
46.032,actual,[(2, 5, 0.0, 0.7168179526438464)],[(2, 5)],,
46.528,[2, 3, 4, 5, 6, 7],[(2, 5, 0.75, 0.6068566486044279)],,,
47.024,[2, 3, 4, 5, 6, 7],[(2, 5, 1.0, 0.5866897894365574)],,,
47.520,[2, 3, 4, 5, 6, 7],[(2, 5, 1.25, 0.5979052707099145)],,,
48.032,actual,[(1, 2, 0.0, 0.6674021364557416)],[(1, 2)],,
48.528,actual,[(1, 2, 0.0, 0.6893627717499895)],[(1, 2)],,
49.024,actual,[(1, 2, 0.0, 0.6603489476492448)],[(1, 2)],,
49.520,actual,[(1, 2, 0.0, 0.623006002927074)],[(1, 2)],,
50.032,actual,[(1, 2, 0.0, 0.5326654008735701)],[(1, 2)],,
50.528,[1, 2, 3, 4, 5, 6, 7],[(1, 2, 1.5, 0.5809571173339333)],,,
51.024,[1, 2, 3, 4, 5, 6, 7],[],,,
51.520,[1, 2, 3, 4, 5, 6, 7, 8],[],,,
52.032,[1, 2, 3, 4, 5, 6, 7, 8],[],,,
52.528,[1, 2, 3, 4, 5, 6, 7, 8],[(1, 2, 2.75, 0.6399086238421923)],,,
53.024,[1, 2, 3, 4, 5, 6, 7, 8],[],,,
53.520,actual,[(1, 2, 0.0, 0.7151428632702782)],[(1, 2)],,
54.032,actual,[(1, 2, 0.0, 0.7025711375768925)],[(1, 2)],,
54.528,actual,[(1, 2, 0.0, 0.6958971895375772)],[(1, 2)],,
55.024,actual,[(1, 2, 0.0, 0.6960802607593701)],[(1, 2)],,
55.520,actual,[(1, 2, 0.0, 0.7076714748336812)],[(1, 2)],,
56.032,actual,[(1, 2, 0.0, 0.7316793232450961)],[(1, 2)],,
56.528,[1, 2, 3, 4, 5, 6, 7, 8],[],,,
57.024,[1, 2, 3, 4, 5, 6, 7, 8],[],,,
57.520,[1, 2, 3, 4, 5, 6, 7, 8],[],,,
58.032,[1, 2, 3, 4, 5, 6, 7, 8],[],,,
58.528,[1, 2, 3, 4, 5, 6, 7, 8],[],,,
59.024,[1, 2, 3, 4, 5, 6, 7, 8],[],,,
59.520,[1, 2, 3, 4, 5, 6, 7, 8],[],,,
60.032,[1, 2, 3, 4, 5, 6, 7, 8],[],,,
60.528,[1, 2, 3, 4, 5, 6, 7, 8],[],,,
61.024,[1, 2, 3, 4, 5, 6, 7, 8],[],,,
61.520,[1, 2, 3, 4, 5, 6, 7, 8],[],,,
62.032,[1, 2, 3, 4, 5, 6, 7, 8],[(2, 5, 1.25, 0.6167872836010823)],,,
62.528,[1, 2, 3, 4, 5, 6, 7, 8],[],,,
63.024,[1, 2, 3, 4, 5, 6, 7, 8],[],,,
63.520,[1, 2, 3, 4, 5, 6, 7, 8],[],,,
64.032,actual,[(2, 3, 0.0, 0.7374837174949331)],[(2, 3)],,
64.528,actual,[(2, 3, 0.0, 0.7206620813858826)],[(2, 3)],,
65.024,actual,[(2, 3, 0.0, 0.7054992940057128)],[(2, 3)],,
65.520,actual,[(2, 3, 0.0, 0.6889307773595259)],[(2, 3)],,
66.032,actual,[(2, 3, 0.0, 0.6717784051050445)],[(2, 3)],,
66.528,actual,[(2, 3, 0.0, 0.6465890262832613)],[(2, 3)],,
67.024,actual,[(2, 3, 0.0, 0.6403443330648302)],[(2, 3)],,
67.520,actual,[(2, 3, 0.0, 0.6418810400317175)],[(2, 3)],,
68.032,actual,[(2, 3, 0.0, 0.6503652093983201)],[(2, 3)],,
68.528,actual,[(2, 3, 0.0, 0.6547848579039063)],[(2, 3)],,
69.024,actual,[(2, 3, 0.0, 0.6856098843527825)],[(2, 3)],,
69.520,actual,[(2, 3, 0.0, 0.7249641139273438)],[(2, 3)],,
70.032,[1, 2, 3, 4, 5, 6, 7, 8],[],,,
70.528,[1, 2, 3, 4, 5, 6, 7, 8],[],,,
71.024,[1, 2, 3, 4, 5, 6, 7, 8],[],,,
71.520,[1, 2, 3, 4, 5, 6, 7, 8],[],,,
72.032,[1, 2, 3, 4, 5, 6, 7, 8],[],,,
72.528,[1, 2, 3, 4, 5, 6, 7, 8],[],,,
73.024,[1, 2, 3, 4, 5, 6, 7, 8],[],,,
73.520,[1, 2, 3, 4, 5, 6, 7, 8],[],,,
74.032,[1, 2, 3, 4, 5, 6, 7, 8],[],,,
74.528,[1, 2, 3, 4, 5, 6, 7, 8],[],,,
75.024,[1, 2, 3, 4, 5, 6, 7, 8],[],,,
75.520,[1, 2, 3, 4, 5, 6, 7, 8],[],,,
76.032,[1, 2, 3, 4, 5, 6, 7, 8],[],,,
76.528,[1, 2, 3, 4, 5, 6, 7, 8],[],,,
77.024,[1, 2, 3, 4, 5, 6, 7, 8],[],,,
77.520,actual,[(3, 5, 0.0, 0.7096587357561129)],[(3, 5)],,
78.032,actual,[(3, 5, 0.0, 0.674289302841425)],[(3, 5)],,
78.528,actual,[(3, 5, 0.0, 0.6522786938276138)],[(3, 5)],,
79.024,actual,[(3, 5, 0.0, 0.6152167905180637)],[(3, 5)],,
79.520,[1, 2, 3, 4, 5, 6, 7, 8],[],,,
80.016,[1, 2, 3, 4, 5, 6, 7, 8],[],,,
80.528,[1, 2, 3, 4, 5, 6, 7, 8],[],,,
81.024,[1, 2, 3, 4, 5, 6, 7, 8],[],,,
81.520,[1, 2, 3, 4, 5, 6, 7, 8],[],,,
82.016,[1, 2, 3, 4, 5, 6, 7, 8],[],,,
82.528,[1, 2, 3, 4, 5, 6, 7, 8],[],,,
83.024,[1, 2, 3, 4, 5, 6, 7, 8],[],,,
83.520,[1, 2, 3, 4, 5, 6, 7, 8],[],,,
84.016,[1, 2, 3, 4, 5, 6, 7, 8],[],,,
84.528,[1, 2, 3, 4, 5, 6, 7, 8],[],,,
85.024,[1, 2, 3, 4, 5, 6, 7, 8],[],,,
85.520,[1, 2, 3, 4, 5, 6, 7, 8],[],,,
86.016,[1, 2, 3, 4, 5, 6, 7, 8],[],,,
86.528,[1, 2, 3, 4, 5, 6, 7, 8],[(3, 5, 3.0, 0.6439718196703865)],,,
87.024,[1, 2, 3, 4, 5, 6, 7, 8],[],,,
87.520,[1, 2, 3, 4, 5, 6, 7, 8],[],,,
88.016,[1, 2, 3, 4, 5, 6, 7, 8],[],,,
88.528,[1, 2, 3, 4, 5, 6, 7, 8],[],,,
89.024,[1, 2, 3, 4, 5, 6, 7, 8],[(3, 5, 1.5, 0.6453782177228341)],,,
89.520,[1, 2, 3, 4, 5, 6, 7, 8],[],,,
