sim_time,trajectories,conflicts,components,actions
1.520,[1, 2, 3],[],,,
2.016,[1, 2, 3],[],,,
2.528,[1, 2, 3],[],,,
3.024,[1, 2, 3],[],,,
3.520,[1, 2, 3],[],,,
4.016,[1, 2, 3],[],,,
4.528,[1, 2, 3],[],,,
5.024,[1, 2, 3],[],,,
5.520,[1, 2, 3],[],,,
6.016,[1, 2, 3],[],,,
6.528,[1, 2, 3],[],,,
7.024,[1, 2, 3],[],,,
7.520,[1, 2, 3],[],,,
8.016,[1, 2, 3],[],,,
8.528,[1, 2, 3],[],,,
9.024,[1, 2, 3],[],,,
9.520,[1, 2, 3],[],,,
10.016,[1, 2, 3, 4],[],,,
10.528,[1, 2, 3, 4],[],,,
11.024,[1, 2, 3, 4],[],,,
11.520,[1, 2, 3, 4],[],,,
12.016,[1, 2, 3, 4],[],,,
12.528,[1, 2, 3, 4],[],,,
13.024,[1, 2, 3, 4],[],,,
13.520,[1, 2, 3, 4],[],,,
14.016,[1, 2, 3, 4],[],,,
14.528,[1, 2, 3, 4],[],,,
15.024,[1, 2, 3, 4],[],,,
15.520,[1, 2, 3, 4],[],,,
16.016,[1, 2, 3, 4],[],,,
16.528,[1, 2, 3, 4],[],,,
17.024,[1, 2, 3, 4],[],,,
17.520,[1, 2, 3, 4],[],,,
18.032,[1, 2, 3, 4],[],,,
18.528,[1, 2, 3, 4],[],,,
19.024,[1, 2, 3, 4],[],,,
19.520,[1, 2, 3, 4],[],,,
20.032,[1, 2, 3, 4],[],,,
20.528,[1, 2, 3, 4],[],,,
21.024,[1, 2, 3, 4],[],,,
21.520,[1, 2, 3, 4],[],,,
22.032,[1, 2, 3, 4],[],,,
22.528,[1, 2, 3, 4],[],,,
23.024,[1, 2, 3, 4],[],,,
23.520,[1, 2, 3, 4, 5, 7],[],,,
24.032,[1, 2, 3, 4, 5, 7],[],,,
24.528,[1, 2, 3, 4, 5, 7],[],,,
25.024,[1, 2, 3, 4, 5, 7],[],,,
25.520,[1, 2, 3, 4, 5, 7],[],,,
26.032,[1, 2, 3, 4, 5, 6, 7, 8],[],,,
26.528,[1, 2, 3, 4, 5, 6, 7, 8],[],,,
27.024,[1, 2, 3, 4, 5, 6, 7, 8],[],,,
27.520,[1, 2, 3, 4, 5, 6, 7, 8],[],,,
28.032,[1, 2, 3, 4, 5, 6, 7, 8],[],,,
28.528,[1, 2, 3, 4, 5, 6, 7, 8],[],,,
29.024,[1, 2, 3, 4, 5, 6, 7, 8],[],,,
29.520,[1, 2, 3, 4, 5, 6, 7, 8],[],,,
30.032,[1, 2, 3, 4, 5, 6, 7, 8],[],,,
30.528,[1, 2, 3, 4, 5, 6, 7, 8],[],,,
31.024,[1, 2, 3, 4, 5, 6, 7, 8],[],,,
31.520,[1, 2, 3, 4, 5, 6, 7, 8],[],,,
32.032,[1, 2, 3, 4, 5, 6, 7, 8],[],,,
32.528,[1, 2, 3, 4, 5, 6, 7, 8],[],,,
33.024,[1, 2, 3, 4, 5, 6, 7, 8],[],,,
33.520,[1, 2, 3, 4, 5, 6, 7, 8],[],,,
34.032,[1, 2, 3, 4, 5, 6, 7, 8],[],,,
34.528,[1, 2, 3, 4, 5, 6, 7, 8],[],,,
35.024,[1, 2, 3, 4, 5, 6, 7, 8],[],,,
35.520,[1, 2, 3, 4, 5, 6, 7, 8],[],,,
36.032,[1, 2, 3, 4, 5, 6, 7, 8],[],,,
36.528,[1, 2, 3, 4, 5, 6, 7, 8],[],,,
37.024,[1, 2, 3, 4, 5, 6, 7, 8],[],,,
37.520,[1, 2, 3, 4, 5, 6, 7, 8],[],,,
38.032,[1, 2, 3, 4, 5, 6, 7, 8],[],,,
38.528,[1, 2, 3, 4, 5, 6, 7, 8],[],,,
39.024,[1, 2, 3, 4, 5, 6, 7, 8],[],,,
39.520,[1, 2, 3, 4, 5, 6, 7, 8],[],,,
40.032,[1, 2, 3, 4, 5, 6, 7, 8],[],,,
40.528,[1, 2, 3, 4, 5, 6, 7, 8],[],,,
41.024,[1, 2, 3, 4, 5, 6, 7, 8],[],,,
41.520,[1, 2, 3, 4, 5, 6, 7, 8],[],,,
42.032,[1, 2, 3, 4, 5, 6, 7, 8],[],,,
42.528,[1, 2, 3, 4, 5, 6, 7, 8],[],,,
43.024,[1, 2, 3, 4, 5, 6, 7, 8],[],,,
43.520,[1, 2, 3, 4, 5, 6, 7, 8],[],,,
44.032,[1, 2, 3, 4, 5, 6, 7, 8],[],,,
44.528,[1, 2, 3, 4, 5, 6, 8],[],,,
45.024,[1, 2, 3, 4, 5, 6, 8],[],,,
45.520,[1, 2, 3, 4, 5, 6, 8],[],,,
46.032,[1, 2, 3, 4, 5, 6, 8],[],,,
46.528,[1, 2, 3, 4, 5, 6, 8],[],,,
47.024,[1, 2, 3, 4, 5, 6, 8],[],,,
47.520,[1, 2, 3, 4, 5, 6, 8],[],,,
48.032,[1, 2, 3, 4, 5, 6, 8],[],,,
48.528,[1, 2, 3, 4, 5, 6, 8],[],,,
49.024,[1, 2, 3, 4, 5, 6, 8],[],,,
49.520,[1, 2, 3, 4, 5, 6, 7, 8],[],,,
50.032,[1, 2, 3, 4, 5, 6, 7, 8],[],,,
50.528,[1, 2, 3, 4, 5, 6, 7, 8],[(2, 3, 2.25, 0.7129352733539693), (3, 5, 4.25, 0.7010905903323845)],,,
51.024,[1, 2, 3, 4, 5, 6, 7, 8],[],,,
51.520,[1, 2, 3, 4, 5, 6, 7, 8],[],,,
52.032,[1, 2, 3, 4, 5, 6, 7, 8],[],,,
52.528,[1, 2, 3, 4, 5, 6, 7, 8],[],,,
53.024,[1, 2, 3, 4, 5, 6, 7, 8],[],,,
53.520,[1, 2, 3, 4, 5, 6, 7, 8],[],,,
54.032,[1, 2, 3, 4, 5, 6, 7, 8],[],,,
54.528,[1, 2, 3, 4, 5, 6, 7, 8],[],,,
55.024,[1, 2, 3, 4, 5, 6, 7, 8],[],,,
55.520,[1, 2, 3, 4, 5, 6, 7, 8],[],,,
56.032,[1, 2, 3, 4, 5, 6, 7, 8],[],,,
56.528,[1, 2, 3, 4, 5, 6, 7, 8],[],,,
57.024,[1, 2, 3, 4, 5, 6, 7, 8],[],,,
57.520,[1, 2, 3, 4, 5, 6, 7, 8],[],,,
58.032,[1, 2, 3, 4, 5, 6, 7, 8],[],,,
58.528,[1, 2, 3, 4, 5, 6, 7, 8],[],,,
59.024,[1, 2, 3, 4, 5, 6, 7, 8],[],,,
59.520,[1, 2, 3, 4, 5, 6, 7, 8],[],,,
60.032,[1, 2, 3, 4, 5, 6, 7, 8],[(2, 3, 4.25, 0.771423639682329)],,,
60.528,[1, 2, 3, 4, 5, 6, 7, 8],[],,,
61.024,[1, 2, 3, 4, 5, 6, 7, 8],[],,,
61.520,[1, 2, 3, 4, 5, 6, 7, 8],[],,,
62.032,[1, 2, 3, 4, 5, 6, 7, 8],[],,,
62.528,[1, 2, 3, 4, 5, 6, 7, 8],[],,,
63.024,[1, 2, 3, 4, 5, 6, 7, 8],[],,,
63.520,actual,[(2, 5, 0.0, 0.8588666103937463)],[(2, 5)],,
64.032,actual,[(2, 5, 0.0, 0.8854422603652992)],[(2, 5)],,
64.528,[1, 2, 3, 4, 5, 6, 7, 8],[],,,
65.024,[1, 2, 3, 4, 5, 6, 7, 8],[],,,
65.520,[1, 2, 3, 4, 5, 6, 7, 8],[],,,
66.032,[1, 2, 3, 4, 5, 6, 7, 8],[],,,
66.528,[1, 2, 3, 4, 5, 6, 7, 8],[],,,
67.024,[1, 2, 3, 4, 5, 6, 7, 8],[],,,
67.520,[1, 2, 3, 4, 5, 6, 7, 8],[],,,
68.032,[1, 2, 3, 4, 5, 6, 7, 8],[],,,
68.528,[1, 2, 3, 4, 5, 6, 7, 8],[],,,
69.024,[1, 2, 3, 4, 5, 6, 7, 8],[],,,
69.520,[1, 2, 3, 4, 5, 6, 7, 8],[],,,
70.032,[1, 2, 3, 4, 5, 6, 7, 8],[],,,
70.528,[1, 2, 3, 4, 5, 6, 7, 8],[],,,
71.024,[1, 2, 3, 4, 5, 6, 7, 8],[],,,
71.520,[1, 2, 3, 4, 5, 6, 7, 8],[],,,
72.032,[1, 2, 3, 4, 5, 6, 7, 8],[(2, 5, 6.25, 0.7758147366185524)],,,
72.528,[1, 2, 3, 4, 5, 6, 7, 8],[],,,
73.024,[1, 2, 3, 4, 5, 6, 7, 8],[],,,
73.520,[1, 2, 3, 4, 5, 6, 7, 8],[(3, 5, 7.25, 0.7782222890495547)],,,
74.032,[1, 2, 3, 4, 5, 6, 7, 8],[],,,
74.528,[1, 2, 3, 4, 5, 6, 7, 8],[],,,
75.024,[1, 2, 3, 4, 5, 6, 7, 8],[],,,
75.520,[1, 2, 3, 4, 5, 6, 7, 8],[],,,
76.032,[1, 2, 3, 4, 5, 6, 7, 8],[],,,
76.528,[1, 2, 3, 4, 5, 6, 7, 8],[(2, 5, 4.5, 0.773026630255606)],,,
77.024,actual,[(2, 5, 0.0, 0.874541975966746)],[(2, 5)],,
77.520,actual,[(2, 5, 0.0, 0.881354668436615)],[(2, 5)],,
78.032,actual,[(2, 5, 0.0, 0.899395840189103)],[(2, 5)],,
78.528,[1, 2, 3, 4, 5, 6, 7, 8],[(2, 3, 4.75, 0.7684971980942131)],,,
79.024,[1, 2, 3, 4, 5, 6, 7, 8],[],,,
79.520,[1, 2, 3, 4, 5, 6, 7, 8],[],,,
80.016,[1, 2, 3, 4, 5, 6, 7, 8],[],,,
80.528,[1, 2, 3, 4, 5, 6, 7, 8],[(3, 5, 8.25, 0.7676696358866251)],,,
81.024,[1, 2, 3, 4, 5, 6, 7, 8],[],,,
81.520,[1, 2, 3, 4, 5, 6, 7, 8],[],,,
82.016,[1, 2, 3, 4, 5, 6, 7, 8],[],,,
82.528,[1, 2, 3, 4, 5, 6, 7, 8],[(2, 3, 1.5, 0.7690843568607676), (3, 5, 4.25, 0.7511459291970755)],,,
83.024,[1, 2, 3, 4, 5, 6, 7, 8],[(2, 3, 1.5, 0.7388817902875178), (3, 5, 3.75, 0.7761963647608573)],,,
83.520,[1, 2, 3, 4, 5, 6, 7, 8],[(2, 3, 1.75, 0.7761901967607754), (3, 5, 7.75, 0.7708426737387093)],,,
84.016,[1, 2, 3, 4, 5, 6, 7, 8],[(3, 5, 8.5, 0.7639345166895518)],,,
84.528,[1, 2, 3, 4, 5, 6, 7, 8],[(3, 5, 8.0, 0.7750756702199745)],,,
85.024,[1, 2, 3, 4, 5, 6, 7, 8],[(2, 3, 3.0, 0.7755159068810671), (3, 5, 8.0, 0.7789185425148466)],,,
85.520,[1, 2, 3, 4, 5, 6, 7, 8],[(3, 5, 6.5, 0.7490117307422158)],,,
86.016,[1, 2, 3, 4, 5, 6, 7, 8],[],,,
86.528,[1, 2, 3, 4, 5, 6, 7, 8],[],,,
87.024,[1, 2, 3, 4, 5, 6, 7, 8],[],,,
87.520,[1, 2, 3, 4, 5, 6, 7, 8],[(3, 5, 6.5, 0.7692372094952137)],,,
88.016,[1, 2, 3, 4, 5, 6, 7, 8],[],,,
88.528,[1, 2, 3, 4, 5, 6, 7, 8],[],,,
89.024,[1, 2, 3, 4, 5, 6, 7, 8],[],,,
89.520,[1, 2, 3, 4, 5, 6, 7, 8],[],,,
90.016,[1, 2, 3, 4, 5, 6, 7, 8],[],,,
90.528,[1, 2, 3, 4, 5, 6, 7, 8],[],,,
91.024,[1, 2, 3, 4, 5, 6, 7, 8],[],,,
91.520,[1, 2, 3, 4, 5, 6, 7, 8],[],,,
92.016,[1, 2, 3, 4, 5, 6, 7, 8],[],,,
92.528,[1, 2, 3, 4, 5, 6, 7, 8],[],,,
93.024,[1, 2, 3, 4, 5, 6, 7, 8],[],,,
93.520,[1, 2, 3, 4, 5, 6, 7, 8],[],,,
94.016,[1, 2, 3, 4, 5, 6, 7, 8],[],,,
94.528,[1, 2, 3, 4, 5, 6, 7, 8],[],,,
95.024,[1, 2, 3, 4, 5, 6, 7, 8],[],,,
95.520,[1, 2, 3, 4, 5, 6, 7, 8],[],,,
96.016,[1, 2, 3, 4, 5, 6, 7, 8],[(3, 5, 4.5, 0.771513614333341)],,,
96.528,[1, 2, 3, 4, 5, 6, 7, 8],[],,,
97.024,actual,[(1, 6, 0.0, 0.8869272190721916)],[(1, 6)],,
97.520,actual,[(1, 6, 0.0, 0.8400100813331599)],[(1, 6)],,
98.016,actual,[(1, 6, 0.0, 0.8434114236684441)],[(1, 6)],,
98.528,actual,[(1, 6, 0.0, 0.8523590885463566)],[(1, 6)],,
99.024,actual,[(1, 6, 0.0, 0.8741727942965842)],[(1, 6)],,
99.520,[1, 2, 3, 4, 5, 6, 7, 8],[(1, 8, 4.25, 0.7699828596637793)],,,
100.016,[1, 2, 3, 4, 5, 6, 7, 8],[(6, 8, 4.5, 0.7682613246866886)],,,
100.528,[1, 2, 3, 4, 5, 6, 7, 8],[],,,
101.024,[1, 2, 3, 4, 5, 6, 7, 8],[],,,
101.520,[1, 2, 3, 4, 5, 6, 7, 8],[],,,
102.016,[1, 2, 3, 4, 5, 6, 7, 8],[],,,
102.528,actual,[(1, 8, 0.0, 0.8720500866669005)],[(1, 8)],,
103.024,actual,[(1, 8, 0.0, 0.855110702791457)],[(1, 8)],,
103.520,actual,[(1, 8, 0.0, 0.8463914786193283)],[(1, 8)],,
104.016,actual,[(1, 8, 0.0, 0.8459425533957373)],[(1, 8)],,
104.528,actual,[(1, 8, 0.0, 0.8449346171312818)],[(1, 8)],,
105.024,actual,[(1, 8, 0.0, 0.8479843096682907)],[(1, 8)],,
105.520,actual,[(1, 8, 0.0, 0.8606589897688978)],[(1, 8)],,
106.016,actual,[(1, 8, 0.0, 0.8779838180208233)],[(1, 8)],,
106.528,[1, 2, 3, 4, 5, 6, 7, 8],[],,,
107.024,[1, 2, 3, 4, 5, 6, 7, 8],[],,,
107.520,[1, 2, 3, 4, 5, 6, 7, 8],[],,,
108.016,[1, 2, 3, 4, 5, 6, 7, 8],[],,,
108.528,[1, 2, 3, 4, 5, 6, 7, 8],[],,,
109.024,[1, 2, 3, 4, 5, 6, 7, 8],[],,,
109.520,[1, 2, 3, 4, 5, 6, 7, 8],[],,,
110.016,[1, 2, 3, 4, 5, 6, 7, 8],[],,,
110.528,[1, 2, 3, 4, 5, 6, 7, 8],[],,,
111.024,[1, 2, 3, 4, 5, 6, 7, 8],[],,,
111.520,[1, 2, 3, 4, 5, 6, 7, 8],[],,,
112.016,[1, 2, 3, 4, 5, 6, 7, 8],[],,,
112.528,[1, 2, 3, 4, 5, 6, 7, 8],[],,,
113.024,[1, 2, 3, 4, 5, 6, 7, 8],[],,,
113.520,[1, 2, 3, 4, 5, 6, 7, 8],[(2, 5, 6.0, 0.7654110741401646), (3, 7, 5.25, 0.779058437670334)],,,
114.016,[1, 2, 3, 4, 5, 6, 7, 8],[],,,
114.528,[1, 2, 3, 4, 5, 6, 7, 8],[],,,
115.024,[1, 2, 3, 4, 5, 6, 7, 8],[],,,
115.520,[1, 2, 3, 4, 5, 6, 7, 8],[],,,
116.016,[1, 2, 3, 4, 5, 6, 7, 8],[],,,
116.528,[1, 2, 3, 4, 5, 6, 7, 8],[],,,
117.024,[1, 2, 3, 4, 5, 6, 7, 8],[],,,
117.520,[1, 2, 3, 4, 5, 6, 7, 8],[],,,
118.016,[1, 2, 3, 4, 5, 6, 7, 8],[],,,
118.528,[1, 2, 3, 4, 5, 6, 7, 8],[],,,
119.024,[1, 2, 3, 4, 5, 6, 7, 8],[(3, 7, 6.75, 0.7687798867895742)],,,
119.520,[1, 2, 3, 4, 5, 6, 7, 8],[],,,
120.016,[1, 2, 3, 4, 5, 6, 7, 8],[],,,
120.528,[1, 2, 3, 4, 5, 6, 7, 8],[],,,
121.024,[1, 2, 3, 4, 5, 6, 7, 8],[],,,
121.520,[1, 2, 3, 4, 5, 6, 7, 8],[(3, 6, 8.75, 0.759933826912109)],,,
122.016,[1, 2, 3, 4, 5, 6, 7, 8],[],,,
122.528,[1, 2, 3, 4, 5, 6, 7, 8],[],,,
123.024,[1, 2, 3, 4, 5, 6, 7, 8],[],,,
123.520,[1, 2, 3, 4, 5, 6, 7, 8],[],,,
124.016,[1, 2, 3, 4, 5, 6, 7, 8],[],,,
124.528,[1, 2, 3, 4, 5, 6, 7, 8],[],,,
125.024,[1, 2, 3, 4, 5, 6, 7, 8],[],,,
125.520,[1, 2, 3, 4, 5, 6, 7, 8],[],,,
126.016,[1, 2, 3, 4, 5, 6, 7, 8],[],,,
126.528,[1, 2, 3, 4, 5, 6, 7, 8],[],,,
127.024,[1, 2, 3, 4, 5, 6, 7, 8],[],,,
127.520,actual,[(3, 7, 0.0, 0.8798490701309343)],[(3, 7)],,
128.016,actual,[(3, 7, 0.0, 0.8846599546074644)],[(3, 7)],,
128.528,actual,[(3, 7, 0.0, 0.8986488862387029)],[(3, 7)],,
129.024,[1, 2, 3, 4, 5, 6, 7, 8],[(3, 6, 8.5, 0.7607128376666594)],,,
129.520,[1, 2, 3, 4, 5, 6, 7, 8],[],,,
130.016,[1, 2, 3, 4, 5, 6, 7, 8],[],,,
130.528,[1, 2, 3, 4, 5, 6, 7, 8],[],,,
131.024,[1, 2, 3, 4, 5, 6, 7, 8],[],,,
131.520,[1, 2, 3, 4, 5, 6, 7, 8],[],,,
132.016,[1, 2, 3, 4, 5, 6, 7, 8],[],,,
132.528,[1, 2, 3, 4, 5, 6, 7, 8],[],,,
133.024,[1, 2, 3, 4, 5, 6, 7, 8],[],,,
133.520,[1, 2, 3, 4, 5, 6, 7, 8],[],,,
134.016,[1, 2, 3, 4, 5, 6, 7, 8],[],,,
134.528,[1, 2, 3, 4, 5, 6, 7, 8],[],,,
135.024,[1, 2, 3, 4, 5, 6, 7, 8],[],,,
135.520,[1, 2, 3, 4, 5, 6, 7, 8],[],,,
136.016,[1, 2, 3, 4, 5, 6, 7, 8],[],,,
136.528,[1, 2, 3, 4, 5, 6, 7, 8],[],,,
137.024,[1, 2, 3, 4, 5, 6, 7, 8],[],,,
137.520,[1, 2, 3, 4, 5, 6, 7, 8],[],,,
138.016,[1, 2, 3, 4, 5, 6, 7, 8],[],,,
138.528,[1, 2, 3, 4, 5, 6, 7, 8],[],,,
139.024,actual,[(3, 6, 0.0, 0.8846392073208783)],[(3, 6)],,
139.520,actual,[(3, 6, 0.0, 0.8435572612633662)],[(3, 6)],,
140.016,actual,[(3, 6, 0.0, 0.8176794522675743)],[(3, 6)],,
140.528,actual,[(3, 6, 0.0, 0.7966630654033858)],[(3, 6)],,
141.024,actual,[(3, 6, 0.0, 0.7830204427053059)],[(3, 6)],,
141.520,actual,[(3, 6, 0.0, 0.7737708937138901)],[(3, 6)],,
142.016,actual,[(3, 6, 0.0, 0.7694327348810652)],[(3, 6)],,
142.528,actual,[(3, 6, 0.0, 0.7678307085566972)],[(3, 6)],,
143.024,actual,[(3, 6, 0.0, 0.7678066465778817)],[(3, 6)],,
143.520,actual,[(3, 6, 0.0, 0.7582981060686451)],[(3, 6)],,
144.016,actual,[(3, 6, 0.0, 0.7534213572575346)],[(3, 6)],,
144.528,actual,[(3, 6, 0.0, 0.7583334465716115)],[(3, 6)],,
145.024,actual,[(3, 6, 0.0, 0.7656151190029533)],[(3, 6)],,
145.520,actual,[(3, 6, 0.0, 0.7706385925605885)],[(3, 6)],,
146.016,actual,[(3, 6, 0.0, 0.7754853395186834)],[(3, 6)],,
146.528,actual,[(3, 6, 0.0, 0.7864385124895703)],[(3, 6)],,
147.024,actual,[(3, 6, 0.0, 0.8021433869781676)],[(3, 6)],,
147.520,actual,[(3, 6, 0.0, 0.8256437015247272)],[(3, 6)],,
148.016,actual,[(3, 6, 0.0, 0.8577911326396559)],[(3, 6)],,
148.528,actual,[(3, 6, 0.0, 0.8975891289460456)],[(3, 6)],,
149.024,[1, 2, 3, 4, 5, 6, 7, 8],[(2, 5, 6.75, 0.7680001388503565)],,,
149.520,[1, 2, 3, 4, 5, 6, 7, 8],[],,,
150.016,[1, 2, 3, 4, 5, 6, 7, 8],[],,,
150.528,[1, 2, 3, 4, 5, 6, 7, 8],[],,,
151.024,[1, 2, 3, 4, 5, 6, 7, 8],[],,,
151.520,[1, 2, 3, 4, 5, 6, 7, 8],[],,,
152.016,[1, 2, 3, 4, 5, 6, 7, 8],[],,,
152.528,[1, 2, 3, 4, 5, 6, 7, 8],[],,,
153.024,[1, 2, 3, 4, 5, 6, 7, 8],[],,,
153.520,[1, 2, 3, 4, 5, 6, 7, 8],[],,,
154.016,[1, 2, 3, 4, 5, 6, 7, 8],[],,,
154.528,[1, 2, 3, 4, 5, 6, 7, 8],[],,,
155.024,[1, 2, 3, 4, 5, 6, 7, 8],[],,,
155.520,[1, 2, 3, 4, 5, 6, 7, 8],[],,,
156.016,[1, 2, 3, 4, 5, 6, 7, 8],[],,,
156.528,[1, 2, 3, 4, 5, 6, 7, 8],[],,,
157.024,[1, 2, 3, 4, 5, 6, 7, 8],[],,,
157.520,[1, 2, 3, 4, 5, 6, 7, 8],[(2, 5, 1.5, 0.7594298165067902)],,,
158.032,[1, 2, 3, 4, 5, 6, 7, 8],[(2, 5, 4.5, 0.7719051171546456)],,,
158.528,[1, 2, 3, 4, 5, 6, 7, 8],[(2, 5, 4.5, 0.7779867996245065)],,,
159.024,[1, 2, 3, 4, 5, 6, 7, 8],[(2, 5, 2.0, 0.7635512698770347)],,,
159.520,[1, 2, 3, 4, 5, 6, 7, 8],[(2, 5, 1.75, 0.7746059916370452)],,,
160.032,[1, 2, 3, 4, 5, 6, 7, 8],[(2, 5, 2.0, 0.7636084797863703)],,,
160.528,[1, 2, 3, 4, 5, 6, 7, 8],[(2, 5, 2.0, 0.777723780544909)],,,
161.024,actual,[(2, 5, 0.0, 0.8858162984401214)],[(2, 5)],,
161.520,actual,[(2, 5, 0.0, 0.8643897099936573)],[(2, 5)],,
162.032,actual,[(2, 5, 0.0, 0.8452497771653597)],[(2, 5)],,
162.528,actual,[(2, 5, 0.0, 0.8287714328023139)],[(2, 5)],,
163.024,actual,[(2, 5, 0.0, 0.8366326797634259)],[(2, 5)],,
163.520,actual,[(2, 5, 0.0, 0.8448352887939669)],[(2, 5)],,
164.032,actual,[(2, 5, 0.0, 0.8534362809900741)],[(2, 5)],,
164.528,actual,[(2, 5, 0.0, 0.8652226242791937)],[(2, 5)],,
165.024,actual,[(2, 5, 0.0, 0.8791470427750694)],[(2, 5)],,
165.520,actual,[(2, 5, 0.0, 0.8942497927581351)],[(2, 5)],,
166.032,[1, 2, 3, 4, 5, 6, 7, 8],[],,,
166.528,[1, 2, 3, 4, 5, 6, 7, 8],[],,,
167.024,[1, 2, 3, 4, 5, 6, 7, 8],[],,,
167.520,[1, 2, 3, 4, 5, 6, 7, 8],[],,,
168.032,[1, 2, 3, 4, 5, 6, 7, 8],[],,,
168.528,[1, 2, 3, 4, 5, 6, 7, 8],[],,,
169.024,[1, 2, 3, 4, 5, 6, 7, 8],[(3, 4, 6.0, 0.7656845030739063)],,,
169.520,[1, 2, 3, 4, 5, 6, 7, 8],[(3, 4, 6.75, 0.7177279666831147)],,,
170.032,[1, 2, 3, 4, 5, 6, 7, 8],[(3, 4, 5.25, 0.6944121930875764)],,,
170.528,[1, 2, 3, 4, 5, 6, 7, 8],[(3, 4, 5.0, 0.7246625068929703)],,,
171.024,[1, 2, 3, 4, 5, 6, 7, 8],[(3, 4, 4.75, 0.7581003215328415)],,,
171.520,[1, 2, 3, 4, 5, 6, 7, 8],[(3, 4, 4.75, 0.6933976836977187)],,,
172.032,[1, 2, 3, 4, 5, 6, 7, 8],[(3, 4, 4.5, 0.7281500346474276)],,,
172.528,[1, 2, 3, 4, 5, 6, 7, 8],[(3, 4, 4.25, 0.7476853544520399)],,,
173.024,[1, 2, 3, 4, 5, 6, 7, 8],[],,,
173.520,actual,[(2, 5, 0.0, 0.8921193583651883)],[(2, 5)],,
174.032,actual,[(2, 5, 0.0, 0.8691952586768936)],[(2, 5)],,
174.528,actual,[(2, 5, 0.0, 0.867978616618291)],[(2, 5)],,
175.024,actual,[(2, 5, 0.0, 0.894551907452495)],[(2, 5)],,
175.520,[1, 2, 3, 4, 5, 6, 7, 8],[],,,
176.032,[1, 2, 3, 4, 5, 6, 7, 8],[],,,
176.528,[1, 2, 3, 4, 5, 6, 7, 8],[],,,
177.024,[1, 2, 3, 4, 5, 6, 7, 8],[],,,
177.520,[1, 2, 3, 4, 5, 6, 7, 8],[],,,
178.032,[2, 3, 4, 5, 6, 7, 8],[],,,
178.528,[1, 2, 3, 4, 5, 6, 7, 8],[(1, 2, 10.0, 0.775571310001271)],,,
179.024,[1, 2, 3, 4, 5, 6, 7, 8],[],,,
179.520,[1, 2, 3, 4, 5, 6, 7, 8],[],,,
180.032,[1, 2, 3, 4, 5, 6, 7, 8],[],,,
180.528,[1, 2, 3, 4, 5, 6, 7, 8],[],,,
181.024,[1, 2, 3, 4, 5, 6, 7, 8],[],,,
181.520,[1, 2, 3, 4, 5, 6, 7, 8],[],,,
182.032,[1, 2, 3, 4, 5, 6, 7, 8],[],,,
182.528,[1, 2, 3, 4, 5, 6, 7, 8],[],,,
183.024,[1, 2, 3, 4, 5, 6, 7, 8],[],,,
183.520,[1, 2, 3, 4, 5, 6, 7, 8],[],,,
184.032,[1, 2, 3, 4, 5, 6, 7, 8],[],,,
184.528,[1, 2, 3, 4, 5, 6, 7, 8],[],,,
185.024,[1, 2, 3, 4, 5, 6, 7, 8],[],,,
185.520,[1, 2, 3, 4, 5, 6, 7, 8],[],,,
186.032,[1, 2, 3, 4, 5, 6, 7, 8],[],,,
186.528,[1, 2, 3, 4, 5, 6, 7, 8],[],,,
187.024,[1, 2, 3, 4, 5, 6, 7, 8],[],,,
187.520,[1, 2, 3, 4, 5, 6, 7, 8],[],,,
188.032,[1, 2, 3, 4, 5, 6, 7, 8],[],,,
188.528,[1, 2, 3, 4, 5, 6, 7, 8],[],,,
189.024,[1, 2, 3, 4, 5, 6, 7, 8],[],,,
189.520,[1, 2, 3, 4, 5, 6, 7, 8],[],,,
190.032,[1, 2, 3, 4, 5, 6, 7, 8],[],,,
190.528,[1, 2, 3, 4, 5, 6, 7, 8],[],,,
191.024,[1, 2, 3, 4, 5, 6, 7, 8],[],,,
191.520,[1, 2, 3, 4, 5, 6, 7, 8],[],,,
192.032,[1, 2, 3, 4, 5, 6, 7, 8],[],,,
192.528,[1, 2, 3, 4, 5, 6, 7, 8],[],,,
193.024,[1, 2, 3, 4, 5, 6, 7, 8],[],,,
193.520,[1, 2, 3, 4, 5, 6, 7, 8],[],,,
194.032,[1, 2, 3, 4, 5, 6, 7, 8],[],,,
194.528,[1, 2, 3, 4, 5, 6, 7, 8],[],,,
195.024,[1, 2, 3, 4, 5, 6, 7, 8],[],,,
195.520,[1, 2, 3, 4, 5, 6, 7, 8],[],,,
196.032,[1, 2, 3, 4, 5, 6, 7, 8],[],,,
196.528,[1, 2, 3, 4, 5, 6, 7, 8],[],,,
197.024,[1, 2, 3, 4, 5, 6, 7, 8],[],,,
197.520,[1, 2, 3, 4, 5, 6, 7, 8],[],,,
198.032,[1, 2, 3, 4, 5, 6, 7, 8],[],,,
198.528,[1, 2, 3, 4, 5, 6, 7, 8],[],,,
199.024,[1, 2, 3, 4, 5, 6, 7, 8],[],,,
199.520,[1, 2, 3, 4, 5, 6, 7, 8],[],,,
200.032,[1, 2, 3, 4, 5, 6, 7, 8],[],,,
200.528,[1, 2, 3, 4, 5, 6, 7, 8],[],,,
201.024,[1, 2, 3, 4, 5, 6, 7, 8],[],,,
201.520,[1, 2, 3, 4, 5, 6, 7, 8],[],,,
202.032,[1, 2, 3, 4, 5, 6, 7, 8],[],,,
202.528,[1, 2, 3, 4, 5, 6, 7, 8],[],,,
203.024,[1, 2, 3, 4, 5, 6, 7, 8],[],,,
203.520,[1, 2, 3, 4, 5, 6, 7, 8],[],,,
204.032,[1, 2, 3, 4, 5, 6, 7, 8],[],,,
204.528,[1, 2, 3, 4, 5, 6, 7, 8],[],,,
205.024,[1, 2, 3, 4, 5, 6, 7, 8],[(1, 5, 7.0, 0.7631912514991405)],,,
205.520,[1, 2, 3, 4, 5, 6, 7, 8],[],,,
206.032,[1, 2, 3, 4, 5, 6, 7, 8],[],,,
206.528,[1, 2, 3, 4, 5, 6, 7, 8],[],,,
207.024,[1, 2, 3, 4, 5, 6, 7, 8],[(1, 5, 4.5, 0.7628828613381479)],,,
207.520,[1, 2, 3, 4, 5, 6, 7, 8],[],,,
208.032,[1, 2, 3, 4, 5, 6, 7, 8],[],,,
208.528,[1, 2, 3, 4, 5, 6, 7, 8],[],,,
209.024,[1, 2, 3, 4, 5, 6, 7, 8],[],,,
209.520,[1, 2, 3, 4, 5, 6, 7, 8],[],,,
210.032,[1, 2, 3, 4, 5, 6, 7, 8],[],,,
210.528,[1, 2, 3, 4, 5, 6, 7, 8],[],,,
211.024,[1, 2, 3, 4, 5, 6, 7, 8],[],,,
211.520,[1, 2, 3, 4, 5, 6, 7, 8],[],,,
212.032,actual,[(1, 5, 0.0, 0.8584894483593972)],[(1, 5)],,
212.528,actual,[(1, 5, 0.0, 0.8699997631516025)],[(1, 5)],,
213.024,[1, 2, 3, 4, 5, 6, 7, 8],[],,,
213.520,[1, 2, 3, 4, 5, 6, 7, 8],[],,,
214.032,[1, 2, 3, 4, 5, 6, 7, 8],[],,,
214.528,[1, 2, 3, 4, 5, 6, 7, 8],[],,,
215.024,[1, 2, 3, 4, 5, 6, 7, 8],[],,,
215.520,[1, 2, 3, 4, 5, 6, 7, 8],[],,,
216.032,[1, 2, 3, 4, 5, 6, 7, 8],[],,,
216.528,[1, 2, 3, 4, 5, 6, 7, 8],[],,,
217.024,[1, 2, 3, 4, 5, 6, 7, 8],[],,,
217.520,[1, 2, 3, 4, 5, 6, 7, 8],[],,,
218.032,[1, 2, 3, 4, 5, 6, 7, 8],[(2, 3, 4.0, 0.7615282567937429)],,,
218.528,[1, 2, 3, 4, 5, 6, 7, 8],[],,,
219.024,[1, 2, 3, 4, 5, 6, 7, 8],[],,,
219.520,[1, 2, 3, 4, 5, 6, 7, 8],[],,,
220.032,[1, 2, 3, 4, 5, 6, 7, 8],[],,,
220.528,[1, 2, 3, 4, 5, 6, 7, 8],[],,,
221.024,[1, 2, 3, 4, 5, 6, 7, 8],[],,,
221.520,[1, 2, 3, 4, 5, 6, 7, 8],[],,,
222.032,[1, 2, 3, 4, 5, 6, 7, 8],[],,,
222.528,[1, 2, 3, 4, 5, 6, 7, 8],[],,,
223.024,[1, 2, 3, 4, 5, 6, 7, 8],[],,,
223.520,[1, 2, 3, 4, 5, 6, 7, 8],[],,,
224.032,[1, 2, 3, 4, 5, 6, 7, 8],[],,,
224.528,[1, 2, 3, 4, 5, 6, 7, 8],[],,,
225.024,[1, 2, 3, 4, 5, 6, 7, 8],[],,,
225.520,[1, 2, 3, 4, 5, 6, 7, 8],[],,,
226.032,[1, 2, 3, 4, 5, 6, 7, 8],[],,,
226.528,[1, 2, 3, 4, 5, 6, 7, 8],[],,,
227.024,[1, 2, 3, 4, 5, 6, 7, 8],[],,,
227.520,[1, 2, 3, 4, 5, 6, 7, 8],[],,,
228.032,[1, 2, 3, 4, 5, 6, 7, 8],[],,,
228.528,[1, 2, 3, 4, 5, 6, 7, 8],[],,,
229.024,[1, 2, 3, 4, 5, 6, 7, 8],[],,,
229.520,actual,[(1, 5, 0.0, 0.8580809961052466)],[(1, 5)],,
230.032,actual,[(1, 5, 0.0, 0.8362995083230279)],[(1, 5)],,
230.528,actual,[(1, 5, 0.0, 0.8384137741862583)],[(1, 5)],,
231.024,actual,[(1, 5, 0.0, 0.8371635752349335)],[(1, 5)],,
231.520,actual,[(1, 5, 0.0, 0.8479104594238276)],[(1, 5)],,
232.032,actual,[(1, 5, 0.0, 0.8817735619573055)],[(1, 5)],,
232.528,[1, 2, 3, 4, 5, 6, 7, 8],[(1, 5, 5.0, 0.7649807136084933)],,,
233.024,[1, 2, 3, 4, 5, 6, 7, 8],[],,,
233.520,[1, 2, 3, 4, 5, 6, 7, 8],[],,,
234.032,[1, 2, 3, 4, 5, 6, 7, 8],[],,,
234.528,actual,[(1, 5, 0.0, 0.8783054545194667)],[(1, 5)],,
235.024,actual,[(1, 5, 0.0, 0.8734517737597555)],[(1, 5)],,
235.520,actual,[(1, 5, 0.0, 0.8679056447660668)],[(1, 5)],,
236.032,actual,[(1, 5, 0.0, 0.8614633653425909)],[(1, 5)],,
236.528,actual,[(1, 5, 0.0, 0.8565614708629414)],[(1, 5)],,
237.024,actual,[(1, 5, 0.0, 0.8509371711471321)],[(1, 5)],,
237.520,actual,[(1, 5, 0.0, 0.8466772956995846)],[(1, 5)],,
238.032,actual,[(1, 5, 0.0, 0.8277037619851966)],[(1, 5)],,
238.528,actual,[(1, 5, 0.0, 0.7930753427742312)],[(1, 5)],,
239.024,actual,[(1, 5, 0.0, 0.7859667597555868)],[(1, 5)],,
239.520,actual,[(1, 5, 0.0, 0.7836089886300134)],[(1, 5)],,
240.032,actual,[(1, 5, 0.0, 0.7742898800455992)],[(1, 5)],,
240.528,actual,[(1, 5, 0.0, 0.7701407653903493)],[(1, 5)],,
241.024,actual,[(1, 5, 0.0, 0.7696014593170908)],[(1, 5)],,
241.520,actual,[(1, 5, 0.0, 0.7638486764436477)],[(1, 5)],,
242.032,actual,[(1, 5, 0.0, 0.759145388441259)],[(1, 5)],,
242.528,actual,[(1, 5, 0.0, 0.7319962387938326)],[(1, 5)],,
243.024,actual,[(1, 5, 0.0, 0.7272496031017832)],[(1, 5)],,
243.520,actual,[(1, 5, 0.0, 0.6982190399043777)],[(1, 5)],,
244.032,[1, 2, 3, 4, 6, 7, 8],[],,,
244.528,[1, 2, 3, 4, 6, 7, 8],[],,,
245.024,[1, 2, 3, 4, 5, 6, 7, 8],[(1, 8, 4.75, 0.7791288808577036)],,,
245.520,[1, 2, 3, 4, 5, 6, 7, 8],[(1, 8, 4.75, 0.7372906971171241), (5, 8, 2.5, 0.7472653212529249)],,,
246.032,[1, 2, 3, 4, 5, 6, 7, 8],[],,,
246.528,[1, 2, 3, 4, 5, 6, 7, 8],[(1, 8, 5.5, 0.7772361433769388)],,,
247.024,[1, 2, 3, 4, 5, 6, 7, 8],[(1, 8, 4.75, 0.757129855649526), (5, 8, 1.75, 0.777916329345862)],,,
247.520,[1, 2, 3, 4, 5, 6, 7, 8],[(5, 8, 2.5, 0.7794541467935161)],,,
248.032,actual,[(5, 8, 0.0, 0.8924849049346911)],[(5, 8)],,
248.528,actual,[(5, 8, 0.0, 0.860703808224553)],[(5, 8)],,
249.024,actual,[(5, 8, 0.0, 0.8480206295926708)],[(5, 8)],,
249.520,actual,[(5, 8, 0.0, 0.8419203337733016)],[(5, 8)],,
250.032,actual,[(5, 8, 0.0, 0.839715024539173)],[(5, 8)],,
250.528,actual,[(5, 8, 0.0, 0.8422841711186662)],[(5, 8)],,
251.024,actual,[(5, 8, 0.0, 0.848911388938863)],[(5, 8)],,
251.520,actual,[(5, 8, 0.0, 0.8595571928504195)],[(5, 8)],,
252.032,actual,[(5, 8, 0.0, 0.8741412001841499)],[(5, 8)],,
252.528,actual,[(5, 8, 0.0, 0.8910934056628439)],[(5, 8)],,
253.024,[1, 2, 3, 4, 5, 6, 7, 8],[],,,
253.520,[1, 2, 3, 4, 5, 6, 7, 8],[],,,
254.032,[1, 2, 3, 4, 5, 6, 7, 8],[],,,
254.528,[1, 2, 3, 4, 5, 6, 7, 8],[],,,
255.024,[1, 2, 3, 4, 5, 6, 7, 8],[(1, 8, 2.25, 0.77140497746315)],,,
255.520,[1, 2, 3, 4, 5, 6, 7, 8],[(1, 7, 8.25, 0.7564736342373517), (1, 8, 8.0, 0.7623072944335477), (7, 8, 9.5, 0.7502502519671299)],,,
256.032,[1, 2, 3, 4, 5, 6, 7, 8],[(1, 7, 8.5, 0.7581056778959397), (1, 8, 5.0, 0.744059410730891)],,,
256.528,[2, 3, 4, 5, 6, 7, 8],[],,,
257.024,[2, 3, 4, 5, 6, 7, 8],[],,,
257.520,[2, 3, 4, 5, 6, 7, 8],[],,,
258.032,[2, 3, 4, 5, 6, 7, 8],[],,,
258.528,[2, 3, 4, 5, 6, 7, 8],[],,,
259.024,[2, 3, 4, 5, 6, 7, 8],[],,,
259.520,[2, 3, 4, 5, 6, 7, 8],[],,,
260.032,[2, 3, 4, 5, 6, 7, 8],[],,,
260.528,[2, 3, 4, 5, 6, 7, 8],[],,,
261.024,actual,[(1, 8, 0.0, 0.8947343765540262)],[(1, 8)],,
261.520,[1, 2, 3, 4, 5, 6, 7, 8],[(1, 7, 4.75, 0.7414691966042181)],,,
262.032,[1, 2, 3, 4, 5, 6, 7, 8],[(1, 7, 5.5, 0.7528030726250421)],,,
262.528,[1, 2, 3, 4, 5, 6, 7, 8],[(1, 7, 5.75, 0.7659663735476452)],,,
263.024,[1, 2, 3, 4, 5, 6, 7, 8],[(1, 7, 6.0, 0.7777751434831004)],,,
263.520,[1, 2, 3, 4, 5, 6, 7, 8],[(1, 7, 6.5, 0.7528617971170004)],,,
264.032,[1, 2, 3, 4, 5, 6, 7, 8],[(1, 7, 6.75, 0.7623361389716665)],,,
264.528,[1, 2, 3, 4, 5, 6, 7, 8],[(1, 7, 7.0, 0.7711830128375171)],,,
265.024,[1, 2, 3, 4, 5, 6, 7, 8],[],,,
265.520,[1, 2, 3, 4, 5, 6, 7, 8],[],,,
266.032,[1, 2, 3, 4, 5, 6, 7, 8],[],,,
266.528,[1, 2, 3, 4, 5, 6, 7, 8],[],,,
267.024,[1, 3, 4, 5, 6, 7, 8],[],,,
267.520,[1, 2, 3, 4, 5, 6, 7, 8],[(2, 3, 5.75, 0.7692970505815273)],,,
268.032,[1, 2, 3, 4, 5, 6, 7, 8],[],,,
268.528,[1, 2, 3, 4, 5, 6, 7, 8],[],,,
269.024,[1, 2, 3, 4, 5, 6, 7, 8],[],,,
269.520,[1, 2, 3, 4, 5, 6, 7, 8],[],,,
270.032,[1, 2, 3, 4, 5, 6, 7, 8],[],,,
270.528,[1, 2, 3, 4, 5, 6, 7, 8],[],,,
271.024,[1, 2, 3, 4, 5, 6, 7, 8],[],,,
271.520,[1, 2, 3, 4, 5, 6, 7, 8],[],,,
272.032,[1, 2, 3, 4, 5, 6, 7, 8],[],,,
272.528,[1, 2, 3, 4, 5, 6, 7, 8],[(7, 8, 2.25, 0.7572804621593514)],,,
273.024,[1, 2, 3, 4, 5, 6, 7, 8],[],,,
273.520,[1, 2, 3, 4, 5, 6, 7, 8],[],,,
274.032,[1, 2, 3, 4, 5, 6, 7, 8],[],,,
274.528,[1, 2, 3, 4, 5, 6, 7, 8],[],,,
275.024,[1, 2, 3, 4, 5, 6, 7, 8],[],,,
275.520,actual,[(7, 8, 0.0, 0.8981185156380206)],[(7, 8)],,
276.032,actual,[(7, 8, 0.0, 0.8732132999696259)],[(7, 8)],,
276.528,actual,[(7, 8, 0.0, 0.8489512792712732)],[(7, 8)],,
277.024,actual,[(7, 8, 0.0, 0.8522990776621502)],[(7, 8)],,
277.520,actual,[(7, 8, 0.0, 0.8768518991518163)],[(7, 8)],,
278.032,actual,[(7, 8, 0.0, 0.8996785568940842)],[(7, 8)],,
278.528,[1, 2, 3, 4, 5, 6, 7, 8],[(2, 3, 2.25, 0.7769473792005038), (6, 7, 6.5, 0.7764137304116172), (6, 8, 7.0, 0.7766543855569943), (7, 8, 1.5, 0.7780327193101356)],,,
279.024,actual,[(7, 8, 0.0, 0.8886388590616051)],[(7, 8)],,
279.520,actual,[(7, 8, 0.0, 0.8642924653556756)],[(7, 8)],,
280.032,actual,[(7, 8, 0.0, 0.8512696936144789)],[(7, 8)],,
280.528,actual,[(7, 8, 0.0, 0.8405841999273325)],[(7, 8)],,
281.024,actual,[(2, 3, 0.0, 0.8762252699737202), (7, 8, 0.0, 0.8354331537943459)],[(2, 3), (7, 8)],,
281.520,actual,[(2, 3, 0.0, 0.8641272485825706), (7, 8, 0.0, 0.8346868922629205)],[(2, 3), (7, 8)],,
282.032,actual,[(2, 3, 0.0, 0.8604245793875043), (7, 8, 0.0, 0.8376961959428424)],[(2, 3), (7, 8)],,
282.528,actual,[(2, 3, 0.0, 0.86475577540546), (7, 8, 0.0, 0.8428358286485085)],[(2, 3), (7, 8)],,
283.024,actual,[(2, 3, 0.0, 0.8672800728790766), (7, 8, 0.0, 0.8491763482893299)],[(2, 3), (7, 8)],,
283.520,actual,[(2, 3, 0.0, 0.8644475820807385), (7, 8, 0.0, 0.8566462997328165)],[(2, 3), (7, 8)],,
284.032,actual,[(2, 3, 0.0, 0.8655009324954042), (7, 8, 0.0, 0.865391508733164)],[(2, 3), (7, 8)],,
284.528,actual,[(2, 3, 0.0, 0.8715869536283787), (7, 8, 0.0, 0.8746440580714364)],[(2, 3), (7, 8)],,
285.024,actual,[(2, 3, 0.0, 0.8822314041304049), (7, 8, 0.0, 0.8847987421479647)],[(2, 3), (7, 8)],,
285.520,actual,[(2, 3, 0.0, 0.8973807112728305), (7, 8, 0.0, 0.8959537487292893)],[(2, 3), (7, 8)],,
286.032,[1, 2, 3, 4, 5, 6, 7, 8],[(6, 7, 5.75, 0.7615513715337583), (6, 8, 7.0, 0.7261260584465968)],,,
286.528,[1, 2, 3, 4, 5, 6, 7, 8],[(6, 7, 5.25, 0.7749294546266143), (6, 8, 8.5, 0.7659661800868371), (7, 8, 1.0, 0.7741233292199736)],,,
287.024,[1, 2, 3, 4, 5, 6, 7, 8],[(6, 7, 5.75, 0.7612587224577562), (6, 8, 8.25, 0.7727994539249047)],,,
287.520,[1, 2, 3, 4, 5, 6, 7, 8],[(7, 8, 4.0, 0.7593983704823922)],,,
288.032,[1, 2, 3, 4, 5, 6, 7, 8],[],,,
288.528,[1, 2, 3, 4, 5, 6, 7, 8],[],,,
289.024,actual,[(7, 8, 0.0, 0.8894206241537371)],[(7, 8)],,
289.520,[1, 2, 3, 4, 5, 6, 7, 8],[(7, 8, 4.25, 0.7761242998272838)],,,
290.032,[1, 2, 3, 4, 5, 6, 7, 8],[],,,
290.528,[1, 2, 3, 4, 5, 6, 7, 8],[(7, 8, 4.25, 0.7778780059383608)],,,
291.024,actual,[(7, 8, 0.0, 0.8811310418371012)],[(7, 8)],,
291.520,actual,[(7, 8, 0.0, 0.8692959770896815)],[(7, 8)],,
292.032,actual,[(7, 8, 0.0, 0.8691450552804224)],[(7, 8)],,
292.528,actual,[(7, 8, 0.0, 0.8806880712304762)],[(7, 8)],,
293.024,actual,[(7, 8, 0.0, 0.8922156887984821)],[(7, 8)],,
293.520,[1, 2, 3, 4, 5, 6, 7, 8],[(6, 7, 7.5, 0.7773375896603842), (6, 8, 3.25, 0.7646946065931258)],,,
294.032,[1, 2, 3, 4, 5, 6, 7, 8],[(6, 8, 4.25, 0.7732754856422307)],,,
294.528,[1, 2, 3, 4, 5, 6, 7, 8],[(6, 8, 4.5, 0.7675981289796538)],,,
295.024,[1, 2, 3, 4, 5, 6, 7, 8],[(7, 8, 7.25, 0.7486754868226349)],,,
295.520,[1, 2, 3, 4, 5, 6, 7, 8],[(6, 8, 4.5, 0.745425085528131)],,,
296.032,[1, 2, 3, 4, 5, 6, 7, 8],[],,,
296.528,[1, 2, 3, 4, 5, 6, 7, 8],[],,,
297.024,actual,[(6, 8, 0.0, 0.877694870425863)],[(6, 8)],,
297.520,actual,[(6, 8, 0.0, 0.8839363881312953)],[(6, 8)],,
298.032,actual,[(6, 8, 0.0, 0.8807980833181495)],[(6, 8)],,
298.528,actual,[(6, 8, 0.0, 0.8503480062507506)],[(6, 8)],,
299.024,actual,[(6, 8, 0.0, 0.8089843372467099)],[(6, 8)],,
299.520,actual,[(6, 8, 0.0, 0.7764959473220164)],[(6, 8)],,
300.032,actual,[(6, 8, 0.0, 0.7665890846219285)],[(6, 8)],,
300.528,actual,[(6, 8, 0.0, 0.7675662742267579)],[(6, 8)],,
301.024,actual,[(6, 8, 0.0, 0.7662920684536001)],[(6, 8)],,
301.520,actual,[(6, 8, 0.0, 0.7628431673406921)],[(6, 8)],,
302.016,actual,[(6, 8, 0.0, 0.7595207256034439)],[(6, 8)],,
302.528,actual,[(6, 8, 0.0, 0.7562862156242849)],[(6, 8)],,
303.024,actual,[(6, 8, 0.0, 0.7540279770408597)],[(6, 8)],,
303.520,actual,[(6, 8, 0.0, 0.7527470351371444)],[(6, 8)],,
304.016,actual,[(6, 8, 0.0, 0.7530803004372146)],[(6, 8)],,
304.528,actual,[(6, 8, 0.0, 0.7542371883230584)],[(6, 8)],,
305.024,actual,[(6, 8, 0.0, 0.7427560309477509)],[(6, 8)],,
305.520,actual,[(6, 8, 0.0, 0.7271654038880163)],[(6, 8)],,
306.016,actual,[(6, 8, 0.0, 0.7314243310022684)],[(6, 8)],,
306.528,actual,[(6, 8, 0.0, 0.7434831182831977)],[(6, 8)],,
307.024,actual,[(6, 8, 0.0, 0.7367057503152914)],[(6, 8)],,
307.520,actual,[(6, 8, 0.0, 0.7310716303673569)],[(6, 8)],,
308.016,actual,[(6, 8, 0.0, 0.7284430925561212)],[(6, 8)],,
308.528,actual,[(6, 8, 0.0, 0.7296248167539778)],[(6, 8)],,
309.024,actual,[(6, 7, 0.0, 0.8799572175666281), (6, 8, 0.0, 0.7324010263813934)],[(6, 7, 8)],,
309.520,actual,[(6, 7, 0.0, 0.858109447244031), (6, 8, 0.0, 0.7375748380889519)],[(6, 7, 8)],,
310.016,actual,[(6, 7, 0.0, 0.8350887299051546), (6, 8, 0.0, 0.7480474784902112)],[(6, 7, 8)],,
310.528,actual,[(6, 7, 0.0, 0.8287919486004586), (6, 8, 0.0, 0.7474882780037437)],[(6, 7, 8)],,
311.024,actual,[(6, 7, 0.0, 0.828791953000976), (6, 8, 0.0, 0.7446062526735987)],[(6, 7, 8)],,
311.520,actual,[(6, 7, 0.0, 0.8287919529286278), (6, 8, 0.0, 0.744735262772501)],[(6, 7, 8)],,
312.016,actual,[(6, 7, 0.0, 0.8288001662826191), (6, 8, 0.0, 0.7477948265240295)],[(6, 7, 8)],,
312.528,actual,[(6, 7, 0.0, 0.8287919529333452), (6, 8, 0.0, 0.7547969075580013)],[(6, 7, 8)],,
313.024,actual,[(6, 7, 0.0, 0.8287919529333492), (6, 8, 0.0, 0.7645553523684733)],[(6, 7, 8)],,
313.520,actual,[(6, 7, 0.0, 0.8287919529333492), (6, 8, 0.0, 0.777331685643262)],[(6, 7, 8)],,
314.016,actual,[(6, 7, 0.0, 0.8287919529333492), (6, 8, 0.0, 0.7929523244326884)],[(6, 7, 8)],,
314.528,actual,[(6, 7, 0.0, 0.8287919529333493), (6, 8, 0.0, 0.8118546364011945)],[(6, 7, 8)],,
315.024,actual,[(6, 7, 0.0, 0.8287919529333493), (6, 8, 0.0, 0.8326827434839804)],[(6, 7, 8)],,
315.520,actual,[(6, 7, 0.0, 0.8287919529333493), (6, 8, 0.0, 0.8558086820479882)],[(6, 7, 8)],,
316.016,actual,[(6, 7, 0.0, 0.8288001662828123), (6, 8, 0.0, 0.8801126286123079)],[(6, 7, 8)],,
316.528,actual,[(6, 7, 0.0, 0.8287919529333493)],[(6, 7)],,
317.024,actual,[(6, 7, 0.0, 0.8287919529333493)],[(6, 7)],,
317.520,actual,[(6, 7, 0.0, 0.8287919529333493)],[(6, 7)],,
318.016,actual,[(6, 7, 0.0, 0.8287919529333493)],[(6, 7)],,
318.528,actual,[(6, 7, 0.0, 0.8287919529333493)],[(6, 7)],,
319.024,actual,[(6, 7, 0.0, 0.8249383470091417)],[(6, 7)],,
319.520,actual,[(6, 7, 0.0, 0.7825666885902451)],[(6, 7)],,
320.016,actual,[(6, 7, 0.0, 0.7376068287264455)],[(6, 7)],,
320.528,actual,[(6, 7, 0.0, 0.6946611642595072)],[(6, 7)],,
321.024,actual,[(6, 8, 0.0, 0.8961253157050489)],[(6, 8)],,
321.520,[1, 2, 3, 4, 5, 6, 8],[],,,
322.016,[1, 2, 3, 4, 5, 6, 8],[],,,
322.528,[1, 2, 3, 4, 5, 6, 8],[],,,
323.024,[1, 2, 3, 4, 5, 6, 8],[],,,
323.520,[1, 2, 3, 4, 5, 6, 8],[],,,
324.016,[1, 2, 3, 4, 5, 6, 8],[],,,
324.528,[1, 2, 3, 4, 5, 6, 8],[],,,
325.024,[1, 2, 3, 4, 5, 6, 8],[],,,
325.520,actual,[(6, 7, 0.0, 0.6297857709503671)],[(6, 7)],,
326.016,[1, 2, 3, 4, 5, 6, 7, 8],[(6, 8, 3.0, 0.7708651153850891)],,,
326.528,[2, 3, 4, 5, 6, 7, 8],[(6, 7, 4.25, 0.7797278089275084)],,,
327.024,[2, 3, 4, 5, 6, 7, 8],[],,,
327.520,[2, 3, 4, 5, 6, 7, 8],[],,,
328.016,[2, 3, 4, 5, 6, 7, 8],[],,,
328.528,[2, 3, 4, 5, 6, 7, 8],[],,,
329.024,[2, 3, 4, 5, 6, 7, 8],[],,,
329.520,[2, 3, 4, 5, 6, 7, 8],[],,,
330.016,[2, 3, 4, 5, 6, 7, 8],[],,,
330.528,[2, 3, 4, 5, 6, 7, 8],[],,,
331.024,[2, 3, 4, 5, 6, 7, 8],[],,,
331.520,[1, 2, 3, 4, 5, 6, 7, 8],[],,,
332.016,[1, 2, 3, 4, 5, 6, 7, 8],[],,,
332.528,[1, 2, 3, 4, 5, 6, 7, 8],[],,,
333.024,[1, 2, 3, 4, 5, 6, 7, 8],[],,,
333.520,[1, 2, 3, 4, 5, 6, 7, 8],[],,,
334.016,[1, 2, 3, 4, 5, 6, 7, 8],[],,,
334.528,[1, 2, 3, 4, 5, 6, 7, 8],[],,,
335.024,[1, 2, 3, 4, 5, 6, 7, 8],[],,,
335.520,[1, 2, 3, 4, 5, 6, 7, 8],[],,,
336.016,[1, 2, 3, 4, 5, 6, 7, 8],[],,,
336.528,[1, 2, 3, 4, 5, 6, 7, 8],[],,,
337.024,[1, 2, 3, 4, 5, 6, 7, 8],[],,,
337.520,[1, 2, 3, 4, 5, 6, 7, 8],[],,,
338.016,[1, 2, 3, 4, 5, 6, 7, 8],[],,,
338.528,[1, 2, 3, 4, 5, 6, 7, 8],[],,,
339.024,[1, 2, 3, 4, 5, 6, 7, 8],[],,,
339.520,[1, 2, 3, 4, 5, 6, 7, 8],[],,,
340.016,[1, 2, 3, 4, 5, 6, 7, 8],[],,,
340.528,[1, 2, 3, 4, 5, 6, 7, 8],[],,,
341.024,[1, 2, 3, 4, 5, 6, 7, 8],[],,,
341.520,actual,[(6, 7, 0.0, 0.8811381106408234)],[(6, 7)],,
342.016,actual,[(6, 7, 0.0, 0.8835675297476708)],[(6, 7)],,
342.528,actual,[(6, 7, 0.0, 0.8845505842383818)],[(6, 7)],,
343.024,actual,[(6, 7, 0.0, 0.8856933571798029)],[(6, 7)],,
343.520,[1, 2, 3, 4, 5, 6, 7, 8],[(6, 8, 6.0, 0.7542544589345745)],,,
344.016,[1, 2, 3, 4, 5, 6, 7, 8],[(6, 8, 5.75, 0.7689433220457574)],,,
344.528,[1, 2, 3, 4, 5, 6, 7, 8],[(6, 8, 6.25, 0.7554107998254784)],,,
345.024,[1, 2, 3, 4, 5, 6, 7, 8],[(6, 8, 6.5, 0.7564759727810764)],,,
345.520,[1, 2, 3, 4, 5, 6, 7, 8],[(6, 8, 6.75, 0.7762716527407635)],,,
346.016,[1, 2, 3, 4, 5, 6, 7, 8],[(6, 8, 7.25, 0.7636618076306425)],,,
346.528,[1, 2, 3, 4, 5, 6, 7, 8],[(6, 8, 7.75, 0.752619701921826)],,,
347.024,[1, 2, 3, 4, 5, 6, 7, 8],[(6, 8, 8.0, 0.771708054740184)],,,
347.520,[1, 2, 3, 4, 5, 6, 7, 8],[(4, 6, 5.75, 0.7791812460474439), (4, 8, 6.5, 0.7777673945771992)],,,
348.016,[1, 2, 3, 4, 5, 6, 7, 8],[(4, 8, 2.5, 0.7501496491938714)],,,
348.528,[1, 2, 3, 4, 5, 6, 7, 8],[(4, 8, 4.75, 0.758818064829218)],,,
349.024,[1, 2, 3, 4, 5, 6, 7, 8],[(4, 8, 4.5, 0.7773554512965177)],,,
349.520,[1, 2, 3, 4, 5, 6, 7, 8],[(4, 8, 4.5, 0.7702405401117891)],,,
350.016,[1, 2, 3, 4, 5, 6, 7, 8],[(4, 8, 4.5, 0.7630029858665096)],,,
350.528,[1, 2, 3, 4, 5, 6, 7, 8],[(4, 8, 4.5, 0.7558794993439593)],,,
351.024,[1, 2, 3, 4, 5, 6, 7, 8],[(4, 8, 4.25, 0.7746732598569599)],,,
351.520,[1, 2, 3, 4, 5, 6, 7, 8],[],,,
352.016,[1, 2, 3, 4, 5, 6, 7, 8],[(4, 6, 8.5, 0.74249982037507), (6, 7, 6.5, 0.7567979082441955)],,,
352.528,[1, 2, 3, 4, 5, 6, 7, 8],[(4, 6, 7.25, 0.7643775223211738), (4, 8, 4.0, 0.7685993434069773)],,,
353.024,[1, 2, 3, 4, 5, 6, 7, 8],[(4, 6, 5.0, 0.7780393015144786), (4, 8, 6.25, 0.7677092127692319)],,,
353.520,[1, 2, 3, 4, 5, 6, 7, 8],[],,,
354.016,[1, 2, 3, 4, 5, 6, 7, 8],[],,,
354.528,[1, 2, 3, 4, 5, 6, 7, 8],[],,,
355.024,[1, 2, 3, 4, 5, 6, 7, 8],[],,,
355.520,[1, 2, 3, 4, 5, 6, 7, 8],[],,,
356.016,[1, 2, 3, 4, 5, 6, 7, 8],[],,,
356.528,[1, 2, 3, 4, 5, 6, 7, 8],[],,,
357.024,[1, 2, 3, 4, 5, 6, 7, 8],[],,,
357.520,[1, 2, 3, 4, 5, 6, 7, 8],[],,,
358.016,[1, 2, 3, 4, 5, 6, 7, 8],[],,,
358.528,[1, 2, 3, 4, 5, 6, 7, 8],[],,,
359.024,[1, 2, 3, 4, 5, 6, 7, 8],[],,,
359.520,[1, 2, 3, 4, 5, 6, 7, 8],[],,,
360.016,[1, 2, 3, 4, 5, 6, 7, 8],[],,,
360.528,[1, 2, 3, 4, 5, 6, 7, 8],[],,,
361.024,[1, 2, 3, 4, 5, 6, 7, 8],[],,,
361.520,[1, 2, 3, 4, 5, 6, 7, 8],[],,,
362.016,[1, 2, 3, 4, 5, 6, 7, 8],[],,,
362.528,[1, 2, 3, 4, 5, 6, 7, 8],[],,,
363.024,[1, 2, 3, 4, 5, 6, 7, 8],[],,,
363.520,[1, 2, 3, 4, 5, 6, 7, 8],[(6, 7, 1.25, 0.7797632404523355)],,,
364.016,[1, 2, 3, 4, 5, 6, 7, 8],[],,,
364.528,[1, 2, 3, 4, 5, 6, 7, 8],[],,,
365.024,[1, 2, 3, 4, 5, 6, 7, 8],[],,,
365.520,[1, 2, 3, 4, 5, 6, 7, 8],[],,,
366.016,[1, 2, 3, 4, 5, 6, 7, 8],[],,,
366.528,[1, 2, 3, 4, 5, 6, 7, 8],[],,,
367.024,[1, 2, 3, 4, 5, 6, 7, 8],[],,,
367.520,[1, 2, 3, 4, 5, 6, 7, 8],[],,,
368.016,[1, 2, 3, 4, 5, 6, 7, 8],[],,,
368.528,[1, 2, 3, 4, 5, 6, 7, 8],[],,,
369.024,actual,[(6, 7, 0.0, 0.8591180164926042)],[(6, 7)],,
369.520,actual,[(6, 7, 0.0, 0.8543847556594548)],[(6, 7)],,
370.016,actual,[(6, 7, 0.0, 0.8566430829806091)],[(6, 7)],,
370.528,actual,[(6, 7, 0.0, 0.8610774437295418)],[(6, 7)],,
371.024,actual,[(6, 7, 0.0, 0.8683734522008514)],[(6, 7)],,
371.520,actual,[(6, 7, 0.0, 0.8640298200529339)],[(6, 7)],,
372.016,actual,[(6, 7, 0.0, 0.8601692976620255)],[(6, 7)],,
372.528,actual,[(6, 7, 0.0, 0.8563020202887177)],[(6, 7)],,
373.024,actual,[(6, 7, 0.0, 0.8523363943113786)],[(6, 7)],,
373.520,actual,[(6, 7, 0.0, 0.8549505360147016)],[(6, 7)],,
374.016,actual,[(6, 7, 0.0, 0.862364315358857)],[(6, 7)],,
374.528,actual,[(6, 7, 0.0, 0.8695638842916762)],[(6, 7)],,
375.024,actual,[(6, 7, 0.0, 0.8770587518460012)],[(6, 7)],,
375.520,actual,[(6, 7, 0.0, 0.8690420258330173)],[(6, 7)],,
376.016,actual,[(6, 7, 0.0, 0.8618463009399774)],[(6, 7)],,
376.528,actual,[(6, 7, 0.0, 0.8553428090536025)],[(6, 7)],,
377.024,actual,[(6, 7, 0.0, 0.8516987836325578)],[(6, 7)],,
377.520,actual,[(6, 7, 0.0, 0.848322664163554)],[(6, 7)],,
378.016,actual,[(6, 7, 0.0, 0.8442222864127833)],[(6, 7)],,
378.528,actual,[(6, 7, 0.0, 0.8433088237177837)],[(6, 7)],,
379.024,actual,[(4, 8, 0.0, 0.8915930297626228), (6, 7, 0.0, 0.8496855522645986)],[(4, 8), (6, 7)],,
379.520,actual,[(4, 8, 0.0, 0.8817176742693678), (6, 7, 0.0, 0.8571828606908245)],[(4, 8), (6, 7)],,
380.016,actual,[(4, 8, 0.0, 0.8701321326254576), (6, 7, 0.0, 0.8652840670389627)],[(4, 8), (6, 7)],,
380.528,actual,[(4, 8, 0.0, 0.8467519142532061), (6, 7, 0.0, 0.8727831530127733)],[(4, 8), (6, 7)],,
381.024,actual,[(4, 8, 0.0, 0.8255129251503379), (6, 7, 0.0, 0.8797482984723819)],[(4, 8), (6, 7)],,
381.520,actual,[(4, 8, 0.0, 0.8240904836768084), (5, 7, 0.0, 0.8925616668317498), (6, 7, 0.0, 0.8850165749024896)],[(4, 8), (5, 6, 7)],,
382.016,actual,[(4, 8, 0.0, 0.8297376621792144), (6, 7, 0.0, 0.8921127233599327)],[(4, 8), (6, 7)],,
382.528,actual,[(4, 8, 0.0, 0.8308676986493817), (6, 7, 0.0, 0.8957181234762481)],[(4, 8), (6, 7)],,
383.024,actual,[(4, 8, 0.0, 0.8197922187386131), (6, 7, 0.0, 0.8994466117358002)],[(4, 8), (6, 7)],,
383.520,actual,[(4, 8, 0.0, 0.7969567702946543)],[(4, 8)],,
384.016,actual,[(4, 8, 0.0, 0.7743092951296059), (5, 7, 0.0, 0.8869607328553182)],[(4, 8), (5, 7)],,
384.528,actual,[(4, 8, 0.0, 0.7538267101950369), (5, 7, 0.0, 0.8629734575017367)],[(4, 8), (5, 7)],,
385.024,actual,[(4, 8, 0.0, 0.7388856806454779), (5, 7, 0.0, 0.8434720491789123)],[(4, 8), (5, 7)],,
385.520,actual,[(4, 8, 0.0, 0.7492124347661), (5, 7, 0.0, 0.8260249945348583)],[(4, 8), (5, 7)],,
386.016,actual,[(4, 8, 0.0, 0.766019953218217), (5, 7, 0.0, 0.8105359246842853)],[(4, 8), (5, 7)],,
386.528,actual,[(4, 8, 0.0, 0.728545770649828), (5, 7, 0.0, 0.796463766752191)],[(4, 8), (5, 7)],,
387.024,actual,[(4, 8, 0.0, 0.7438292787489457), (5, 7, 0.0, 0.7842428026436185)],[(4, 8), (5, 7)],,
387.520,actual,[(4, 8, 0.0, 0.7455460428728413), (5, 7, 0.0, 0.7736510782815664)],[(4, 8), (5, 7)],,
388.016,actual,[(4, 8, 0.0, 0.7229573085593679), (5, 7, 0.0, 0.742719078585936)],[(4, 8), (5, 7)],,
388.528,actual,[(4, 8, 0.0, 0.7042245252246566), (5, 7, 0.0, 0.7143760093619665)],[(4, 8), (5, 7)],,
389.024,actual,[(5, 7, 0.0, 0.7184078816636761)],[(5, 7)],,
389.520,actual,[(5, 7, 0.0, 0.7400347843698784)],[(5, 7)],,
390.016,actual,[(5, 7, 0.0, 0.7111904429027901)],[(5, 7)],,
390.528,[1, 2, 3, 4, 5, 6],[(4, 6, 7.5, 0.7744612548006664)],,,
391.024,[1, 2, 3, 4, 5, 6],[(4, 6, 5.75, 0.7555440217682607)],,,
391.520,actual,[(5, 7, 0.0, 0.664763331286091)],[(5, 7)],,
392.016,[1, 2, 3, 4, 5, 6, 7, 8],[(4, 5, 5.0, 0.7630465938101594), (4, 8, 3.0, 0.7710863350546011), (5, 6, 1.5, 0.7432466199951799), (5, 8, 4.5, 0.744010482372684)],,,
392.528,[1, 2, 3, 4, 5, 6, 7, 8],[(4, 5, 4.25, 0.7131714685604914), (4, 8, 3.5, 0.7790115832133314), (5, 6, 1.75, 0.7403109953552545), (5, 8, 3.75, 0.7251122053242526)],,,
393.024,actual,[(4, 8, 0.0, 0.8601844193058275), (5, 7, 0.0, 0.8948406878619107)],[(4, 8), (5, 7)],,
393.520,actual,[(4, 8, 0.0, 0.8410063773507663), (5, 7, 0.0, 0.8900889050183216)],[(4, 8), (5, 7)],,
394.016,actual,[(4, 8, 0.0, 0.8548411113096938), (5, 7, 0.0, 0.8799685011758152)],[(4, 8), (5, 7)],,
394.528,actual,[(4, 8, 0.0, 0.8812571561349469), (5, 7, 0.0, 0.8629397746489477)],[(4, 8), (5, 7)],,
395.024,actual,[(5, 7, 0.0, 0.8467369733360779)],[(5, 7)],,
395.520,actual,[(4, 8, 0.0, 0.8917580719023713), (5, 7, 0.0, 0.8570792127728663)],[(4, 8), (5, 7)],,
396.016,actual,[(4, 8, 0.0, 0.8657227278314426), (5, 7, 0.0, 0.8749597691617924)],[(4, 8), (5, 7)],,
396.528,actual,[(4, 8, 0.0, 0.8434173419126555), (5, 6, 0.0, 0.8826002438895257), (5, 7, 0.0, 0.8906949198457331)],[(4, 8), (5, 6, 7)],,
397.024,actual,[(4, 8, 0.0, 0.8469891914267293), (5, 6, 0.0, 0.8633778785408729), (5, 7, 0.0, 0.8975051584065423)],[(4, 8), (5, 6, 7)],,
397.520,actual,[(4, 8, 0.0, 0.8631112195529812), (5, 6, 0.0, 0.8494167317994031), (5, 7, 0.0, 0.8875759465397892)],[(4, 8), (5, 6, 7)],,
398.016,actual,[(4, 8, 0.0, 0.8710844930080203), (5, 6, 0.0, 0.8247229137720474), (5, 7, 0.0, 0.8587854082888252)],[(4, 8), (5, 6, 7)],,
398.528,actual,[(4, 8, 0.0, 0.8454223784325626), (5, 6, 0.0, 0.7993657484007529), (5, 7, 0.0, 0.8319416732333356)],[(4, 8), (5, 6, 7)],,
399.024,actual,[(4, 8, 0.0, 0.8059702522838055), (5, 6, 0.0, 0.7798198940463353), (5, 7, 0.0, 0.8083472048272569)],[(4, 8), (5, 6, 7)],,
399.520,actual,[(4, 8, 0.0, 0.7851912696837796), (5, 6, 0.0, 0.7627968220978059), (5, 7, 0.0, 0.8059629612057215)],[(4, 8), (5, 6, 7)],,
400.016,actual,[(4, 8, 0.0, 0.782694801190114), (5, 6, 0.0, 0.7606086298929365), (5, 7, 0.0, 0.8018340818108831)],[(4, 8), (5, 6, 7)],,
400.528,actual,[(4, 8, 0.0, 0.7890967920858822), (5, 6, 0.0, 0.7702862920512088), (5, 7, 0.0, 0.7879137329644645)],[(4, 8), (5, 6, 7)],,
401.024,actual,[(4, 8, 0.0, 0.8014178382832842), (5, 6, 0.0, 0.773023396673254), (5, 7, 0.0, 0.7380945435757253)],[(4, 8), (5, 6, 7)],,
401.520,actual,[(4, 8, 0.0, 0.8178132526617333), (5, 6, 0.0, 0.7846365164254174), (5, 7, 0.0, 0.6860066279877038)],[(4, 8), (5, 6, 7)],,
402.016,actual,[(4, 6, 0.0, 0.6971582529277187), (4, 8, 0.0, 0.8216973495105399), (6, 8, 0.0, 0.7948759599818563)],[(4, 6, 8)],,
402.528,actual,[(4, 6, 0.0, 0.6975446712117148), (4, 8, 0.0, 0.814112346694325), (6, 8, 0.0, 0.8169296164097529)],[(4, 6, 8)],,
403.024,actual,[(5, 6, 0.0, 0.8927807266460055)],[(5, 6)],,
403.520,actual,[(4, 8, 0.0, 0.7900354608916438)],[(4, 8)],,
404.016,actual,[(4, 8, 0.0, 0.7964252938433257)],[(4, 8)],,
404.528,actual,[(1, 2, 0.0, 0.8934629815365505), (4, 8, 0.0, 0.7942570910944264)],[(1, 2), (4, 8)],,
405.024,actual,[(1, 2, 0.0, 0.8674429163879439), (4, 8, 0.0, 0.8010812186763651)],[(1, 2), (4, 8)],,
405.520,actual,[(1, 2, 0.0, 0.8118193050257918), (4, 8, 0.0, 0.8156154666337982)],[(1, 2), (4, 8)],,
406.016,actual,[(1, 2, 0.0, 0.7686389640275504), (4, 8, 0.0, 0.8323970382479653), (5, 6, 0.0, 0.8642185820023159)],[(1, 2), (4, 8), (5, 6)],,
406.528,actual,[(1, 2, 0.0, 0.722771365127935), (4, 8, 0.0, 0.8526544917241414), (5, 6, 0.0, 0.819038313354342)],[(1, 2), (4, 8), (5, 6)],,
407.024,actual,[(1, 2, 0.0, 0.6852391348703948), (4, 8, 0.0, 0.8740299148901324), (5, 6, 0.0, 0.7813969951376261)],[(1, 2), (4, 8), (5, 6)],,
407.520,actual,[(4, 8, 0.0, 0.8988579420876197), (5, 6, 0.0, 0.7519408873980516)],[(4, 8), (5, 6)],,
408.016,actual,[(5, 6, 0.0, 0.704905299012672)],[(5, 6)],,
408.528,actual,[(5, 6, 0.0, 0.6654099314699352)],[(5, 6)],,
409.024,[1, 3, 4, 5, 7, 8],[(4, 5, 6.5, 0.7420853795478695)],,,
409.520,actual,[(1, 2, 0.0, 0.8100005064165356)],[(1, 2)],,
410.016,actual,[(1, 2, 0.0, 0.7912532919825074), (5, 6, 0.0, 0.8630484492210961)],[(1, 2), (5, 6)],,
410.528,actual,[(1, 2, 0.0, 0.7750932265747484), (4, 8, 0.0, 0.8924883959372388), (5, 6, 0.0, 0.8130082598999773)],[(1, 2), (4, 8), (5, 6)],,
411.024,actual,[(1, 2, 0.0, 0.7480940414340238), (4, 8, 0.0, 0.878402238145005), (5, 6, 0.0, 0.7554306861185078)],[(1, 2), (4, 8), (5, 6)],,
411.520,actual,[(1, 2, 0.0, 0.7187431665599111), (4, 8, 0.0, 0.8647456735898174), (5, 6, 0.0, 0.7099118716501823)],[(1, 2), (4, 8), (5, 6)],,
412.016,actual,[(4, 8, 0.0, 0.8527808175692493), (5, 6, 0.0, 0.6728036583891297)],[(4, 8), (5, 6)],,
412.528,actual,[(4, 8, 0.0, 0.8419630735702363)],[(4, 8)],,
413.024,actual,[(4, 8, 0.0, 0.8343201129745969)],[(4, 8)],,
413.520,actual,[(4, 8, 0.0, 0.8292396211334487), (5, 6, 0.0, 0.754099415925151)],[(4, 8), (5, 6)],,
414.016,actual,[(4, 8, 0.0, 0.8263075462243975), (5, 6, 0.0, 0.7362402201639)],[(4, 8), (5, 6)],,
414.528,actual,[(4, 8, 0.0, 0.8247093063711265), (5, 6, 0.0, 0.7307889189830279)],[(4, 8), (5, 6)],,
415.024,actual,[(4, 8, 0.0, 0.8247577171458687), (5, 6, 0.0, 0.7318109390602033)],[(4, 8), (5, 6)],,
415.520,actual,[(4, 8, 0.0, 0.8267589085590153), (5, 6, 0.0, 0.7270085327925334)],[(4, 8), (5, 6)],,
416.016,actual,[(4, 8, 0.0, 0.8308194855330302), (5, 6, 0.0, 0.6867198237142151)],[(4, 8), (5, 6)],,
416.528,actual,[(4, 8, 0.0, 0.812683609375701)],[(4, 8)],,
417.024,actual,[(4, 8, 0.0, 0.7927658790913724)],[(4, 8)],,
417.520,actual,[(4, 8, 0.0, 0.7603977069333537)],[(4, 8)],,
418.016,actual,[(4, 8, 0.0, 0.7535794603319057)],[(4, 8)],,
418.528,actual,[(4, 8, 0.0, 0.7527818543933176)],[(4, 8)],,
419.024,actual,[(4, 8, 0.0, 0.7724291277381528)],[(4, 8)],,
419.520,actual,[(4, 8, 0.0, 0.7992544416180646)],[(4, 8)],,
420.016,actual,[(4, 8, 0.0, 0.8255294130479844)],[(4, 8)],,
420.528,actual,[(4, 8, 0.0, 0.8463222895751582)],[(4, 8)],,
421.024,actual,[(4, 8, 0.0, 0.8573548324617475)],[(4, 8)],,
421.520,actual,[(4, 8, 0.0, 0.8709379231115516), (5, 6, 0.0, 0.6048415716575077)],[(4, 8), (5, 6)],,
422.016,actual,[(4, 8, 0.0, 0.8702547619791403)],[(4, 8)],,
422.528,actual,[(4, 8, 0.0, 0.866545197182957)],[(4, 8)],,
423.024,actual,[(4, 8, 0.0, 0.8728942312260066)],[(4, 8)],,
423.520,actual,[(4, 8, 0.0, 0.8785553642684933)],[(4, 8)],,
424.016,actual,[(1, 2, 0.0, 0.8867733367538281), (4, 8, 0.0, 0.8786300374559963)],[(1, 2), (4, 8)],,
424.528,actual,[(1, 2, 0.0, 0.8736815994645571)],[(1, 2)],,
425.024,actual,[(1, 2, 0.0, 0.8670923731758564)],[(1, 2)],,
425.520,actual,[(1, 2, 0.0, 0.8562613410689222)],[(1, 2)],,
426.016,actual,[(1, 2, 0.0, 0.8475659727898587)],[(1, 2)],,
426.528,actual,[(1, 2, 0.0, 0.8432779961554793)],[(1, 2)],,
427.024,actual,[(1, 2, 0.0, 0.841655578349941)],[(1, 2)],,
427.520,actual,[(1, 2, 0.0, 0.8444532403874975), (5, 6, 0.0, 0.8982861283589464)],[(1, 2), (5, 6)],,
428.016,actual,[(1, 2, 0.0, 0.8516346540762488), (5, 6, 0.0, 0.8719105465061842)],[(1, 2), (5, 6)],,
428.528,actual,[(1, 2, 0.0, 0.8674115031233595), (5, 6, 0.0, 0.8366349614599895)],[(1, 2), (5, 6)],,
429.024,actual,[(1, 2, 0.0, 0.8913622090823273), (5, 6, 0.0, 0.8051310860555609)],[(1, 2), (5, 6)],,
429.520,actual,[(5, 6, 0.0, 0.7579505781626161)],[(5, 6)],,
430.016,actual,[(5, 6, 0.0, 0.7239644694517621)],[(5, 6)],,
430.528,actual,[(5, 6, 0.0, 0.6921593335607042)],[(5, 6)],,
431.024,[1, 2, 3, 4, 5, 7, 8],[(4, 5, 8.5, 0.7755985289674949)],,,
431.520,actual,[(5, 6, 0.0, 0.6947307286847401)],[(5, 6)],,
432.016,actual,[(5, 6, 0.0, 0.6224224068442253)],[(5, 6)],,
432.528,[1, 2, 4, 5, 7, 8],[(4, 5, 6.75, 0.7679760055169413)],,,
433.024,[1, 2, 4, 5, 7, 8],[(4, 5, 6.5, 0.7571557034892811)],,,
433.520,actual,[(5, 6, 0.0, 0.820578398791198)],[(5, 6)],,
434.016,actual,[(5, 6, 0.0, 0.7843584018027239)],[(5, 6)],,
434.528,actual,[(5, 6, 0.0, 0.7474593634655281)],[(5, 6)],,
435.024,actual,[(5, 6, 0.0, 0.701977677757785)],[(5, 6)],,
435.520,[1, 2, 4, 5, 7, 8],[(4, 5, 10.0, 0.7263950254780139)],,,
436.016,[1, 2, 4, 5, 7, 8],[],,,
436.528,[1, 2, 3, 4, 5, 7, 8],[(1, 2, 7.25, 0.7757341014355762)],,,
437.024,[1, 2, 3, 4, 5, 7, 8],[(1, 2, 7.25, 0.7742456717815333)],,,
437.520,actual,[(5, 6, 0.0, 0.6670850636517568)],[(5, 6)],,
438.016,[1, 2, 3, 4, 5, 6, 7, 8],[(4, 6, 8.25, 0.7601858428642657)],,,
438.528,[1, 2, 3, 4, 5, 6, 7, 8],[],,,
439.024,[1, 2, 3, 4, 5, 6, 7, 8],[],,,
439.520,[1, 2, 3, 4, 5, 6, 7, 8],[],,,
440.016,[1, 2, 3, 4, 5, 6, 7, 8],[],,,
440.528,[1, 2, 3, 4, 5, 6, 7, 8],[],,,
441.024,[1, 2, 3, 4, 5, 6, 7, 8],[],,,
441.520,[1, 2, 3, 4, 5, 6, 7, 8],[],,,
442.016,[1, 2, 3, 4, 5, 6, 7, 8],[],,,
442.528,[1, 2, 3, 4, 5, 6, 7, 8],[],,,
443.024,[1, 2, 3, 4, 5, 6, 7, 8],[],,,
443.520,actual,[(5, 6, 0.0, 0.881904377518157)],[(5, 6)],,
444.016,actual,[(5, 6, 0.0, 0.8826638747956029)],[(5, 6)],,
444.528,actual,[(5, 6, 0.0, 0.8730252167077746)],[(5, 6)],,
445.024,actual,[(5, 6, 0.0, 0.8497577083265776)],[(5, 6)],,
445.520,actual,[(5, 6, 0.0, 0.8267741983811379)],[(5, 6)],,
446.016,actual,[(5, 6, 0.0, 0.8084399847480088)],[(5, 6)],,
446.528,actual,[(4, 6, 0.0, 0.8702985730623503), (5, 6, 0.0, 0.8098117182906637)],[(4, 5, 6)],,
447.024,actual,[(4, 6, 0.0, 0.8417866508757994), (5, 6, 0.0, 0.8001272300124223)],[(4, 5, 6)],,
447.520,actual,[(4, 6, 0.0, 0.8487221166799536), (5, 6, 0.0, 0.8020952081073388)],[(4, 5, 6)],,
448.016,actual,[(4, 6, 0.0, 0.8813265055436904), (5, 6, 0.0, 0.8045671587903658)],[(4, 5, 6)],,
448.528,actual,[(5, 6, 0.0, 0.7975813170649644)],[(5, 6)],,
449.024,actual,[(5, 6, 0.0, 0.7791199991664719)],[(5, 6)],,
449.520,actual,[(5, 6, 0.0, 0.7593232835724043)],[(5, 6)],,
450.016,actual,[(5, 6, 0.0, 0.735584938339763)],[(5, 6)],,
450.528,actual,[(5, 6, 0.0, 0.7199129729417152)],[(5, 6)],,
451.024,[1, 2, 3, 4, 5, 7, 8],[],,,
451.520,[1, 2, 3, 4, 5, 6, 7, 8],[],,,
452.016,[1, 2, 3, 4, 5, 6, 7, 8],[],,,
452.528,[1, 2, 3, 4, 5, 6, 7, 8],[],,,
453.024,[1, 2, 3, 4, 5, 6, 7, 8],[],,,
453.520,[1, 2, 3, 4, 5, 6, 7, 8],[],,,
454.016,[1, 2, 3, 4, 5, 6, 7, 8],[],,,
454.528,[1, 2, 3, 4, 5, 6, 7, 8],[],,,
455.024,[1, 2, 3, 4, 5, 6, 7, 8],[],,,
455.520,[1, 2, 3, 4, 5, 6, 7, 8],[],,,
456.016,[1, 2, 3, 4, 5, 6, 7, 8],[],,,
456.528,[1, 2, 3, 4, 5, 6, 7, 8],[],,,
457.024,[1, 2, 3, 4, 5, 6, 7, 8],[],,,
457.520,[1, 2, 3, 4, 5, 6, 7, 8],[],,,
458.016,[1, 2, 3, 4, 5, 6, 7, 8],[],,,
458.528,[1, 2, 3, 4, 5, 6, 7, 8],[],,,
459.024,[1, 2, 3, 4, 5, 6, 7, 8],[],,,
459.520,[1, 2, 3, 4, 5, 6, 7, 8],[],,,
460.016,[1, 2, 3, 4, 5, 6, 7, 8],[],,,
460.528,[1, 2, 3, 4, 5, 6, 7, 8],[],,,
461.024,[1, 2, 3, 4, 5, 6, 7, 8],[],,,
461.520,[1, 2, 3, 4, 5, 6, 7, 8],[],,,
462.016,[1, 2, 3, 4, 5, 6, 7, 8],[],,,
462.528,actual,[(4, 5, 0.0, 0.8921394869198362)],[(4, 5)],,
463.024,actual,[(4, 5, 0.0, 0.8924770480705719)],[(4, 5)],,
463.520,actual,[(4, 5, 0.0, 0.8648886771769981)],[(4, 5)],,
464.016,actual,[(4, 5, 0.0, 0.8341889083322636)],[(4, 5)],,
464.528,actual,[(4, 5, 0.0, 0.8047161901819085)],[(4, 5)],,
465.024,actual,[(4, 5, 0.0, 0.7809286326749717)],[(4, 5)],,
465.520,actual,[(4, 5, 0.0, 0.7535775544180566)],[(4, 5)],,
466.016,actual,[(4, 5, 0.0, 0.7382473819470868)],[(4, 5)],,
466.528,actual,[(4, 5, 0.0, 0.7238819972001971)],[(4, 5)],,
467.024,actual,[(4, 5, 0.0, 0.705299477719921)],[(4, 5)],,
467.520,actual,[(4, 8, 0.0, 0.8165996155571701)],[(4, 8)],,
468.016,actual,[(4, 8, 0.0, 0.8254761915124075)],[(4, 8)],,
468.528,actual,[(4, 8, 0.0, 0.8400255616294927)],[(4, 8)],,
469.024,actual,[(4, 8, 0.0, 0.8562104538462819)],[(4, 8)],,
469.520,actual,[(4, 5, 0.0, 0.8383041811887912), (4, 8, 0.0, 0.8824381222304949)],[(4, 5, 8)],,
470.016,actual,[(4, 5, 0.0, 0.8116490979507092), (4, 8, 0.0, 0.8965115965951832)],[(4, 5, 8)],,
470.528,actual,[(4, 5, 0.0, 0.7851214247664643)],[(4, 5)],,
471.024,actual,[(4, 5, 0.0, 0.7776793066576241)],[(4, 5)],,
471.520,actual,[(4, 5, 0.0, 0.7664808265892106)],[(4, 5)],,
472.016,actual,[(4, 5, 0.0, 0.7629620536508082)],[(4, 5)],,
472.528,actual,[(4, 5, 0.0, 0.7685425446448254)],[(4, 5)],,
473.024,actual,[(4, 5, 0.0, 0.7789632820352382)],[(4, 5)],,
473.520,actual,[(4, 5, 0.0, 0.8108105257199156)],[(4, 5)],,
474.016,actual,[(4, 5, 0.0, 0.8531029851806805)],[(4, 5)],,
474.528,[1, 2, 3, 4, 5, 6, 7, 8],[],,,
475.024,[1, 2, 3, 4, 5, 6, 7, 8],[],,,
475.520,[1, 2, 3, 4, 5, 6, 7, 8],[],,,
476.016,[1, 2, 3, 4, 5, 6, 7, 8],[],,,
476.528,[1, 2, 3, 4, 5, 6, 7, 8],[],,,
477.024,[1, 2, 3, 4, 5, 6, 7, 8],[],,,
477.520,[1, 2, 3, 4, 5, 6, 7, 8],[],,,
478.016,[1, 2, 3, 4, 5, 6, 7, 8],[],,,
478.528,[1, 2, 3, 4, 5, 6, 7, 8],[],,,
479.024,[1, 2, 3, 4, 5, 6, 7, 8],[],,,
479.520,[1, 2, 3, 4, 5, 6, 7, 8],[],,,
480.016,[1, 2, 3, 4, 5, 6, 7, 8],[],,,
480.528,[1, 2, 3, 4, 5, 6, 7, 8],[],,,
481.024,[1, 2, 3, 4, 5, 6, 7, 8],[],,,
481.520,[1, 2, 3, 4, 5, 6, 7, 8],[],,,
482.016,[1, 2, 3, 4, 5, 6, 7, 8],[],,,
482.528,[1, 2, 3, 4, 5, 6, 7, 8],[],,,
483.024,[1, 2, 3, 4, 5, 6, 7, 8],[],,,
483.520,[1, 2, 3, 4, 5, 6, 7, 8],[],,,
484.016,[1, 2, 3, 4, 5, 6, 7, 8],[],,,
484.528,[1, 2, 3, 4, 5, 6, 7, 8],[],,,
485.024,[1, 2, 3, 4, 5, 6, 7, 8],[],,,
485.520,[1, 2, 3, 4, 5, 6, 7, 8],[],,,
486.016,[1, 2, 3, 4, 5, 6, 7, 8],[],,,
486.528,[1, 2, 3, 4, 5, 6, 7, 8],[],,,
487.024,[1, 2, 3, 4, 5, 6, 7, 8],[],,,
487.520,[1, 2, 3, 4, 5, 6, 7, 8],[],,,
488.016,[1, 2, 3, 4, 5, 6, 7, 8],[],,,
488.528,[1, 2, 3, 4, 5, 6, 7, 8],[],,,
489.024,[1, 2, 3, 4, 5, 6, 7, 8],[],,,
489.520,[1, 2, 3, 4, 5, 6, 7, 8],[],,,
490.016,[1, 2, 3, 4, 5, 6, 7, 8],[(3, 8, 7.25, 0.7678405204354488)],,,
490.528,[1, 2, 3, 4, 5, 6, 7, 8],[(3, 8, 7.25, 0.7450368952897343)],,,
491.024,[1, 2, 3, 4, 5, 6, 7, 8],[(3, 8, 7.25, 0.7685603019700123)],,,
491.520,[1, 2, 3, 4, 5, 6, 7, 8],[],,,
492.016,[1, 2, 3, 4, 5, 6, 7, 8],[],,,
492.528,[1, 2, 3, 4, 5, 6, 7, 8],[],,,
493.024,[1, 2, 3, 4, 5, 6, 7, 8],[],,,
493.520,[1, 2, 3, 4, 5, 6, 7, 8],[],,,
494.016,[1, 2, 3, 4, 5, 6, 7, 8],[],,,
494.528,[1, 2, 3, 4, 5, 6, 7, 8],[],,,
495.024,[1, 2, 3, 4, 5, 6, 7, 8],[],,,
495.520,[1, 2, 3, 4, 5, 6, 7, 8],[],,,
496.016,[1, 2, 3, 4, 5, 6, 7, 8],[],,,
496.528,[1, 2, 3, 4, 5, 6, 7, 8],[],,,
497.024,[1, 2, 3, 4, 5, 6, 7, 8],[],,,
497.520,[1, 2, 3, 4, 5, 6, 7, 8],[],,,
498.016,[1, 2, 3, 4, 5, 6, 7, 8],[],,,
498.528,[1, 2, 3, 4, 5, 6, 7, 8],[],,,
499.024,[1, 2, 3, 4, 5, 6, 7, 8],[],,,
499.520,[1, 2, 3, 4, 5, 6, 7, 8],[],,,
500.016,[1, 2, 3, 4, 5, 6, 7, 8],[],,,
500.528,[1, 2, 3, 4, 5, 6, 7, 8],[],,,
501.024,[1, 2, 3, 4, 5, 6, 7, 8],[],,,
501.520,[1, 2, 3, 4, 5, 6, 7, 8],[],,,
502.016,[1, 2, 3, 4, 5, 6, 7, 8],[],,,
502.528,[1, 2, 3, 4, 5, 6, 7, 8],[],,,
503.024,[1, 2, 3, 4, 5, 6, 7, 8],[],,,
503.520,[1, 2, 3, 4, 5, 6, 7, 8],[],,,
504.016,[1, 2, 3, 4, 5, 6, 7, 8],[],,,
504.528,[1, 2, 3, 4, 5, 6, 7, 8],[],,,
505.024,[1, 2, 3, 4, 5, 6, 7, 8],[],,,
505.520,[1, 2, 3, 4, 5, 6, 7, 8],[],,,
506.016,[1, 2, 3, 4, 5, 6, 7, 8],[],,,
506.528,[1, 2, 3, 4, 5, 6, 7, 8],[],,,
507.024,[1, 2, 3, 4, 5, 6, 7, 8],[],,,
507.520,[1, 2, 3, 4, 5, 6, 7, 8],[],,,
508.016,[1, 2, 3, 4, 5, 6, 7, 8],[],,,
508.528,[1, 2, 3, 4, 5, 6, 7, 8],[],,,
509.024,[1, 2, 3, 4, 5, 6, 7, 8],[],,,
509.520,[1, 2, 3, 4, 5, 6, 7, 8],[],,,
510.016,[1, 2, 3, 4, 5, 6, 7, 8],[],,,
510.528,[1, 2, 3, 4, 5, 6, 7, 8],[],,,
511.024,[1, 2, 3, 4, 5, 6, 7, 8],[],,,
511.520,[1, 2, 3, 4, 5, 6, 7, 8],[],,,
512.016,[1, 2, 3, 4, 5, 6, 7, 8],[],,,
512.528,[1, 2, 3, 4, 5, 6, 7, 8],[],,,
513.024,[1, 2, 3, 4, 5, 6, 7, 8],[],,,
513.520,[1, 2, 3, 4, 5, 6, 7, 8],[],,,
514.016,[1, 2, 3, 4, 5, 6, 7, 8],[],,,
514.528,[1, 2, 3, 4, 5, 6, 7, 8],[],,,
515.024,[1, 2, 3, 4, 5, 6, 7, 8],[],,,
515.520,[1, 2, 3, 4, 5, 6, 7, 8],[],,,
516.016,[1, 2, 3, 4, 5, 6, 7, 8],[],,,
516.528,[1, 2, 3, 4, 5, 6, 7, 8],[],,,
517.024,[1, 2, 3, 4, 5, 6, 7, 8],[],,,
517.520,[1, 2, 3, 4, 5, 6, 7, 8],[],,,
518.016,[1, 2, 3, 4, 5, 6, 7, 8],[],,,
518.528,[1, 2, 3, 4, 5, 6, 7, 8],[],,,
519.024,[1, 2, 3, 5, 6, 7],[],,,
519.520,[1, 2, 3, 5, 6, 7],[],,,
520.016,[1, 2, 3, 5, 6, 7, 8],[],,,
520.528,[1, 2, 3, 5, 6, 7, 8],[],,,
521.024,[1, 2, 3, 5, 6, 7, 8],[],,,
521.520,[1, 2, 3, 5, 6, 7, 8],[],,,
522.016,[1, 2, 3, 5, 6, 7, 8],[],,,
522.528,[1, 2, 3, 5, 6, 7, 8],[],,,
523.024,[1, 2, 3, 5, 6, 7, 8],[],,,
523.520,[1, 2, 3, 5, 6, 7, 8],[],,,
524.016,[1, 2, 3, 5, 6, 7, 8],[],,,
524.528,[1, 2, 3, 5, 6, 7, 8],[],,,
525.024,[1, 2, 3, 5, 6, 7, 8],[],,,
525.520,[1, 2, 3, 5, 6, 7, 8],[],,,
526.016,[1, 2, 3, 5, 6, 7, 8],[],,,
526.528,[1, 2, 3, 5, 6, 7, 8],[],,,
527.024,[1, 2, 3, 5, 6, 7, 8],[],,,
527.520,[1, 2, 3, 5, 6, 7, 8],[],,,
528.016,[1, 2, 3, 5, 6, 7, 8],[],,,
528.528,[1, 2, 3, 5, 6, 7, 8],[],,,
529.024,[1, 2, 3, 4, 5, 6, 7, 8],[],,,
529.520,[1, 2, 3, 4, 5, 6, 7, 8],[],,,
530.016,[1, 2, 3, 4, 5, 6, 7, 8],[],,,
530.528,[1, 2, 3, 4, 5, 6, 7, 8],[],,,
531.024,[1, 2, 3, 4, 5, 6, 7, 8],[],,,
531.520,[1, 2, 3, 4, 5, 6, 7, 8],[],,,
532.016,[1, 2, 3, 4, 5, 6, 7, 8],[],,,
532.528,[1, 2, 3, 4, 5, 6, 7, 8],[],,,
533.024,[1, 2, 3, 4, 5, 6, 7, 8],[],,,
533.520,[1, 2, 3, 4, 5, 6, 7, 8],[],,,
534.016,[1, 2, 3, 4, 5, 6, 7, 8],[],,,
534.528,[1, 2, 3, 4, 5, 6, 7, 8],[],,,
535.024,[1, 2, 3, 4, 5, 6, 7, 8],[],,,
535.520,[1, 2, 3, 4, 5, 6, 7, 8],[],,,
536.016,[1, 2, 3, 4, 5, 6, 7, 8],[],,,
536.528,[1, 2, 3, 4, 5, 6, 7, 8],[],,,
537.024,[1, 2, 3, 4, 5, 6, 7, 8],[],,,
537.520,[1, 2, 3, 4, 5, 6, 7, 8],[],,,
538.016,[1, 2, 3, 4, 5, 6, 7, 8],[],,,
538.528,[1, 2, 3, 4, 5, 6, 7, 8],[],,,
539.024,[1, 2, 3, 4, 5, 6, 7, 8],[],,,
539.520,[1, 2, 3, 4, 5, 6, 7, 8],[],,,
540.016,[1, 2, 3, 4, 5, 6, 7, 8],[],,,
540.528,[1, 2, 3, 4, 5, 6, 7, 8],[],,,
541.024,[1, 2, 3, 4, 5, 6, 7, 8],[],,,
541.520,[1, 2, 3, 4, 5, 6, 7, 8],[],,,
542.016,[1, 2, 3, 4, 5, 6, 7, 8],[],,,
542.528,[1, 2, 3, 4, 5, 6, 7, 8],[],,,
543.024,[1, 2, 3, 4, 5, 6, 7, 8],[],,,
543.520,[1, 2, 3, 4, 5, 6, 7, 8],[],,,
544.016,[1, 2, 3, 4, 5, 6, 7, 8],[],,,
544.528,[1, 2, 3, 4, 5, 6, 7, 8],[],,,
545.024,[1, 2, 3, 4, 5, 6, 7, 8],[],,,
545.520,[1, 2, 3, 4, 5, 6, 7, 8],[],,,
546.016,[1, 2, 3, 4, 5, 6, 7, 8],[],,,
546.528,[1, 2, 3, 4, 5, 6, 7, 8],[],,,
547.024,[1, 2, 3, 4, 5, 6, 7, 8],[],,,
547.520,[1, 2, 3, 4, 5, 6, 7, 8],[],,,
548.016,[1, 2, 3, 4, 5, 6, 7, 8],[],,,
548.528,[1, 2, 3, 4, 5, 6, 7, 8],[],,,
549.024,[1, 2, 3, 4, 5, 6, 7, 8],[],,,
549.520,[1, 2, 3, 4, 5, 6, 7, 8],[],,,
550.016,[1, 2, 3, 4, 5, 6, 7, 8],[],,,
550.528,[1, 2, 3, 4, 5, 6, 7, 8],[],,,
551.024,[1, 2, 3, 4, 5, 6, 7, 8],[],,,
551.520,[1, 2, 3, 4, 5, 6, 7, 8],[],,,
552.016,[1, 2, 3, 4, 5, 6, 7, 8],[],,,
552.528,[1, 2, 3, 4, 5, 6, 7, 8],[],,,
553.024,[1, 2, 3, 4, 5, 6, 7, 8],[],,,
553.520,[1, 2, 3, 4, 5, 6, 7, 8],[],,,
554.016,[1, 2, 3, 4, 5, 6, 7, 8],[],,,
554.528,[1, 2, 3, 4, 5, 6, 7, 8],[],,,
555.024,[1, 2, 3, 4, 5, 6, 7, 8],[],,,
555.520,[1, 2, 3, 4, 5, 6, 7, 8],[],,,
556.016,[1, 2, 3, 4, 5, 6, 7, 8],[],,,
556.528,[1, 2, 3, 4, 5, 6, 7, 8],[],,,
557.024,[1, 2, 3, 4, 5, 6, 7, 8],[],,,
557.520,[1, 2, 3, 4, 5, 6, 7, 8],[],,,
558.016,[1, 2, 3, 4, 5, 6, 7, 8],[],,,
558.528,[1, 2, 3, 4, 5, 6, 7, 8],[],,,
559.024,[1, 2, 3, 4, 5, 6, 7, 8],[],,,
559.520,[1, 2, 3, 4, 5, 6, 7, 8],[],,,
560.016,[1, 2, 3, 4, 5, 6, 7, 8],[],,,
560.528,[1, 2, 3, 4, 5, 6, 7, 8],[],,,
561.024,[1, 2, 3, 4, 5, 6, 7, 8],[],,,
561.520,[1, 2, 3, 4, 5, 6, 7, 8],[],,,
562.016,[1, 2, 3, 4, 5, 6, 7, 8],[],,,
562.528,[1, 2, 3, 4, 5, 6, 7, 8],[],,,
563.024,[1, 2, 3, 4, 5, 6, 7, 8],[],,,
563.520,[1, 2, 3, 4, 5, 6, 7, 8],[],,,
564.016,[1, 2, 3, 4, 5, 6, 7, 8],[],,,
564.528,[1, 2, 3, 4, 5, 6, 7, 8],[],,,
565.024,[1, 2, 3, 4, 5, 6, 7, 8],[],,,
565.520,[1, 2, 3, 4, 5, 6, 7, 8],[],,,
566.016,[1, 2, 3, 4, 5, 6, 7, 8],[],,,
566.528,[1, 2, 3, 4, 5, 6, 7, 8],[],,,
567.024,[1, 2, 3, 4, 5, 6, 7, 8],[],,,
567.520,[1, 2, 3, 4, 5, 6, 7, 8],[],,,
568.016,[1, 2, 3, 4, 5, 6, 7, 8],[],,,
568.528,[1, 2, 3, 4, 5, 6, 7, 8],[],,,
569.024,[1, 2, 3, 4, 5, 6, 7, 8],[],,,
569.520,[1, 2, 3, 4, 5, 6, 7, 8],[],,,
570.016,[1, 2, 3, 4, 5, 6, 7, 8],[],,,
570.528,[1, 2, 3, 4, 5, 6, 7, 8],[],,,
571.024,[1, 2, 3, 4, 5, 6, 7, 8],[],,,
571.520,[1, 2, 3, 4, 5, 6, 7, 8],[],,,
572.016,[1, 2, 3, 4, 5, 6, 7, 8],[],,,
572.528,[1, 2, 3, 4, 5, 6, 7, 8],[(4, 5, 1.0, 0.7750891794287073)],,,
573.024,[1, 2, 3, 4, 5, 6, 7, 8],[],,,
573.520,[1, 2, 3, 4, 5, 6, 7, 8],[],,,
574.016,[1, 2, 3, 4, 5, 6, 7, 8],[],,,
574.528,[1, 2, 3, 4, 5, 6, 7, 8],[],,,
575.024,[1, 2, 3, 4, 5, 6, 7, 8],[],,,
575.520,[1, 2, 3, 4, 5, 6, 7, 8],[],,,
576.016,[1, 2, 3, 4, 5, 6, 7, 8],[],,,
576.528,[1, 2, 3, 4, 5, 6, 7, 8],[],,,
577.024,[1, 2, 3, 4, 5, 6, 7, 8],[],,,
577.520,[1, 2, 3, 4, 5, 6, 7, 8],[],,,
578.016,[1, 2, 3, 4, 5, 6, 7, 8],[],,,
578.528,[1, 2, 3, 4, 5, 6, 7, 8],[],,,
579.024,[1, 2, 3, 4, 5, 6, 7, 8],[],,,
579.520,[1, 2, 3, 4, 5, 6, 7, 8],[],,,
580.016,[1, 2, 3, 4, 5, 6, 7, 8],[],,,
580.528,[1, 2, 3, 4, 5, 6, 7, 8],[],,,
581.024,[1, 2, 3, 4, 5, 6, 7, 8],[],,,
581.520,[1, 2, 3, 4, 5, 6, 7, 8],[],,,
582.016,[1, 2, 3, 4, 5, 6, 7, 8],[],,,
582.528,[1, 2, 3, 4, 5, 6, 7, 8],[],,,
583.024,[1, 2, 3, 4, 5, 6, 7, 8],[],,,
583.520,[1, 2, 3, 4, 5, 6, 7, 8],[],,,
584.016,[1, 2, 3, 4, 5, 6, 7, 8],[],,,
584.528,[1, 2, 3, 4, 5, 6, 7, 8],[],,,
585.024,[1, 2, 3, 4, 5, 6, 7, 8],[],,,
585.520,[1, 2, 3, 4, 5, 6, 7, 8],[],,,
586.016,[1, 2, 3, 4, 5, 6, 7, 8],[],,,
586.528,[1, 2, 3, 4, 5, 6, 7, 8],[],,,
587.024,[1, 2, 3, 4, 5, 6, 7],[],,,
587.520,[1, 2, 3, 4, 5, 6, 7],[],,,
588.016,[1, 2, 3, 4, 5, 6, 7],[],,,
588.528,[1, 2, 3, 4, 5, 6, 7],[],,,
589.024,[1, 2, 3, 4, 5, 6, 7],[],,,
589.520,[1, 2, 3, 4, 5, 6, 7],[],,,
590.016,[1, 2, 3, 4, 5, 6, 7],[],,,
590.528,[1, 2, 3, 4, 5, 6, 7],[],,,
591.024,[1, 2, 3, 4, 5, 6, 7],[],,,
591.520,[1, 2, 3, 4, 5, 6, 7],[],,,
592.016,[1, 2, 3, 4, 5, 6, 7, 8],[],,,
592.528,[1, 2, 3, 4, 5, 6, 7, 8],[],,,
593.024,[1, 2, 3, 4, 5, 6, 7, 8],[],,,
593.520,[1, 2, 3, 4, 5, 6, 7, 8],[],,,
594.016,[1, 2, 3, 4, 5, 6, 7, 8],[],,,
594.528,[1, 2, 3, 4, 5, 6, 7, 8],[],,,
595.024,[1, 2, 3, 4, 5, 6, 7, 8],[],,,
595.520,[1, 2, 3, 4, 5, 6, 7, 8],[],,,
596.016,[1, 2, 3, 4, 5, 6, 7, 8],[],,,
596.528,[1, 2, 3, 4, 5, 6, 7, 8],[],,,
597.024,[1, 2, 3, 4, 5, 6, 7, 8],[],,,
597.520,[1, 2, 3, 4, 5, 6, 7, 8],[],,,
598.016,[1, 2, 3, 4, 5, 6, 7, 8],[],,,
598.528,[1, 2, 3, 4, 5, 6, 7, 8],[],,,
599.024,[1, 2, 3, 4, 5, 6, 7, 8],[],,,
599.520,[1, 2, 3, 4, 5, 6, 7, 8],[],,,
