sim_time,trajectories,conflicts,components,actions
1.520,[1, 2, 3],[],,,
2.016,[1, 2, 3],[],,,
2.528,[1, 2, 3],[],,,
3.024,[1, 2, 3],[],,,
3.520,[1, 2, 3],[],,,
4.016,[1, 2, 3],[],,,
4.528,[1, 2, 3],[],,,
5.024,[1, 2, 3],[],,,
5.520,[1, 2, 3],[],,,
6.016,[1, 2, 3],[],,,
6.528,[1, 2, 3],[],,,
7.024,[1, 2, 3],[],,,
7.520,[1, 2, 3],[],,,
8.016,[1, 2, 3],[],,,
8.528,[1, 2, 3],[],,,
9.024,[1, 2, 3],[],,,
9.520,[1, 2, 3],[],,,
10.016,[1, 2, 3, 4],[],,,
10.528,[1, 2, 3, 4],[],,,
11.024,[1, 2, 3, 4],[],,,
11.520,[1, 2, 3, 4],[],,,
12.016,[1, 2, 3, 4],[],,,
12.528,[1, 2, 3, 4],[],,,
13.024,[1, 2, 3, 4],[],,,
13.520,[1, 2, 3, 4],[],,,
14.016,[1, 2, 3, 4],[],,,
14.528,[1, 2, 3, 4],[],,,
15.024,[1, 2, 3, 4],[],,,
15.520,[1, 2, 3, 4],[],,,
16.016,[1, 2, 3, 4],[],,,
16.528,[1, 2, 3, 4],[],,,
17.024,[1, 2, 3, 4],[],,,
17.520,[1, 2, 3, 4],[],,,
18.032,[1, 2, 3, 4],[],,,
18.528,[1, 2, 3, 4],[],,,
19.024,[1, 2, 3, 4],[],,,
19.520,[1, 2, 3, 4],[],,,
20.032,[1, 2, 3, 4],[],,,
20.528,[1, 2, 3, 4],[],,,
21.024,[1, 2, 3, 4],[],,,
21.520,[1, 2, 3, 4],[],,,
22.032,[1, 2, 3, 4],[],,,
22.528,[1, 2, 3, 4],[],,,
23.024,[1, 2, 3, 4],[],,,
23.520,[1, 2, 3, 4, 5, 7],[],,,
24.032,[1, 2, 3, 4, 5, 7],[],,,
24.528,[1, 2, 3, 4, 5, 7],[],,,
25.024,[1, 2, 3, 4, 5, 7],[],,,
25.520,[1, 2, 3, 4, 5, 7],[],,,
26.032,[1, 2, 3, 4, 5, 6, 7, 8],[],,,
26.528,[1, 2, 3, 4, 5, 6, 7, 8],[],,,
27.024,[1, 2, 3, 4, 5, 6, 7, 8],[],,,
27.520,[1, 2, 3, 4, 5, 6, 7, 8],[],,,
28.032,[1, 2, 3, 4, 5, 6, 7, 8],[],,,
28.528,[1, 2, 3, 4, 5, 6, 7, 8],[],,,
29.024,[1, 2, 3, 4, 5, 6, 7, 8],[],,,
29.520,[1, 2, 3, 4, 5, 6, 7, 8],[],,,
30.032,[1, 2, 3, 4, 5, 6, 7, 8],[],,,
30.528,[1, 2, 3, 4, 5, 6, 7, 8],[],,,
31.024,[1, 2, 3, 4, 5, 6, 7, 8],[],,,
31.520,[1, 2, 3, 4, 5, 6, 7, 8],[],,,
32.032,[1, 2, 3, 4, 5, 6, 7, 8],[],,,
32.528,[1, 2, 3, 4, 5, 6, 7, 8],[],,,
33.024,[1, 2, 3, 4, 5, 6, 7, 8],[],,,
33.520,[1, 2, 3, 4, 5, 6, 7, 8],[],,,
34.032,[1, 2, 3, 4, 5, 6, 7, 8],[],,,
34.528,[1, 2, 3, 4, 5, 6, 7, 8],[],,,
35.024,[1, 2, 3, 4, 5, 6, 7, 8],[],,,
35.520,[1, 2, 3, 4, 5, 6, 7, 8],[],,,
36.032,[1, 2, 3, 4, 5, 6, 7, 8],[],,,
36.528,[1, 2, 3, 4, 5, 6, 7, 8],[],,,
37.024,[1, 2, 3, 4, 5, 6, 7, 8],[],,,
37.520,[1, 2, 3, 4, 5, 6, 7, 8],[],,,
38.032,[1, 2, 3, 4, 5, 6, 7, 8],[],,,
38.528,[1, 2, 3, 4, 5, 6, 7, 8],[],,,
39.024,[1, 2, 3, 4, 5, 6, 7, 8],[],,,
39.520,[1, 2, 3, 4, 5, 6, 7, 8],[],,,
40.032,[1, 2, 3, 4, 5, 6, 7, 8],[],,,
40.528,[1, 2, 3, 4, 5, 6, 7, 8],[],,,
41.024,[1, 2, 3, 4, 5, 6, 7, 8],[],,,
41.520,[1, 2, 3, 4, 5, 6, 7, 8],[],,,
42.032,[1, 2, 3, 4, 5, 6, 7, 8],[],,,
42.528,[1, 2, 3, 4, 5, 6, 7, 8],[],,,
43.024,[1, 2, 3, 4, 5, 6, 7, 8],[(1, 2, 0.75, 0.6469214331178833)],,,
43.520,[1, 2, 3, 4, 5, 6, 7, 8],[],,,
44.032,[1, 2, 3, 4, 5, 6, 7, 8],[],,,
44.528,[1, 2, 3, 4, 5, 6, 7, 8],[],,,
45.024,actual,[(1, 5, 0.0, 0.7432025941208837)],[(1, 5)],,
45.520,actual,[(1, 5, 0.0, 0.7419361480247685)],[(1, 5)],,
46.032,actual,[(1, 5, 0.0, 0.749824570686099)],[(1, 5)],,
46.528,[1, 2, 3, 4, 5, 6, 7, 8],[],,,
47.024,[1, 2, 3, 4, 5, 6, 7, 8],[],,,
47.520,[1, 2, 3, 4, 5, 6, 7, 8],[],,,
48.032,[1, 2, 3, 4, 5, 6, 7, 8],[],,,
48.528,[1, 2, 3, 4, 5, 6, 7, 8],[],,,
49.024,[1, 2, 3, 4, 5, 6, 7, 8],[],,,
49.520,[1, 2, 3, 4, 5, 6, 7, 8],[],,,
50.032,[1, 2, 3, 4, 5, 6, 7, 8],[],,,
50.528,[1, 2, 3, 4, 5, 6, 7, 8],[],,,
51.024,[1, 2, 3, 4, 5, 6, 7, 8],[],,,
51.520,[1, 2, 3, 4, 5, 6, 7, 8],[],,,
52.032,[1, 2, 3, 4, 5, 6, 7, 8],[],,,
52.528,[1, 2, 3, 4, 5, 6, 7, 8],[],,,
53.024,[1, 2, 3, 4, 5, 6, 7, 8],[],,,
53.520,[1, 2, 3, 4, 5, 6, 7, 8],[],,,
54.032,[1, 2, 3, 4, 5, 6, 7, 8],[],,,
54.528,[1, 2, 3, 4, 5, 6, 7, 8],[],,,
55.024,actual,[(2, 3, 0.0, 0.7032648504076626)],[(2, 3)],,
55.520,actual,[(2, 3, 0.0, 0.6726007342205541)],[(2, 3)],,
56.032,actual,[(2, 3, 0.0, 0.6508648726801628)],[(2, 3)],,
56.528,actual,[(2, 3, 0.0, 0.6370270834417223)],[(2, 3)],,
57.024,actual,[(2, 3, 0.0, 0.6137419705308776)],[(2, 3)],,
57.520,actual,[(2, 3, 0.0, 0.598807044104181)],[(2, 3)],,
58.032,actual,[(2, 3, 0.0, 0.5924083485083074)],[(2, 3)],,
58.528,actual,[(2, 3, 0.0, 0.588124402159851)],[(2, 3)],,
59.024,actual,[(2, 3, 0.0, 0.5825385914400455)],[(2, 3)],,
59.520,actual,[(2, 3, 0.0, 0.57511544352896)],[(2, 3)],,
60.032,actual,[(2, 3, 0.0, 0.566605694576211)],[(2, 3)],,
60.528,actual,[(2, 3, 0.0, 0.5646369741324004)],[(2, 3)],,
61.024,actual,[(2, 3, 0.0, 0.5707979166911339)],[(2, 3)],,
61.520,actual,[(2, 3, 0.0, 0.5844394687618621)],[(2, 3)],,
62.032,actual,[(2, 3, 0.0, 0.6048557065885504)],[(2, 3)],,
62.528,actual,[(2, 3, 0.0, 0.6187541229114009)],[(2, 3)],,
63.024,actual,[(2, 3, 0.0, 0.636753493485415)],[(2, 3)],,
63.520,actual,[(2, 3, 0.0, 0.6583524471215808), (3, 5, 0.0, 0.721955378352946)],[(2, 3, 5)],,
64.032,actual,[(2, 3, 0.0, 0.6704724398720651), (3, 5, 0.0, 0.6431954209549543)],[(2, 3, 5)],,
64.528,actual,[(2, 3, 0.0, 0.6898161873622162), (3, 5, 0.0, 0.570494111923819)],[(2, 3, 5)],,
65.024,actual,[(2, 3, 0.0, 0.7172595284139173), (3, 5, 0.0, 0.49950277157418105)],[(2, 3, 5)],,
65.520,actual,[(3, 5, 0.0, 0.4292268311269614)],[(3, 5)],,
66.032,actual,[(3, 5, 0.0, 0.35756901544319697)],[(3, 5)],,
66.528,actual,[(3, 5, 0.0, 0.28919994126806575)],[(3, 5)],,
67.024,actual,[(3, 5, 0.0, 0.2468197686269177)],[(3, 5)],,
67.520,actual,[(3, 5, 0.0, 0.24158157901004595)],[(3, 5)],,
68.032,actual,[(3, 5, 0.0, 0.23585744733681033)],[(3, 5)],,
68.528,actual,[(3, 5, 0.0, 0.22936423196098613)],[(3, 5)],,
69.024,actual,[(3, 5, 0.0, 0.22476498304298434)],[(3, 5)],,
69.520,actual,[(3, 5, 0.0, 0.2210721359306327)],[(3, 5)],,
70.032,actual,[(3, 5, 0.0, 0.21903963054978978)],[(3, 5)],,
70.528,actual,[(3, 5, 0.0, 0.21864978650230293)],[(3, 5)],,
71.024,actual,[(3, 5, 0.0, 0.22031972362676544)],[(3, 5)],,
71.520,actual,[(3, 5, 0.0, 0.2251611205619334)],[(3, 5)],,
72.032,actual,[(3, 5, 0.0, 0.23441169137737916)],[(3, 5)],,
72.528,actual,[(3, 5, 0.0, 0.24583719152383496)],[(3, 5)],,
73.024,actual,[(3, 5, 0.0, 0.2526527451624344)],[(3, 5)],,
73.520,actual,[(3, 5, 0.0, 0.2606798875043103)],[(3, 5)],,
74.032,actual,[(3, 5, 0.0, 0.27277839750280236)],[(3, 5)],,
74.528,actual,[(3, 5, 0.0, 0.2879600898555679)],[(3, 5)],,
75.024,actual,[(3, 5, 0.0, 0.28528850264625516)],[(3, 5)],,
75.520,actual,[(3, 5, 0.0, 0.3012835815166254)],[(3, 5)],,
76.032,actual,[(3, 5, 0.0, 0.3183781685741935)],[(3, 5)],,
76.528,actual,[(3, 5, 0.0, 0.33502072348747175)],[(3, 5)],,
77.024,actual,[(3, 5, 0.0, 0.3506677516477219)],[(3, 5)],,
77.520,actual,[(3, 5, 0.0, 0.36566912462295387)],[(3, 5)],,
78.032,actual,[(3, 5, 0.0, 0.3810225924146345)],[(3, 5)],,
78.528,actual,[(3, 5, 0.0, 0.39373180102577254)],[(3, 5)],,
79.024,actual,[(3, 5, 0.0, 0.4111143278996225)],[(3, 5)],,
79.520,actual,[(3, 5, 0.0, 0.4331884984540821)],[(3, 5)],,
80.016,actual,[(3, 5, 0.0, 0.4562227037623335)],[(3, 5)],,
80.528,actual,[(3, 5, 0.0, 0.4823405824671673)],[(3, 5)],,
81.024,actual,[(3, 5, 0.0, 0.5087987477493482)],[(3, 5)],,
81.520,actual,[(3, 5, 0.0, 0.5364756644092484)],[(3, 5)],,
82.016,actual,[(2, 5, 0.0, 0.7017798337718176), (3, 5, 0.0, 0.5645921419766327)],[(2, 3, 5)],,
82.528,actual,[(2, 5, 0.0, 0.6450467824501683), (3, 5, 0.0, 0.5942396807039457)],[(2, 3, 5)],,
83.024,actual,[(2, 5, 0.0, 0.589464345069778), (3, 5, 0.0, 0.623489190375605)],[(2, 3, 5)],,
83.520,actual,[(2, 5, 0.0, 0.5330671044538194), (3, 5, 0.0, 0.6522362956740906)],[(2, 3, 5)],,
84.016,actual,[(2, 5, 0.0, 0.478000255429965), (3, 5, 0.0, 0.6750831306809838)],[(2, 3, 5)],,
84.528,actual,[(2, 5, 0.0, 0.41577041059600695), (3, 5, 0.0, 0.7004421683101169)],[(2, 3, 5)],,
85.024,actual,[(2, 5, 0.0, 0.3557901254413398), (3, 5, 0.0, 0.7242558510197469)],[(2, 3, 5)],,
85.520,actual,[(2, 5, 0.0, 0.2930482331945912), (3, 5, 0.0, 0.7481200059871409)],[(2, 3, 5)],,
86.016,actual,[(2, 5, 0.0, 0.2283001781007885)],[(2, 5)],,
86.528,actual,[(1, 6, 0.0, 0.6661737383804054), (2, 5, 0.0, 0.2137661974895971)],[(1, 6), (2, 5)],,
87.024,actual,[(1, 6, 0.0, 0.586800609412227), (2, 5, 0.0, 0.2071066386427824)],[(1, 6), (2, 5)],,
87.520,actual,[(1, 6, 0.0, 0.5267757103000452), (2, 5, 0.0, 0.2058957799292739)],[(1, 6), (2, 5)],,
88.016,actual,[(1, 6, 0.0, 0.45842030068002954), (2, 5, 0.0, 0.20575719917696242), (3, 5, 0.0, 0.7174207903907167)],[(1, 6), (2, 3, 5)],,
88.528,actual,[(1, 6, 0.0, 0.3782970694484519), (2, 5, 0.0, 0.2050291534935385), (3, 5, 0.0, 0.6828745227130467)],[(1, 6), (2, 3, 5)],,
89.024,actual,[(1, 6, 0.0, 0.30218802642895704), (2, 5, 0.0, 0.2044855103941381), (3, 5, 0.0, 0.6697524402238603)],[(1, 6), (2, 3, 5)],,
89.520,actual,[(1, 6, 0.0, 0.2378944872457832), (2, 5, 0.0, 0.20345563130023916), (3, 5, 0.0, 0.6327940173555234)],[(1, 6), (2, 3, 5)],,
